plant_probe: species=tree trees=24 frames=28800 worldseed=1 width=512 soil=34 growth=1
after 28800 frames: 581 active sites, 8 awake chunks
soil: 25962 cells, min 0 median 180 max 1000, mean 285; 13271 cells at or below wilting point (51%)
chunks were awake on 28626/28800 frames (99.4%) -- the CA sweep's duty cycle for this scene

population: 33 organisms -- 13 established (>= 20 cells), 20 seeds or seedlings; 43 seeds set in total
  generations  [gen 0: 18, gen 1: 15]
  rooted above ground: 0 organisms (0 of them more than 25 rows up)
  morphs among established plants: 6 distinct of 13 plants  [foliage, angle, internode, sympodial, tropism]
    [0, 1, 1, 0, 0, 0]  x6
    [0, 1, 1, 0, 0, 1]  x2
    [1, 1, 1, 0, 0, 2]  x2
    [0, 1, 1, 0, 0, 2]  x1
    [1, 1, 1, 0, 0, 0]  x1
    [1, 1, 1, 0, 0, 1]  x1

ensemble of 13 trees, identical species and scene:
  cells     min   22  median 2815  max 4054  mean  2299.1
  leaves    min    0  median 1041  max 1678  mean   815.5
  height    min   14  median  135  max  153  mean   118.2   (scene ceiling: 200 rows of sky)
  canopy top  row 74   (74 rows of clearance remain)
  thickness min    2  median   14  max   42  mean    15.3   (whole tree, incl. ground-level spread)
  stem thick min   0  median   12  max   19  mean    10.8   (above the base -- the real trunk)
  rows >1 cell wide, as % of each tree's occupied rows: min 3  median 55  max 63  mean 46
  per-tree sizes     [3717, 197, 1086, 3466, 2006, 2815, 4054, 22, 3683, 32, 3606, 3182, 2022]
  per-tree heights   [153, 124, 121, 121, 132, 145, 135, 14, 146, 16, 146, 138, 145]
  per-tree thickness [25, 6, 16, 19, 14, 14, 42, 2, 10, 2, 19, 12, 18]
  crown profile (top->bottom, % of each plant's widest band, median): [89, 100, 79, 39, 30]
  foliage centre (0 = collar, 100 = apex, median): 61
  foliage share  (% of cells that are leaf, median): 30

  per-tree genotype and outcome (variance [0.5, 0.5, 0.4, 0.18, 0.7, 0.4, 0.4, 0.5, 0.25, 0.7]):
    id  branch rootbr  plast turgor   pipe roottr  alloc  stoma penetr strain    cells leaves height   stem
     1   0.901  1.198  0.627  0.830  0.610  1.184  0.822  1.457  0.778  1.322     3717   1678    153     13
     2   0.622  0.674  1.117  0.840  1.232  0.939  0.970  0.932  0.881  1.547      197     55    124      2
     4   0.898  0.543  0.763  1.142  1.367  1.325  0.641  1.098  0.825  0.733     1086    328    121     13
     6   1.448  1.408  1.037  1.091  0.364  0.996  1.354  1.030  0.916  1.548     3466   1041    121     19
     7   1.260  1.190  1.253  0.997  1.361  1.309  1.176  1.058  1.172  0.530     2006    616    132     12
     9   1.266  1.461  1.058  0.958  1.158  1.395  1.316  0.525  1.147  1.435     2815   1052    145     14
    12   0.671  1.493  0.665  1.097  0.919  1.197  0.819  0.516  0.887  1.472     4054   1376    135     12
    13   1.235  0.665  0.943  1.096  0.891  1.089  0.990  1.101  0.895  1.500       22      0     14      0
    15   1.482  0.901  0.780  0.910  1.484  0.673  1.051  0.711  1.209  0.415     3683   1509    146     10
    18   1.304  0.814  0.960  1.004  0.426  1.228  1.164  1.276  1.139  0.361       32      0     16      0
    19   1.266  1.283  1.132  0.960  0.509  0.996  0.790  0.780  0.993  1.573     3606   1138    146     16
    22   1.297  1.299  0.825  0.872  1.528  0.759  0.692  1.317  0.825  0.370     3182   1249    138     12
    24   1.460  0.655  1.306  0.952  1.530  0.795  1.174  1.482  0.957  0.652     2022    559    145     18
  alleles: economy 9/4/0  angle 0/13/0  internode 0/13/0  sympody 13/0/0  tropism 13/0/0  density 7/3/3
  architecture events  [1: gen 0 seeds 3 forks 0 plag 0 rigid 412 lat 138 angle 75deg, 2: gen 0 seeds 0 forks 0 plag 0 rigid 0 lat 0 angle 0deg, 4: gen 0 seeds 2 forks 0 plag 0 rigid 255 lat 54 angle 86deg, 6: gen 0 seeds 3 forks 0 plag 0 rigid 319 lat 118 angle 84deg, 7: gen 0 seeds 3 forks 0 plag 0 rigid 435 lat 131 angle 87deg, 9: gen 0 seeds 4 forks 0 plag 0 rigid 530 lat 134 angle 82deg, 12: gen 0 seeds 7 forks 0 plag 0 rigid 425 lat 92 angle 78deg, 13: gen 0 seeds 0 forks 0 plag 0 rigid 45 lat 20 angle 86deg, 15: gen 0 seeds 5 forks 0 plag 0 rigid 484 lat 198 angle 84deg, 18: gen 0 seeds 1 forks 0 plag 0 rigid 203 lat 96 angle 90deg, 19: gen 0 seeds 7 forks 0 plag 0 rigid 617 lat 205 angle 76deg, 22: gen 0 seeds 3 forks 0 plag 0 rigid 358 lat 153 angle 84deg, 24: gen 0 seeds 4 forks 0 plag 0 rigid 464 lat 172 angle 89deg]

distinguishability (§Z / C4), 24 founders planted:
  canopy components at field resolution, >=  1 leaf/block:   3   largest holds  99% of canopy blocks
  canopy components at field resolution, >=  2 leaf/block:   4   largest holds  93% of canopy blocks
  canopy components at field resolution, >=  4 leaf/block:   2   largest holds  86% of canopy blocks
  canopy components at field resolution, >=  8 leaf/block:   5   largest holds  73% of canopy blocks
  interior sky gaps: 1 (a fully separate stand of 24 shows 23), widths [1]
  founder spacing is 20 cells; gaps at least 8 cells wide: 0
  --> canopy fusion 99%, 1 raw sky gaps (0 at least 8 cells) -- so this run reads 2 distinguishable crowns of 24 founders
  (CALIBRATION FAILED against the owner's eye, 2026-08-23: on the three stands he counted,
   these read 2 / 2 / 3 where he read 2 / 4 / 3, and fusion called the 4-founder stand 100% ONE MASS
   when he counted all four. §Z is cards-only. Reports/open-bugs-handoff.md §Z has the table.
   He later said the cue IS sky gaps, read at canopy level -- so census the canopy band next, not the whole column.)

lineage turnover over 28800 frames: 67 born, 34 died (2.33 and 1.18 per 1,000 frames); 33 live in 38 slots
  germinations: 24 -- read against `seeds set in total` above
  leaf construction binds: 47608 of 69243 wanted leaf cells refused for want of carbon (68.8%)
  reproductive budget binds: 5398548 of 7790165 eligible cell-ticks had no budget for a seed (69.3%)
  organism slots: high-water 38 of 4095 (0.9%), 0 births refused at the ceiling
  standing seed bank: 15 seeds; 2 organisms senescent (dead, remains rotting)
  established plants carrying an inherited genome: 0 of 13 (deepest generation 0) -- at ~0 every claim from this run is about founders

29942 organism cells
  Some(DormantBud)      2526
  Some(GrowingTip)        29
  Some(Leaf)           10604
  Some(MatureBody)     16740
  Some(RootTip)           28
  Some(Seed)              15
  palette bands in use (material, band -> cells):
    leaf       band  2    7417
    leaf       band  3    3187
    rootwood   band  0    2873
    seed       band  0      15
    wood       band  0   12670
    wood       band  1    3780
  bounding box x 0..=511, y 74..=233
  thickest contiguous run, above ground: 55 cells
  thickest contiguous run, below ground: 42 cells (roots spread by design)

root system (13 established plants, soil is 34 rows deep):
  root cells        min   21  median  137  max  908  mean   218.5
  root share of plant  min   2%  median   8%  max 100%  mean  22.2%
  deepest row below surface  min   6  median  20  max  34  mean  22.1
  lateral spread (cells)     min  10  median  38  max 113  mean  44.8
  median root cell sits 15 rows down; quartiles 7 / 26
  root cells with 3+ root neighbours: 63% (a 1-cell-wide run reads ~0 whichever way it points)
  depth histogram, surface->bedrock (% of all root cells): [21, 24, 17, 15, 20]
  seeds standing: 15 above the surface, 0 buried (buried can never germinate)

water balance, per established plant:
  stock          min    25.2 median    99.0 max  1692.3 mean   232.4
  stomatal term  min    0.49 median    1.00 max    1.00 mean    0.89   (1.0 = demand fully met)
  uptake/tick    min    0.00 median    8.95 max   19.77 mean    9.20
  demand/tick    min    0.00 median   10.30 max   31.40 mean   12.38

carbon book, per established plant (per organism tick):
  income         min   0.000 median   0.652 max   1.315 mean   0.637   (over a whole day, not at this instant)
  maintenance    min   0.003 median   0.734 max   1.359 mean   0.700
  bill / income  median    1.00 max     inf   (>1 = running the stock down)
  unpaid         median   0.031 max   0.276
  cells shed to starvation, cumulative: 5351
  bill at unit price  min      0.0 median  15611.7 max  40343.4   (x MAINTENANCE_PER_NODE = the shoot bill)
  anchor reach ratio  min   0.0005 median   0.0105 max   0.0664   (anchor moment / crown moment; ANCHOR_DEMAND is set from this)
  anchor status  min    0.01 median    0.32 max    1.00   (1.0 = crown fully anchored)
  slenderness    min     0.0 median    27.8 max   117.0   (shoot height / base width)
  root soil contact  min  46.9% median  77.2% max 100.0%   (the rest earns nothing and still respires)
  support (cantilever reach from anchors): p50 19  p90 34  p99 55  max 78; 15 unreached

vein conductance (max face per cell), 1..10:
  min 1.00  p50 7.07  p90 9.99  p99 10.00  max 10.00
  9017/29942 cells still at the basal floor (30%) -- undifferentiated tissue
  differentiation: 38% undifferentiated / 19% partial / 43% vascular
  strand strength, p99 vs the basal floor: 10.00x of a possible 10x

leaf light (noon-equivalent): min 0.00  p10 0.00  p50 0.14  p90 3.58  max 4.00
  below 0.5: 6602   below 1.0: 7240   below 1.5: 7840   of 10604 leaves

max resource 4.000 / 4.0
max canopy   1.500 / 4.0
one fresh canopy deposit is 1.500 (GROW_CANOPY_DEPOSIT), decaying by half per organism tick
