plant_probe: species=tree trees=24 frames=28800 worldseed=4 width=512 soil=34 growth=1
after 28800 frames: 918 active sites, 7 awake chunks
soil: 27688 cells, min 0 median 187 max 1000, mean 296; 13690 cells at or below wilting point (49%)
chunks were awake on 28428/28800 frames (98.7%) -- the CA sweep's duty cycle for this scene

population: 28 organisms -- 14 established (>= 20 cells), 14 seeds or seedlings; 35 seeds set in total
  generations  [gen 0: 16, gen 1: 12]
  rooted above ground: 1 organisms (0 of them more than 25 rows up)
  morphs among established plants: 5 distinct of 14 plants  [foliage, angle, internode, sympodial, tropism]
    [0, 1, 1, 0, 0, 0]  x4
    [0, 1, 1, 0, 0, 2]  x4
    [0, 1, 1, 0, 0, 1]  x2
    [1, 1, 1, 0, 0, 1]  x2
    [1, 1, 1, 0, 0, 2]  x2

ensemble of 14 trees, identical species and scene:
  cells     min   21  median 1936  max 4450  mean  1954.2
  leaves    min    0  median  790  max 1544  mean   736.1
  height    min    9  median  126  max  158  mean   114.9   (scene ceiling: 200 rows of sky)
  canopy top  row 70   (70 rows of clearance remain)
  thickness min    3  median   12  max   20  mean    11.7   (whole tree, incl. ground-level spread)
  stem thick min   0  median   11  max   15  mean     9.4   (above the base -- the real trunk)
  rows >1 cell wide, as % of each tree's occupied rows: min 23  median 54  max 60  mean 48
  per-tree sizes     [135, 3628, 1871, 1110, 1936, 2038, 912, 3303, 21, 4450, 3288, 44, 3350, 1273]
  per-tree heights   [93, 158, 125, 126, 125, 139, 109, 143, 9, 154, 149, 20, 142, 117]
  per-tree thickness [6, 20, 17, 10, 20, 9, 10, 15, 4, 15, 12, 3, 11, 12]
  crown profile (top->bottom, % of each plant's widest band, median): [93, 94, 80, 54, 24]
  foliage centre (0 = collar, 100 = apex, median): 62
  foliage share  (% of cells that are leaf, median): 35

  per-tree genotype and outcome (variance [0.5, 0.5, 0.4, 0.18, 0.7, 0.4, 0.4, 0.5, 0.25, 0.7]):
    id  branch rootbr  plast turgor   pipe roottr  alloc  stoma penetr strain    cells leaves height   stem
     1   0.708  1.438  1.311  1.081  1.297  1.118  0.927  0.530  1.039  1.218      135     30     93      6
     3   1.442  1.381  1.231  0.846  0.563  1.207  0.969  0.603  1.222  1.272     3628   1276    158     13
     4   1.451  1.229  0.851  1.039  1.653  1.343  0.979  0.867  1.038  1.694     1871    648    125     11
     5   1.227  0.937  1.336  1.070  0.776  0.727  1.111  1.462  0.812  1.500     1110    327    126     10
     6   1.015  0.664  0.733  0.884  1.514  1.153  0.720  0.637  0.985  1.035     1936    845    125      9
     7   1.128  0.665  1.026  0.941  1.652  0.730  1.329  0.872  1.185  0.716     2038    790    139      9
     9   0.709  0.580  0.832  1.031  0.547  1.238  0.987  0.595  1.040  0.879      912    330    109      7
    10   1.380  0.530  0.608  1.037  1.446  0.892  1.346  0.618  0.852  1.258     3303   1529    143     15
    12   0.872  1.070  1.051  0.894  1.100  1.343  1.344  1.226  0.753  0.655       21      0      9      0
    15   1.393  1.310  0.913  0.859  0.595  0.706  1.134  0.504  1.056  1.538     4450   1544    154     15
    17   1.252  1.385  1.084  0.858  0.771  1.218  1.046  1.002  0.834  0.925     3288   1296    149     12
    20   1.474  1.133  1.368  0.921  1.150  1.253  0.779  0.934  0.830  0.590       44      1     20      1
    21   1.067  0.606  1.198  0.838  0.733  1.054  0.754  1.105  0.948  0.602     3350   1270    142     11
    24   0.730  1.337  1.012  1.050  0.573  0.897  1.392  0.582  0.981  1.035     1273    419    117     12
  alleles: economy 10/4/0  angle 0/14/0  internode 0/14/0  sympody 14/0/0  tropism 14/0/0  density 4/4/6
  architecture events  [1: gen 0 seeds 0 forks 0 plag 0 rigid 160 lat 68 angle 83deg, 3: gen 0 seeds 3 forks 0 plag 0 rigid 441 lat 184 angle 83deg, 4: gen 0 seeds 2 forks 0 plag 0 rigid 319 lat 122 angle 80deg, 5: gen 0 seeds 1 forks 0 plag 0 rigid 183 lat 75 angle 71deg, 6: gen 0 seeds 2 forks 0 plag 0 rigid 242 lat 92 angle 78deg, 7: gen 0 seeds 2 forks 0 plag 0 rigid 313 lat 103 angle 81deg, 9: gen 0 seeds 1 forks 0 plag 0 rigid 83 lat 36 angle 83deg, 10: gen 0 seeds 4 forks 0 plag 0 rigid 422 lat 161 angle 74deg, 12: gen 0 seeds 0 forks 0 plag 0 rigid 0 lat 0 angle 0deg, 15: gen 0 seeds 6 forks 0 plag 0 rigid 474 lat 187 angle 83deg, 17: gen 0 seeds 3 forks 0 plag 0 rigid 418 lat 142 angle 87deg, 20: gen 0 seeds 1 forks 0 plag 0 rigid 181 lat 85 angle 83deg, 21: gen 0 seeds 7 forks 0 plag 0 rigid 520 lat 141 angle 82deg, 24: gen 0 seeds 2 forks 0 plag 0 rigid 264 lat 54 angle 80deg]

distinguishability (§Z / C4), 24 founders planted:
  canopy components at field resolution, >=  1 leaf/block:   6   largest holds  98% of canopy blocks
  canopy components at field resolution, >=  2 leaf/block:   6   largest holds  77% of canopy blocks
  canopy components at field resolution, >=  4 leaf/block:   7   largest holds  72% of canopy blocks
  canopy components at field resolution, >=  8 leaf/block:   3   largest holds  62% of canopy blocks
  interior sky gaps: 2 (a fully separate stand of 24 shows 23), widths [2, 10]
  founder spacing is 20 cells; gaps at least 8 cells wide: 1
  --> canopy fusion 98%, 2 raw sky gaps (1 at least 8 cells) -- so this run reads 3 distinguishable crowns of 24 founders
  (CALIBRATION FAILED against the owner's eye, 2026-08-23: on the three stands he counted,
   these read 2 / 2 / 3 where he read 2 / 4 / 3, and fusion called the 4-founder stand 100% ONE MASS
   when he counted all four. §Z is cards-only. Reports/open-bugs-handoff.md §Z has the table.
   He later said the cue IS sky gaps, read at canopy level -- so census the canopy band next, not the whole column.)

lineage turnover over 28800 frames: 60 born, 32 died (2.08 and 1.11 per 1,000 frames); 28 live in 32 slots
  germinations: 24 -- read against `seeds set in total` above
  leaf construction binds: 41273 of 60343 wanted leaf cells refused for want of carbon (68.4%)
  reproductive budget binds: 4615823 of 6514027 eligible cell-ticks had no budget for a seed (70.9%)
  organism slots: high-water 32 of 4095 (0.8%), 0 births refused at the ceiling
  standing seed bank: 12 seeds; 3 organisms senescent (dead, remains rotting)
  established plants carrying an inherited genome: 0 of 14 (deepest generation 0) -- at ~0 every claim from this run is about founders

27393 organism cells
  Some(DormantBud)      2897
  Some(GrowingTip)        21
  Some(Leaf)           10305
  Some(MatureBody)     14117
  Some(RootTip)           41
  Some(Seed)              12
  palette bands in use (material, band -> cells):
    leaf       band  2    5998
    leaf       band  3    4307
    rootwood   band  0    1853
    seed       band  0      12
    wood       band  0    8594
    wood       band  1    6629
  bounding box x 0..=498, y 70..=233
  thickest contiguous run, above ground: 67 cells
  thickest contiguous run, below ground: 20 cells (roots spread by design)

root system (14 established plants, soil is 34 rows deep):
  root cells        min   21  median  157  max  308  mean   130.9
  root share of plant  min   3%  median   8%  max 100%  mean  20.8%
  deepest row below surface  min   5  median  16  max  34  mean  18.5
  lateral spread (cells)     min  10  median  27  max  81  mean  32.9
  median root cell sits 9 rows down; quartiles 4 / 17
  root cells with 3+ root neighbours: 48% (a 1-cell-wide run reads ~0 whichever way it points)
  depth histogram, surface->bedrock (% of all root cells): [35, 29, 15, 8, 10]
  seeds standing: 12 above the surface, 0 buried (buried can never germinate)

water balance, per established plant:
  stock          min     0.0 median    80.0 max   214.7 mean    76.0
  stomatal term  min    0.00 median    1.00 max    1.00 mean    0.77   (1.0 = demand fully met)
  uptake/tick    min    0.00 median    4.26 max   46.01 mean   10.23
  demand/tick    min    0.00 median    6.96 max   24.06 mean    9.43

carbon book, per established plant (per organism tick):
  income         min   0.000 median   0.400 max   1.963 mean   0.553   (over a whole day, not at this instant)
  maintenance    min   0.003 median   0.443 max   2.030 mean   0.618
  bill / income  median    1.18 max     inf   (>1 = running the stock down)
  unpaid         median   0.030 max   0.232
  cells shed to starvation, cumulative: 8688
  bill at unit price  min      0.0 median   8540.3 max  68133.7   (x MAINTENANCE_PER_NODE = the shoot bill)
  anchor reach ratio  min   0.0025 median   0.0073 max  12.4444   (anchor moment / crown moment; ANCHOR_DEMAND is set from this)
  anchor status  min    0.06 median    0.18 max    1.00   (1.0 = crown fully anchored)
  slenderness    min     0.0 median    27.5 max   108.0   (shoot height / base width)
  root soil contact  min  55.2% median  80.8% max 100.0%   (the rest earns nothing and still respires)
  support (cantilever reach from anchors): p50 23  p90 41  p99 58  max 82; 12 unreached

vein conductance (max face per cell), 1..10:
  min 1.00  p50 8.54  p90 9.99  p99 10.00  max 10.00
  8068/27393 cells still at the basal floor (29%) -- undifferentiated tissue
  differentiation: 36% undifferentiated / 17% partial / 46% vascular
  strand strength, p99 vs the basal floor: 10.00x of a possible 10x

leaf light (noon-equivalent): min 0.00  p10 0.00  p50 0.10  p90 3.47  max 4.00
  below 0.5: 6654   below 1.0: 7201   below 1.5: 7799   of 10305 leaves

max resource 4.000 / 4.0
max canopy   1.500 / 4.0
one fresh canopy deposit is 1.500 (GROW_CANOPY_DEPOSIT), decaying by half per organism tick
