plant_probe: species=tree trees=24 frames=28800 worldseed=3 width=512 soil=34 growth=1
after 28800 frames: 873 active sites, 5 awake chunks
soil: 26662 cells, min 0 median 187 max 1000, mean 310; 12590 cells at or below wilting point (47%)
chunks were awake on 28115/28800 frames (97.6%) -- the CA sweep's duty cycle for this scene

population: 32 organisms -- 12 established (>= 20 cells), 20 seeds or seedlings; 42 seeds set in total
  generations  [gen 0: 19, gen 1: 13]
  rooted above ground: 0 organisms (0 of them more than 25 rows up)
  morphs among established plants: 6 distinct of 12 plants  [foliage, angle, internode, sympodial, tropism]
    [1, 1, 1, 0, 0, 0]  x3
    [0, 1, 1, 0, 0, 1]  x2
    [0, 1, 1, 0, 0, 2]  x2
    [1, 1, 1, 0, 0, 1]  x2
    [1, 1, 1, 0, 0, 2]  x2
    [0, 1, 1, 0, 0, 0]  x1

ensemble of 12 trees, identical species and scene:
  cells     min   30  median 2671  max 4256  mean  2383.9
  leaves    min    0  median  891  max 2075  mean   828.6
  height    min   24  median  140  max  158  mean   122.4   (scene ceiling: 200 rows of sky)
  canopy top  row 73   (73 rows of clearance remain)
  thickness min    2  median   15  max   25  mean    14.0   (whole tree, incl. ground-level spread)
  stem thick min   0  median   15  max   25  mean    13.2   (above the base -- the real trunk)
  rows >1 cell wide, as % of each tree's occupied rows: min 2  median 52  max 66  mean 48
  per-tree sizes     [136, 2833, 2040, 2362, 2481, 2929, 4256, 2004, 3853, 30, 3012, 2671]
  per-tree heights   [95, 110, 143, 121, 145, 140, 158, 108, 146, 24, 131, 148]
  per-tree thickness [3, 17, 18, 11, 21, 13, 15, 17, 25, 2, 15, 11]
  crown profile (top->bottom, % of each plant's widest band, median): [100, 89, 68, 57, 39]
  foliage centre (0 = collar, 100 = apex, median): 64
  foliage share  (% of cells that are leaf, median): 34

  per-tree genotype and outcome (variance [0.5, 0.5, 0.4, 0.18, 0.7, 0.4, 0.4, 0.5, 0.25, 0.7]):
    id  branch rootbr  plast turgor   pipe roottr  alloc  stoma penetr strain    cells leaves height   stem
     1   0.887  1.057  0.735  1.113  1.152  1.343  1.056  0.610  1.071  1.253      136     38     95      2
     2   1.007  0.790  1.289  1.163  0.894  0.705  1.236  1.462  0.832  1.573     2833    826    110     17
     4   1.062  1.242  0.941  1.037  1.386  0.732  0.949  1.382  0.827  0.451     2040    582    143     14
     6   0.887  0.699  0.886  1.093  0.509  1.229  0.711  0.823  0.848  1.202     2362    891    121     11
     7   0.920  0.535  1.332  0.940  0.355  0.983  1.304  1.099  0.812  1.104     2481    651    145     21
     9   1.443  1.345  1.132  0.974  1.589  1.182  1.141  1.056  1.149  0.872     2929   1124    140     12
    14   0.772  1.357  0.725  0.870  1.472  0.921  1.354  0.962  0.833  0.733     4256   2075    158     15
    17   1.311  0.574  1.218  1.079  0.712  1.221  0.626  1.491  0.772  0.340     2004    741    108     15
    19   0.900  0.509  1.315  0.839  0.350  0.661  1.225  1.322  0.914  1.151     3853    962    146     25
    20   0.802  1.482  0.668  1.177  0.785  1.067  1.226  0.993  1.124  1.160       30      0     24      0
    21   1.116  0.556  0.871  1.115  1.334  1.235  0.748  1.069  0.756  0.433     3012   1122    131     15
    24   1.132  1.340  0.902  0.946  0.856  1.398  1.315  0.747  1.109  0.612     2671    931    148     11
  alleles: economy 5/7/0  angle 0/12/0  internode 0/12/0  sympody 12/0/0  tropism 12/0/0  density 4/4/4
  architecture events  [1: gen 0 seeds 0 forks 0 plag 0 rigid 0 lat 0 angle 0deg, 2: gen 0 seeds 5 forks 0 plag 0 rigid 620 lat 161 angle 83deg, 4: gen 0 seeds 5 forks 0 plag 0 rigid 396 lat 81 angle 84deg, 6: gen 0 seeds 2 forks 0 plag 0 rigid 264 lat 97 angle 91deg, 7: gen 0 seeds 4 forks 0 plag 0 rigid 492 lat 128 angle 87deg, 9: gen 0 seeds 4 forks 0 plag 0 rigid 371 lat 146 angle 84deg, 14: gen 0 seeds 6 forks 0 plag 0 rigid 355 lat 102 angle 79deg, 17: gen 0 seeds 1 forks 0 plag 0 rigid 227 lat 97 angle 85deg, 19: gen 0 seeds 4 forks 0 plag 0 rigid 667 lat 185 angle 88deg, 20: gen 0 seeds 0 forks 0 plag 0 rigid 119 lat 50 angle 59deg, 21: gen 0 seeds 5 forks 0 plag 0 rigid 520 lat 151 angle 78deg, 24: gen 0 seeds 5 forks 0 plag 0 rigid 398 lat 122 angle 95deg]

distinguishability (§Z / C4), 24 founders planted:
  canopy components at field resolution, >=  1 leaf/block:   1   largest holds 100% of canopy blocks
  canopy components at field resolution, >=  2 leaf/block:   1   largest holds  93% of canopy blocks
  canopy components at field resolution, >=  4 leaf/block:   2   largest holds  82% of canopy blocks
  canopy components at field resolution, >=  8 leaf/block:   5   largest holds  67% of canopy blocks
  interior sky gaps: 0 (a fully separate stand of 24 shows 23), widths []
  founder spacing is 20 cells; gaps at least 8 cells wide: 0
  --> canopy fusion 100%, 0 raw sky gaps (0 at least 8 cells) -- so this run reads 1 distinguishable crowns of 24 founders
  (CALIBRATION FAILED against the owner's eye, 2026-08-23: on the three stands he counted,
   these read 2 / 2 / 3 where he read 2 / 4 / 3, and fusion called the 4-founder stand 100% ONE MASS
   when he counted all four. §Z is cards-only. Reports/open-bugs-handoff.md §Z has the table.
   He later said the cue IS sky gaps, read at canopy level -- so census the canopy band next, not the whole column.)

lineage turnover over 28800 frames: 66 born, 34 died (2.29 and 1.18 per 1,000 frames); 32 live in 38 slots
  germinations: 24 -- read against `seeds set in total` above
  leaf construction binds: 40004 of 59531 wanted leaf cells refused for want of carbon (67.2%)
  reproductive budget binds: 5540622 of 7551704 eligible cell-ticks had no budget for a seed (73.4%)
  organism slots: high-water 38 of 4095 (0.9%), 0 births refused at the ceiling
  standing seed bank: 13 seeds; 2 organisms senescent (dead, remains rotting)
  established plants carrying an inherited genome: 0 of 12 (deepest generation 0) -- at ~0 every claim from this run is about founders

28666 organism cells
  Some(DormantBud)      2018
  Some(GrowingTip)        27
  Some(Leaf)            9946
  Some(MatureBody)     16637
  Some(RootTip)           25
  Some(Seed)              13
  palette bands in use (material, band -> cells):
    leaf       band  2    4831
    leaf       band  3    5115
    rootwood   band  0    1864
    seed       band  0      13
    wood       band  0   13621
    wood       band  1    3222
  bounding box x 0..=511, y 73..=233
  thickest contiguous run, above ground: 52 cells
  thickest contiguous run, below ground: 19 cells (roots spread by design)

root system (12 established plants, soil is 34 rows deep):
  root cells        min    5  median  105  max  477  mean   152.1
  root share of plant  min   3%  median   4%  max 100%  mean  13.3%
  deepest row below surface  min   3  median  32  max  34  mean  23.9
  lateral spread (cells)     min   3  median  24  max  80  mean  27.6
  median root cell sits 12 rows down; quartiles 6 / 20
  root cells with 3+ root neighbours: 53% (a 1-cell-wide run reads ~0 whichever way it points)
  depth histogram, surface->bedrock (% of all root cells): [25, 28, 20, 13, 11]
  seeds standing: 13 above the surface, 0 buried (buried can never germinate)

water balance, per established plant:
  stock          min     4.9 median   120.0 max   629.0 mean   227.2
  stomatal term  min    0.14 median    1.00 max    1.00 mean    0.88   (1.0 = demand fully met)
  uptake/tick    min    0.00 median    5.48 max   73.78 mean   11.37
  demand/tick    min    0.00 median    7.73 max   43.32 mean   10.67

carbon book, per established plant (per organism tick):
  income         min   0.000 median   0.782 max   2.263 mean   0.734   (over a whole day, not at this instant)
  maintenance    min   0.005 median   0.770 max   2.303 mean   0.790
  bill / income  median    1.02 max     inf   (>1 = running the stock down)
  unpaid         median   0.013 max   0.844
  cells shed to starvation, cumulative: 6628
  bill at unit price  min      0.0 median  19500.1 max  83338.1   (x MAINTENANCE_PER_NODE = the shoot bill)
  anchor reach ratio  min   0.0006 median   0.0037 max   0.0276   (anchor moment / crown moment; ANCHOR_DEMAND is set from this)
  anchor status  min    0.01 median    0.12 max    1.00   (1.0 = crown fully anchored)
  slenderness    min     0.0 median    53.5 max   112.0   (shoot height / base width)
  root soil contact  min  58.7% median  85.3% max 100.0%   (the rest earns nothing and still respires)
  support (cantilever reach from anchors): p50 19  p90 36  p99 53  max 97; 13 unreached

vein conductance (max face per cell), 1..10:
  min 1.00  p50 8.78  p90 9.99  p99 10.00  max 10.00
  7425/28666 cells still at the basal floor (26%) -- undifferentiated tissue
  differentiation: 33% undifferentiated / 20% partial / 48% vascular
  strand strength, p99 vs the basal floor: 10.00x of a possible 10x

leaf light (noon-equivalent): min 0.00  p10 0.00  p50 0.18  p90 3.65  max 4.00
  below 0.5: 5957   below 1.0: 6821   below 1.5: 7236   of 9946 leaves

max resource 4.000 / 4.0
max canopy   1.500 / 4.0
one fresh canopy deposit is 1.500 (GROW_CANOPY_DEPOSIT), decaying by half per organism tick
