plant_probe: species=tree trees=24 frames=28800 worldseed=3 width=512 soil=34 growth=1
after 28800 frames: 876 active sites, 7 awake chunks
soil: 27770 cells, min 0 median 126 max 1000, mean 290; 14245 cells at or below wilting point (51%)
chunks were awake on 28435/28800 frames (98.7%) -- the CA sweep's duty cycle for this scene

population: 60 organisms -- 14 established (>= 20 cells), 46 seeds or seedlings; 120 seeds set in total
  generations  [gen 0: 20, gen 1: 40]
  rooted above ground: 0 organisms (0 of them more than 25 rows up)
  morphs among established plants: 6 distinct of 14 plants  [foliage, angle, internode, sympodial, tropism]
    [0, 1, 1, 0, 0, 1]  x4
    [1, 1, 1, 0, 0, 0]  x3
    [0, 1, 1, 0, 0, 2]  x2
    [1, 1, 1, 0, 0, 1]  x2
    [1, 1, 1, 0, 0, 2]  x2
    [0, 1, 1, 0, 0, 0]  x1

ensemble of 14 trees, identical species and scene:
  cells     min   23  median 2862  max 3931  mean  2057.9
  leaves    min    0  median  798  max 1947  mean   701.0
  height    min   12  median  132  max  155  mean   105.5   (scene ceiling: 200 rows of sky)
  canopy top  row 68   (68 rows of clearance remain)
  thickness min    2  median   17  max   30  mean    14.4   (whole tree, incl. ground-level spread)
  stem thick min   0  median   13  max   19  mean    10.4   (above the base -- the real trunk)
  rows >1 cell wide, as % of each tree's occupied rows: min 2  median 53  max 61  mean 43
  per-tree sizes     [132, 2862, 2526, 2895, 1970, 3067, 3931, 1460, 26, 23, 3404, 27, 3332, 3156]
  per-tree heights   [92, 107, 142, 124, 130, 134, 155, 132, 12, 16, 134, 18, 135, 146]
  per-tree thickness [2, 21, 18, 23, 14, 17, 21, 12, 2, 2, 19, 4, 16, 30]
  crown profile (top->bottom, % of each plant's widest band, median): [100, 92, 79, 62, 40]
  foliage centre (0 = collar, 100 = apex, median): 61
  foliage share  (% of cells that are leaf, median): 29

  per-tree genotype and outcome (variance [0.5, 0.5, 0.4, 0.18, 0.7, 0.4, 0.4, 0.5, 0.25, 0.7]):
    id  branch rootbr  plast turgor   pipe roottr  alloc  stoma penetr strain    cells leaves height   stem
     1   0.887  1.057  0.735  1.113  1.152  1.343  1.056  0.610  1.071  1.253      132     38     92      2
     2   1.007  0.790  1.289  1.163  0.894  0.705  1.236  1.462  0.832  1.573     2862    798    107     16
     4   1.062  1.242  0.941  1.037  1.386  0.732  0.949  1.382  0.827  0.451     2526    795    142     18
     6   0.887  0.699  0.886  1.093  0.509  1.229  0.711  0.823  0.848  1.202     2895   1031    124     11
     7   0.920  0.535  1.332  0.940  0.355  0.983  1.304  1.099  0.812  1.104     1970    518    130     12
     9   1.443  1.345  1.132  0.974  1.589  1.182  1.141  1.056  1.149  0.872     3067   1245    134     13
    14   0.772  1.357  0.725  0.870  1.472  0.921  1.354  0.962  0.833  0.733     3931   1947    155     15
    16   0.930  0.979  0.877  1.104  0.798  0.686  0.877  1.311  0.950  0.989     1460    494    132     12
    17   1.311  0.574  1.218  1.079  0.712  1.221  0.626  1.491  0.772  0.340       26      0     12      0
    18   0.761  0.738  0.990  0.964  0.353  1.220  0.730  0.931  0.845  0.701       23      0     16      0
    19   0.900  0.509  1.315  0.839  0.350  0.661  1.225  1.322  0.914  1.151     3404    875    134     19
    20   0.802  1.482  0.668  1.177  0.785  1.067  1.226  0.993  1.124  1.160       27      0     18      0
    21   1.116  0.556  0.871  1.115  1.334  1.235  0.748  1.069  0.756  0.433     3332   1152    135     13
    24   1.132  1.340  0.902  0.946  0.856  1.398  1.315  0.747  1.109  0.612     3156    921    146     14
  alleles: economy 7/7/0  angle 0/14/0  internode 0/14/0  sympody 14/0/0  tropism 14/0/0  density 4/6/4
  architecture events  [1: gen 0 seeds 0 forks 0 plag 0 rigid 0 lat 0 angle 0deg, 2: gen 0 seeds 16 forks 0 plag 0 rigid 568 lat 153 angle 86deg, 4: gen 0 seeds 12 forks 0 plag 0 rigid 516 lat 104 angle 87deg, 6: gen 0 seeds 11 forks 0 plag 0 rigid 336 lat 107 angle 88deg, 7: gen 0 seeds 10 forks 0 plag 0 rigid 415 lat 119 angle 85deg, 9: gen 0 seeds 11 forks 0 plag 0 rigid 362 lat 137 angle 83deg, 14: gen 0 seeds 1 forks 0 plag 0 rigid 308 lat 99 angle 83deg, 16: gen 0 seeds 8 forks 0 plag 0 rigid 271 lat 83 angle 93deg, 17: gen 0 seeds 5 forks 0 plag 0 rigid 191 lat 81 angle 92deg, 18: gen 0 seeds 0 forks 0 plag 0 rigid 0 lat 0 angle 0deg, 19: gen 0 seeds 22 forks 0 plag 0 rigid 499 lat 165 angle 81deg, 20: gen 0 seeds 1 forks 0 plag 0 rigid 132 lat 61 angle 61deg, 21: gen 0 seeds 10 forks 0 plag 0 rigid 658 lat 170 angle 87deg, 24: gen 0 seeds 12 forks 0 plag 0 rigid 427 lat 119 angle 95deg]

distinguishability (§Z / C4), 24 founders planted:
  canopy components at field resolution, >=  1 leaf/block:   1   largest holds 100% of canopy blocks
  canopy components at field resolution, >=  2 leaf/block:   2   largest holds  93% of canopy blocks
  canopy components at field resolution, >=  4 leaf/block:   4   largest holds  55% of canopy blocks
  canopy components at field resolution, >=  8 leaf/block:   6   largest holds  48% of canopy blocks
  interior sky gaps: 0 (a fully separate stand of 24 shows 23), widths []
  founder spacing is 20 cells; gaps at least 8 cells wide: 0
  --> canopy fusion 100%, 0 raw sky gaps (0 at least 8 cells) -- so this run reads 1 distinguishable crowns of 24 founders
  (CALIBRATION FAILED against the owner's eye, 2026-08-23: on the three stands he counted,
   these read 2 / 2 / 3 where he read 2 / 4 / 3, and fusion called the 4-founder stand 100% ONE MASS
   when he counted all four. §Z is cards-only. Reports/open-bugs-handoff.md §Z has the table.
   He later said the cue IS sky gaps, read at canopy level -- so census the canopy band next, not the whole column.)

lineage turnover over 28800 frames: 151 born, 91 died (5.24 and 3.16 per 1,000 frames); 60 live in 71 slots
  germinations: 24 -- read against `seeds set in total` above
  leaf construction binds: 39876 of 59004 wanted leaf cells refused for want of carbon (67.6%)
  reproductive budget binds: 58257 of 7721510 eligible cell-ticks had no budget for a seed (0.8%)
  organism slots: high-water 71 of 4095 (1.7%), 0 births refused at the ceiling
  standing seed bank: 40 seeds; 3 organisms senescent (dead, remains rotting)
  established plants carrying an inherited genome: 0 of 14 (deepest generation 0) -- at ~0 every claim from this run is about founders

28876 organism cells
  Some(DormantBud)      1858
  Some(GrowingTip)        27
  Some(Leaf)            9814
  Some(MatureBody)     17107
  Some(RootTip)           30
  Some(Seed)              40
  palette bands in use (material, band -> cells):
    leaf       band  2    4717
    leaf       band  3    5097
    rootwood   band  0    2256
    seed       band  0      40
    wood       band  0   13308
    wood       band  1    3458
  bounding box x 0..=511, y 68..=233
  thickest contiguous run, above ground: 55 cells
  thickest contiguous run, below ground: 30 cells (roots spread by design)

root system (14 established plants, soil is 34 rows deep):
  root cells        min    3  median  187  max  402  mean   159.4
  root share of plant  min   0%  median   9%  max 100%  mean  25.7%
  deepest row below surface  min   2  median  19  max  34  mean  20.3
  lateral spread (cells)     min   2  median  31  max  78  mean  29.2
  median root cell sits 9 rows down; quartiles 5 / 20
  root cells with 3+ root neighbours: 62% (a 1-cell-wide run reads ~0 whichever way it points)
  depth histogram, surface->bedrock (% of all root cells): [35, 28, 11, 12, 12]
  seeds standing: 40 above the surface, 0 buried (buried can never germinate)

water balance, per established plant:
  stock          min     0.1 median   101.3 max   675.0 mean   163.8
  stomatal term  min    0.04 median    1.00 max    1.00 mean    0.86   (1.0 = demand fully met)
  uptake/tick    min    0.00 median    4.37 max   29.78 mean    8.26
  demand/tick    min    0.00 median    8.49 max   37.84 mean    9.16

carbon book, per established plant (per organism tick):
  income         min   0.000 median   0.585 max   1.555 mean   0.538   (over a whole day, not at this instant)
  maintenance    min   0.003 median   0.776 max   2.179 mean   0.673
  bill / income  median    1.11 max     inf   (>1 = running the stock down)
  unpaid         median   0.033 max   0.413
  cells shed to starvation, cumulative: 8405
  bill at unit price  min      0.0 median  17423.7 max  79549.5   (x MAINTENANCE_PER_NODE = the shoot bill)
  anchor reach ratio  min   0.0001 median   0.0090 max 107.3914   (anchor moment / crown moment; ANCHOR_DEMAND is set from this)
  anchor status  min    0.00 median    0.28 max    1.00   (1.0 = crown fully anchored)
  slenderness    min     0.0 median    44.5 max   113.0   (shoot height / base width)
  root soil contact  min  47.3% median  77.1% max 100.0%   (the rest earns nothing and still respires)
  support (cantilever reach from anchors): p50 19  p90 34  p99 49  max 69; 40 unreached

vein conductance (max face per cell), 1..10:
  min 1.00  p50 7.15  p90 9.99  p99 10.00  max 10.00
  8053/28876 cells still at the basal floor (28%) -- undifferentiated tissue
  differentiation: 37% undifferentiated / 22% partial / 42% vascular
  strand strength, p99 vs the basal floor: 10.00x of a possible 10x

leaf light (noon-equivalent): min 0.00  p10 0.00  p50 0.16  p90 3.75  max 4.00
  below 0.5: 5993   below 1.0: 6618   below 1.5: 7104   of 9814 leaves

max resource 4.000 / 4.0
max canopy   1.500 / 4.0
one fresh canopy deposit is 1.500 (GROW_CANOPY_DEPOSIT), decaying by half per organism tick
