plant_probe: species=tree trees=24 frames=28800 worldseed=3 width=512 soil=34 growth=1
after 28800 frames: 1017 active sites, 5 awake chunks
soil: 27914 cells, min 0 median 187 max 1000, mean 301; 13755 cells at or below wilting point (49%)
chunks were awake on 28235/28800 frames (98.0%) -- the CA sweep's duty cycle for this scene

population: 84 organisms -- 13 established (>= 20 cells), 71 seeds or seedlings; 175 seeds set in total
  generations  [gen 0: 21, gen 1: 63]
  rooted above ground: 1 organisms (0 of them more than 25 rows up)
  morphs among established plants: 6 distinct of 13 plants  [foliage, angle, internode, sympodial, tropism]
    [1, 1, 1, 0, 0, 0]  x3
    [1, 1, 1, 0, 0, 2]  x3
    [0, 1, 1, 0, 0, 0]  x2
    [0, 1, 1, 0, 0, 2]  x2
    [1, 1, 1, 0, 0, 1]  x2
    [0, 1, 1, 0, 0, 1]  x1

ensemble of 13 trees, identical species and scene:
  cells     min  839  median 2409  max 4022  mean  2291.2
  leaves    min  272  median  828  max 1224  mean   795.9
  height    min   80  median  130  max  163  mean   128.0   (scene ceiling: 200 rows of sky)
  canopy top  row 69   (69 rows of clearance remain)
  thickness min    9  median   14  max   22  mean    15.0   (whole tree, incl. ground-level spread)
  stem thick min   7  median   14  max   19  mean    13.3   (above the base -- the real trunk)
  rows >1 cell wide, as % of each tree's occupied rows: min 36  median 54  max 65  mean 54
  per-tree sizes     [1263, 1491, 2852, 2800, 3103, 839, 2486, 2034, 1514, 4022, 3072, 1901, 2409]
  per-tree heights   [124, 80, 126, 139, 134, 122, 147, 142, 130, 163, 127, 99, 131]
  per-tree thickness [11, 13, 15, 14, 14, 9, 11, 22, 10, 18, 20, 19, 19]
  crown profile (top->bottom, % of each plant's widest band, median): [88, 100, 73, 61, 40]
  foliage centre (0 = collar, 100 = apex, median): 62
  foliage share  (% of cells that are leaf, median): 35

  per-tree genotype and outcome (variance [0.5, 0.5, 0.4, 0.18, 0.7, 0.4, 0.4, 0.5, 0.25, 0.7]):
    id  branch rootbr  plast turgor   pipe roottr  alloc  stoma penetr strain    cells leaves height   stem
     1   0.887  1.057  0.735  1.113  1.152  1.343  1.056  0.610  1.071  1.253     1263    554    124     11
     2   1.007  0.790  1.289  1.163  0.894  0.705  1.236  1.462  0.832  1.573     1491    444     80     13
     4   1.062  1.242  0.941  1.037  1.386  0.732  0.949  1.382  0.827  0.451     2852   1056    126     15
     7   0.920  0.535  1.332  0.940  0.355  0.983  1.304  1.099  0.812  1.104     2800    799    139     14
     9   1.443  1.345  1.132  0.974  1.589  1.182  1.141  1.056  1.149  0.872     3103   1224    134     14
    12   0.799  0.782  1.299  1.153  1.578  1.056  0.627  1.395  0.855  1.625      839    272    122      7
    13   0.799  0.548  0.868  0.944  0.894  1.202  1.000  1.009  0.883  0.643     2486    952    147     11
    14   0.772  1.357  0.725  0.870  1.472  0.921  1.354  0.962  0.833  0.733     2034    917    142     14
    16   0.930  0.979  0.877  1.104  0.798  0.686  0.877  1.311  0.950  0.989     1514    560    130     10
    19   0.900  0.509  1.315  0.839  0.350  0.661  1.225  1.322  0.914  1.151     4022   1046    163     18
    21   1.116  0.556  0.871  1.115  1.334  1.235  0.748  1.069  0.756  0.433     3072   1023    127     17
    22   1.230  1.095  0.924  1.047  0.583  0.787  1.387  1.163  1.151  1.051     1901    672     99     19
    24   1.132  1.340  0.902  0.946  0.856  1.398  1.315  0.747  1.109  0.612     2409    828    131     10
  alleles: economy 5/8/0  angle 0/13/0  internode 0/13/0  sympody 13/0/0  tropism 13/0/0  density 5/3/5
  architecture events  [1: gen 0 seeds 6 forks 0 plag 0 rigid 158 lat 37 angle 75deg, 2: gen 0 seeds 11 forks 0 plag 0 rigid 280 lat 90 angle 88deg, 4: gen 0 seeds 16 forks 0 plag 0 rigid 508 lat 142 angle 83deg, 7: gen 0 seeds 19 forks 0 plag 0 rigid 454 lat 146 angle 87deg, 9: gen 0 seeds 15 forks 0 plag 0 rigid 399 lat 142 angle 87deg, 12: gen 0 seeds 6 forks 0 plag 0 rigid 116 lat 47 angle 81deg, 13: gen 0 seeds 4 forks 0 plag 0 rigid 379 lat 96 angle 80deg, 14: gen 0 seeds 6 forks 0 plag 0 rigid 334 lat 70 angle 79deg, 16: gen 0 seeds 11 forks 0 plag 0 rigid 264 lat 84 angle 93deg, 19: gen 0 seeds 22 forks 0 plag 0 rigid 696 lat 197 angle 87deg, 21: gen 0 seeds 15 forks 0 plag 0 rigid 584 lat 161 angle 82deg, 22: gen 0 seeds 15 forks 0 plag 0 rigid 282 lat 112 angle 85deg, 24: gen 0 seeds 12 forks 0 plag 0 rigid 295 lat 103 angle 83deg]

distinguishability (§Z / C4), 24 founders planted:
  canopy components at field resolution, >=  1 leaf/block:   1   largest holds 100% of canopy blocks
  canopy components at field resolution, >=  2 leaf/block:   3   largest holds  94% of canopy blocks
  canopy components at field resolution, >=  4 leaf/block:   3   largest holds  86% of canopy blocks
  canopy components at field resolution, >=  8 leaf/block:   4   largest holds  70% of canopy blocks
  interior sky gaps: 0 (a fully separate stand of 24 shows 23), widths []
  founder spacing is 20 cells; gaps at least 8 cells wide: 0
  --> canopy fusion 100%, 0 raw sky gaps (0 at least 8 cells) -- so this run reads 1 distinguishable crowns of 24 founders
  (CALIBRATION FAILED against the owner's eye, 2026-08-23: on the three stands he counted,
   these read 2 / 2 / 3 where he read 2 / 4 / 3, and fusion called the 4-founder stand 100% ONE MASS
   when he counted all four. §Z is cards-only. Reports/open-bugs-handoff.md §Z has the table.
   He later said the cue IS sky gaps, read at canopy level -- so census the canopy band next, not the whole column.)

lineage turnover over 28800 frames: 199 born, 115 died (6.91 and 3.99 per 1,000 frames); 84 live in 89 slots
  germinations: 25 -- read against `seeds set in total` above
  leaf construction binds: 40782 of 60523 wanted leaf cells refused for want of carbon (67.4%)
  reproductive budget binds: 0 of 8035174 eligible cell-ticks had no budget for a seed (0.0%)
  organism slots: high-water 89 of 4095 (2.2%), 0 births refused at the ceiling
  standing seed bank: 63 seeds; 0 organisms senescent (dead, remains rotting)
  established plants carrying an inherited genome: 0 of 13 (deepest generation 0) -- at ~0 every claim from this run is about founders

29895 organism cells
  Some(DormantBud)      1956
  Some(GrowingTip)        27
  Some(Leaf)           10347
  Some(MatureBody)     17470
  Some(RootTip)           32
  Some(Seed)              63
  palette bands in use (material, band -> cells):
    leaf       band  2    3925
    leaf       band  3    6422
    rootwood   band  0    1817
    seed       band  0      63
    wood       band  0   12312
    wood       band  1    5356
  bounding box x 0..=511, y 69..=233
  thickest contiguous run, above ground: 55 cells
  thickest contiguous run, below ground: 25 cells (roots spread by design)

root system (13 established plants, soil is 34 rows deep):
  root cells        min    0  median  110  max  295  mean   136.5
  root share of plant  min   0%  median   6%  max  11%  mean   5.6%
  deepest row below surface  min   3  median  24  max 2147483449  mean 165191056.0
  lateral spread (cells)     min   2  median  30  max  62  mean  26.1
  median root cell sits 8 rows down; quartiles 4 / 15
  root cells with 3+ root neighbours: 58% (a 1-cell-wide run reads ~0 whichever way it points)
  depth histogram, surface->bedrock (% of all root cells): [37, 29, 17, 7, 7]
  seeds standing: 63 above the surface, 0 buried (buried can never germinate)

water balance, per established plant:
  stock          min     0.0 median    58.1 max   327.0 mean    98.6
  stomatal term  min    0.00 median    0.82 max    1.00 mean    0.70   (1.0 = demand fully met)
  uptake/tick    min    0.00 median    4.03 max   20.25 mean    6.47
  demand/tick    min    2.28 median    7.29 max   21.23 mean    8.97

carbon book, per established plant (per organism tick):
  income         min   0.000 median   0.543 max   1.192 mean   0.542   (over a whole day, not at this instant)
  maintenance    min   0.165 median   0.616 max   1.397 mean   0.695
  bill / income  median    1.13 max     inf   (>1 = running the stock down)
  unpaid         median   0.056 max   0.273
  cells shed to starvation, cumulative: 7086
  bill at unit price  min   1954.0 median  14383.3 max  45487.3   (x MAINTENANCE_PER_NODE = the shoot bill)
  anchor reach ratio  min   0.0000 median   0.0040 max   0.0227   (anchor moment / crown moment; ANCHOR_DEMAND is set from this)
  anchor status  min    0.00 median    0.10 max    0.57   (1.0 = crown fully anchored)
  slenderness    min    10.9 median    36.3 max   108.0   (shoot height / base width)
  root soil contact  min  52.2% median  76.5% max  90.2%   (the rest earns nothing and still respires)
  support (cantilever reach from anchors): p50 19  p90 36  p99 66  max 79; 63 unreached

vein conductance (max face per cell), 1..10:
  min 1.00  p50 8.03  p90 9.99  p99 10.00  max 10.00
  8575/29895 cells still at the basal floor (29%) -- undifferentiated tissue
  differentiation: 36% undifferentiated / 20% partial / 44% vascular
  strand strength, p99 vs the basal floor: 10.00x of a possible 10x

leaf light (noon-equivalent): min 0.00  p10 0.00  p50 0.13  p90 3.64  max 4.00
  below 0.5: 6518   below 1.0: 7100   below 1.5: 7724   of 10347 leaves

max resource 4.000 / 4.0
max canopy   0.750 / 4.0
one fresh canopy deposit is 1.500 (GROW_CANOPY_DEPOSIT), decaying by half per organism tick
