plant_probe: species=tree trees=24 frames=28800 worldseed=4 width=512 soil=34 growth=1
after 28800 frames: 891 active sites, 5 awake chunks
soil: 26698 cells, min 0 median 187 max 1000, mean 308; 12754 cells at or below wilting point (48%)
chunks were awake on 28499/28800 frames (99.0%) -- the CA sweep's duty cycle for this scene

population: 57 organisms -- 13 established (>= 20 cells), 44 seeds or seedlings; 129 seeds set in total
  generations  [gen 0: 15, gen 1: 42]
  rooted above ground: 0 organisms (0 of them more than 25 rows up)
  morphs among established plants: 5 distinct of 13 plants  [foliage, angle, internode, sympodial, tropism]
    [0, 1, 1, 0, 0, 0]  x4
    [1, 1, 1, 0, 0, 2]  x3
    [0, 1, 1, 0, 0, 1]  x2
    [0, 1, 1, 0, 0, 2]  x2
    [1, 1, 1, 0, 0, 1]  x2

ensemble of 13 trees, identical species and scene:
  cells     min  128  median 2154  max 4349  mean  2436.2
  leaves    min   32  median  871  max 1540  mean   898.8
  height    min   91  median  134  max  156  mean   131.2   (scene ceiling: 200 rows of sky)
  canopy top  row 70   (70 rows of clearance remain)
  thickness min    5  median   15  max   23  mean    14.2   (whole tree, incl. ground-level spread)
  stem thick min   5  median   11  max   16  mean    11.2   (above the base -- the real trunk)
  rows >1 cell wide, as % of each tree's occupied rows: min 24  median 54  max 62  mean 52
  per-tree sizes     [128, 2154, 2253, 1849, 1707, 2100, 1957, 3249, 4349, 3779, 2802, 3327, 2017]
  per-tree heights   [91, 133, 136, 127, 122, 135, 121, 145, 156, 139, 134, 137, 129]
  per-tree thickness [5, 11, 9, 19, 11, 9, 23, 14, 15, 22, 16, 15, 16]
  crown profile (top->bottom, % of each plant's widest band, median): [85, 91, 72, 62, 35]
  foliage centre (0 = collar, 100 = apex, median): 65
  foliage share  (% of cells that are leaf, median): 35

  per-tree genotype and outcome (variance [0.5, 0.5, 0.4, 0.18, 0.7, 0.4, 0.4, 0.5, 0.25, 0.7]):
    id  branch rootbr  plast turgor   pipe roottr  alloc  stoma penetr strain    cells leaves height   stem
     1   0.708  1.438  1.311  1.081  1.297  1.118  0.927  0.530  1.039  1.218      128     32     91      5
     2   1.116  1.338  0.706  1.041  1.582  1.054  1.042  1.184  1.217  0.654     2154    912    133     11
     3   1.442  1.381  1.231  0.846  0.563  1.207  0.969  0.603  1.222  1.272     2253    787    136      9
     4   1.451  1.229  0.851  1.039  1.653  1.343  0.979  0.867  1.038  1.694     1849    652    127     10
     5   1.227  0.937  1.336  1.070  0.776  0.727  1.111  1.462  0.812  1.500     1707    548    122     11
     6   1.015  0.664  0.733  0.884  1.514  1.153  0.720  0.637  0.985  1.035     2100    964    135      9
     7   1.128  0.665  1.026  0.941  1.652  0.730  1.329  0.872  1.185  0.716     1957    747    121     10
    10   1.380  0.530  0.608  1.037  1.446  0.892  1.346  0.618  0.852  1.258     3249   1540    145     12
    15   1.393  1.310  0.913  0.859  0.595  0.706  1.134  0.504  1.056  1.538     4349   1453    156     15
    17   1.252  1.385  1.084  0.858  0.771  1.218  1.046  1.002  0.834  0.925     3779   1363    139     12
    20   1.474  1.133  1.368  0.921  1.150  1.253  0.779  0.934  0.830  0.590     2802    871    134     10
    21   1.067  0.606  1.198  0.838  0.733  1.054  0.754  1.105  0.948  0.602     3327   1070    137     15
    24   0.730  1.337  1.012  1.050  0.573  0.897  1.392  0.582  0.981  1.035     2017    746    129     16
  alleles: economy 8/5/0  angle 0/13/0  internode 0/13/0  sympody 13/0/0  tropism 13/0/0  density 4/4/5
  architecture events  [1: gen 0 seeds 6 forks 0 plag 0 rigid 175 lat 72 angle 83deg, 2: gen 0 seeds 5 forks 0 plag 0 rigid 296 lat 100 angle 66deg, 3: gen 0 seeds 11 forks 0 plag 0 rigid 231 lat 95 angle 90deg, 4: gen 0 seeds 7 forks 0 plag 0 rigid 275 lat 87 angle 89deg, 5: gen 0 seeds 14 forks 0 plag 0 rigid 302 lat 105 angle 86deg, 6: gen 0 seeds 4 forks 0 plag 0 rigid 296 lat 113 angle 70deg, 7: gen 0 seeds 10 forks 0 plag 0 rigid 238 lat 92 angle 95deg, 10: gen 0 seeds 6 forks 0 plag 0 rigid 389 lat 142 angle 79deg, 15: gen 0 seeds 11 forks 0 plag 0 rigid 524 lat 195 angle 86deg, 17: gen 0 seeds 16 forks 0 plag 0 rigid 458 lat 169 angle 89deg, 20: gen 0 seeds 17 forks 0 plag 0 rigid 320 lat 142 angle 79deg, 21: gen 0 seeds 16 forks 0 plag 0 rigid 461 lat 131 angle 83deg, 24: gen 0 seeds 6 forks 0 plag 0 rigid 336 lat 79 angle 87deg]

distinguishability (§Z / C4), 24 founders planted:
  canopy components at field resolution, >=  1 leaf/block:   2   largest holds  99% of canopy blocks
  canopy components at field resolution, >=  2 leaf/block:   2   largest holds  96% of canopy blocks
  canopy components at field resolution, >=  4 leaf/block:   3   largest holds  88% of canopy blocks
  canopy components at field resolution, >=  8 leaf/block:   7   largest holds  68% of canopy blocks
  interior sky gaps: 0 (a fully separate stand of 24 shows 23), widths []
  founder spacing is 20 cells; gaps at least 8 cells wide: 0
  --> canopy fusion 99%, 0 raw sky gaps (0 at least 8 cells) -- so this run reads 1 distinguishable crowns of 24 founders
  (CALIBRATION FAILED against the owner's eye, 2026-08-23: on the three stands he counted,
   these read 2 / 2 / 3 where he read 2 / 4 / 3, and fusion called the 4-founder stand 100% ONE MASS
   when he counted all four. §Z is cards-only. Reports/open-bugs-handoff.md §Z has the table.
   He later said the cue IS sky gaps, read at canopy level -- so census the canopy band next, not the whole column.)

lineage turnover over 28800 frames: 157 born, 100 died (5.45 and 3.47 per 1,000 frames); 57 live in 73 slots
  germinations: 24 -- read against `seeds set in total` above
  leaf construction binds: 42455 of 62158 wanted leaf cells refused for want of carbon (68.3%)
  reproductive budget binds: 0 of 7098247 eligible cell-ticks had no budget for a seed (0.0%)
  organism slots: high-water 73 of 4095 (1.8%), 0 births refused at the ceiling
  standing seed bank: 42 seeds; 1 organisms senescent (dead, remains rotting)
  established plants carrying an inherited genome: 0 of 13 (deepest generation 0) -- at ~0 every claim from this run is about founders

31744 organism cells
  Some(DormantBud)      3126
  Some(GrowingTip)        33
  Some(Leaf)           11685
  Some(MatureBody)     16830
  Some(RootTip)           28
  Some(Seed)              42
  palette bands in use (material, band -> cells):
    leaf       band  2    6634
    leaf       band  3    5051
    rootwood   band  0    2016
    seed       band  0      42
    wood       band  0   11359
    wood       band  1    6642
  bounding box x 0..=511, y 70..=233
  thickest contiguous run, above ground: 77 cells
  thickest contiguous run, below ground: 23 cells (roots spread by design)

root system (13 established plants, soil is 34 rows deep):
  root cells        min   23  median  157  max  288  mean   152.8
  root share of plant  min   3%  median   6%  max  17%  mean   6.6%
  deepest row below surface  min   5  median  21  max  34  mean  19.6
  lateral spread (cells)     min  14  median  27  max  58  mean  31.9
  median root cell sits 7 rows down; quartiles 4 / 15
  root cells with 3+ root neighbours: 54% (a 1-cell-wide run reads ~0 whichever way it points)
  depth histogram, surface->bedrock (% of all root cells): [44, 26, 15, 9, 3]
  seeds standing: 42 above the surface, 0 buried (buried can never germinate)

water balance, per established plant:
  stock          min     4.6 median    45.7 max   111.9 mean    53.0
  stomatal term  min    0.13 median    0.97 max    1.00 mean    0.77   (1.0 = demand fully met)
  uptake/tick    min    0.41 median    4.84 max   12.70 mean    6.43
  demand/tick    min    0.53 median    8.97 max   28.59 mean   11.02

carbon book, per established plant (per organism tick):
  income         min   0.027 median   0.463 max   1.563 mean   0.561   (over a whole day, not at this instant)
  maintenance    min   0.026 median   0.614 max   1.704 mean   0.757
  bill / income  median    1.12 max    8.61   (>1 = running the stock down)
  unpaid         median   0.034 max   0.606
  cells shed to starvation, cumulative: 8715
  bill at unit price  min    354.2 median  13469.9 max  52633.9   (x MAINTENANCE_PER_NODE = the shoot bill)
  anchor reach ratio  min   0.0022 median   0.0052 max   0.0685   (anchor moment / crown moment; ANCHOR_DEMAND is set from this)
  anchor status  min    0.05 median    0.13 max    1.00   (1.0 = crown fully anchored)
  slenderness    min     6.3 median    49.5 max   110.0   (shoot height / base width)
  root soil contact  min  48.0% median  77.1% max 100.0%   (the rest earns nothing and still respires)
  support (cantilever reach from anchors): p50 22  p90 39  p99 57  max 70; 42 unreached

vein conductance (max face per cell), 1..10:
  min 1.00  p50 5.79  p90 9.99  p99 10.00  max 10.00
  11109/31744 cells still at the basal floor (35%) -- undifferentiated tissue
  differentiation: 42% undifferentiated / 17% partial / 41% vascular
  strand strength, p99 vs the basal floor: 10.00x of a possible 10x

leaf light (noon-equivalent): min 0.00  p10 0.00  p50 0.08  p90 3.67  max 4.00
  below 0.5: 7467   below 1.0: 8223   below 1.5: 8937   of 11685 leaves

max resource 4.000 / 4.0
max canopy   0.938 / 4.0
one fresh canopy deposit is 1.500 (GROW_CANOPY_DEPOSIT), decaying by half per organism tick
