plant_probe: species=tree trees=24 frames=28800 worldseed=2 width=512 soil=34 growth=1
after 28800 frames: 845 active sites, 7 awake chunks
soil: 29104 cells, min 0 median 0 max 1000, mean 271; 15583 cells at or below wilting point (54%)
chunks were awake on 28369/28800 frames (98.5%) -- the CA sweep's duty cycle for this scene

population: 57 organisms -- 16 established (>= 20 cells), 41 seeds or seedlings; 137 seeds set in total
  generations  [gen 0: 17, gen 1: 40]
  rooted above ground: 1 organisms (0 of them more than 25 rows up)
  morphs among established plants: 5 distinct of 16 plants  [foliage, angle, internode, sympodial, tropism]
    [1, 1, 1, 0, 0, 1]  x8
    [0, 1, 1, 0, 0, 1]  x4
    [1, 1, 1, 0, 0, 2]  x2
    [0, 1, 1, 0, 0, 2]  x1
    [1, 1, 1, 0, 0, 0]  x1

ensemble of 16 trees, identical species and scene:
  cells     min   22  median 2118  max 4239  mean  1834.2
  leaves    min    0  median  885  max 1603  mean   684.9
  height    min   19  median  138  max  173  mean   106.8   (scene ceiling: 200 rows of sky)
  canopy top  row 60   (60 rows of clearance remain)
  thickness min    2  median   12  max   16  mean     9.7   (whole tree, incl. ground-level spread)
  stem thick min   0  median   11  max   15  mean     8.4   (above the base -- the real trunk)
  rows >1 cell wide, as % of each tree's occupied rows: min 4  median 55  max 62  mean 43
  per-tree sizes     [2020, 86, 3624, 2861, 76, 46, 2970, 2118, 1146, 2810, 2489, 2866, 22, 25, 4239, 1949]
  per-tree heights   [120, 36, 169, 147, 28, 20, 156, 173, 138, 135, 157, 144, 19, 21, 148, 97]
  per-tree thickness [15, 3, 14, 14, 4, 4, 12, 9, 8, 10, 16, 15, 3, 2, 14, 12]
  crown profile (top->bottom, % of each plant's widest band, median): [100, 81, 66, 64, 43]
  foliage centre (0 = collar, 100 = apex, median): 65
  foliage share  (% of cells that are leaf, median): 35

  per-tree genotype and outcome (variance [0.5, 0.5, 0.4, 0.18, 0.7, 0.4, 0.4, 0.5, 0.25, 0.7]):
    id  branch rootbr  plast turgor   pipe roottr  alloc  stoma penetr strain    cells leaves height   stem
     1   0.718  0.766  0.896  0.923  0.611  1.143  1.398  1.192  0.988  0.450     2020    648    120     15
     3   1.022  1.088  0.995  0.963  0.868  1.301  0.608  1.410  1.110  0.744       86      8     36      0
     4   1.105  1.047  1.249  0.830  1.655  1.139  0.677  0.969  0.951  0.834     3624   1581    169     14
     6   1.063  1.366  1.134  0.896  0.628  0.693  1.364  1.443  0.808  1.262     2861    927    147     13
     7   1.129  1.179  0.674  1.132  0.411  0.966  0.723  0.928  1.146  1.670       76      0     28      0
     8   1.439  0.817  1.233  1.064  0.356  0.953  1.061  0.835  1.130  1.660       46      0     20      0
    11   1.376  1.237  0.770  0.881  0.703  0.661  1.384  1.307  0.935  0.929     2970   1045    156     12
    12   0.754  0.717  0.603  0.828  1.681  0.922  1.300  0.864  1.101  0.577     2118    996    173      9
    13   1.485  0.561  0.658  0.919  0.689  1.317  1.024  1.349  0.823  1.023     1146    445    138      8
    15   1.476  1.099  1.153  0.857  1.552  1.132  1.346  1.334  0.838  1.479     2810   1132    135     10
    17   1.146  1.420  0.894  0.843  1.288  1.147  1.352  1.077  1.187  0.992     2489    885    157     11
    18   1.370  1.308  1.306  0.899  1.263  1.390  1.392  0.804  0.792  0.501     2866    901    144     15
    19   1.335  1.163  1.089  1.166  0.708  1.164  1.071  0.592  0.846  0.494       22      3     19      2
    21   0.665  1.270  1.326  0.968  0.329  1.367  0.776  0.998  0.979  1.467       25      0     21      0
    22   1.484  0.616  0.813  1.018  1.448  1.136  0.612  0.791  0.961  0.903     4239   1603    148     14
    23   1.380  1.132  0.637  1.018  0.484  1.134  1.353  1.235  0.893  1.680     1949    785     97     12
  alleles: economy 5/11/0  angle 0/16/0  internode 0/16/0  sympody 16/0/0  tropism 16/0/0  density 1/12/3
  architecture events  [1: gen 0 seeds 6 forks 0 plag 0 rigid 358 lat 95 angle 81deg, 3: gen 0 seeds 5 forks 0 plag 0 rigid 188 lat 86 angle 83deg, 4: gen 0 seeds 17 forks 0 plag 0 rigid 378 lat 137 angle 83deg, 6: gen 0 seeds 10 forks 0 plag 0 rigid 314 lat 114 angle 79deg, 7: gen 0 seeds 4 forks 0 plag 0 rigid 148 lat 76 angle 77deg, 8: gen 0 seeds 10 forks 0 plag 0 rigid 199 lat 87 angle 88deg, 11: gen 0 seeds 10 forks 0 plag 0 rigid 425 lat 182 angle 79deg, 12: gen 0 seeds 3 forks 0 plag 0 rigid 259 lat 62 angle 62deg, 13: gen 0 seeds 3 forks 0 plag 0 rigid 154 lat 60 angle 78deg, 15: gen 0 seeds 23 forks 0 plag 0 rigid 247 lat 97 angle 89deg, 17: gen 0 seeds 9 forks 0 plag 0 rigid 383 lat 127 angle 82deg, 18: gen 0 seeds 22 forks 0 plag 0 rigid 566 lat 229 angle 90deg, 19: gen 0 seeds 5 forks 0 plag 0 rigid 185 lat 90 angle 82deg, 21: gen 0 seeds 0 forks 0 plag 0 rigid 27 lat 9 angle 83deg, 22: gen 0 seeds 9 forks 0 plag 0 rigid 629 lat 248 angle 82deg, 23: gen 0 seeds 1 forks 0 plag 0 rigid 273 lat 106 angle 80deg]

distinguishability (§Z / C4), 24 founders planted:
  canopy components at field resolution, >=  1 leaf/block:   4   largest holds  70% of canopy blocks
  canopy components at field resolution, >=  2 leaf/block:   4   largest holds  68% of canopy blocks
  canopy components at field resolution, >=  4 leaf/block:   4   largest holds  63% of canopy blocks
  canopy components at field resolution, >=  8 leaf/block:   4   largest holds  53% of canopy blocks
  interior sky gaps: 1 (a fully separate stand of 24 shows 23), widths [16]
  founder spacing is 20 cells; gaps at least 8 cells wide: 1
  --> canopy fusion 70%, 1 raw sky gaps (1 at least 8 cells) -- so this run reads 2 distinguishable crowns of 24 founders
  (CALIBRATION FAILED against the owner's eye, 2026-08-23: on the three stands he counted,
   these read 2 / 2 / 3 where he read 2 / 4 / 3, and fusion called the 4-founder stand 100% ONE MASS
   when he counted all four. §Z is cards-only. Reports/open-bugs-handoff.md §Z has the table.
   He later said the cue IS sky gaps, read at canopy level -- so census the canopy band next, not the whole column.)

lineage turnover over 28800 frames: 163 born, 106 died (5.66 and 3.68 per 1,000 frames); 57 live in 77 slots
  germinations: 24 -- read against `seeds set in total` above
  leaf construction binds: 45494 of 67214 wanted leaf cells refused for want of carbon (67.7%)
  reproductive budget binds: 0 of 7714884 eligible cell-ticks had no budget for a seed (0.0%)
  organism slots: high-water 77 of 4095 (1.9%), 0 births refused at the ceiling
  standing seed bank: 40 seeds; 5 organisms senescent (dead, remains rotting)
  established plants carrying an inherited genome: 0 of 16 (deepest generation 0) -- at ~0 every claim from this run is about founders

29388 organism cells
  Some(DormantBud)      2963
  Some(GrowingTip)        26
  Some(Leaf)           10959
  Some(MatureBody)     15379
  Some(RootTip)           21
  Some(Seed)              40
  palette bands in use (material, band -> cells):
    leaf       band  2    3522
    leaf       band  3    7437
    rootwood   band  0    1920
    seed       band  0      40
    wood       band  0   15830
    wood       band  1     639
  bounding box x 0..=511, y 60..=233
  thickest contiguous run, above ground: 63 cells
  thickest contiguous run, below ground: 16 cells (roots spread by design)

root system (16 established plants, soil is 34 rows deep):
  root cells        min   18  median   76  max  415  mean   119.9
  root share of plant  min   1%  median   6%  max 100%  mean  32.2%
  deepest row below surface  min   2  median  30  max  34  mean  23.2
  lateral spread (cells)     min   9  median  27  max  46  mean  24.0
  median root cell sits 15 rows down; quartiles 5 / 24
  root cells with 3+ root neighbours: 51% (a 1-cell-wide run reads ~0 whichever way it points)
  depth histogram, surface->bedrock (% of all root cells): [28, 18, 14, 23, 14]
  seeds standing: 40 above the surface, 0 buried (buried can never germinate)

water balance, per established plant:
  stock          min     4.7 median    93.2 max   693.5 mean   140.8
  stomatal term  min    0.17 median    1.00 max    1.00 mean    0.86   (1.0 = demand fully met)
  uptake/tick    min   -4.00 median    3.81 max   25.80 mean    5.38
  demand/tick    min    0.00 median    5.19 max   36.48 mean    7.72

carbon book, per established plant (per organism tick):
  income         min   0.000 median   0.505 max   1.306 mean   0.478   (over a whole day, not at this instant)
  maintenance    min   0.003 median   0.668 max   2.062 mean   0.603
  bill / income  median    1.80 max     inf   (>1 = running the stock down)
  unpaid         median   0.005 max   0.964
  cells shed to starvation, cumulative: 8252
  bill at unit price  min      0.0 median  15276.5 max  75965.6   (x MAINTENANCE_PER_NODE = the shoot bill)
  anchor reach ratio  min   0.0004 median   0.0063 max 120.8605   (anchor moment / crown moment; ANCHOR_DEMAND is set from this)
  anchor status  min    0.01 median    0.21 max    1.00   (1.0 = crown fully anchored)
  slenderness    min     0.0 median    10.3 max    69.5   (shoot height / base width)
  root soil contact  min  56.1% median  85.5% max 100.0%   (the rest earns nothing and still respires)
  support (cantilever reach from anchors): p50 21  p90 39  p99 55  max 69; 39 unreached

vein conductance (max face per cell), 1..10:
  min 1.00  p50 6.56  p90 9.99  p99 10.00  max 10.00
  9668/29388 cells still at the basal floor (33%) -- undifferentiated tissue
  differentiation: 40% undifferentiated / 20% partial / 41% vascular
  strand strength, p99 vs the basal floor: 10.00x of a possible 10x

leaf light (noon-equivalent): min 0.00  p10 0.00  p50 0.11  p90 3.56  max 4.00
  below 0.5: 6937   below 1.0: 7675   below 1.5: 8310   of 10959 leaves

max resource 4.000 / 4.0
max canopy   1.500 / 4.0
one fresh canopy deposit is 1.500 (GROW_CANOPY_DEPOSIT), decaying by half per organism tick
