plant_probe: species=tree trees=24 frames=28800 worldseed=4 width=512 soil=34 growth=1
after 28800 frames: 1524 active sites, 7 awake chunks
soil: 29493 cells, min 0 median 0 max 1000, mean 280; 15595 cells at or below wilting point (53%)
chunks were awake on 28668/28800 frames (99.5%) -- the CA sweep's duty cycle for this scene

population: 196 organisms -- 14 established (>= 20 cells), 182 seeds or seedlings; 667 seeds set in total
  generations  [gen 0: 18, gen 1: 178]
  rooted above ground: 0 organisms (0 of them more than 25 rows up)
  morphs among established plants: 6 distinct of 14 plants  [foliage, angle, internode, sympodial, tropism]
    [0, 1, 1, 0, 0, 0]  x4
    [1, 1, 1, 0, 0, 2]  x3
    [0, 1, 1, 0, 0, 1]  x2
    [0, 1, 1, 0, 0, 2]  x2
    [1, 1, 1, 0, 0, 1]  x2
    [1, 1, 1, 0, 0, 0]  x1

ensemble of 14 trees, identical species and scene:
  cells     min   24  median 1796  max 3934  mean  1931.9
  leaves    min    0  median  783  max 1371  mean   702.8
  height    min   10  median  132  max  162  mean   115.5   (scene ceiling: 200 rows of sky)
  canopy top  row 70   (70 rows of clearance remain)
  thickness min    3  median   12  max   26  mean    12.9   (whole tree, incl. ground-level spread)
  stem thick min   0  median   10  max   19  mean    10.0   (above the base -- the real trunk)
  rows >1 cell wide, as % of each tree's occupied rows: min 21  median 54  max 64  mean 48
  per-tree sizes     [94, 3934, 24, 1274, 2724, 1313, 1796, 2644, 28, 3729, 3668, 1073, 3345, 1401]
  per-tree heights   [95, 153, 10, 113, 154, 131, 132, 135, 18, 138, 162, 118, 141, 117]
  per-tree thickness [4, 26, 3, 16, 10, 10, 10, 19, 3, 18, 25, 9, 15, 12]
  crown profile (top->bottom, % of each plant's widest band, median): [87, 94, 59, 57, 30]
  foliage centre (0 = collar, 100 = apex, median): 63
  foliage share  (% of cells that are leaf, median): 34

  per-tree genotype and outcome (variance [0.5, 0.5, 0.4, 0.18, 0.7, 0.4, 0.4, 0.5, 0.25, 0.7]):
    id  branch rootbr  plast turgor   pipe roottr  alloc  stoma penetr strain    cells leaves height   stem
     1   0.708  1.438  1.311  1.081  1.297  1.118  0.927  0.530  1.039  1.218       94     14     95      3
     3   1.442  1.381  1.231  0.846  0.563  1.207  0.969  0.603  1.222  1.272     3934   1371    153     17
     4   1.451  1.229  0.851  1.039  1.653  1.343  0.979  0.867  1.038  1.694       24      0     10      0
     5   1.227  0.937  1.336  1.070  0.776  0.727  1.111  1.462  0.812  1.500     1274    365    113     10
     6   1.015  0.664  0.733  0.884  1.514  1.153  0.720  0.637  0.985  1.035     2724   1227    154     10
     9   0.709  0.580  0.832  1.031  0.547  1.238  0.987  0.595  1.040  0.879     1313    404    131     10
    10   1.380  0.530  0.608  1.037  1.446  0.892  1.346  0.618  0.852  1.258     1796    783    132     10
    11   0.690  0.514  1.035  1.013  1.361  0.954  0.993  0.565  0.856  0.657     2644   1011    135     19
    13   1.265  1.013  0.662  1.078  1.496  1.377  0.663  0.784  0.942  0.619       28      3     18      0
    15   1.393  1.310  0.913  0.859  0.595  0.706  1.134  0.504  1.056  1.538     3729   1310    138     12
    17   1.252  1.385  1.084  0.858  0.771  1.218  1.046  1.002  0.834  0.925     3668   1266    162     13
    20   1.474  1.133  1.368  0.921  1.150  1.253  0.779  0.934  0.830  0.590     1073    360    118      9
    21   1.067  0.606  1.198  0.838  0.733  1.054  0.754  1.105  0.948  0.602     3345   1214    141     15
    24   0.730  1.337  1.012  1.050  0.573  0.897  1.392  0.582  0.981  1.035     1401    511    117     12
  alleles: economy 8/6/0  angle 0/14/0  internode 0/14/0  sympody 14/0/0  tropism 14/0/0  density 5/4/5
  architecture events  [1: gen 0 seeds 9 forks 0 plag 0 rigid 164 lat 68 angle 76deg, 3: gen 0 seeds 66 forks 0 plag 0 rigid 439 lat 183 angle 75deg, 4: gen 0 seeds 12 forks 0 plag 0 rigid 153 lat 84 angle 77deg, 5: gen 0 seeds 28 forks 0 plag 0 rigid 247 lat 80 angle 79deg, 6: gen 0 seeds 98 forks 0 plag 0 rigid 358 lat 114 angle 71deg, 9: gen 0 seeds 52 forks 0 plag 0 rigid 191 lat 44 angle 83deg, 10: gen 0 seeds 43 forks 0 plag 0 rigid 316 lat 125 angle 72deg, 11: gen 0 seeds 72 forks 0 plag 0 rigid 446 lat 96 angle 83deg, 13: gen 0 seeds 8 forks 0 plag 0 rigid 59 lat 25 angle 90deg, 15: gen 0 seeds 55 forks 0 plag 0 rigid 379 lat 135 angle 79deg, 17: gen 0 seeds 53 forks 0 plag 0 rigid 483 lat 162 angle 85deg, 20: gen 0 seeds 19 forks 0 plag 0 rigid 243 lat 113 angle 83deg, 21: gen 0 seeds 97 forks 0 plag 0 rigid 472 lat 151 angle 82deg, 24: gen 0 seeds 40 forks 0 plag 0 rigid 248 lat 54 angle 74deg]

distinguishability (§Z / C4), 24 founders planted:
  canopy components at field resolution, >=  1 leaf/block:   6   largest holds  98% of canopy blocks
  canopy components at field resolution, >=  2 leaf/block:   7   largest holds  92% of canopy blocks
  canopy components at field resolution, >=  4 leaf/block:   6   largest holds  83% of canopy blocks
  canopy components at field resolution, >=  8 leaf/block:   2   largest holds  69% of canopy blocks
  interior sky gaps: 0 (a fully separate stand of 24 shows 23), widths []
  founder spacing is 20 cells; gaps at least 8 cells wide: 0
  --> canopy fusion 98%, 0 raw sky gaps (0 at least 8 cells) -- so this run reads 1 distinguishable crowns of 24 founders
  (CALIBRATION FAILED against the owner's eye, 2026-08-23: on the three stands he counted,
   these read 2 / 2 / 3 where he read 2 / 4 / 3, and fusion called the 4-founder stand 100% ONE MASS
   when he counted all four. §Z is cards-only. Reports/open-bugs-handoff.md §Z has the table.
   He later said the cue IS sky gaps, read at canopy level -- so census the canopy band next, not the whole column.)

lineage turnover over 28800 frames: 691 born, 495 died (23.99 and 17.19 per 1,000 frames); 196 live in 260 slots
  germinations: 29 -- read against `seeds set in total` above
  leaf construction binds: 39563 of 58252 wanted leaf cells refused for want of carbon (67.9%)
  reproductive budget binds: 5355864 of 6784086 eligible cell-ticks had no budget for a seed (78.9%)
  organism slots: high-water 260 of 4095 (6.3%), 0 births refused at the ceiling
  standing seed bank: 178 seeds; 4 organisms senescent (dead, remains rotting)
  established plants carrying an inherited genome: 0 of 14 (deepest generation 0) -- at ~0 every claim from this run is about founders

27256 organism cells
  Some(DormantBud)      2374
  Some(GrowingTip)        31
  Some(Leaf)            9839
  Some(MatureBody)     14805
  Some(RootTip)           29
  Some(Seed)             178
  palette bands in use (material, band -> cells):
    leaf       band  2    5074
    leaf       band  3    4765
    rootwood   band  0    1711
    seed       band  0     178
    wood       band  0    9181
    wood       band  1    6347
  bounding box x 0..=496, y 70..=233
  thickest contiguous run, above ground: 67 cells
  thickest contiguous run, below ground: 26 cells (roots spread by design)

root system (14 established plants, soil is 34 rows deep):
  root cells        min   23  median  124  max  292  mean   120.1
  root share of plant  min   2%  median   7%  max 100%  mean  19.6%
  deepest row below surface  min   9  median  19  max  34  mean  20.6
  lateral spread (cells)     min   7  median  24  max  63  mean  27.5
  median root cell sits 8 rows down; quartiles 3 / 17
  root cells with 3+ root neighbours: 50% (a 1-cell-wide run reads ~0 whichever way it points)
  depth histogram, surface->bedrock (% of all root cells): [39, 26, 12, 8, 13]
  seeds standing: 178 above the surface, 0 buried (buried can never germinate)

water balance, per established plant:
  stock          min    17.7 median    61.2 max   212.7 mean    74.8
  stomatal term  min    0.37 median    1.00 max    1.00 mean    0.87   (1.0 = demand fully met)
  uptake/tick    min    0.00 median    7.46 max   32.97 mean    8.96
  demand/tick    min    0.00 median    8.60 max   30.80 mean    9.52

carbon book, per established plant (per organism tick):
  income         min   0.000 median   0.645 max   1.207 mean   0.563   (over a whole day, not at this instant)
  maintenance    min   0.004 median   0.447 max   1.508 mean   0.619
  bill / income  median    1.26 max     inf   (>1 = running the stock down)
  unpaid         median   0.052 max   0.402
  cells shed to starvation, cumulative: 9971
  bill at unit price  min      0.0 median   9369.4 max  45988.7   (x MAINTENANCE_PER_NODE = the shoot bill)
  anchor reach ratio  min   0.0014 median   0.0065 max  19.3478   (anchor moment / crown moment; ANCHOR_DEMAND is set from this)
  anchor status  min    0.04 median    0.17 max    1.00   (1.0 = crown fully anchored)
  slenderness    min     0.0 median    18.4 max   101.0   (shoot height / base width)
  root soil contact  min  66.3% median  75.9% max 100.0%   (the rest earns nothing and still respires)
  support (cantilever reach from anchors): p50 23  p90 38  p99 53  max 74; 176 unreached

vein conductance (max face per cell), 1..10:
  min 1.00  p50 8.43  p90 9.99  p99 10.00  max 10.00
  7950/27256 cells still at the basal floor (29%) -- undifferentiated tissue
  differentiation: 36% undifferentiated / 18% partial / 46% vascular
  strand strength, p99 vs the basal floor: 10.00x of a possible 10x

leaf light (noon-equivalent): min 0.00  p10 0.00  p50 0.16  p90 3.75  max 4.00
  below 0.5: 5991   below 1.0: 6873   below 1.5: 7341   of 9839 leaves

max resource 4.000 / 4.0
max canopy   1.500 / 4.0
one fresh canopy deposit is 1.500 (GROW_CANOPY_DEPOSIT), decaying by half per organism tick
