plant_probe: species=tree trees=24 frames=28800 worldseed=3 width=512 soil=34 growth=1
after 28800 frames: 988 active sites, 6 awake chunks
soil: 27638 cells, min 0 median 128 max 1000, mean 292; 14156 cells at or below wilting point (51%)
chunks were awake on 28532/28800 frames (99.1%) -- the CA sweep's duty cycle for this scene

population: 210 organisms -- 13 established (>= 20 cells), 197 seeds or seedlings; 734 seeds set in total
  generations  [gen 0: 19, gen 1: 191]
  rooted above ground: 0 organisms (0 of them more than 25 rows up)
  morphs among established plants: 6 distinct of 13 plants  [foliage, angle, internode, sympodial, tropism]
    [0, 1, 1, 0, 0, 1]  x4
    [1, 1, 1, 0, 0, 0]  x3
    [0, 1, 1, 0, 0, 2]  x2
    [1, 1, 1, 0, 0, 1]  x2
    [0, 1, 1, 0, 0, 0]  x1
    [1, 1, 1, 0, 0, 2]  x1

ensemble of 13 trees, identical species and scene:
  cells     min   23  median 2743  max 4004  mean  2212.2
  leaves    min    0  median  833  max 2069  mean   773.7
  height    min   12  median  126  max  161  mean   105.3   (scene ceiling: 200 rows of sky)
  canopy top  row 70   (70 rows of clearance remain)
  thickness min    2  median   15  max   25  mean    13.6   (whole tree, incl. ground-level spread)
  stem thick min   0  median   13  max   25  mean    12.1   (above the base -- the real trunk)
  rows >1 cell wide, as % of each tree's occupied rows: min 9  median 53  max 62  mean 48
  per-tree sizes     [2743, 2403, 3203, 1726, 3027, 4004, 1348, 23, 23, 3554, 30, 3518, 3156]
  per-tree heights   [102, 138, 126, 120, 130, 161, 104, 12, 16, 151, 21, 135, 153]
  per-tree thickness [18, 25, 16, 13, 12, 16, 11, 2, 2, 21, 2, 15, 24]
  crown profile (top->bottom, % of each plant's widest band, median): [97, 100, 80, 64, 45]
  foliage centre (0 = collar, 100 = apex, median): 64
  foliage share  (% of cells that are leaf, median): 29

  per-tree genotype and outcome (variance [0.5, 0.5, 0.4, 0.18, 0.7, 0.4, 0.4, 0.5, 0.25, 0.7]):
    id  branch rootbr  plast turgor   pipe roottr  alloc  stoma penetr strain    cells leaves height   stem
     2   1.007  0.790  1.289  1.163  0.894  0.705  1.236  1.462  0.832  1.573     2743    833    102     18
     4   1.062  1.242  0.941  1.037  1.386  0.732  0.949  1.382  0.827  0.451     2403    702    138     25
     6   0.887  0.699  0.886  1.093  0.509  1.229  0.711  0.823  0.848  1.202     3203   1149    126     16
     7   0.920  0.535  1.332  0.940  0.355  0.983  1.304  1.099  0.812  1.104     1726    466    120     13
     9   1.443  1.345  1.132  0.974  1.589  1.182  1.141  1.056  1.149  0.872     3027   1289    130     11
    14   0.772  1.357  0.725  0.870  1.472  0.921  1.354  0.962  0.833  0.733     4004   2069    161     15
    16   0.930  0.979  0.877  1.104  0.798  0.686  0.877  1.311  0.950  0.989     1348    490    104     11
    17   1.311  0.574  1.218  1.079  0.712  1.221  0.626  1.491  0.772  0.340       23      0     12      0
    18   0.761  0.738  0.990  0.964  0.353  1.220  0.730  0.931  0.845  0.701       23      0     16      0
    19   0.900  0.509  1.315  0.839  0.350  0.661  1.225  1.322  0.914  1.151     3554    959    151     21
    20   0.802  1.482  0.668  1.177  0.785  1.067  1.226  0.993  1.124  1.160       30      0     21      0
    21   1.116  0.556  0.871  1.115  1.334  1.235  0.748  1.069  0.756  0.433     3518   1159    135     15
    24   1.132  1.340  0.902  0.946  0.856  1.398  1.315  0.747  1.109  0.612     3156    942    153     12
  alleles: economy 7/6/0  angle 0/13/0  internode 0/13/0  sympody 13/0/0  tropism 13/0/0  density 4/6/3
  architecture events  [2: gen 0 seeds 63 forks 0 plag 0 rigid 495 lat 137 angle 81deg, 4: gen 0 seeds 94 forks 0 plag 0 rigid 481 lat 94 angle 84deg, 6: gen 0 seeds 67 forks 0 plag 0 rigid 419 lat 118 angle 80deg, 7: gen 0 seeds 24 forks 0 plag 0 rigid 274 lat 101 angle 88deg, 9: gen 0 seeds 64 forks 0 plag 0 rigid 342 lat 118 angle 90deg, 14: gen 0 seeds 77 forks 0 plag 0 rigid 335 lat 87 angle 75deg, 16: gen 0 seeds 24 forks 0 plag 0 rigid 209 lat 86 angle 88deg, 17: gen 0 seeds 16 forks 0 plag 0 rigid 174 lat 75 angle 89deg, 18: gen 0 seeds 0 forks 0 plag 0 rigid 0 lat 0 angle 0deg, 19: gen 0 seeds 68 forks 0 plag 0 rigid 619 lat 165 angle 80deg, 20: gen 0 seeds 16 forks 0 plag 0 rigid 133 lat 56 angle 65deg, 21: gen 0 seeds 126 forks 0 plag 0 rigid 645 lat 183 angle 81deg, 24: gen 0 seeds 79 forks 0 plag 0 rigid 388 lat 127 angle 84deg]

distinguishability (§Z / C4), 24 founders planted:
  canopy components at field resolution, >=  1 leaf/block:   2   largest holds  99% of canopy blocks
  canopy components at field resolution, >=  2 leaf/block:   2   largest holds  94% of canopy blocks
  canopy components at field resolution, >=  4 leaf/block:   3   largest holds  84% of canopy blocks
  canopy components at field resolution, >=  8 leaf/block:   4   largest holds  69% of canopy blocks
  interior sky gaps: 2 (a fully separate stand of 24 shows 23), widths [1, 2]
  founder spacing is 20 cells; gaps at least 8 cells wide: 0
  --> canopy fusion 99%, 2 raw sky gaps (0 at least 8 cells) -- so this run reads 3 distinguishable crowns of 24 founders
  (CALIBRATION FAILED against the owner's eye, 2026-08-23: on the three stands he counted,
   these read 2 / 2 / 3 where he read 2 / 4 / 3, and fusion called the 4-founder stand 100% ONE MASS
   when he counted all four. §Z is cards-only. Reports/open-bugs-handoff.md §Z has the table.
   He later said the cue IS sky gaps, read at canopy level -- so census the canopy band next, not the whole column.)

lineage turnover over 28800 frames: 770 born, 560 died (26.74 and 19.44 per 1,000 frames); 210 live in 322 slots
  germinations: 27 -- read against `seeds set in total` above
  leaf construction binds: 40511 of 59768 wanted leaf cells refused for want of carbon (67.8%)
  reproductive budget binds: 5882640 of 7585449 eligible cell-ticks had no budget for a seed (77.6%)
  organism slots: high-water 322 of 4095 (7.9%), 0 births refused at the ceiling
  standing seed bank: 191 seeds; 3 organisms senescent (dead, remains rotting)
  established plants carrying an inherited genome: 0 of 13 (deepest generation 0) -- at ~0 every claim from this run is about founders

28963 organism cells
  Some(DormantBud)      2139
  Some(GrowingTip)        35
  Some(Leaf)           10058
  Some(MatureBody)     16514
  Some(RootTip)           26
  Some(Seed)             191
  palette bands in use (material, band -> cells):
    leaf       band  2    4997
    leaf       band  3    5061
    rootwood   band  0    2185
    seed       band  0     191
    wood       band  0   13276
    wood       band  1    3253
  bounding box x 0..=511, y 70..=233
  thickest contiguous run, above ground: 84 cells
  thickest contiguous run, below ground: 24 cells (roots spread by design)

root system (13 established plants, soil is 34 rows deep):
  root cells        min   17  median  139  max  402  mean   167.1
  root share of plant  min   2%  median   7%  max 100%  mean  26.0%
  deepest row below surface  min   7  median  21  max  34  mean  20.6
  lateral spread (cells)     min   9  median  28  max  49  mean  27.8
  median root cell sits 8 rows down; quartiles 5 / 17
  root cells with 3+ root neighbours: 61% (a 1-cell-wide run reads ~0 whichever way it points)
  depth histogram, surface->bedrock (% of all root cells): [37, 28, 14, 10, 7]
  seeds standing: 191 above the surface, 0 buried (buried can never germinate)

water balance, per established plant:
  stock          min    12.9 median    93.5 max   630.2 mean   184.7
  stomatal term  min    0.25 median    1.00 max    1.00 mean    0.86   (1.0 = demand fully met)
  uptake/tick    min    0.00 median    7.07 max   20.37 mean    7.77
  demand/tick    min    0.00 median    7.99 max   34.72 mean    9.91

carbon book, per established plant (per organism tick):
  income         min   0.000 median   0.723 max   1.212 mean   0.611   (over a whole day, not at this instant)
  maintenance    min   0.003 median   0.802 max   1.868 mean   0.715
  bill / income  median    1.27 max     inf   (>1 = running the stock down)
  unpaid         median   0.043 max   0.444
  cells shed to starvation, cumulative: 8035
  bill at unit price  min      0.0 median  21914.6 max  63476.0   (x MAINTENANCE_PER_NODE = the shoot bill)
  anchor reach ratio  min   0.0022 median   0.0084 max  21.4118   (anchor moment / crown moment; ANCHOR_DEMAND is set from this)
  anchor status  min    0.05 median    0.24 max    1.00   (1.0 = crown fully anchored)
  slenderness    min     0.0 median    37.0 max   107.0   (shoot height / base width)
  root soil contact  min  40.5% median  72.7% max 100.0%   (the rest earns nothing and still respires)
  support (cantilever reach from anchors): p50 18  p90 33  p99 47  max 73; 189 unreached

vein conductance (max face per cell), 1..10:
  min 1.00  p50 8.44  p90 9.99  p99 10.00  max 10.00
  8598/28963 cells still at the basal floor (30%) -- undifferentiated tissue
  differentiation: 35% undifferentiated / 19% partial / 46% vascular
  strand strength, p99 vs the basal floor: 10.00x of a possible 10x

leaf light (noon-equivalent): min 0.00  p10 0.00  p50 0.16  p90 3.58  max 4.00
  below 0.5: 6105   below 1.0: 6807   below 1.5: 7478   of 10058 leaves

max resource 4.000 / 4.0
max canopy   1.500 / 4.0
one fresh canopy deposit is 1.500 (GROW_CANOPY_DEPOSIT), decaying by half per organism tick
