plant_probe: species=tree trees=24 frames=28800 worldseed=2 width=512 soil=34 growth=1
after 28800 frames: 882 active sites, 5 awake chunks
soil: 26683 cells, min 0 median 187 max 1000, mean 308; 12875 cells at or below wilting point (48%)
chunks were awake on 28122/28800 frames (97.6%) -- the CA sweep's duty cycle for this scene

population: 184 organisms -- 13 established (>= 20 cells), 171 seeds or seedlings; 532 seeds set in total
  generations  [gen 0: 17, gen 1: 167]
  rooted above ground: 0 organisms (0 of them more than 25 rows up)
  morphs among established plants: 5 distinct of 13 plants  [foliage, angle, internode, sympodial, tropism]
    [1, 1, 1, 0, 0, 1]  x8
    [0, 1, 1, 0, 0, 1]  x2
    [0, 1, 1, 0, 0, 2]  x1
    [1, 1, 1, 0, 0, 0]  x1
    [1, 1, 1, 0, 0, 2]  x1

ensemble of 13 trees, identical species and scene:
  cells     min   25  median 2657  max 4071  mean  2263.4
  leaves    min    0  median  925  max 1626  mean   818.8
  height    min   14  median  132  max  172  mean   116.3   (scene ceiling: 200 rows of sky)
  canopy top  row 62   (62 rows of clearance remain)
  thickness min    2  median   15  max   27  mean    13.7   (whole tree, incl. ground-level spread)
  stem thick min   0  median   13  max   18  mean    10.8   (above the base -- the real trunk)
  rows >1 cell wide, as % of each tree's occupied rows: min 12  median 54  max 65  mean 48
  per-tree sizes     [2190, 76, 3539, 2386, 1586, 3327, 25, 2657, 4071, 3011, 27, 3547, 2982]
  per-tree heights   [127, 33, 169, 152, 132, 124, 14, 172, 154, 139, 23, 141, 132]
  per-tree thickness [18, 3, 20, 15, 19, 16, 4, 11, 13, 15, 2, 27, 15]
  crown profile (top->bottom, % of each plant's widest band, median): [86, 97, 70, 65, 35]
  foliage centre (0 = collar, 100 = apex, median): 62
  foliage share  (% of cells that are leaf, median): 29

  per-tree genotype and outcome (variance [0.5, 0.5, 0.4, 0.18, 0.7, 0.4, 0.4, 0.5, 0.25, 0.7]):
    id  branch rootbr  plast turgor   pipe roottr  alloc  stoma penetr strain    cells leaves height   stem
     1   0.718  0.766  0.896  0.923  0.611  1.143  1.398  1.192  0.988  0.450     2190    652    127     18
     3   1.022  1.088  0.995  0.963  0.868  1.301  0.608  1.410  1.110  0.744       76      8     33      0
     4   1.105  1.047  1.249  0.830  1.655  1.139  0.677  0.969  0.951  0.834     3539   1489    169     14
     6   1.063  1.366  1.134  0.896  0.628  0.693  1.364  1.443  0.808  1.262     2386    703    152     10
     7   1.129  1.179  0.674  1.132  0.411  0.966  0.723  0.928  1.146  1.670     1586    458    132     17
     8   1.439  0.817  1.233  1.064  0.356  0.953  1.061  0.835  1.130  1.660     3327    996    124     16
    11   1.376  1.237  0.770  0.881  0.703  0.661  1.384  1.307  0.935  0.929       25      0     14      2
    12   0.754  0.717  0.603  0.828  1.681  0.922  1.300  0.864  1.101  0.577     2657   1277    172     11
    15   1.476  1.099  1.153  0.857  1.552  1.132  1.346  1.334  0.838  1.479     4071   1626    154     10
    18   1.370  1.308  1.306  0.899  1.263  1.390  1.392  0.804  0.792  0.501     3011    925    139     15
    21   0.665  1.270  1.326  0.968  0.329  1.367  0.776  0.998  0.979  1.467       27      0     23      0
    22   1.484  0.616  0.813  1.018  1.448  1.136  0.612  0.791  0.961  0.903     3547   1301    141     13
    23   1.380  1.132  0.637  1.018  0.484  1.134  1.353  1.235  0.893  1.680     2982   1209    132     15
  alleles: economy 3/10/0  angle 0/13/0  internode 0/13/0  sympody 13/0/0  tropism 13/0/0  density 1/10/2
  architecture events  [1: gen 0 seeds 49 forks 0 plag 0 rigid 392 lat 78 angle 86deg, 3: gen 0 seeds 20 forks 0 plag 0 rigid 169 lat 80 angle 91deg, 4: gen 0 seeds 42 forks 0 plag 0 rigid 346 lat 131 angle 90deg, 6: gen 0 seeds 32 forks 0 plag 0 rigid 313 lat 111 angle 83deg, 7: gen 0 seeds 16 forks 0 plag 0 rigid 146 lat 68 angle 79deg, 8: gen 0 seeds 73 forks 0 plag 0 rigid 533 lat 169 angle 75deg, 11: gen 0 seeds 13 forks 0 plag 0 rigid 204 lat 94 angle 86deg, 12: gen 0 seeds 25 forks 0 plag 0 rigid 344 lat 87 angle 76deg, 15: gen 0 seeds 77 forks 0 plag 0 rigid 500 lat 176 angle 82deg, 18: gen 0 seeds 70 forks 0 plag 0 rigid 539 lat 239 angle 80deg, 21: gen 0 seeds 0 forks 0 plag 0 rigid 27 lat 9 angle 83deg, 22: gen 0 seeds 60 forks 0 plag 0 rigid 582 lat 229 angle 78deg, 23: gen 0 seeds 37 forks 0 plag 0 rigid 403 lat 141 angle 76deg]

distinguishability (§Z / C4), 24 founders planted:
  canopy components at field resolution, >=  1 leaf/block:   3   largest holds  99% of canopy blocks
  canopy components at field resolution, >=  2 leaf/block:   3   largest holds  95% of canopy blocks
  canopy components at field resolution, >=  4 leaf/block:   4   largest holds  85% of canopy blocks
  canopy components at field resolution, >=  8 leaf/block:   6   largest holds  41% of canopy blocks
  interior sky gaps: 0 (a fully separate stand of 24 shows 23), widths []
  founder spacing is 20 cells; gaps at least 8 cells wide: 0
  --> canopy fusion 99%, 0 raw sky gaps (0 at least 8 cells) -- so this run reads 1 distinguishable crowns of 24 founders
  (CALIBRATION FAILED against the owner's eye, 2026-08-23: on the three stands he counted,
   these read 2 / 2 / 3 where he read 2 / 4 / 3, and fusion called the 4-founder stand 100% ONE MASS
   when he counted all four. §Z is cards-only. Reports/open-bugs-handoff.md §Z has the table.
   He later said the cue IS sky gaps, read at canopy level -- so census the canopy band next, not the whole column.)

lineage turnover over 28800 frames: 566 born, 382 died (19.65 and 13.26 per 1,000 frames); 184 live in 216 slots
  germinations: 24 -- read against `seeds set in total` above
  leaf construction binds: 47621 of 69487 wanted leaf cells refused for want of carbon (68.5%)
  reproductive budget binds: 1570011 of 7556882 eligible cell-ticks had no budget for a seed (20.8%)
  organism slots: high-water 216 of 4095 (5.3%), 0 births refused at the ceiling
  standing seed bank: 167 seeds; 4 organisms senescent (dead, remains rotting)
  established plants carrying an inherited genome: 0 of 13 (deepest generation 0) -- at ~0 every claim from this run is about founders

29620 organism cells
  Some(DormantBud)      2687
  Some(GrowingTip)        36
  Some(Leaf)           10644
  Some(MatureBody)     16067
  Some(RootTip)           19
  Some(Seed)             167
  palette bands in use (material, band -> cells):
    leaf       band  2    1497
    leaf       band  3    9147
    rootwood   band  0    2110
    seed       band  0     167
    wood       band  0   15852
    wood       band  1     847
  bounding box x 0..=511, y 62..=233
  thickest contiguous run, above ground: 85 cells
  thickest contiguous run, below ground: 32 cells (roots spread by design)

root system (13 established plants, soil is 34 rows deep):
  root cells        min   24  median  135  max  427  mean   160.4
  root share of plant  min   2%  median   5%  max 100%  mean  27.0%
  deepest row below surface  min   8  median  27  max  34  mean  25.8
  lateral spread (cells)     min   9  median  30  max  53  mean  28.8
  median root cell sits 13 rows down; quartiles 7 / 24
  root cells with 3+ root neighbours: 56% (a 1-cell-wide run reads ~0 whichever way it points)
  depth histogram, surface->bedrock (% of all root cells): [23, 28, 15, 15, 17]
  seeds standing: 167 above the surface, 0 buried (buried can never germinate)

water balance, per established plant:
  stock          min    50.4 median   108.0 max   711.8 mean   231.5
  stomatal term  min    0.37 median    1.00 max    1.00 mean    0.94   (1.0 = demand fully met)
  uptake/tick    min    0.00 median    6.05 max   18.74 mean    7.71
  demand/tick    min    0.00 median    8.10 max   31.15 mean    8.10

carbon book, per established plant (per organism tick):
  income         min   0.000 median   0.744 max   1.295 mean   0.676   (over a whole day, not at this instant)
  maintenance    min   0.004 median   0.766 max   1.547 mean   0.731
  bill / income  median    1.12 max     inf   (>1 = running the stock down)
  unpaid         median   0.009 max   0.360
  cells shed to starvation, cumulative: 5215
  bill at unit price  min      0.0 median  15998.0 max  50833.2   (x MAINTENANCE_PER_NODE = the shoot bill)
  anchor reach ratio  min   0.0010 median   0.0098 max  19.0548   (anchor moment / crown moment; ANCHOR_DEMAND is set from this)
  anchor status  min    0.02 median    0.29 max    1.00   (1.0 = crown fully anchored)
  slenderness    min     0.0 median     9.6 max    68.5   (shoot height / base width)
  root soil contact  min  58.1% median  73.9% max 100.0%   (the rest earns nothing and still respires)
  support (cantilever reach from anchors): p50 20  p90 37  p99 52  max 73; 167 unreached

vein conductance (max face per cell), 1..10:
  min 1.00  p50 6.19  p90 9.99  p99 10.00  max 10.00
  9356/29620 cells still at the basal floor (32%) -- undifferentiated tissue
  differentiation: 39% undifferentiated / 20% partial / 41% vascular
  strand strength, p99 vs the basal floor: 10.00x of a possible 10x

leaf light (noon-equivalent): min 0.00  p10 0.00  p50 0.15  p90 3.64  max 4.00
  below 0.5: 6535   below 1.0: 7464   below 1.5: 7855   of 10644 leaves

max resource 4.000 / 4.0
max canopy   1.500 / 4.0
one fresh canopy deposit is 1.500 (GROW_CANOPY_DEPOSIT), decaying by half per organism tick
