plant_probe: species=tree trees=24 frames=28800 worldseed=1 width=512 soil=34 growth=1
after 28800 frames: 708 active sites, 8 awake chunks
soil: 26013 cells, min 0 median 180 max 1000, mean 285; 13125 cells at or below wilting point (50%)
chunks were awake on 28522/28800 frames (99.0%) -- the CA sweep's duty cycle for this scene

population: 197 organisms -- 14 established (>= 20 cells), 183 seeds or seedlings; 515 seeds set in total
  generations  [gen 0: 18, gen 1: 179]
  rooted above ground: 0 organisms (0 of them more than 25 rows up)
  morphs among established plants: 6 distinct of 14 plants  [foliage, angle, internode, sympodial, tropism]
    [0, 1, 1, 0, 0, 0]  x6
    [0, 1, 1, 0, 0, 1]  x2
    [1, 1, 1, 0, 0, 1]  x2
    [1, 1, 1, 0, 0, 2]  x2
    [0, 1, 1, 0, 0, 2]  x1
    [1, 1, 1, 0, 0, 0]  x1

ensemble of 14 trees, identical species and scene:
  cells     min   21  median 3198  max 3862  mean  2107.9
  leaves    min    0  median  999  max 1574  mean   766.3
  height    min   11  median  135  max  150  mean   111.4   (scene ceiling: 200 rows of sky)
  canopy top  row 70   (70 rows of clearance remain)
  thickness min    2  median   14  max   24  mean    12.0   (whole tree, incl. ground-level spread)
  stem thick min   0  median   13  max   20  mean    10.4   (above the base -- the real trunk)
  rows >1 cell wide, as % of each tree's occupied rows: min 4  median 55  max 62  mean 44
  per-tree sizes     [3213, 197, 21, 1351, 3322, 2302, 3198, 3333, 22, 3862, 28, 3524, 3218, 1920]
  per-tree heights   [148, 124, 11, 135, 129, 133, 146, 143, 14, 144, 18, 150, 137, 128]
  per-tree thickness [9, 8, 2, 12, 20, 15, 16, 24, 2, 13, 2, 14, 15, 16]
  crown profile (top->bottom, % of each plant's widest band, median): [93, 100, 75, 63, 38]
  foliage centre (0 = collar, 100 = apex, median): 59
  foliage share  (% of cells that are leaf, median): 34

  per-tree genotype and outcome (variance [0.5, 0.5, 0.4, 0.18, 0.7, 0.4, 0.4, 0.5, 0.25, 0.7]):
    id  branch rootbr  plast turgor   pipe roottr  alloc  stoma penetr strain    cells leaves height   stem
     1   0.901  1.198  0.627  0.830  0.610  1.184  0.822  1.457  0.778  1.322     3213   1476    148      8
     2   0.622  0.674  1.117  0.840  1.232  0.939  0.970  0.932  0.881  1.547      197     55    124      2
     3   0.579  1.497  0.711  1.148  0.530  1.173  1.045  1.306  1.204  0.842       21      3     11      2
     4   0.898  0.543  0.763  1.142  1.367  1.325  0.641  1.098  0.825  0.733     1351    482    135     12
     6   1.448  1.408  1.037  1.091  0.364  0.996  1.354  1.030  0.916  1.548     3322    999    129     20
     7   1.260  1.190  1.253  0.997  1.361  1.309  1.176  1.058  1.172  0.530     2302    682    133     15
     9   1.266  1.461  1.058  0.958  1.158  1.395  1.316  0.525  1.147  1.435     3198   1149    146     16
    12   0.671  1.493  0.665  1.097  0.919  1.197  0.819  0.516  0.887  1.472     3333   1272    143     13
    13   1.235  0.665  0.943  1.096  0.891  1.089  0.990  1.101  0.895  1.500       22      0     14      0
    15   1.482  0.901  0.780  0.910  1.484  0.673  1.051  0.711  1.209  0.415     3862   1574    144     13
    18   1.304  0.814  0.960  1.004  0.426  1.228  1.164  1.276  1.139  0.361       28      0     18      0
    19   1.266  1.283  1.132  0.960  0.509  0.996  0.790  0.780  0.993  1.573     3524   1227    150     14
    22   1.297  1.299  0.825  0.872  1.528  0.759  0.692  1.317  0.825  0.370     3218   1218    137     15
    24   1.460  0.655  1.306  0.952  1.530  0.795  1.174  1.482  0.957  0.652     1920    591    128     16
  alleles: economy 9/5/0  angle 0/14/0  internode 0/14/0  sympody 14/0/0  tropism 14/0/0  density 7/4/3
  architecture events  [1: gen 0 seeds 30 forks 0 plag 0 rigid 339 lat 130 angle 81deg, 2: gen 0 seeds 0 forks 0 plag 0 rigid 0 lat 0 angle 0deg, 3: gen 0 seeds 11 forks 0 plag 0 rigid 104 lat 43 angle 83deg, 4: gen 0 seeds 22 forks 0 plag 0 rigid 283 lat 84 angle 87deg, 6: gen 0 seeds 33 forks 0 plag 0 rigid 275 lat 119 angle 80deg, 7: gen 0 seeds 39 forks 0 plag 0 rigid 446 lat 138 angle 87deg, 9: gen 0 seeds 66 forks 0 plag 0 rigid 596 lat 166 angle 86deg, 12: gen 0 seeds 46 forks 0 plag 0 rigid 371 lat 83 angle 74deg, 13: gen 0 seeds 0 forks 0 plag 0 rigid 45 lat 20 angle 86deg, 15: gen 0 seeds 64 forks 0 plag 0 rigid 465 lat 210 angle 86deg, 18: gen 0 seeds 16 forks 0 plag 0 rigid 214 lat 103 angle 85deg, 19: gen 0 seeds 54 forks 0 plag 0 rigid 541 lat 188 angle 81deg, 22: gen 0 seeds 62 forks 0 plag 0 rigid 420 lat 151 angle 83deg, 24: gen 0 seeds 61 forks 0 plag 0 rigid 432 lat 120 angle 94deg]

distinguishability (§Z / C4), 24 founders planted:
  canopy components at field resolution, >=  1 leaf/block:   3   largest holds  99% of canopy blocks
  canopy components at field resolution, >=  2 leaf/block:   3   largest holds  93% of canopy blocks
  canopy components at field resolution, >=  4 leaf/block:   2   largest holds  84% of canopy blocks
  canopy components at field resolution, >=  8 leaf/block:   7   largest holds  70% of canopy blocks
  interior sky gaps: 0 (a fully separate stand of 24 shows 23), widths []
  founder spacing is 20 cells; gaps at least 8 cells wide: 0
  --> canopy fusion 99%, 0 raw sky gaps (0 at least 8 cells) -- so this run reads 1 distinguishable crowns of 24 founders
  (CALIBRATION FAILED against the owner's eye, 2026-08-23: on the three stands he counted,
   these read 2 / 2 / 3 where he read 2 / 4 / 3, and fusion called the 4-founder stand 100% ONE MASS
   when he counted all four. §Z is cards-only. Reports/open-bugs-handoff.md §Z has the table.
   He later said the cue IS sky gaps, read at canopy level -- so census the canopy band next, not the whole column.)

lineage turnover over 28800 frames: 550 born, 352 died (19.10 and 12.22 per 1,000 frames); 198 live in 212 slots
  germinations: 25 -- read against `seeds set in total` above
  leaf construction binds: 41505 of 63040 wanted leaf cells refused for want of carbon (65.8%)
  reproductive budget binds: 1426753 of 7745436 eligible cell-ticks had no budget for a seed (18.4%)
  organism slots: high-water 212 of 4095 (5.2%), 0 births refused at the ceiling
  standing seed bank: 179 seeds; 3 organisms senescent (dead, remains rotting)
  established plants carrying an inherited genome: 0 of 14 (deepest generation 0) -- at ~0 every claim from this run is about founders

29739 organism cells
  Some(DormantBud)      1991
  Some(GrowingTip)        33
  Some(Leaf)           10728
  Some(MatureBody)     16776
  Some(RootTip)           32
  Some(Seed)             179
  palette bands in use (material, band -> cells):
    leaf       band  2    7644
    leaf       band  3    3084
    rootwood   band  0    2704
    seed       band  0     179
    wood       band  0   12207
    wood       band  1    3921
  bounding box x 0..=511, y 70..=233
  thickest contiguous run, above ground: 60 cells
  thickest contiguous run, below ground: 24 cells (roots spread by design)

root system (14 established plants, soil is 34 rows deep):
  root cells        min    5  median  210  max  640  mean   189.6
  root share of plant  min   3%  median  10%  max 100%  mean  22.4%
  deepest row below surface  min   2  median  23  max  34  mean  20.6
  lateral spread (cells)     min   8  median  33  max  71  mean  33.6
  median root cell sits 12 rows down; quartiles 6 / 24
  root cells with 3+ root neighbours: 62% (a 1-cell-wide run reads ~0 whichever way it points)
  depth histogram, surface->bedrock (% of all root cells): [24, 29, 14, 14, 16]
  seeds standing: 179 above the surface, 0 buried (buried can never germinate)

water balance, per established plant:
  stock          min    11.3 median    94.0 max  1135.9 mean   223.5
  stomatal term  min    0.18 median    1.00 max    1.00 mean    0.83   (1.0 = demand fully met)
  uptake/tick    min   -4.00 median   10.50 max   43.12 mean    9.94
  demand/tick    min    0.00 median   12.51 max   33.34 mean   11.46

carbon book, per established plant (per organism tick):
  income         min   0.000 median   0.662 max   1.354 mean   0.527   (over a whole day, not at this instant)
  maintenance    min   0.003 median   0.835 max   1.485 mean   0.683
  bill / income  median    1.61 max     inf   (>1 = running the stock down)
  unpaid         median   0.027 max   0.649
  cells shed to starvation, cumulative: 5938
  bill at unit price  min      0.0 median  17855.4 max  45335.8   (x MAINTENANCE_PER_NODE = the shoot bill)
  anchor reach ratio  min   0.0022 median   0.0110 max   0.2640   (anchor moment / crown moment; ANCHOR_DEMAND is set from this)
  anchor status  min    0.05 median    0.40 max    1.00   (1.0 = crown fully anchored)
  slenderness    min     0.0 median    28.8 max   117.0   (shoot height / base width)
  root soil contact  min  44.8% median  74.6% max 100.0%   (the rest earns nothing and still respires)
  support (cantilever reach from anchors): p50 20  p90 35  p99 54  max 70; 178 unreached

vein conductance (max face per cell), 1..10:
  min 1.00  p50 7.31  p90 9.99  p99 10.00  max 10.00
  8305/29739 cells still at the basal floor (28%) -- undifferentiated tissue
  differentiation: 36% undifferentiated / 23% partial / 41% vascular
  strand strength, p99 vs the basal floor: 10.00x of a possible 10x

leaf light (noon-equivalent): min 0.00  p10 0.00  p50 0.17  p90 3.65  max 4.00
  below 0.5: 6552   below 1.0: 7308   below 1.5: 8055   of 10728 leaves

max resource 4.000 / 4.0
max canopy   1.500 / 4.0
one fresh canopy deposit is 1.500 (GROW_CANOPY_DEPOSIT), decaying by half per organism tick
