plant_probe: species=tree trees=24 frames=28800 worldseed=4 width=512 soil=34 growth=1
after 28800 frames: 1131 active sites, 5 awake chunks
soil: 29398 cells, min 0 median 96 max 1000, mean 286; 15301 cells at or below wilting point (52%)
chunks were awake on 28576/28800 frames (99.2%) -- the CA sweep's duty cycle for this scene

population: 164 organisms -- 11 established (>= 20 cells), 153 seeds or seedlings; 491 seeds set in total
  generations  [gen 0: 16, gen 1: 148]
  rooted above ground: 0 organisms (0 of them more than 25 rows up)
  morphs among established plants: 6 distinct of 11 plants  [foliage, angle, internode, sympodial, tropism]
    [0, 1, 1, 0, 0, 2]  x3
    [0, 1, 1, 0, 0, 0]  x2
    [1, 1, 1, 0, 0, 1]  x2
    [1, 1, 1, 0, 0, 2]  x2
    [0, 1, 1, 0, 0, 1]  x1
    [1, 1, 1, 0, 0, 0]  x1

ensemble of 11 trees, identical species and scene:
  cells     min 1142  median 2659  max 4189  mean  2604.1
  leaves    min  368  median  966  max 1356  mean   924.6
  height    min  102  median  140  max  155  mean   134.5   (scene ceiling: 200 rows of sky)
  canopy top  row 65   (65 rows of clearance remain)
  thickness min   10  median   13  max   20  mean    13.5   (whole tree, incl. ground-level spread)
  stem thick min  10  median   11  max   16  mean    11.8   (above the base -- the real trunk)
  rows >1 cell wide, as % of each tree's occupied rows: min 46  median 57  max 65  mean 56
  per-tree sizes     [1331, 3434, 1669, 2919, 2594, 1142, 2659, 4189, 3608, 3522, 1578]
  per-tree heights   [102, 150, 133, 148, 143, 111, 126, 151, 140, 155, 121]
  per-tree thickness [11, 15, 11, 10, 13, 10, 14, 14, 17, 13, 20]
  crown profile (top->bottom, % of each plant's widest band, median): [91, 100, 71, 70, 43]
  foliage centre (0 = collar, 100 = apex, median): 63
  foliage share  (% of cells that are leaf, median): 34

  per-tree genotype and outcome (variance [0.5, 0.5, 0.4, 0.18, 0.7, 0.4, 0.4, 0.5, 0.25, 0.7]):
    id  branch rootbr  plast turgor   pipe roottr  alloc  stoma penetr strain    cells leaves height   stem
     1   0.708  1.438  1.311  1.081  1.297  1.118  0.927  0.530  1.039  1.218     1331    416    102     11
     3   1.442  1.381  1.231  0.846  0.563  1.207  0.969  0.603  1.222  1.272     3434   1190    150     15
     4   1.451  1.229  0.851  1.039  1.653  1.343  0.979  0.867  1.038  1.694     1669    549    133     10
     6   1.015  0.664  0.733  0.884  1.514  1.153  0.720  0.637  0.985  1.035     2919   1349    148     10
     7   1.128  0.665  1.026  0.941  1.652  0.730  1.329  0.872  1.185  0.716     2594    966    143     11
     9   0.709  0.580  0.832  1.031  0.547  1.238  0.987  0.595  1.040  0.879     1142    368    111     10
    11   0.690  0.514  1.035  1.013  1.361  0.954  0.993  0.565  0.856  0.657     2659    953    126     11
    15   1.393  1.310  0.913  0.859  0.595  0.706  1.134  0.504  1.056  1.538     4189   1356    151     13
    17   1.252  1.385  1.084  0.858  0.771  1.218  1.046  1.002  0.834  0.925     3608   1263    140     16
    21   1.067  0.606  1.198  0.838  0.733  1.054  0.754  1.105  0.948  0.602     3522   1241    155     13
    24   0.730  1.337  1.012  1.050  0.573  0.897  1.392  0.582  0.981  1.035     1578    520    121     10
  alleles: economy 6/5/0  angle 0/11/0  internode 0/11/0  sympody 11/0/0  tropism 11/0/0  density 3/3/5
  architecture events  [1: gen 0 seeds 16 forks 0 plag 0 rigid 175 lat 63 angle 76deg, 3: gen 0 seeds 49 forks 0 plag 0 rigid 322 lat 132 angle 86deg, 4: gen 0 seeds 36 forks 0 plag 0 rigid 309 lat 110 angle 81deg, 6: gen 0 seeds 23 forks 0 plag 0 rigid 346 lat 130 angle 77deg, 7: gen 0 seeds 58 forks 0 plag 0 rigid 401 lat 114 angle 84deg, 9: gen 0 seeds 27 forks 0 plag 0 rigid 141 lat 43 angle 86deg, 11: gen 0 seeds 60 forks 0 plag 0 rigid 470 lat 89 angle 78deg, 15: gen 0 seeds 59 forks 0 plag 0 rigid 478 lat 183 angle 82deg, 17: gen 0 seeds 47 forks 0 plag 0 rigid 387 lat 164 angle 83deg, 21: gen 0 seeds 64 forks 0 plag 0 rigid 450 lat 152 angle 90deg, 24: gen 0 seeds 28 forks 0 plag 0 rigid 257 lat 65 angle 87deg]

distinguishability (§Z / C4), 24 founders planted:
  canopy components at field resolution, >=  1 leaf/block:   2   largest holds  99% of canopy blocks
  canopy components at field resolution, >=  2 leaf/block:   4   largest holds  94% of canopy blocks
  canopy components at field resolution, >=  4 leaf/block:   3   largest holds  85% of canopy blocks
  canopy components at field resolution, >=  8 leaf/block:   3   largest holds  69% of canopy blocks
  interior sky gaps: 0 (a fully separate stand of 24 shows 23), widths []
  founder spacing is 20 cells; gaps at least 8 cells wide: 0
  --> canopy fusion 99%, 0 raw sky gaps (0 at least 8 cells) -- so this run reads 1 distinguishable crowns of 24 founders
  (CALIBRATION FAILED against the owner's eye, 2026-08-23: on the three stands he counted,
   these read 2 / 2 / 3 where he read 2 / 4 / 3, and fusion called the 4-founder stand 100% ONE MASS
   when he counted all four. §Z is cards-only. Reports/open-bugs-handoff.md §Z has the table.
   He later said the cue IS sky gaps, read at canopy level -- so census the canopy band next, not the whole column.)

lineage turnover over 28800 frames: 517 born, 353 died (17.95 and 12.26 per 1,000 frames); 164 live in 198 slots
  germinations: 25 -- read against `seeds set in total` above
  leaf construction binds: 40128 of 58695 wanted leaf cells refused for want of carbon (68.4%)
  reproductive budget binds: 1926367 of 6833573 eligible cell-ticks had no budget for a seed (28.2%)
  organism slots: high-water 198 of 4095 (4.8%), 0 births refused at the ceiling
  standing seed bank: 148 seeds; 0 organisms senescent (dead, remains rotting)
  established plants carrying an inherited genome: 0 of 11 (deepest generation 0) -- at ~0 every claim from this run is about founders

28842 organism cells
  Some(DormantBud)      2748
  Some(GrowingTip)        32
  Some(Leaf)           10174
  Some(MatureBody)     15714
  Some(RootTip)           26
  Some(Seed)             148
  palette bands in use (material, band -> cells):
    leaf       band  2    4723
    leaf       band  3    5451
    rootwood   band  0    1685
    seed       band  0     148
    wood       band  0    9138
    wood       band  1    7697
  bounding box x 0..=497, y 65..=233
  thickest contiguous run, above ground: 53 cells
  thickest contiguous run, below ground: 20 cells (roots spread by design)

root system (11 established plants, soil is 34 rows deep):
  root cells        min   60  median  140  max  241  mean   149.2
  root share of plant  min   2%  median   5%  max  12%  mean   6.1%
  deepest row below surface  min  11  median  20  max  34  mean  20.4
  lateral spread (cells)     min  12  median  26  max  56  mean  29.7
  median root cell sits 7 rows down; quartiles 4 / 13
  root cells with 3+ root neighbours: 57% (a 1-cell-wide run reads ~0 whichever way it points)
  depth histogram, surface->bedrock (% of all root cells): [43, 34, 15, 5, 1]
  seeds standing: 148 above the surface, 0 buried (buried can never germinate)

water balance, per established plant:
  stock          min     1.1 median    28.7 max   320.0 mean    71.1
  stomatal term  min    0.13 median    0.89 max    1.00 mean    0.79   (1.0 = demand fully met)
  uptake/tick    min    0.60 median    9.67 max   17.59 mean    9.04
  demand/tick    min    3.40 median   11.27 max   24.83 mean   12.08

carbon book, per established plant (per organism tick):
  income         min   0.031 median   0.567 max   1.390 mean   0.742   (over a whole day, not at this instant)
  maintenance    min   0.281 median   0.717 max   1.576 mean   0.857
  bill / income  median    1.08 max    9.02   (>1 = running the stock down)
  unpaid         median   0.054 max   0.229
  cells shed to starvation, cumulative: 10563
  bill at unit price  min   4115.5 median  16426.8 max  47473.5   (x MAINTENANCE_PER_NODE = the shoot bill)
  anchor reach ratio  min   0.0021 median   0.0050 max   0.0178   (anchor moment / crown moment; ANCHOR_DEMAND is set from this)
  anchor status  min    0.05 median    0.13 max    0.44   (1.0 = crown fully anchored)
  slenderness    min     6.8 median    27.0 max   104.0   (shoot height / base width)
  root soil contact  min  47.9% median  72.9% max  86.5%   (the rest earns nothing and still respires)
  support (cantilever reach from anchors): p50 22  p90 40  p99 54  max 67; 147 unreached

vein conductance (max face per cell), 1..10:
  min 1.00  p50 7.56  p90 9.99  p99 10.00  max 10.00
  9166/28842 cells still at the basal floor (32%) -- undifferentiated tissue
  differentiation: 39% undifferentiated / 18% partial / 43% vascular
  strand strength, p99 vs the basal floor: 10.00x of a possible 10x

leaf light (noon-equivalent): min 0.00  p10 0.00  p50 0.17  p90 3.60  max 4.00
  below 0.5: 6203   below 1.0: 7097   below 1.5: 7537   of 10174 leaves

max resource 4.000 / 4.0
max canopy   1.500 / 4.0
one fresh canopy deposit is 1.500 (GROW_CANOPY_DEPOSIT), decaying by half per organism tick
