plant_probe: species=tree trees=24 frames=28800 worldseed=3 width=512 soil=34 growth=1
after 28800 frames: 992 active sites, 5 awake chunks
soil: 27808 cells, min 0 median 180 max 1000, mean 298; 14070 cells at or below wilting point (51%)
chunks were awake on 28148/28800 frames (97.7%) -- the CA sweep's duty cycle for this scene

population: 217 organisms -- 13 established (>= 20 cells), 204 seeds or seedlings; 560 seeds set in total
  generations  [gen 0: 21, gen 1: 196]
  rooted above ground: 0 organisms (0 of them more than 25 rows up)
  morphs among established plants: 6 distinct of 13 plants  [foliage, angle, internode, sympodial, tropism]
    [0, 1, 1, 0, 0, 1]  x3
    [1, 1, 1, 0, 0, 0]  x3
    [0, 1, 1, 0, 0, 2]  x2
    [1, 1, 1, 0, 0, 1]  x2
    [1, 1, 1, 0, 0, 2]  x2
    [0, 1, 1, 0, 0, 0]  x1

ensemble of 13 trees, identical species and scene:
  cells     min   23  median 2799  max 3648  mean  2205.5
  leaves    min    0  median  820  max 1950  mean   767.9
  height    min   16  median  129  max  155  mean   114.2   (scene ceiling: 200 rows of sky)
  canopy top  row 69   (69 rows of clearance remain)
  thickness min    2  median   16  max   28  mean    15.1   (whole tree, incl. ground-level spread)
  stem thick min   0  median   12  max   19  mean    10.8   (above the base -- the real trunk)
  rows >1 cell wide, as % of each tree's occupied rows: min 2  median 53  max 62  mean 43
  per-tree sizes     [133, 2801, 2345, 2799, 1959, 3208, 3648, 2047, 23, 3481, 26, 3161, 3040]
  per-tree heights   [93, 110, 142, 119, 136, 147, 155, 140, 16, 150, 18, 129, 129]
  per-tree thickness [2, 13, 16, 20, 16, 24, 15, 19, 2, 19, 4, 18, 28]
  crown profile (top->bottom, % of each plant's widest band, median): [100, 92, 78, 56, 37]
  foliage centre (0 = collar, 100 = apex, median): 63
  foliage share  (% of cells that are leaf, median): 29

  per-tree genotype and outcome (variance [0.5, 0.5, 0.4, 0.18, 0.7, 0.4, 0.4, 0.5, 0.25, 0.7]):
    id  branch rootbr  plast turgor   pipe roottr  alloc  stoma penetr strain    cells leaves height   stem
     1   0.887  1.057  0.735  1.113  1.152  1.343  1.056  0.610  1.071  1.253      133     38     93      2
     2   1.007  0.790  1.289  1.163  0.894  0.705  1.236  1.462  0.832  1.573     2801    820    110     13
     4   1.062  1.242  0.941  1.037  1.386  0.732  0.949  1.382  0.827  0.451     2345    755    142     12
     6   0.887  0.699  0.886  1.093  0.509  1.229  0.711  0.823  0.848  1.202     2799   1016    119     11
     7   0.920  0.535  1.332  0.940  0.355  0.983  1.304  1.099  0.812  1.104     1959    533    136     11
     9   1.443  1.345  1.132  0.974  1.589  1.182  1.141  1.056  1.149  0.872     3208   1320    147     12
    14   0.772  1.357  0.725  0.870  1.472  0.921  1.354  0.962  0.833  0.733     3648   1950    155     15
    16   0.930  0.979  0.877  1.104  0.798  0.686  0.877  1.311  0.950  0.989     2047    707    140     13
    18   0.761  0.738  0.990  0.964  0.353  1.220  0.730  0.931  0.845  0.701       23      0     16      0
    19   0.900  0.509  1.315  0.839  0.350  0.661  1.225  1.322  0.914  1.151     3481    924    150     19
    20   0.802  1.482  0.668  1.177  0.785  1.067  1.226  0.993  1.124  1.160       26      0     18      0
    21   1.116  0.556  0.871  1.115  1.334  1.235  0.748  1.069  0.756  0.433     3161   1030    129     18
    24   1.132  1.340  0.902  0.946  0.856  1.398  1.315  0.747  1.109  0.612     3040    890    129     14
  alleles: economy 6/7/0  angle 0/13/0  internode 0/13/0  sympody 13/0/0  tropism 13/0/0  density 4/5/4
  architecture events  [1: gen 0 seeds 0 forks 0 plag 0 rigid 0 lat 0 angle 0deg, 2: gen 0 seeds 70 forks 0 plag 0 rigid 604 lat 149 angle 85deg, 4: gen 0 seeds 56 forks 0 plag 0 rigid 446 lat 91 angle 82deg, 6: gen 0 seeds 36 forks 0 plag 0 rigid 318 lat 95 angle 90deg, 7: gen 0 seeds 50 forks 0 plag 0 rigid 374 lat 112 angle 86deg, 9: gen 0 seeds 62 forks 0 plag 0 rigid 389 lat 163 angle 80deg, 14: gen 0 seeds 21 forks 0 plag 0 rigid 238 lat 80 angle 79deg, 16: gen 0 seeds 41 forks 0 plag 0 rigid 420 lat 125 angle 89deg, 18: gen 0 seeds 0 forks 0 plag 0 rigid 0 lat 0 angle 0deg, 19: gen 0 seeds 61 forks 0 plag 0 rigid 569 lat 161 angle 82deg, 20: gen 0 seeds 5 forks 0 plag 0 rigid 132 lat 61 angle 61deg, 21: gen 0 seeds 57 forks 0 plag 0 rigid 655 lat 158 angle 83deg, 24: gen 0 seeds 70 forks 0 plag 0 rigid 453 lat 116 angle 89deg]

distinguishability (§Z / C4), 24 founders planted:
  canopy components at field resolution, >=  1 leaf/block:   2   largest holds  99% of canopy blocks
  canopy components at field resolution, >=  2 leaf/block:   3   largest holds  93% of canopy blocks
  canopy components at field resolution, >=  4 leaf/block:   3   largest holds  84% of canopy blocks
  canopy components at field resolution, >=  8 leaf/block:   5   largest holds  69% of canopy blocks
  interior sky gaps: 0 (a fully separate stand of 24 shows 23), widths []
  founder spacing is 20 cells; gaps at least 8 cells wide: 0
  --> canopy fusion 99%, 0 raw sky gaps (0 at least 8 cells) -- so this run reads 1 distinguishable crowns of 24 founders
  (CALIBRATION FAILED against the owner's eye, 2026-08-23: on the three stands he counted,
   these read 2 / 2 / 3 where he read 2 / 4 / 3, and fusion called the 4-founder stand 100% ONE MASS
   when he counted all four. §Z is cards-only. Reports/open-bugs-handoff.md §Z has the table.
   He later said the cue IS sky gaps, read at canopy level -- so census the canopy band next, not the whole column.)

lineage turnover over 28800 frames: 590 born, 373 died (20.49 and 12.95 per 1,000 frames); 217 live in 245 slots
  germinations: 25 -- read against `seeds set in total` above
  leaf construction binds: 40451 of 59504 wanted leaf cells refused for want of carbon (68.0%)
  reproductive budget binds: 1461437 of 7676411 eligible cell-ticks had no budget for a seed (19.0%)
  organism slots: high-water 245 of 4095 (6.0%), 0 births refused at the ceiling
  standing seed bank: 196 seeds; 2 organisms senescent (dead, remains rotting)
  established plants carrying an inherited genome: 0 of 13 (deepest generation 0) -- at ~0 every claim from this run is about founders

28925 organism cells
  Some(DormantBud)      2050
  Some(GrowingTip)        26
  Some(Leaf)            9983
  Some(MatureBody)     16655
  Some(RootTip)           15
  Some(Seed)             196
  palette bands in use (material, band -> cells):
    leaf       band  2    4993
    leaf       band  3    4990
    rootwood   band  0    1985
    seed       band  0     196
    wood       band  0   13210
    wood       band  1    3551
  bounding box x 0..=511, y 69..=233
  thickest contiguous run, above ground: 59 cells
  thickest contiguous run, below ground: 28 cells (roots spread by design)

root system (13 established plants, soil is 34 rows deep):
  root cells        min    4  median  158  max  302  mean   148.7
  root share of plant  min   3%  median   6%  max 100%  mean  20.5%
  deepest row below surface  min   3  median  19  max  34  mean  22.7
  lateral spread (cells)     min   3  median  30  max  77  mean  27.8
  median root cell sits 8 rows down; quartiles 4 / 16
  root cells with 3+ root neighbours: 59% (a 1-cell-wide run reads ~0 whichever way it points)
  depth histogram, surface->bedrock (% of all root cells): [39, 30, 12, 7, 9]
  seeds standing: 196 above the surface, 0 buried (buried can never germinate)

water balance, per established plant:
  stock          min     3.2 median    92.0 max   668.2 mean   128.0
  stomatal term  min    0.15 median    1.00 max    1.00 mean    0.85   (1.0 = demand fully met)
  uptake/tick    min    0.00 median    4.85 max   27.12 mean    6.72
  demand/tick    min    0.00 median    8.33 max   33.03 mean    9.59

carbon book, per established plant (per organism tick):
  income         min   0.000 median   0.639 max   0.993 mean   0.562   (over a whole day, not at this instant)
  maintenance    min   0.003 median   0.742 max   1.795 mean   0.684
  bill / income  median    0.95 max     inf   (>1 = running the stock down)
  unpaid         median   0.021 max   0.525
  cells shed to starvation, cumulative: 7483
  bill at unit price  min      0.0 median  16125.9 max  62435.1   (x MAINTENANCE_PER_NODE = the shoot bill)
  anchor reach ratio  min   0.0004 median   0.0064 max   0.0218   (anchor moment / crown moment; ANCHOR_DEMAND is set from this)
  anchor status  min    0.01 median    0.17 max    1.00   (1.0 = crown fully anchored)
  slenderness    min     0.0 median    39.0 max   107.0   (shoot height / base width)
  root soil contact  min  44.0% median  74.1% max 100.0%   (the rest earns nothing and still respires)
  support (cantilever reach from anchors): p50 19  p90 33  p99 49  max 89; 196 unreached

vein conductance (max face per cell), 1..10:
  min 1.00  p50 8.16  p90 9.99  p99 10.00  max 10.00
  6390/28925 cells still at the basal floor (22%) -- undifferentiated tissue
  differentiation: 32% undifferentiated / 24% partial / 45% vascular
  strand strength, p99 vs the basal floor: 10.00x of a possible 10x

leaf light (noon-equivalent): min 0.00  p10 0.00  p50 0.18  p90 3.56  max 4.00
  below 0.5: 6083   below 1.0: 6965   below 1.5: 7328   of 9983 leaves

max resource 4.000 / 4.0
max canopy   0.750 / 4.0
one fresh canopy deposit is 1.500 (GROW_CANOPY_DEPOSIT), decaying by half per organism tick
