plant_probe: species=tree trees=24 frames=28800 worldseed=2 width=512 soil=34 growth=1
after 28800 frames: 756 active sites, 6 awake chunks
soil: 25258 cells, min 0 median 190 max 1000, mean 318; 11578 cells at or below wilting point (46%)
chunks were awake on 28156/28800 frames (97.8%) -- the CA sweep's duty cycle for this scene

population: 74 organisms -- 15 established (>= 20 cells), 59 seeds or seedlings; 154 seeds set in total
  generations  [gen 0: 16, gen 1: 58]
  rooted above ground: 0 organisms (0 of them more than 25 rows up)
  morphs among established plants: 5 distinct of 15 plants  [foliage, angle, internode, sympodial, tropism]
    [1, 1, 1, 0, 0, 1]  x8
    [0, 1, 1, 0, 0, 1]  x3
    [1, 1, 1, 0, 0, 2]  x2
    [0, 1, 1, 0, 0, 2]  x1
    [1, 1, 1, 0, 0, 0]  x1

ensemble of 15 trees, identical species and scene:
  cells     min   20  median 2359  max 3900  mean  2087.3
  leaves    min    0  median  775  max 1653  mean   751.9
  height    min   12  median  132  max  172  mean   108.1   (scene ceiling: 200 rows of sky)
  canopy top  row 62   (62 rows of clearance remain)
  thickness min    2  median   14  max   42  mean    14.2   (whole tree, incl. ground-level spread)
  stem thick min   0  median   11  max   24  mean    10.4   (above the base -- the real trunk)
  rows >1 cell wide, as % of each tree's occupied rows: min 12  median 52  max 65  mean 48
  per-tree sizes     [2359, 75, 3900, 2312, 212, 2962, 2233, 2590, 20, 3778, 2917, 1643, 27, 3228, 3053]
  per-tree heights   [136, 33, 172, 151, 33, 133, 137, 172, 12, 139, 130, 103, 23, 132, 116]
  per-tree thickness [15, 3, 42, 15, 10, 24, 15, 13, 3, 15, 14, 11, 2, 17, 14]
  crown profile (top->bottom, % of each plant's widest band, median): [87, 97, 69, 74, 41]
  foliage centre (0 = collar, 100 = apex, median): 61
  foliage share  (% of cells that are leaf, median): 32

  per-tree genotype and outcome (variance [0.5, 0.5, 0.4, 0.18, 0.7, 0.4, 0.4, 0.5, 0.25, 0.7]):
    id  branch rootbr  plast turgor   pipe roottr  alloc  stoma penetr strain    cells leaves height   stem
     1   0.718  0.766  0.896  0.923  0.611  1.143  1.398  1.192  0.988  0.450     2359    774    136     15
     3   1.022  1.088  0.995  0.963  0.868  1.301  0.608  1.410  1.110  0.744       75      8     33      0
     4   1.105  1.047  1.249  0.830  1.655  1.139  0.677  0.969  0.951  0.834     3900   1653    172     17
     6   1.063  1.366  1.134  0.896  0.628  0.693  1.364  1.443  0.808  1.262     2312    681    151     10
     7   1.129  1.179  0.674  1.132  0.411  0.966  0.723  0.928  1.146  1.670      212      0     33      0
     8   1.439  0.817  1.233  1.064  0.356  0.953  1.061  0.835  1.130  1.660     2962    877    133     24
    11   1.376  1.237  0.770  0.881  0.703  0.661  1.384  1.307  0.935  0.929     2233    775    137     10
    12   0.754  0.717  0.603  0.828  1.681  0.922  1.300  0.864  1.101  0.577     2590   1301    172     11
    13   1.485  0.561  0.658  0.919  0.689  1.317  1.024  1.349  0.823  1.023       20      0     12      0
    15   1.476  1.099  1.153  0.857  1.552  1.132  1.346  1.334  0.838  1.479     3778   1453    139     15
    18   1.370  1.308  1.306  0.899  1.263  1.390  1.392  0.804  0.792  0.501     2917    860    130     12
    19   1.335  1.163  1.089  1.166  0.708  1.164  1.071  0.592  0.846  0.494     1643    553    103     11
    21   0.665  1.270  1.326  0.968  0.329  1.367  0.776  0.998  0.979  1.467       27      0     23      0
    22   1.484  0.616  0.813  1.018  1.448  1.136  0.612  0.791  0.961  0.903     3228   1084    132     17
    23   1.380  1.132  0.637  1.018  0.484  1.134  1.353  1.235  0.893  1.680     3053   1260    116     14
  alleles: economy 4/11/0  angle 0/15/0  internode 0/15/0  sympody 15/0/0  tropism 15/0/0  density 1/11/3
  architecture events  [1: gen 0 seeds 10 forks 0 plag 0 rigid 422 lat 100 angle 85deg, 3: gen 0 seeds 6 forks 0 plag 0 rigid 169 lat 80 angle 90deg, 4: gen 0 seeds 19 forks 0 plag 0 rigid 440 lat 158 angle 86deg, 6: gen 0 seeds 8 forks 0 plag 0 rigid 284 lat 112 angle 84deg, 7: gen 0 seeds 7 forks 0 plag 0 rigid 146 lat 68 angle 79deg, 8: gen 0 seeds 14 forks 0 plag 0 rigid 470 lat 149 angle 75deg, 11: gen 0 seeds 15 forks 0 plag 0 rigid 251 lat 117 angle 86deg, 12: gen 0 seeds 2 forks 0 plag 0 rigid 310 lat 77 angle 77deg, 13: gen 0 seeds 2 forks 0 plag 0 rigid 95 lat 44 angle 79deg, 15: gen 0 seeds 27 forks 0 plag 0 rigid 467 lat 171 angle 85deg, 18: gen 0 seeds 16 forks 0 plag 0 rigid 517 lat 215 angle 83deg, 19: gen 0 seeds 9 forks 0 plag 0 rigid 198 lat 81 angle 77deg, 21: gen 0 seeds 0 forks 0 plag 0 rigid 27 lat 9 angle 83deg, 22: gen 0 seeds 11 forks 0 plag 0 rigid 544 lat 200 angle 82deg, 23: gen 0 seeds 8 forks 0 plag 0 rigid 407 lat 154 angle 74deg]

distinguishability (§Z / C4), 24 founders planted:
  canopy components at field resolution, >=  1 leaf/block:   2   largest holds  99% of canopy blocks
  canopy components at field resolution, >=  2 leaf/block:   2   largest holds  94% of canopy blocks
  canopy components at field resolution, >=  4 leaf/block:   3   largest holds  86% of canopy blocks
  canopy components at field resolution, >=  8 leaf/block:   7   largest holds  51% of canopy blocks
  interior sky gaps: 1 (a fully separate stand of 24 shows 23), widths [2]
  founder spacing is 20 cells; gaps at least 8 cells wide: 0
  --> canopy fusion 99%, 1 raw sky gaps (0 at least 8 cells) -- so this run reads 2 distinguishable crowns of 24 founders
  (CALIBRATION FAILED against the owner's eye, 2026-08-23: on the three stands he counted,
   these read 2 / 2 / 3 where he read 2 / 4 / 3, and fusion called the 4-founder stand 100% ONE MASS
   when he counted all four. §Z is cards-only. Reports/open-bugs-handoff.md §Z has the table.
   He later said the cue IS sky gaps, read at canopy level -- so census the canopy band next, not the whole column.)

lineage turnover over 28800 frames: 181 born, 106 died (6.28 and 3.68 per 1,000 frames); 75 live in 75 slots
  germinations: 24 -- read against `seeds set in total` above
  leaf construction binds: 47027 of 68642 wanted leaf cells refused for want of carbon (68.5%)
  reproductive budget binds: 0 of 7786599 eligible cell-ticks had no budget for a seed (0.0%)
  organism slots: high-water 75 of 4095 (1.8%), 0 births refused at the ceiling
  standing seed bank: 58 seeds; 4 organisms senescent (dead, remains rotting)
  established plants carrying an inherited genome: 0 of 15 (deepest generation 0) -- at ~0 every claim from this run is about founders

31368 organism cells
  Some(DormantBud)      2941
  Some(GrowingTip)        32
  Some(Leaf)           11279
  Some(MatureBody)     17034
  Some(RootTip)           24
  Some(Seed)              58
  palette bands in use (material, band -> cells):
    leaf       band  2    2989
    leaf       band  3    8290
    rootwood   band  0    2248
    seed       band  0      58
    wood       band  0   17779
    wood       band  1       4
  bounding box x 0..=511, y 62..=233
  thickest contiguous run, above ground: 65 cells
  thickest contiguous run, below ground: 42 cells (roots spread by design)

root system (15 established plants, soil is 34 rows deep):
  root cells        min   18  median  129  max  499  mean   149.8
  root share of plant  min   2%  median   6%  max 100%  mean  29.1%
  deepest row below surface  min   8  median  23  max  34  mean  22.7
  lateral spread (cells)     min   9  median  32  max  74  mean  32.2
  median root cell sits 12 rows down; quartiles 5 / 24
  root cells with 3+ root neighbours: 56% (a 1-cell-wide run reads ~0 whichever way it points)
  depth histogram, surface->bedrock (% of all root cells): [31, 21, 14, 14, 17]
  seeds standing: 58 above the surface, 0 buried (buried can never germinate)

water balance, per established plant:
  stock          min     3.3 median   110.3 max   752.0 mean   180.1
  stomatal term  min    0.23 median    1.00 max    1.00 mean    0.87   (1.0 = demand fully met)
  uptake/tick    min   -4.00 median    5.40 max   26.87 mean    7.78
  demand/tick    min    0.00 median    7.05 max   32.13 mean    7.40

carbon book, per established plant (per organism tick):
  income         min   0.000 median   0.586 max   1.381 mean   0.565   (over a whole day, not at this instant)
  maintenance    min   0.003 median   0.661 max   1.717 mean   0.646
  bill / income  median    1.41 max     inf   (>1 = running the stock down)
  unpaid         median   0.010 max   0.556
  cells shed to starvation, cumulative: 5662
  bill at unit price  min      0.0 median  15388.3 max  56661.0   (x MAINTENANCE_PER_NODE = the shoot bill)
  anchor reach ratio  min   0.0013 median   0.0078 max  61.7778   (anchor moment / crown moment; ANCHOR_DEMAND is set from this)
  anchor status  min    0.03 median    0.33 max    1.00   (1.0 = crown fully anchored)
  slenderness    min     0.0 median     9.5 max    68.5   (shoot height / base width)
  root soil contact  min  52.5% median  76.7% max 100.0%   (the rest earns nothing and still respires)
  support (cantilever reach from anchors): p50 21  p90 36  p99 48  max 65; 58 unreached

vein conductance (max face per cell), 1..10:
  min 1.00  p50 7.70  p90 9.99  p99 10.00  max 10.00
  9775/31368 cells still at the basal floor (31%) -- undifferentiated tissue
  differentiation: 38% undifferentiated / 18% partial / 44% vascular
  strand strength, p99 vs the basal floor: 10.00x of a possible 10x

leaf light (noon-equivalent): min 0.00  p10 0.00  p50 0.11  p90 3.65  max 4.00
  below 0.5: 7126   below 1.0: 8190   below 1.5: 8566   of 11279 leaves

max resource 4.000 / 4.0
max canopy   1.500 / 4.0
one fresh canopy deposit is 1.500 (GROW_CANOPY_DEPOSIT), decaying by half per organism tick
