plant_probe: species=tree trees=24 frames=28800 worldseed=2 width=512 soil=34 growth=1
after 28800 frames: 360 active sites, 2 awake chunks
soil: 17064 cells, min 0 median 620 max 1000, mean 461; 4074 cells at or below wilting point (24%)
chunks were awake on 26229/28800 frames (91.1%) -- the CA sweep's duty cycle for this scene

population: 35 organisms -- 19 established (>= 20 cells), 16 seeds or seedlings; 43 seeds set in total
  generations  [gen 0: 20, gen 1: 15]
  rooted above ground: 0 organisms (0 of them more than 25 rows up)
  morphs among established plants: 5 distinct of 19 plants  [foliage, angle, internode, sympodial, tropism]
    [1, 1, 1, 0, 0, 1]  x8
    [0, 1, 1, 0, 0, 1]  x5
    [1, 1, 1, 0, 0, 2]  x3
    [1, 1, 1, 0, 0, 0]  x2
    [0, 1, 1, 0, 0, 2]  x1

ensemble of 19 trees, identical species and scene:
  cells     min  140  median 1147  max 2544  mean  1131.9
  leaves    min    0  median  550  max 1285  mean   472.8
  height    min   11  median   81  max  100  mean    77.2   (scene ceiling: 200 rows of sky)
  canopy top  row 128   (128 rows of clearance remain)
  thickness min    5  median   13  max   35  mean    14.6   (whole tree, incl. ground-level spread)
  stem thick min   2  median    9  max   19  mean     9.0   (above the base -- the real trunk)
  rows >1 cell wide, as % of each tree's occupied rows: min 11  median 56  max 74  mean 52
  per-tree sizes     [1572, 140, 1770, 143, 2544, 215, 415, 1408, 2075, 1416, 162, 2506, 1401, 1300, 826, 1130, 1147, 1117, 219]
  per-tree heights   [83, 56, 85, 11, 97, 63, 67, 74, 99, 100, 66, 87, 81, 92, 79, 79, 78, 82, 87]
  per-tree thickness [13, 5, 31, 22, 16, 10, 10, 16, 35, 9, 6, 15, 20, 14, 19, 11, 12, 7, 6]
  crown profile (top->bottom, % of each plant's widest band, median): [66, 93, 94, 85, 85]
  foliage centre (0 = collar, 100 = apex, median): 51
  foliage share  (% of cells that are leaf, median): 40

  per-tree genotype and outcome (variance [0.5, 0.5, 0.4, 0.18, 0.7, 0.4, 0.4, 0.5, 0.25, 0.7]):
    id  branch rootbr  plast turgor   pipe roottr  alloc  stoma penetr strain    cells leaves height   stem
     1   0.718  0.766  0.896  0.923  0.611  1.143  1.398  1.192  0.988  0.450     1572    620     83     13
     2   0.648  0.726  0.740  1.033  1.445  1.144  0.626  1.121  1.065  1.686      140     60     56      3
     3   1.022  1.088  0.995  0.963  0.868  1.301  0.608  1.410  1.110  0.744     1770    660     85      9
     4   1.105  1.047  1.249  0.830  1.655  1.139  0.677  0.969  0.951  0.834      143      0     11      2
     6   1.063  1.366  1.134  0.896  0.628  0.693  1.364  1.443  0.808  1.262     2544   1047     97     14
     7   1.129  1.179  0.674  1.132  0.411  0.966  0.723  0.928  1.146  1.670      215     60     63      3
     8   1.439  0.817  1.233  1.064  0.356  0.953  1.061  0.835  1.130  1.660      415    104     67      7
    10   1.021  0.590  1.080  1.090  1.695  1.267  1.082  1.022  0.771  0.929     1408    680     74     11
    11   1.376  1.237  0.770  0.881  0.703  0.661  1.384  1.307  0.935  0.929     2075    550     99     14
    12   0.754  0.717  0.603  0.828  1.681  0.922  1.300  0.864  1.101  0.577     1416    766    100      9
    13   1.485  0.561  0.658  0.919  0.689  1.317  1.024  1.349  0.823  1.023      162     74     66      6
    15   1.476  1.099  1.153  0.857  1.552  1.132  1.346  1.334  0.838  1.479     2506   1285     87     11
    17   1.146  1.420  0.894  0.843  1.288  1.147  1.352  1.077  1.187  0.992     1401    567     81     10
    18   1.370  1.308  1.306  0.899  1.263  1.390  1.392  0.804  0.792  0.501     1300    484     92      9
    19   1.335  1.163  1.089  1.166  0.708  1.164  1.071  0.592  0.846  0.494      826    332     79     19
    20   0.806  1.338  1.384  0.917  1.063  1.290  0.874  1.076  0.993  1.306     1130    483     79     10
    22   1.484  0.616  0.813  1.018  1.448  1.136  0.612  0.791  0.961  0.903     1147    567     78     12
    23   1.380  1.132  0.637  1.018  0.484  1.134  1.353  1.235  0.893  1.680     1117    579     82      6
    24   1.010  0.510  0.855  0.851  0.551  0.778  1.091  0.996  1.125  1.209      219     66     87      3
  alleles: economy 6/13/0  angle 0/19/0  internode 0/19/0  sympody 19/0/0  tropism 19/0/0  density 2/13/4
  architecture events  [1: gen 0 seeds 6 forks 0 plag 0 rigid 186 lat 50 angle 79deg, 2: gen 0 seeds 0 forks 0 plag 0 rigid 6 lat 1 angle 77deg, 3: gen 0 seeds 10 forks 0 plag 0 rigid 179 lat 50 angle 78deg, 4: gen 0 seeds 0 forks 0 plag 0 rigid 81 lat 25 angle 94deg, 6: gen 0 seeds 7 forks 0 plag 0 rigid 340 lat 85 angle 78deg, 7: gen 0 seeds 0 forks 0 plag 0 rigid 0 lat 0 angle 0deg, 8: gen 0 seeds 0 forks 0 plag 0 rigid 41 lat 6 angle 90deg, 10: gen 0 seeds 1 forks 0 plag 0 rigid 226 lat 46 angle 80deg, 11: gen 0 seeds 5 forks 0 plag 0 rigid 187 lat 76 angle 83deg, 12: gen 0 seeds 0 forks 0 plag 0 rigid 159 lat 22 angle 74deg, 13: gen 0 seeds 0 forks 0 plag 0 rigid 6 lat 3 angle 116deg, 15: gen 0 seeds 2 forks 0 plag 0 rigid 396 lat 112 angle 83deg, 17: gen 0 seeds 3 forks 0 plag 0 rigid 202 lat 67 angle 81deg, 18: gen 0 seeds 0 forks 0 plag 0 rigid 193 lat 74 angle 82deg, 19: gen 0 seeds 0 forks 0 plag 0 rigid 158 lat 54 angle 68deg, 20: gen 0 seeds 4 forks 0 plag 0 rigid 175 lat 50 angle 76deg, 22: gen 0 seeds 3 forks 0 plag 0 rigid 196 lat 85 angle 85deg, 23: gen 0 seeds 2 forks 0 plag 0 rigid 106 lat 38 angle 75deg, 24: gen 0 seeds 0 forks 0 plag 0 rigid 0 lat 0 angle 0deg]

distinguishability (§Z / C4), 24 founders planted:
  canopy components at field resolution, >=  1 leaf/block:   1   largest holds 100% of canopy blocks
  canopy components at field resolution, >=  2 leaf/block:   1   largest holds  97% of canopy blocks
  canopy components at field resolution, >=  4 leaf/block:   1   largest holds  92% of canopy blocks
  canopy components at field resolution, >=  8 leaf/block:   1   largest holds  87% of canopy blocks
  interior sky gaps: 1 (a fully separate stand of 24 shows 23), widths [1]
  founder spacing is 20 cells; gaps at least 8 cells wide: 0
  --> canopy fusion 100%, 1 raw sky gaps (0 at least 8 cells) -- so this run reads 2 distinguishable crowns of 24 founders
  (CALIBRATION FAILED against the owner's eye, 2026-08-23: on the three stands he counted,
   these read 2 / 2 / 3 where he read 2 / 4 / 3, and fusion called the 4-founder stand 100% ONE MASS
   when he counted all four. §Z is cards-only. Reports/open-bugs-handoff.md §Z has the table.
   He later said the cue IS sky gaps, read at canopy level -- so census the canopy band next, not the whole column.)

lineage turnover over 28800 frames: 67 born, 32 died (2.33 and 1.11 per 1,000 frames); 35 live in 37 slots
  germinations: 24 -- read against `seeds set in total` above
  organism slots: high-water 37 of 4095 (0.9%), 0 births refused at the ceiling
  standing seed bank: 15 seeds; 1 organisms senescent (dead, remains rotting)
  established plants carrying an inherited genome: 0 of 19 (deepest generation 0) -- at ~0 every claim from this run is about founders

21535 organism cells
  Some(DormantBud)        35
  Some(Leaf)            8984
  Some(MatureBody)     12484
  Some(RootTip)           17
  Some(Seed)              15
  palette bands in use (material, band -> cells):
    leaf       band  2    2169
    leaf       band  3    6815
    rootwood   band  0    3775
    seed       band  0      15
    wood       band  0    7941
    wood       band  1     820
  bounding box x 0..=487, y 128..=233
  thickest contiguous run, above ground: 51 cells
  thickest contiguous run, below ground: 35 cells (roots spread by design)

root system (19 established plants, soil is 34 rows deep):
  root cells        min   11  median  148  max  884  mean   197.9
  root share of plant  min   6%  median  13%  max 100%  mean  22.1%
  deepest row below surface  min   5  median  21  max  34  mean  21.4
  lateral spread (cells)     min   4  median  30  max 120  mean  32.7
  median root cell sits 12 rows down; quartiles 6 / 22
  root cells with 3+ root neighbours: 64% (a 1-cell-wide run reads ~0 whichever way it points)
  depth histogram, surface->bedrock (% of all root cells): [24, 30, 15, 13, 14]
  seeds standing: 15 above the surface, 0 buried (buried can never germinate)

water balance, per established plant:
  stock          min    15.3 median   263.2 max  1737.9 mean   383.4
  stomatal term  min    1.00 median    1.00 max    1.00 mean    1.00   (1.0 = demand fully met)
  uptake/tick    min    0.38 median    4.58 max   42.26 mean    8.32
  demand/tick    min    0.00 median    5.40 max   17.18 mean    5.79

carbon book, per established plant (per organism tick):
  income         min   0.000 median   0.525 max   1.143 mean   0.505   (over a whole day, not at this instant)
  maintenance    min   0.021 median   0.257 max   0.718 mean   0.281
  bill / income  median    0.56 max     inf   (>1 = running the stock down)
  unpaid         median   0.001 max   0.008
  cells shed to starvation, cumulative: 574
  bill at unit price  min      0.0 median   4459.0 max  17097.5   (x MAINTENANCE_PER_NODE = the shoot bill)
  anchor reach ratio  min   0.0019 median   0.0245 max   0.3383   (anchor moment / crown moment; ANCHOR_DEMAND is set from this)
  anchor status  min    0.05 median    0.61 max    1.00   (1.0 = crown fully anchored)
  slenderness    min     0.0 median     9.2 max    30.0   (shoot height / base width)
  root soil contact  min  40.9% median  65.2% max  90.9%   (the rest earns nothing and still respires)
  support (cantilever reach from anchors): p50 10  p90 23  p99 36  max 74; 15 unreached

vein conductance (max face per cell), 1..10:
  min 1.00  p50 9.43  p90 9.99  p99 10.00  max 10.00
  4114/21535 cells still at the basal floor (19%) -- undifferentiated tissue
  differentiation: 23% undifferentiated / 22% partial / 55% vascular
  strand strength, p99 vs the basal floor: 10.00x of a possible 10x

leaf light (noon-equivalent): min 0.00  p10 0.01  p50 0.31  p90 3.83  max 4.00
  below 0.5: 5091   below 1.0: 5914   below 1.5: 6250   of 8984 leaves

max resource 4.000 / 4.0
max canopy   1.500 / 4.0
one fresh canopy deposit is 1.500 (GROW_CANOPY_DEPOSIT), decaying by half per organism tick
