plant_probe: species=tree trees=24 frames=28800 worldseed=3 width=512 soil=34 growth=1
after 28800 frames: 149 active sites, 5 awake chunks
soil: 16424 cells, min 0 median 620 max 1000, mean 473; 3018 cells at or below wilting point (18%)
chunks were awake on 28800/28800 frames (100.0%) -- the CA sweep's duty cycle for this scene

population: 36 organisms -- 23 established (>= 20 cells), 13 seeds or seedlings; 47 seeds set in total
  generations  [gen 0: 23, gen 1: 13]
  rooted above ground: 0 organisms (0 of them more than 25 rows up)
  morphs among established plants: 6 distinct of 23 plants  [foliage, angle, internode, sympodial, tropism]
    [0, 1, 1, 0, 0, 1]  x6
    [1, 1, 1, 0, 0, 0]  x5
    [0, 1, 1, 0, 0, 0]  x4
    [1, 1, 1, 0, 0, 2]  x4
    [0, 1, 1, 0, 0, 2]  x2
    [1, 1, 1, 0, 0, 1]  x2

ensemble of 23 trees, identical species and scene:
  cells     min   25  median  830  max 1820  mean   864.1
  leaves    min    0  median  332  max  798  mean   348.7
  height    min   21  median   74  max   98  mean    72.9   (scene ceiling: 200 rows of sky)
  canopy top  row 130   (130 rows of clearance remain)
  thickness min    3  median   11  max   32  mean    12.1   (whole tree, incl. ground-level spread)
  stem thick min   0  median    7  max   17  mean     8.0   (above the base -- the real trunk)
  rows >1 cell wide, as % of each tree's occupied rows: min 5  median 55  max 68  mean 48
  per-tree sizes     [165, 946, 1301, 419, 635, 1790, 107, 830, 1327, 1169, 239, 199, 1507, 759, 683, 454, 1577, 25, 1820, 1093, 1703, 123, 1003]
  per-tree heights   [54, 65, 81, 75, 63, 79, 59, 71, 95, 78, 53, 74, 89, 98, 72, 67, 90, 21, 97, 86, 82, 58, 70]
  per-tree thickness [8, 11, 12, 9, 8, 18, 4, 13, 12, 32, 13, 7, 20, 14, 9, 7, 24, 3, 14, 10, 13, 7, 11]
  crown profile (top->bottom, % of each plant's widest band, median): [80, 92, 84, 76, 76]
  foliage centre (0 = collar, 100 = apex, median): 48
  foliage share  (% of cells that are leaf, median): 39

  per-tree genotype and outcome (variance [0.5, 0.5, 0.4, 0.18, 0.7, 0.4, 0.4, 0.5, 0.25, 0.7]):
    id  branch rootbr  plast turgor   pipe roottr  alloc  stoma penetr strain    cells leaves height   stem
     1   0.887  1.057  0.735  1.113  1.152  1.343  1.056  0.610  1.071  1.253      165     73     54      3
     2   1.007  0.790  1.289  1.163  0.894  0.705  1.236  1.462  0.832  1.573      946    359     65     11
     3   1.076  0.654  1.268  1.046  1.128  1.263  0.625  0.536  0.827  1.109     1301    486     81     12
     4   1.062  1.242  0.941  1.037  1.386  0.732  0.949  1.382  0.827  0.451      419    150     75      6
     5   0.872  1.118  1.208  1.178  1.244  1.275  1.261  0.965  0.931  1.391      635    302     63      7
     6   0.887  0.699  0.886  1.093  0.509  1.229  0.711  0.823  0.848  1.202     1790    773     79     16
     7   0.920  0.535  1.332  0.940  0.355  0.983  1.304  1.099  0.812  1.104      107     31     59      4
     8   1.478  1.006  1.167  1.161  0.914  1.064  0.980  0.967  0.964  1.297      830    319     71     13
     9   1.443  1.345  1.132  0.974  1.589  1.182  1.141  1.056  1.149  0.872     1327    532     95     11
    10   1.344  1.233  0.882  1.177  1.160  1.261  0.889  1.330  0.766  1.480     1169    373     78      6
    11   1.267  0.871  0.623  1.110  1.458  1.308  1.210  1.301  0.842  0.579      239     71     53      6
    12   0.799  0.782  1.299  1.153  1.578  1.056  0.627  1.395  0.855  1.625      199     46     74      2
    13   0.799  0.548  0.868  0.944  0.894  1.202  1.000  1.009  0.883  0.643     1507    626     89      8
    14   0.772  1.357  0.725  0.870  1.472  0.921  1.354  0.962  0.833  0.733      759    332     98      5
    15   0.599  1.008  0.881  1.026  0.719  0.905  1.131  1.000  0.842  0.352      683    272     72      7
    16   0.930  0.979  0.877  1.104  0.798  0.686  0.877  1.311  0.950  0.989      454    161     67      5
    17   1.311  0.574  1.218  1.079  0.712  1.221  0.626  1.491  0.772  0.340     1577    664     90     17
    18   0.761  0.738  0.990  0.964  0.353  1.220  0.730  0.931  0.845  0.701       25      0     21      0
    19   0.900  0.509  1.315  0.839  0.350  0.661  1.225  1.322  0.914  1.151     1820    658     97     14
    21   1.116  0.556  0.871  1.115  1.334  1.235  0.748  1.069  0.756  0.433     1093    490     86      7
    22   1.230  1.095  0.924  1.047  0.583  0.787  1.387  1.163  1.151  1.051     1703    798     82     13
    23   0.509  1.283  1.279  0.961  0.903  0.924  0.868  0.845  0.914  1.446      123     50     58      1
    24   1.132  1.340  0.902  0.946  0.856  1.398  1.315  0.747  1.109  0.612     1003    455     70     11
  alleles: economy 12/11/0  angle 0/23/0  internode 0/23/0  sympody 23/0/0  tropism 23/0/0  density 9/8/6
  architecture events  [1: gen 0 seeds 0 forks 0 plag 0 rigid 6 lat 0 angle 0deg, 2: gen 0 seeds 4 forks 0 plag 0 rigid 171 lat 47 angle 88deg, 3: gen 0 seeds 6 forks 0 plag 0 rigid 228 lat 57 angle 85deg, 4: gen 0 seeds 0 forks 0 plag 0 rigid 51 lat 14 angle 75deg, 5: gen 0 seeds 0 forks 0 plag 0 rigid 121 lat 21 angle 86deg, 6: gen 0 seeds 4 forks 0 plag 0 rigid 251 lat 75 angle 80deg, 7: gen 0 seeds 0 forks 0 plag 0 rigid 0 lat 0 angle 0deg, 8: gen 0 seeds 2 forks 0 plag 0 rigid 121 lat 41 angle 83deg, 9: gen 0 seeds 3 forks 0 plag 0 rigid 156 lat 55 angle 76deg, 10: gen 0 seeds 1 forks 0 plag 0 rigid 140 lat 39 angle 77deg, 11: gen 0 seeds 0 forks 0 plag 0 rigid 0 lat 0 angle 0deg, 12: gen 0 seeds 0 forks 0 plag 0 rigid 1 lat 1 angle 33deg, 13: gen 0 seeds 5 forks 0 plag 0 rigid 166 lat 42 angle 85deg, 14: gen 0 seeds 0 forks 0 plag 0 rigid 87 lat 13 angle 51deg, 15: gen 0 seeds 0 forks 0 plag 0 rigid 73 lat 9 angle 63deg, 16: gen 0 seeds 0 forks 0 plag 0 rigid 65 lat 9 angle 68deg, 17: gen 0 seeds 5 forks 0 plag 0 rigid 183 lat 63 angle 89deg, 18: gen 0 seeds 0 forks 0 plag 0 rigid 0 lat 0 angle 0deg, 19: gen 0 seeds 10 forks 0 plag 0 rigid 230 lat 63 angle 92deg, 21: gen 0 seeds 1 forks 0 plag 0 rigid 136 lat 46 angle 70deg, 22: gen 0 seeds 4 forks 0 plag 0 rigid 242 lat 92 angle 81deg, 23: gen 0 seeds 0 forks 0 plag 0 rigid 0 lat 0 angle 0deg, 24: gen 0 seeds 2 forks 0 plag 0 rigid 154 lat 49 angle 76deg]

distinguishability (§Z / C4), 24 founders planted:
  canopy components at field resolution, >=  1 leaf/block:   1   largest holds 100% of canopy blocks
  canopy components at field resolution, >=  2 leaf/block:   1   largest holds  98% of canopy blocks
  canopy components at field resolution, >=  4 leaf/block:   1   largest holds  93% of canopy blocks
  canopy components at field resolution, >=  8 leaf/block:   1   largest holds  85% of canopy blocks
  interior sky gaps: 1 (a fully separate stand of 24 shows 23), widths [1]
  founder spacing is 20 cells; gaps at least 8 cells wide: 0
  --> canopy fusion 100%, 1 raw sky gaps (0 at least 8 cells) -- so this run reads 2 distinguishable crowns of 24 founders
  (CALIBRATION FAILED against the owner's eye, 2026-08-23: on the three stands he counted,
   these read 2 / 2 / 3 where he read 2 / 4 / 3, and fusion called the 4-founder stand 100% ONE MASS
   when he counted all four. §Z is cards-only. Reports/open-bugs-handoff.md §Z has the table.
   He later said the cue IS sky gaps, read at canopy level -- so census the canopy band next, not the whole column.)

lineage turnover over 28800 frames: 71 born, 35 died (2.47 and 1.22 per 1,000 frames); 36 live in 42 slots
  germinations: 24 -- read against `seeds set in total` above
  organism slots: high-water 42 of 4095 (1.0%), 0 births refused at the ceiling
  standing seed bank: 13 seeds; 1 organisms senescent (dead, remains rotting)
  established plants carrying an inherited genome: 0 of 23 (deepest generation 0) -- at ~0 every claim from this run is about founders

19887 organism cells
  Some(DormantBud)        39
  Some(Leaf)            8021
  Some(MatureBody)     11806
  Some(RootTip)            8
  Some(Seed)              13
  palette bands in use (material, band -> cells):
    leaf       band  2    4244
    leaf       band  3    3777
    rootwood   band  0    3576
    seed       band  0      13
    wood       band  0    6425
    wood       band  1    1852
  bounding box x 7..=511, y 130..=233
  thickest contiguous run, above ground: 51 cells
  thickest contiguous run, below ground: 43 cells (roots spread by design)

root system (23 established plants, soil is 34 rows deep):
  root cells        min    7  median  117  max  457  mean   155.5
  root share of plant  min   6%  median  20%  max 100%  mean  23.3%
  deepest row below surface  min   4  median  24  max  34  mean  22.4
  lateral spread (cells)     min   3  median  23  max  58  mean  24.6
  median root cell sits 11 rows down; quartiles 6 / 22
  root cells with 3+ root neighbours: 62% (a 1-cell-wide run reads ~0 whichever way it points)
  depth histogram, surface->bedrock (% of all root cells): [26, 27, 17, 13, 13]
  seeds standing: 13 above the surface, 0 buried (buried can never germinate)

water balance, per established plant:
  stock          min    11.1 median   152.6 max   808.9 mean   211.5
  stomatal term  min    0.96 median    1.00 max    1.00 mean    1.00   (1.0 = demand fully met)
  uptake/tick    min    0.00 median    3.63 max   35.37 mean    5.59
  demand/tick    min    0.00 median    4.11 max   18.42 mean    5.85

carbon book, per established plant (per organism tick):
  income         min   0.000 median   0.421 max   0.983 mean   0.415   (over a whole day, not at this instant)
  maintenance    min   0.004 median   0.198 max   0.452 mean   0.195
  bill / income  median    0.45 max     inf   (>1 = running the stock down)
  unpaid         median   0.001 max   0.016
  cells shed to starvation, cumulative: 224
  bill at unit price  min      0.0 median   3270.5 max  10344.9   (x MAINTENANCE_PER_NODE = the shoot bill)
  anchor reach ratio  min   0.0022 median   0.0297 max   0.1366   (anchor moment / crown moment; ANCHOR_DEMAND is set from this)
  anchor status  min    0.06 median    0.74 max    1.00   (1.0 = crown fully anchored)
  slenderness    min     0.0 median    12.8 max    49.0   (shoot height / base width)
  root soil contact  min  37.9% median  71.6% max 100.0%   (the rest earns nothing and still respires)
  support (cantilever reach from anchors): p50 9  p90 21  p99 36  max 54; 13 unreached

vein conductance (max face per cell), 1..10:
  min 1.00  p50 9.63  p90 9.99  p99 10.00  max 10.00
  4202/19887 cells still at the basal floor (21%) -- undifferentiated tissue
  differentiation: 27% undifferentiated / 16% partial / 57% vascular
  strand strength, p99 vs the basal floor: 10.00x of a possible 10x

leaf light (noon-equivalent): min 0.00  p10 0.02  p50 0.49  p90 3.73  max 4.00
  below 0.5: 4014   below 1.0: 4997   below 1.5: 5355   of 8021 leaves

max resource 4.000 / 4.0
max canopy   0.188 / 4.0
one fresh canopy deposit is 1.500 (GROW_CANOPY_DEPOSIT), decaying by half per organism tick
