plant_probe: species=tree trees=24 frames=28800 worldseed=1 width=512 soil=34 growth=1
after 28800 frames: 1003 active sites, 5 awake chunks
soil: 26833 cells, min 0 median 0 max 1000, mean 279; 14272 cells at or below wilting point (53%)
chunks were awake on 28585/28800 frames (99.3%) -- the CA sweep's duty cycle for this scene

population: 36 organisms -- 13 established (>= 20 cells), 23 seeds or seedlings; 44 seeds set in total
  generations  [gen 0: 20, gen 1: 16]
  rooted above ground: 0 organisms (0 of them more than 25 rows up)
  morphs among established plants: 6 distinct of 13 plants  [foliage, angle, internode, sympodial, tropism]
    [0, 1, 1, 0, 0, 0]  x4
    [0, 1, 1, 0, 0, 1]  x3
    [1, 1, 1, 0, 0, 0]  x2
    [1, 1, 1, 0, 0, 2]  x2
    [0, 1, 1, 0, 0, 2]  x1
    [1, 1, 1, 0, 0, 1]  x1

ensemble of 13 trees, identical species and scene:
  cells     min  133  median 2100  max 5115  mean  2404.2
  leaves    min   15  median 1228  max 2929  mean  1143.8
  height    min   23  median  129  max  167  mean   125.4   (scene ceiling: 200 rows of sky)
  canopy top  row 67   (67 rows of clearance remain)
  thickness min    7  median   18  max   40  mean    18.2   (whole tree, incl. ground-level spread)
  stem thick min   1  median   10  max   21  mean    11.1   (above the base -- the real trunk)
  rows >1 cell wide, as % of each tree's occupied rows: min 14  median 56  max 63  mean 52
  per-tree sizes     [1648, 4520, 625, 3483, 3861, 2100, 2575, 238, 133, 1879, 3666, 5115, 1411]
  per-tree heights   [167, 166, 135, 126, 145, 110, 134, 108, 23, 119, 129, 147, 121]
  per-tree thickness [12, 40, 10, 26, 25, 14, 21, 7, 9, 19, 21, 14, 18]
  crown profile (top->bottom, % of each plant's widest band, median): [89, 88, 78, 75, 51]
  foliage centre (0 = collar, 100 = apex, median): 56
  foliage share  (% of cells that are leaf, median): 42

  per-tree genotype and outcome (variance [0.5, 0.5, 0.4, 0.18, 0.7, 0.4, 0.4, 0.5, 0.25, 0.7]):
    id  branch rootbr  plast turgor   pipe roottr  alloc  stoma penetr strain    cells leaves height   stem
     1   0.901  1.198  0.627  0.830  0.610  1.184  0.822  1.457  0.778  1.322     1648    817    167     12
     2   0.622  0.674  1.117  0.840  1.232  0.939  0.970  0.932  0.881  1.547     4520   1929    166     12
     5   0.571  0.766  1.068  1.109  0.633  0.781  0.996  1.142  1.164  1.143      625    204    135      7
     6   1.448  1.408  1.037  1.091  0.364  0.996  1.354  1.030  0.916  1.548     3483   1580    126      9
     9   1.266  1.461  1.058  0.958  1.158  1.395  1.316  0.525  1.147  1.435     3861   1620    145     19
    11   0.994  1.253  0.702  1.118  1.602  0.843  0.902  0.648  1.074  0.677     2100   1228    110      9
    12   0.671  1.493  0.665  1.097  0.919  1.197  0.819  0.516  0.887  1.472     2575   1488    134      9
    13   1.235  0.665  0.943  1.096  0.891  1.089  0.990  1.101  0.895  1.500      238     74    108      1
    15   1.482  0.901  0.780  0.910  1.484  0.673  1.051  0.711  1.209  0.415      133     15     23      5
    16   0.893  0.989  0.764  1.156  0.858  0.685  1.147  1.454  1.058  1.662     1879    728    119     12
    19   1.266  1.283  1.132  0.960  0.509  0.996  0.790  0.780  0.993  1.573     3666   1676    129     21
    22   1.297  1.299  0.825  0.872  1.528  0.759  0.692  1.317  0.825  0.370     5115   2929    147     10
    24   1.460  0.655  1.306  0.952  1.530  0.795  1.174  1.482  0.957  0.652     1411    581    121     18
  alleles: economy 8/5/0  angle 0/13/0  internode 0/13/0  sympody 13/0/0  tropism 13/0/0  density 6/4/3
  architecture events  [1: gen 0 seeds 1 forks 0 plag 0 rigid 150 lat 42 angle 81deg, 2: gen 0 seeds 3 forks 0 plag 0 rigid 485 lat 123 angle 90deg, 5: gen 0 seeds 0 forks 0 plag 0 rigid 64 lat 17 angle 84deg, 6: gen 0 seeds 4 forks 0 plag 0 rigid 427 lat 154 angle 76deg, 9: gen 0 seeds 5 forks 0 plag 0 rigid 513 lat 160 angle 82deg, 11: gen 0 seeds 1 forks 0 plag 0 rigid 203 lat 82 angle 65deg, 12: gen 0 seeds 1 forks 0 plag 0 rigid 295 lat 48 angle 76deg, 13: gen 0 seeds 0 forks 0 plag 0 rigid 2 lat 1 angle 168deg, 15: gen 0 seeds 4 forks 0 plag 0 rigid 240 lat 132 angle 84deg, 16: gen 0 seeds 2 forks 0 plag 0 rigid 222 lat 65 angle 73deg, 19: gen 0 seeds 6 forks 0 plag 0 rigid 353 lat 121 angle 80deg, 22: gen 0 seeds 9 forks 0 plag 0 rigid 480 lat 210 angle 80deg, 24: gen 0 seeds 3 forks 0 plag 0 rigid 259 lat 82 angle 74deg]

distinguishability (§Z / C4), 24 founders planted:
  canopy components at field resolution, >=  1 leaf/block:   2   largest holds  59% of canopy blocks
  canopy components at field resolution, >=  2 leaf/block:   2   largest holds  57% of canopy blocks
  canopy components at field resolution, >=  4 leaf/block:   3   largest holds  53% of canopy blocks
  canopy components at field resolution, >=  8 leaf/block:   2   largest holds  47% of canopy blocks
  interior sky gaps: 3 (a fully separate stand of 24 shows 23), widths [2, 3, 8]
  founder spacing is 20 cells; gaps at least 8 cells wide: 1
  --> canopy fusion 59%, 3 raw sky gaps (1 at least 8 cells) -- so this run reads 4 distinguishable crowns of 24 founders
  (CALIBRATION FAILED against the owner's eye, 2026-08-23: on the three stands he counted,
   these read 2 / 2 / 3 where he read 2 / 4 / 3, and fusion called the 4-founder stand 100% ONE MASS
   when he counted all four. §Z is cards-only. Reports/open-bugs-handoff.md §Z has the table.
   He later said the cue IS sky gaps, read at canopy level -- so census the canopy band next, not the whole column.)

lineage turnover over 28800 frames: 68 born, 32 died (2.36 and 1.11 per 1,000 frames); 36 live in 37 slots
  germinations: 24 -- read against `seeds set in total` above
  organism slots: high-water 37 of 4095 (0.9%), 0 births refused at the ceiling
  standing seed bank: 16 seeds; 1 organisms senescent (dead, remains rotting)
  established plants carrying an inherited genome: 0 of 13 (deepest generation 0) -- at ~0 every claim from this run is about founders

31331 organism cells
  Some(DormantBud)      1047
  Some(GrowingTip)        12
  Some(Leaf)           14874
  Some(MatureBody)     15344
  Some(RootTip)           38
  Some(Seed)              16
  palette bands in use (material, band -> cells):
    leaf       band  2    8569
    leaf       band  3    6305
    rootwood   band  0    3055
    seed       band  0      16
    wood       band  0   11273
    wood       band  1    2113
  bounding box x 0..=511, y 67..=233
  thickest contiguous run, above ground: 53 cells
  thickest contiguous run, below ground: 40 cells (roots spread by design)

root system (13 established plants, soil is 34 rows deep):
  root cells        min   68  median  185  max  511  mean   231.3
  root share of plant  min   3%  median  11%  max  70%  mean  15.7%
  deepest row below surface  min  10  median  26  max  34  mean  24.0
  lateral spread (cells)     min  10  median  35  max  75  mean  40.3
  median root cell sits 11 rows down; quartiles 5 / 21
  root cells with 3+ root neighbours: 61% (a 1-cell-wide run reads ~0 whichever way it points)
  depth histogram, surface->bedrock (% of all root cells): [28, 29, 13, 14, 12]
  seeds standing: 16 above the surface, 0 buried (buried can never germinate)

water balance, per established plant:
  stock          min     3.5 median   179.5 max  1123.9 mean   269.4
  stomatal term  min    0.15 median    1.00 max    1.00 mean    0.80   (1.0 = demand fully met)
  uptake/tick    min    0.45 median   10.51 max   24.74 mean   10.78
  demand/tick    min    0.45 median   12.04 max   29.77 mean   12.26

carbon book, per established plant (per organism tick):
  income         min   0.006 median   0.637 max   1.930 mean   0.689   (over a whole day, not at this instant)
  maintenance    min   0.041 median   0.777 max   2.197 mean   0.909
  bill / income  median    0.99 max   14.59   (>1 = running the stock down)
  unpaid         median   0.028 max   0.483
  cells shed to starvation, cumulative: 5889
  bill at unit price  min    266.1 median  17614.6 max  75978.3   (x MAINTENANCE_PER_NODE = the shoot bill)
  anchor reach ratio  min   0.0022 median   0.0129 max   3.2706   (anchor moment / crown moment; ANCHOR_DEMAND is set from this)
  anchor status  min    0.06 median    0.32 max    1.00   (1.0 = crown fully anchored)
  slenderness    min     4.0 median    33.0 max    65.5   (shoot height / base width)
  root soil contact  min  54.0% median  69.4% max  90.4%   (the rest earns nothing and still respires)
  support (cantilever reach from anchors): p50 18  p90 33  p99 50  max 70; 15 unreached

vein conductance (max face per cell), 1..10:
  min 1.00  p50 6.56  p90 9.99  p99 10.00  max 10.00
  9339/31331 cells still at the basal floor (30%) -- undifferentiated tissue
  differentiation: 38% undifferentiated / 23% partial / 39% vascular
  strand strength, p99 vs the basal floor: 10.00x of a possible 10x

leaf light (noon-equivalent): min 0.00  p10 0.00  p50 0.05  p90 3.04  max 4.00
  below 0.5: 10412   below 1.0: 11447   below 1.5: 12058   of 14874 leaves

max resource 4.000 / 4.0
max canopy   0.750 / 4.0
one fresh canopy deposit is 1.500 (GROW_CANOPY_DEPOSIT), decaying by half per organism tick
