100 starved in (110000,111200]; traced 100
  3146097 died 110164 at (255,158) e(-3000)    nan e(-1500)    125 e(-600)    35 hunger>=.5 at  1124 before; last600 drives {'out': 121} won 121/121 moved 121 cells 30 top [((2, 2), 15)] job [('dig', 100)] maxcrop 0
  3146311 died 110189 at (248,159) e(-3000)    nan e(-1500)    119 e(-600)    46 hunger>=.5 at  1139 before; last600 drives {'out': 104, 'eat': 17} won 121/121 moved 121 cells 6 top [((-8, -1), 47)] job [('haul', 121)] maxcrop 0
  8388996 died 110210 at (251,158) e(-3000)    nan e(-1500)     97 e(-600)    63 hunger>=.5 at  1079 before; last600 drives {'out': 120, 'escape': 1} won 121/121 moved 121 cells 11 top [((-5, -3), 26)] job [('haul', 121)] maxcrop 0
  4194821 died 110235 at (249,158) e(-3000)    nan e(-1500)    133 e(-600)    62 hunger>=.5 at   844 before; last600 drives {'out': 106, 'eat': 15} won 121/121 moved 121 cells 7 top [((-7, -2), 33)] job [('haul', 121)] maxcrop 0
  2097783 died 110245 at (255,155) e(-3000)    nan e(-1500)    117 e(-600)    48 hunger>=.5 at  1034 before; last600 drives {'out': 121} won 121/121 moved 121 cells 33 top [((0, 1), 14)] job [('dig', 92)] maxcrop 0
  2097489 died 110249 at (249,158) e(-3000)    nan e(-1500)    275 e(-600)    49 hunger>=.5 at  1099 before; last600 drives {'out': 114, 'eat': 6, 'escape': 1} won 121/121 moved 121 cells 19 top [((-8, -1), 27)] job [('forage', 121)] maxcrop 2295
  5242993 died 110255 at (254,158) e(-3000)    nan e(-1500)    166 e(-600)    50 hunger>=.5 at   954 before; last600 drives {'out': 119, 'escape': 2} won 121/121 moved 121 cells 15 top [((-2, 1), 39)] job [('haul', 121)] maxcrop 0
  8389003 died 110270 at (253,156) e(-3000)    nan e(-1500)    112 e(-600)    48 hunger>=.5 at   984 before; last600 drives {'out': 121} won 121/121 moved 121 cells 18 top [((-2, -2), 22)] job [('haul', 121)] maxcrop 0
  4194354 died 110284 at (256,155) e(-3000)    nan e(-1500)     84 e(-600)    50 hunger>=.5 at  1769 before; last600 drives {'out': 120, 'escape': 1} won 120/121 moved 121 cells 35 top [((-2, -3), 17)] job [('forage', 115)] maxcrop 0
      629 died 110300 at (251,157) e(-3000)    nan e(-1500)     76 e(-600)    20 hunger>=.5 at  1614 before; last600 drives {'out': 121} won 121/121 moved 121 cells 32 top [((-5, -3), 10)] job [('forage', 121)] maxcrop 1800
  5243291 died 110304 at (255,162) e(-3000)    nan e(-1500)     98 e(-600)    36 hunger>=.5 at  1819 before; last600 drives {'out': 121} won 121/121 moved 121 cells 27 top [((1, 1), 21)] job [('dig', 76)] maxcrop 0
  5243327 died 110314 at (255,157) e(-3000)    nan e(-1500)     95 e(-600)    30 hunger>=.5 at  1394 before; last600 drives {'out': 121} won 121/121 moved 121 cells 31 top [((-3, 3), 9)] job [('dig', 56)] maxcrop 0
      621 died 110385 at (249,158) e(-3000)    nan e(-1500)     80 e(-600)    66 hunger>=.5 at  1854 before; last600 drives {'out': 118, 'escape': 3} won 120/121 moved 120 cells 42 top [((-5, -3), 11)] job [('forage', 96)] maxcrop 0
  1049069 died 110400 at (255,152) e(-3000)    nan e(-1500)    117 e(-600)    30 hunger>=.5 at  1149 before; last600 drives {'out': 112, 'escape': 9} won 121/121 moved 121 cells 25 top [((-3, -4), 15)] job [('haul', 120)] maxcrop 0
  3145867 died 110429 at (250,156) e(-3000)    nan e(-1500)     94 e(-600)    48 hunger>=.5 at  1944 before; last600 drives {'out': 121} won 121/121 moved 121 cells 46 top [((1, 2), 10)] job [('dig', 85)] maxcrop 0
      703 died 110430 at (253,151) e(-3000)    nan e(-1500)     84 e(-600)    10 hunger>=.5 at  2584 before; last600 drives {'out': 119, 'escape': 2} won 121/121 moved 121 cells 30 top [((-2, -7), 13)] job [('forage', 92)] maxcrop 0
  2097408 died 110434 at (255,156) e(-3000)    nan e(-1500)     97 e(-600)    20 hunger>=.5 at  1354 before; last600 drives {'out': 121} won 121/121 moved 121 cells 29 top [((-1, 2), 17)] job [('dig', 85)] maxcrop 924
  3145988 died 110435 at (251,156) e(-3000)    nan e(-1500)    108 e(-600)    34 hunger>=.5 at  1264 before; last600 drives {'out': 117, 'escape': 4} won 121/121 moved 121 cells 29 top [((-2, -4), 17)] job [('haul', 121)] maxcrop 0
      606 died 110440 at (256,155) e(-3000)    nan e(-1500)    119 e(-600)    35 hunger>=.5 at   989 before; last600 drives {'eat': 4, 'out': 109, 'escape': 8} won 121/121 moved 121 cells 28 top [((-5, -3), 25)] job [('haul', 121)] maxcrop 0
  3145943 died 110445 at (256,154) e(-3000)    nan e(-1500)    121 e(-600)    37 hunger>=.5 at  1079 before; last600 drives {'out': 121} won 121/121 moved 121 cells 26 top [((-4, -4), 14)] job [('haul', 121)] maxcrop 0
  3146125 died 110464 at (255,158) e(-3000)    nan e(-1500)    119 e(-600)    78 hunger>=.5 at  1099 before; last600 drives {'haul': 4, 'out': 116, 'escape': 1} won 121/121 moved 121 cells 34 top [((-3, -3), 13)] job [('haul', 121)] maxcrop 0
  8389024 died 110474 at (255,161) e(-3000)    nan e(-1500)     74 e(-600)    18 hunger>=.5 at  1949 before; last600 drives {'out': 121} won 121/121 moved 121 cells 22 top [((-2, 2), 16)] job [('dig', 108)] maxcrop 0
  3146329 died 110484 at (255,155) e(-3000)    nan e(-1500)    218 e(-600)    48 hunger>=.5 at  1234 before; last600 drives {'out': 121} won 121/121 moved 121 cells 35 top [((2, -5), 10)] job [('forage', 97)] maxcrop 1904
  4194685 died 110489 at (260,152) e(-3000)    nan e(-1500)     87 e(-600)    48 hunger>=.5 at  1869 before; last600 drives {'out': 121} won 121/121 moved 121 cells 30 top [((-1, 2), 12)] job [('dig', 91)] maxcrop 1924
  4194328 died 110490 at (257,160) e(-3000)    nan e(-1500)     80 e(-600)    33 hunger>=.5 at  1554 before; last600 drives {'out': 121} won 121/121 moved 121 cells 35 top [((-1, 2), 12)] job [('dig', 89)] maxcrop 2308
  4194942 died 110494 at (253,148) e(-3000)    nan e(-1500)    108 e(-600)    35 hunger>=.5 at  1044 before; last600 drives {'out': 121} won 121/121 moved 121 cells 53 top [((1, -3), 11)] job [('idle', 84)] maxcrop 0
  5243289 died 110495 at (252,155) e(-3000)    nan e(-1500)     79 e(-600)    18 hunger>=.5 at  1569 before; last600 drives {'out': 118, 'escape': 3} won 121/121 moved 121 cells 28 top [((-2, -1), 17)] job [('forage', 117)] maxcrop 952
  4194727 died 110504 at (253,152) e(-3000)    nan e(-1500)    136 e(-600)    79 hunger>=.5 at   659 before; last600 drives {'haul': 5, 'out': 106, 'eat': 5, 'escape': 5} won 118/121 moved 118 cells 25 top [((-8, -1), 25)] job [('haul', 121)] maxcrop 0
  5242996 died 110520 at (253,153) e(-3000)    nan e(-1500)     69 e(-600)    83 hunger>=.5 at  1819 before; last600 drives {'dig': 1, 'out': 116, 'escape': 4} won 120/121 moved 120 cells 40 top [((-3, -2), 13)] job [('forage', 78)] maxcrop 0
  2097587 died 110539 at (263,150) e(-3000)    nan e(-1500)     71 e(-600)    31 hunger>=.5 at  2429 before; last600 drives {'out': 121} won 121/121 moved 121 cells 48 top [((2, 2), 7)] job [('idle', 86)] maxcrop 0
  3146089 died 110544 at (258,154) e(-3000)    nan e(-1500)    106 e(-600)    48 hunger>=.5 at  1994 before; last600 drives {'out': 121} won 121/121 moved 121 cells 47 top [((-2, 3), 9)] job [('dig', 50)] maxcrop 0
  6291858 died 110550 at (252,151) e(-3000)    nan e(-1500)     93 e(-600)    48 hunger>=.5 at  1829 before; last600 drives {'out': 121} won 121/121 moved 121 cells 44 top [((0, 0), 19)] job [('forage', 83)] maxcrop 390
      643 died 110560 at (254,150) e(-3000)    nan e(-1500)     80 e(-600)    17 hunger>=.5 at  1564 before; last600 drives {'out': 119, 'escape': 2} won 121/121 moved 121 cells 35 top [((1, -6), 17)] job [('idle', 106)] maxcrop 0
  6291751 died 110565 at (249,157) e(-3000)    nan e(-1500)    117 e(-600)    61 hunger>=.5 at  1229 before; last600 drives {'out': 115, 'eat': 6} won 121/121 moved 121 cells 28 top [((1, -4), 15)] job [('haul', 114)] maxcrop 0
      540 died 110570 at (256,160) e(-3000)    nan e(-1500)     82 e(-600)    25 hunger>=.5 at  1724 before; last600 drives {'out': 120, 'escape': 1} won 121/121 moved 121 cells 38 top [((-1, -5), 15)] job [('idle', 70)] maxcrop 0
  1049194 died 110580 at (257,152) e(-3000)    nan e(-1500)     73 e(-600)    34 hunger>=.5 at  1764 before; last600 drives {'out': 121} won 121/121 moved 121 cells 32 top [((-4, -4), 15)] job [('idle', 121)] maxcrop 0
  4194426 died 110584 at (251,152) e(-3000)    nan e(-1500)    112 e(-600)    76 hunger>=.5 at  1054 before; last600 drives {'haul': 8, 'out': 103, 'escape': 10} won 116/121 moved 116 cells 30 top [((1, -4), 10)] job [('haul', 121)] maxcrop 0
  5243113 died 110585 at (260,153) e(-3000)    nan e(-1500)     74 e(-600)    48 hunger>=.5 at  1624 before; last600 drives {'out': 121} won 121/121 moved 121 cells 58 top [((-2, 1), 7)] job [('idle', 81)] maxcrop 0
  5243003 died 110589 at (249,157) e(-3000)    nan e(-1500)    128 e(-600)    49 hunger>=.5 at  1094 before; last600 drives {'out': 118, 'escape': 3} won 121/121 moved 121 cells 43 top [((-3, 0), 20)] job [('haul', 121)] maxcrop 0
  1049015 died 110595 at (253,148) e(-3000)    nan e(-1500)     77 e(-600)    40 hunger>=.5 at  2074 before; last600 drives {'out': 111, 'escape': 10} won 121/121 moved 121 cells 43 top [((-2, -7), 16)] job [('forage', 87)] maxcrop 2638
  3145900 died 110600 at (253,149) e(-3000)    nan e(-1500)     84 e(-600)    20 hunger>=.5 at  1794 before; last600 drives {'out': 121} won 121/121 moved 121 cells 44 top [((2, 1), 7)] job [('forage', 114)] maxcrop 463
  1049210 died 110600 at (253,156) e(-3000)    nan e(-1500)     88 e(-600)    40 hunger>=.5 at  2119 before; last600 drives {'out': 114, 'escape': 7} won 121/121 moved 121 cells 32 top [((-3, -3), 14)] job [('forage', 74)] maxcrop 0
  2097778 died 110604 at (260,151) e(-3000)    nan e(-1500)     66 e(-600)    34 hunger>=.5 at  1734 before; last600 drives {'out': 121} won 121/121 moved 121 cells 61 top [((1, 1), 6)] job [('forage', 121)] maxcrop 0
  2097267 died 110604 at (253,148) e(-3000)    nan e(-1500)     65 e(-600)    48 hunger>=.5 at  1934 before; last600 drives {'out': 121} won 121/121 moved 121 cells 46 top [((-2, 3), 11)] job [('dig', 91)] maxcrop 936
  3146170 died 110609 at (257,152) e(-3000)    nan e(-1500)     76 e(-600)    37 hunger>=.5 at  2214 before; last600 drives {'out': 119, 'escape': 2} won 121/121 moved 121 cells 37 top [((-1, -2), 13)] job [('forage', 114)] maxcrop 0
  5243302 died 110610 at (252,151) e(-3000)    nan e(-1500)    101 e(-600)    90 hunger>=.5 at  1314 before; last600 drives {'haul': 8, 'out': 109, 'escape': 4} won 120/121 moved 120 cells 40 top [((2, -5), 12)] job [('haul', 120)] maxcrop 0
  1049245 died 110614 at (252,151) e(-3000)    nan e(-1500)     63 e(-600)    20 hunger>=.5 at  1779 before; last600 drives {'out': 121} won 121/121 moved 121 cells 49 top [((2, 2), 10)] job [('dig', 62)] maxcrop 0
  1049131 died 110615 at (252,152) e(-3000)    nan e(-1500)     68 e(-600)    33 hunger>=.5 at  1799 before; last600 drives {'out': 117, 'escape': 4} won 121/121 moved 121 cells 43 top [((-3, -6), 13)] job [('haul', 64)] maxcrop 0
  3145731 died 110620 at (254,152) e(-3000)    nan e(-1500)     78 e(-600)    52 hunger>=.5 at  1609 before; last600 drives {'out': 116, 'escape': 5} won 121/121 moved 121 cells 41 top [((-4, -3), 16)] job [('forage', 55)] maxcrop 0
      490 died 110620 at (251,154) e(-3000)    nan e(-1500)     78 e(-600)   101 hunger>=.5 at  1889 before; last600 drives {'haul': 10, 'out': 109, 'escape': 2} won 118/121 moved 118 cells 44 top [((-1, -6), 12)] job [('haul', 114)] maxcrop 203
  2097277 died 110635 at (254,153) e(-3000)    nan e(-1500)     88 e(-600)    49 hunger>=.5 at  2099 before; last600 drives {'out': 112, 'eat': 9} won 121/121 moved 121 cells 31 top [((-8, -1), 17)] job [('forage', 121)] maxcrop 299
  3146114 died 110639 at (252,151) e(-3000)    nan e(-1500)     92 e(-600)    33 hunger>=.5 at  1824 before; last600 drives {'out': 115, 'escape': 6} won 121/121 moved 121 cells 35 top [((-1, -6), 19)] job [('forage', 100)] maxcrop 0
  3146016 died 110640 at (253,147) e(-3000)    nan e(-1500)     96 e(-600)     6 hunger>=.5 at  1389 before; last600 drives {'out': 118, 'escape': 3} won 121/121 moved 121 cells 34 top [((-3, -7), 13)] job [('haul', 121)] maxcrop 0
  4194504 died 110644 at (258,156) e(-3000)    nan e(-1500)     68 e(-600)    76 hunger>=.5 at  1864 before; last600 drives {'forage': 27, 'out': 75, 'escape': 19} won 113/121 moved 114 cells 71 top [((-2, -9), 12)] job [('forage', 72)] maxcrop 251
      701 died 110649 at (254,151) e(-3000)    nan e(-1500)    327 e(-600)    37 hunger>=.5 at   824 before; last600 drives {'out': 121} won 121/121 moved 121 cells 64 top [((-1, 2), 7)] job [('idle', 68)] maxcrop 972
  2097617 died 110659 at (255,153) e(-3000)    nan e(-1500)     77 e(-600)    17 hunger>=.5 at  1589 before; last600 drives {'out': 121} won 121/121 moved 121 cells 52 top [((1, -2), 7)] job [('idle', 108)] maxcrop 0
      623 died 110664 at (253,155) e(-3000)    nan e(-1500)    126 e(-600)    61 hunger>=.5 at   999 before; last600 drives {'out': 107, 'escape': 14} won 121/121 moved 121 cells 38 top [((3, -5), 17)] job [('haul', 119)] maxcrop 0
  5243047 died 110665 at (253,153) e(-3000)    nan e(-1500)    130 e(-600)    62 hunger>=.5 at  1114 before; last600 drives {'out': 114, 'escape': 7} won 121/121 moved 121 cells 40 top [((-2, -7), 13)] job [('haul', 121)] maxcrop 0
  4194686 died 110669 at (251,153) e(-3000)    nan e(-1500)     67 e(-600)    33 hunger>=.5 at  2164 before; last600 drives {'out': 109, 'escape': 12} won 120/121 moved 120 cells 42 top [((-2, -1), 9)] job [('forage', 76)] maxcrop 0
  4194451 died 110670 at (250,155) e(-3000)    nan e(-1500)    123 e(-600)    62 hunger>=.5 at  1054 before; last600 drives {'out': 120, 'escape': 1} won 121/121 moved 121 cells 28 top [((-3, -8), 18)] job [('haul', 121)] maxcrop 0
  3145872 died 110679 at (253,151) e(-3000)    nan e(-1500)     91 e(-600)   113 hunger>=.5 at  1444 before; last600 drives {'haul': 11, 'out': 102, 'escape': 8} won 121/121 moved 121 cells 31 top [((0, -8), 14)] job [('haul', 121)] maxcrop 0
  2097536 died 110679 at (256,150) e(-3000)    nan e(-1500)     93 e(-600)    28 hunger>=.5 at  1454 before; last600 drives {'out': 121} won 121/121 moved 121 cells 33 top [((-2, -3), 15)] job [('idle', 121)] maxcrop 493
  1048884 died 110680 at (254,154) e(-3000)    nan e(-1500)    144 e(-600)    62 hunger>=.5 at   819 before; last600 drives {'out': 100, 'escape': 21} won 120/121 moved 120 cells 41 top [((4, -6), 16)] job [('haul', 121)] maxcrop 0
  4194777 died 110680 at (254,148) e(-3000)    nan e(-1500)     96 e(-600)    62 hunger>=.5 at  1369 before; last600 drives {'out': 110, 'escape': 11} won 121/121 moved 121 cells 31 top [((-2, -9), 20)] job [('haul', 121)] maxcrop 0
      651 died 110680 at (260,151) e(-3000)    nan e(-1500)     54 e(-600)    38 hunger>=.5 at  1934 before; last600 drives {'out': 116, 'escape': 5} won 121/121 moved 121 cells 43 top [((-2, -4), 10)] job [('forage', 80)] maxcrop 0
      682 died 110689 at (253,148) e(-3000)    nan e(-1500)     83 e(-600)    62 hunger>=.5 at  2009 before; last600 drives {'out': 119, 'escape': 2} won 120/121 moved 120 cells 41 top [((5, -8), 11)] job [('haul', 108)] maxcrop 0
  2097615 died 110689 at (259,155) e(-3000)    nan e(-1500)     72 e(-600)    62 hunger>=.5 at  2209 before; last600 drives {'out': 92, 'escape': 29} won 121/121 moved 121 cells 41 top [((-2, -9), 14)] job [('haul', 121)] maxcrop 0
  4194492 died 110689 at (258,153) e(-3000)    nan e(-1500)     84 e(-600)    34 hunger>=.5 at  1939 before; last600 drives {'out': 121} won 121/121 moved 121 cells 44 top [((-1, -3), 13)] job [('idle', 115)] maxcrop 0
  6292046 died 110690 at (255,152) e(-3000)    nan e(-1500)     73 e(-600)    62 hunger>=.5 at  1639 before; last600 drives {'out': 101, 'escape': 20} won 120/121 moved 120 cells 48 top [((-1, -9), 8)] job [('haul', 121)] maxcrop 0
  1048859 died 110690 at (253,158) e(-3000)    nan e(-1500)     69 e(-600)    43 hunger>=.5 at  2159 before; last600 drives {'out': 109, 'escape': 2, 'eat': 10} won 121/121 moved 121 cells 36 top [((-8, -1), 17)] job [('haul', 69)] maxcrop 0
      691 died 110694 at (253,147) e(-3000)    nan e(-1500)    119 e(-600)    64 hunger>=.5 at  1159 before; last600 drives {'out': 109, 'escape': 12} won 121/121 moved 121 cells 45 top [((0, -8), 12)] job [('haul', 113)] maxcrop 0
      689 died 110699 at (249,158) e(-3000)    nan e(-1500)    210 e(-600)    38 hunger>=.5 at  1034 before; last600 drives {'out': 116, 'escape': 5} won 121/121 moved 121 cells 42 top [((-8, -1), 12)] job [('forage', 90)] maxcrop 1008
  2097285 died 110699 at (250,157) e(-3000)    nan e(-1500)    129 e(-600)    62 hunger>=.5 at  1179 before; last600 drives {'out': 118, 'escape': 1, 'eat': 2} won 121/121 moved 121 cells 41 top [((-2, -8), 11)] job [('haul', 112)] maxcrop 0
      448 died 110699 at (262,150) e(-3000)    nan e(-1500)     89 e(-600)    54 hunger>=.5 at  1539 before; last600 drives {'out': 108, 'escape': 13} won 121/121 moved 121 cells 43 top [((-1, -1), 16)] job [('forage', 97)] maxcrop 101
  4194548 died 110704 at (253,157) e(-3000)    nan e(-1500)     88 e(-600)    12 hunger>=.5 at  1704 before; last600 drives {'out': 121} won 121/121 moved 121 cells 50 top [((1, -4), 15)] job [('idle', 117)] maxcrop 0
  4194705 died 110710 at (256,153) e(-3000)    nan e(-1500)    125 e(-600)    41 hunger>=.5 at  1154 before; last600 drives {'out': 102, 'escape': 19} won 121/121 moved 121 cells 44 top [((0, -9), 11)] job [('haul', 107)] maxcrop 0
  4194353 died 110710 at (257,153) e(-3000)    nan e(-1500)    126 e(-600)    62 hunger>=.5 at  1199 before; last600 drives {'out': 118, 'escape': 3} won 120/121 moved 120 cells 46 top [((-1, -7), 14)] job [('haul', 104)] maxcrop 0
  2097723 died 110714 at (252,157) e(-3000)    nan e(-1500)    103 e(-600)    61 hunger>=.5 at  1204 before; last600 drives {'out': 120, 'eat': 1} won 121/121 moved 121 cells 46 top [((-2, -5), 7)] job [('haul', 108)] maxcrop 0
  1049104 died 110715 at (259,152) e(-3000)    nan e(-1500)    161 e(-600)    57 hunger>=.5 at  1229 before; last600 drives {'out': 116, 'escape': 4, 'eat': 1} won 121/121 moved 121 cells 45 top [((-3, -7), 11)] job [('haul', 74)] maxcrop 1655
  7340055 died 110719 at (254,153) e(-3000)    nan e(-1500)     81 e(-600)    72 hunger>=.5 at  1539 before; last600 drives {'haul': 2, 'out': 118, 'eat': 1} won 120/121 moved 120 cells 31 top [((1, -8), 20)] job [('haul', 86)] maxcrop 0
  3146075 died 110730 at (258,153) e(-3000)    nan e(-1500)    113 e(-600)    56 hunger>=.5 at  1264 before; last600 drives {'out': 115, 'escape': 5, 'eat': 1} won 121/121 moved 121 cells 61 top [((1, -6), 7)] job [('haul', 71)] maxcrop 0
  6291799 died 110734 at (260,152) e(-3000)    nan e(-1500)    142 e(-600)    63 hunger>=.5 at   844 before; last600 drives {'out': 48, 'escape': 73} won 120/121 moved 120 cells 14 top [((7, -10), 41)] job [('haul', 118)] maxcrop 0
  2097609 died 110739 at (260,151) e(-3000)    nan e(-1500)    118 e(-600)    62 hunger>=.5 at  1164 before; last600 drives {'out': 96, 'escape': 25} won 120/121 moved 120 cells 37 top [((4, -7), 15)] job [('haul', 121)] maxcrop 0
  1049188 died 110739 at (260,152) e(-3000)    nan e(-1500)     95 e(-600)    52 hunger>=.5 at  1399 before; last600 drives {'out': 82, 'escape': 39} won 120/121 moved 120 cells 15 top [((5, -7), 19)] job [('haul', 119)] maxcrop 0
  2097276 died 110750 at (247,159) e(-3000)    nan e(-1500)    111 e(-600)    64 hunger>=.5 at  1039 before; last600 drives {'out': 119, 'eat': 2} won 121/121 moved 121 cells 46 top [((-2, 2), 10)] job [('idle', 70)] maxcrop 378
  2097454 died 110754 at (248,159) e(-3000)    nan e(-1500)     47 e(-600)    58 hunger>=.5 at  1894 before; last600 drives {'out': 112, 'escape': 8, 'eat': 1} won 121/121 moved 121 cells 47 top [((-2, -10), 14)] job [('haul', 87)] maxcrop 0
  2097256 died 110760 at (258,156) e(-3000)    nan e(-1500)     88 e(-600)    50 hunger>=.5 at  1474 before; last600 drives {'out': 120, 'escape': 1} won 121/121 moved 121 cells 39 top [((-2, -10), 15)] job [('haul', 109)] maxcrop 0
  1049195 died 110760 at (260,151) e(-3000)    nan e(-1500)    113 e(-600)    60 hunger>=.5 at   879 before; last600 drives {'out': 101, 'escape': 19, 'eat': 1} won 121/121 moved 121 cells 39 top [((6, -9), 11)] job [('haul', 92)] maxcrop 0
  7340347 died 110790 at (247,159) e(-3000)    nan e(-1500)     87 e(-600)    34 hunger>=.5 at  2169 before; last600 drives {'out': 120, 'eat': 1} won 121/121 moved 121 cells 63 top [((-7, -2), 5)] job [('forage', 81)] maxcrop 0
  6291564 died 110804 at (247,159) e(-3000)    nan e(-1500)     90 e(-600)    44 hunger>=.5 at  1794 before; last600 drives {'out': 90, 'escape': 31} won 121/121 moved 121 cells 33 top [((-8, -1), 20)] job [('idle', 55)] maxcrop 0
      292 died 110809 at (260,152) e(-3000)    nan e(-1500)    131 e(-600)    59 hunger>=.5 at   869 before; last600 drives {'out': 94, 'escape': 27} won 121/121 moved 121 cells 50 top [((7, -10), 17)] job [('haul', 88)] maxcrop 0
  3146122 died 110925 at (257,147) e(-3000)    nan e(-1500)    117 e(-600)    31 hunger>=.5 at  2114 before; last600 drives {'out': 120, 'eat': 1} won 121/121 moved 121 cells 61 top [((0, 1), 9)] job [('idle', 55)] maxcrop 425
  2097380 died 110969 at (259,150) e(-3000)    nan e(-1500)    nan e(-600)    53 hunger>=.5 at   674 before; last600 drives {'out': 120, 'eat': 1} won 121/121 moved 121 cells 59 top [((3, -6), 7)] job [('idle', 78)] maxcrop 0
  5243299 died 110970 at (257,149) e(-3000)    nan e(-1500)    139 e(-600)    60 hunger>=.5 at   924 before; last600 drives {'escape': 32, 'out': 89} won 121/121 moved 121 cells 56 top [((7, -10), 10)] job [('haul', 81)] maxcrop 0
  3145883 died 111019 at (258,150) e(-3000)    nan e(-1500)     50 e(-600)    22 hunger>=.5 at  1929 before; last600 drives {'out': 113, 'escape': 8} won 121/121 moved 121 cells 59 top [((4, -8), 9)] job [('idle', 83)] maxcrop 0
      693 died 111050 at (257,151) e(-3000)    nan e(-1500)     44 e(-600)    43 hunger>=.5 at  1979 before; last600 drives {'out': 101, 'escape': 20} won 121/121 moved 121 cells 55 top [((7, -10), 8)] job [('haul', 72)] maxcrop 0
  7340374 died 111069 at (253,152) e(-3000)    nan e(-1500)     80 e(-600)    23 hunger>=.5 at  1549 before; last600 drives {'escape': 9, 'out': 111, 'eat': 1} won 121/121 moved 121 cells 57 top [((2, -14), 16)] job [('idle', 71)] maxcrop 0
  1049026 died 111085 at (254,158) e(-3000)    nan e(-1500)    127 e(-600)    49 hunger>=.5 at   579 before; last600 drives {'carry': 8, 'out': 113} won 119/121 moved 119 cells 63 top [((-6, -3), 5)] job [('idle', 107)] maxcrop 1949
  3146173 died 111085 at (253,152) e(-3000)    nan e(-1500)     67 e(-600)    33 hunger>=.5 at  2584 before; last600 drives {'out': 121} won 121/121 moved 121 cells 69 top [((-3, -13), 6)] job [('idle', 112)] maxcrop 0
      639 died 111100 at (254,153) e(-3000)    nan e(-1500)    109 e(-600)    36 hunger>=.5 at  1099 before; last600 drives {'out': 116, 'escape': 4, 'eat': 1} won 121/121 moved 121 cells 51 top [((4, -8), 10)] job [('idle', 83)] maxcrop 0
