starved in window end: 104
cuts by (code, drive): [(('1', 'dig'), 162), (('2', 'escape'), 141), (('3', 'escape'), 30), (('4', 'home'), 36)]
 code 2 places (col vs door, row vs ground), top 15: [((-2, -4), 5), ((2, 3), 4), ((12, -9), 3), ((-10, -5), 3), ((-10, -6), 3), ((-12, -8), 3), ((9, -6), 2), ((12, -10), 2), ((-5, 6), 2), ((2, -1), 2), ((0, 7), 2), ((-14, 6), 2), ((4, -4), 2), ((-1, -7), 2), ((-3, 6), 2)]
 code 3 places (col vs door, row vs ground), top 15: [((8, -7), 3), ((8, -8), 2), ((8, -9), 2), ((7, -10), 1), ((6, -11), 1), ((5, -12), 1), ((8, -2), 1), ((7, -7), 1), ((7, -8), 1), ((6, -9), 1), ((8, -4), 1), ((8, -5), 1), ((8, -6), 1), ((8, -10), 1), ((8, -11), 1)]
 code 4 places (col vs door, row vs ground), top 15: [((1, -14), 7), ((2, -15), 3), ((1, -12), 3), ((-3, -5), 2), ((-1, -4), 2), ((0, -14), 2), ((1, -13), 2), ((0, -12), 1), ((-4, -7), 1), ((0, -11), 1), ((0, -4), 1), ((-1, -3), 1), ((0, -3), 1), ((0, -10), 1), ((2, -14), 1)]
 code 1 places (col vs door, row vs ground), top 15: [((-9, 26), 3), ((-4, 28), 3), ((-5, 30), 3), ((4, 25), 3), ((-1, 2), 3), ((-12, 26), 3), ((-11, 24), 2), ((12, 20), 2), ((8, 25), 2), ((-6, 26), 2), ((5, 24), 2), ((13, 21), 2), ((1, 7), 2), ((-1, 7), 2), ((-8, 27), 2)]
out/escape rows by (drive, won, moved): [(('escape', '0', '1'), 30), (('escape', '1', '1'), 1607), (('out', '0', '0'), 5080), (('out', '0', '1'), 644), (('out', '1', '1'), 31681)]
ant 129 died 75914 rows 801 energy 182->0 crop0 0 drives {'forage': 430, 'home': 33, 'rest': 10, 'dig': 84, 'out': 170, 'haul': 70, 'escape': 4} won 549 moved 585 maxstall 44 cuts {'1': 1, '2': 1} distinct cells 256 top [((3, -2), 32), ((2, -1), 23), ((3, -3), 22)] job_end haul
ant 2097349 died 75954 rows 801 energy 184->0 crop0 0 drives {'haul': 650, 'out': 137, 'escape': 14} won 656 moved 656 maxstall 64 cuts {} distinct cells 63 top [((4, -4), 29), ((1, 0), 27), ((-2, -10), 27)] job_end haul
ant 1049017 died 75955 rows 494 energy 382->0 crop0 0 drives {'rest': 12, 'dig': 45, 'haul': 270, 'out': 167} won 412 moved 412 maxstall 41 cuts {'1': 1} distinct cells 86 top [((-1, 1), 30), ((0, -7), 30), ((1, 0), 23)] job_end haul
ant 380 died 75965 rows 801 energy 146->0 crop0 0 drives {'dig': 283, 'rest': 129, 'home': 1, 'out': 181, 'haul': 207} won 534 moved 554 maxstall 45 cuts {'1': 2} distinct cells 168 top [((-1, -1), 49), ((0, -1), 48), ((0, 0), 29)] job_end haul
ant 369 died 75974 rows 801 energy 166->0 crop0 441 drives {'forage': 391, 'rest': 15, 'dig': 2, 'haul': 214, 'out': 171, 'escape': 8} won 594 moved 604 maxstall 48 cuts {'1': 1} distinct cells 179 top [((0, -1), 73), ((-1, -1), 64), ((4, -6), 25)] job_end haul
ant 1048789 died 75989 rows 801 energy 167->0 crop0 0 drives {'forage': 73, 'home': 39, 'dig': 24, 'rest': 9, 'haul': 462, 'out': 130, 'escape': 64} won 604 moved 604 maxstall 109 cuts {'1': 1} distinct cells 82 top [((4, -8), 54), ((0, 0), 39), ((0, -1), 36)] job_end haul
ant 1048775 died 75990 rows 801 energy 160->0 crop0 0 drives {'dig': 110, 'rest': 13, 'forage': 480, 'out': 195, 'escape': 3} won 482 moved 508 maxstall 66 cuts {'2': 1} distinct cells 196 top [((-2, -4), 27), ((0, -1), 20), ((-1, -1), 19)] job_end haul
ant 466 died 76000 rows 801 energy 155->0 crop0 0 drives {'rest': 57, 'dig': 28, 'haul': 548, 'out': 158, 'escape': 10} won 555 moved 562 maxstall 119 cuts {'1': 1} distinct cells 119 top [((0, -1), 56), ((2, -1), 43), ((-1, 1), 29)] job_end haul
ant 1048743 died 76010 rows 801 energy 162->0 crop0 0 drives {'forage': 215, 'home': 13, 'dig': 70, 'rest': 89, 'haul': 214, 'out': 132, 'escape': 68} won 528 moved 537 maxstall 136 cuts {'1': 1, '2': 1} distinct cells 123 top [((4, -5), 30), ((0, 1), 29), ((4, -8), 29)] job_end haul
ant 2097385 died 76019 rows 801 energy 182->0 crop0 0 drives {'haul': 616, 'out': 185} won 660 moved 660 maxstall 44 cuts {} distinct cells 60 top [((0, 0), 41), ((-1, -3), 33), ((1, 0), 32)] job_end haul
ant 3145947 died 76024 rows 801 energy 171->0 crop0 0 drives {'haul': 638, 'out': 92, 'escape': 71} won 664 moved 664 maxstall 100 cuts {} distinct cells 60 top [((5, -7), 49), ((4, -6), 46), ((4, -8), 42)] job_end haul
ant 2097540 died 76030 rows 801 energy 164->0 crop0 0 drives {'haul': 641, 'out': 160} won 638 moved 638 maxstall 55 cuts {} distinct cells 66 top [((3, -3), 50), ((4, -4), 48), ((4, -5), 40)] job_end haul
ant 1049085 died 76035 rows 801 energy 653->0 crop0 0 drives {'home': 180, 'carry': 54, 'forage': 120, 'rest': 2, 'dig': 8, 'haul': 218, 'out': 206, 'escape': 13} won 596 moved 616 maxstall 100 cuts {'1': 1} distinct cells 200 top [((0, 0), 34), ((1, 1), 25), ((0, 1), 22)] job_end haul
ant 4194631 died 76045 rows 801 energy 188->0 crop0 0 drives {'haul': 379, 'out': 221, 'dig': 97, 'eat': 4, 'rest': 100} won 552 moved 568 maxstall 69 cuts {'1': 1} distinct cells 129 top [((-1, -1), 50), ((0, -1), 48), ((0, 2), 43)] job_end idle
ant 602 died 76055 rows 801 energy 182->0 crop0 0 drives {'haul': 628, 'out': 162, 'escape': 11} won 662 moved 662 maxstall 111 cuts {} distinct cells 60 top [((-1, -1), 40), ((0, -7), 40), ((4, -4), 39)] job_end haul
ant 2097174 died 76075 rows 801 energy 162->0 crop0 0 drives {'forage': 520, 'rest': 9, 'dig': 43, 'out': 152, 'haul': 76, 'eat': 1} won 537 moved 570 maxstall 78 cuts {'1': 1} distinct cells 250 top [((2, -2), 41), ((2, -1), 31), ((0, 1), 14)] job_end haul
ant 1049012 died 76090 rows 801 energy 140->0 crop0 0 drives {'forage': 146, 'rest': 2, 'home': 9, 'eat': 2, 'out': 200, 'dig': 74, 'haul': 368} won 617 moved 630 maxstall 59 cuts {'1': 1} distinct cells 156 top [((0, -1), 62), ((0, 0), 44), ((-1, -1), 43)] job_end idle
ant 4194619 died 76094 rows 801 energy 138->0 crop0 0 drives {'dig': 88, 'rest': 46, 'out': 218, 'haul': 448, 'eat': 1} won 608 moved 620 maxstall 54 cuts {'1': 1} distinct cells 117 top [((1, 1), 54), ((1, 0), 52), ((0, 1), 52)] job_end haul
ant 3145913 died 76094 rows 801 energy 169->0 crop0 0 drives {'haul': 649, 'out': 138, 'escape': 14} won 579 moved 580 maxstall 131 cuts {} distinct cells 64 top [((4, -3), 117), ((3, -3), 61), ((2, -4), 43)] job_end haul
ant 1049128 died 76094 rows 396 energy 370->0 crop0 0 drives {'rest': 8, 'dig': 3, 'haul': 236, 'out': 149} won 340 moved 345 maxstall 128 cuts {'1': 1} distinct cells 85 top [((0, -8), 62), ((0, -7), 61), ((-1, -5), 20)] job_end haul
ant 307 died 76095 rows 801 energy 147->0 crop0 0 drives {'forage': 134, 'rest': 6, 'dig': 24, 'haul': 484, 'out': 113, 'escape': 40} won 608 moved 618 maxstall 117 cuts {'1': 1} distinct cells 144 top [((0, -1), 48), ((-2, -5), 41), ((-2, -4), 38)] job_end haul
ant 3145880 died 76095 rows 801 energy 144->0 crop0 0 drives {'dig': 11, 'rest': 28, 'forage': 120, 'eat': 2, 'haul': 470, 'out': 170} won 620 moved 642 maxstall 15 cuts {'1': 1} distinct cells 161 top [((1, 1), 39), ((0, 0), 38), ((0, -1), 33)] job_end haul
ant 2097321 died 76104 rows 801 energy 162->0 crop0 0 drives {'forage': 28, 'rest': 5, 'dig': 3, 'haul': 611, 'out': 64, 'escape': 90} won 651 moved 653 maxstall 120 cuts {'1': 1} distinct cells 100 top [((4, -8), 61), ((5, -7), 57), ((3, -2), 38)] job_end haul
ant 8388838 died 76109 rows 561 energy 173->0 crop0 0 drives {'dig': 44, 'home': 7, 'rest': 26, 'haul': 288, 'out': 195, 'eat': 1} won 455 moved 455 maxstall 90 cuts {'1': 1} distinct cells 56 top [((1, 1), 51), ((1, 0), 35), ((2, 2), 33)] job_end dig
ant 1048797 died 76119 rows 801 energy 164->0 crop0 0 drives {'haul': 590, 'out': 211} won 654 moved 654 maxstall 98 cuts {} distinct cells 64 top [((0, -1), 56), ((-1, -1), 37), ((0, 2), 34)] job_end dig
ant 1048874 died 76130 rows 801 energy 136->0 crop0 0 drives {'forage': 323, 'rest': 68, 'dig': 102, 'out': 195, 'eat': 8, 'haul': 104, 'escape': 1} won 491 moved 517 maxstall 37 cuts {'1': 1, '2': 1} distinct cells 219 top [((11, 22), 24), ((12, 20), 22), ((-1, 2), 20)] job_end haul
ant 505 died 76130 rows 800 energy 161->8 crop0 0 drives {'haul': 664, 'out': 130, 'escape': 6} won 655 moved 655 maxstall 106 cuts {} distinct cells 53 top [((0, -5), 53), ((-1, -5), 53), ((0, -7), 46)] job_end haul
ant 3145792 died 76134 rows 414 energy 166->0 crop0 0 drives {'rest': 24, 'dig': 1, 'haul': 234, 'out': 121, 'escape': 34} won 330 moved 332 maxstall 123 cuts {'1': 1} distinct cells 68 top [((4, -6), 45), ((4, -5), 40), ((4, -4), 36)] job_end haul
ant 1048911 died 76135 rows 801 energy 187->0 crop0 320 drives {'forage': 500, 'rest': 7, 'dig': 26, 'out': 214, 'haul': 54} won 502 moved 564 maxstall 42 cuts {'1': 1} distinct cells 255 top [((-1, -1), 43), ((-1, -2), 29), ((0, 0), 27)] job_end forage
ant 255 died 76139 rows 801 energy 364->0 crop0 2793 drives {'carry': 135, 'forage': 115, 'rest': 2, 'dig': 4, 'haul': 370, 'out': 165, 'escape': 10} won 632 moved 645 maxstall 115 cuts {'1': 1} distinct cells 163 top [((4, -3), 34), ((1, 1), 27), ((3, -3), 26)] job_end haul
ant 2097552 died 76149 rows 801 energy 167->0 crop0 0 drives {'forage': 133, 'rest': 120, 'eat': 1, 'dig': 218, 'haul': 160, 'out': 161, 'escape': 8} won 493 moved 501 maxstall 125 cuts {'1': 1} distinct cells 180 top [((-2, -4), 46), ((-1, -3), 45), ((1, 26), 38)] job_end haul
ant 542 died 76150 rows 801 energy 165->0 crop0 0 drives {'haul': 652, 'out': 149} won 646 moved 646 maxstall 136 cuts {} distinct cells 55 top [((1, -7), 88), ((0, -8), 66), ((1, -8), 48)] job_end haul
ant 515 died 76159 rows 801 energy 138->0 crop0 0 drives {'forage': 474, 'rest': 13, 'dig': 16, 'haul': 88, 'out': 210} won 520 moved 562 maxstall 108 cuts {'1': 1} distinct cells 235 top [((1, 2), 25), ((-1, 2), 21), ((0, 2), 20)] job_end idle
ant 2097205 died 76164 rows 801 energy 158->0 crop0 0 drives {'haul': 570, 'out': 198, 'dig': 32, 'eat': 1} won 653 moved 660 maxstall 84 cuts {'1': 1} distinct cells 113 top [((5, -7), 45), ((4, -5), 41), ((4, -6), 38)] job_end idle
ant 3146025 died 76170 rows 801 energy 170->0 crop0 0 drives {'haul': 508, 'out': 212, 'dig': 81} won 652 moved 652 maxstall 42 cuts {} distinct cells 79 top [((0, -1), 70), ((1, 1), 42), ((-1, -2), 40)] job_end idle
ant 1049109 died 76189 rows 801 energy 134->0 crop0 0 drives {'rest': 83, 'out': 137, 'dig': 21, 'home': 1, 'haul': 548, 'escape': 11} won 567 moved 583 maxstall 90 cuts {'1': 1} distinct cells 136 top [((-2, -4), 41), ((-2, -5), 40), ((-1, -6), 39)] job_end haul
ant 2097698 died 76190 rows 801 energy 457->0 crop0 572 drives {'carry': 145, 'forage': 88, 'home': 4, 'dig': 37, 'rest': 36, 'haul': 338, 'out': 145, 'escape': 8} won 595 moved 609 maxstall 99 cuts {'1': 1} distinct cells 151 top [((-1, -10), 43), ((1, -6), 30), ((4, -4), 28)] job_end haul
ant 3146069 died 76194 rows 801 energy 148->0 crop0 0 drives {'haul': 561, 'out': 239, 'escape': 1} won 659 moved 659 maxstall 163 cuts {'2': 1} distinct cells 60 top [((0, -8), 84), ((1, -8), 79), ((0, -1), 30)] job_end idle
ant 570 died 76200 rows 801 energy 178->0 crop0 0 drives {'haul': 586, 'out': 125, 'escape': 90} won 603 moved 614 maxstall 179 cuts {'2': 1} distinct cells 99 top [((0, -1), 85), ((4, -6), 52), ((4, -5), 51)] job_end haul
ant 1049046 died 76200 rows 801 energy 144->0 crop0 0 drives {'haul': 647, 'out': 154} won 676 moved 676 maxstall 120 cuts {} distinct cells 57 top [((1, -8), 76), ((1, -7), 68), ((-1, -3), 34)] job_end haul
ant 1048585 died 76204 rows 801 energy 139->0 crop0 0 drives {'dig': 21, 'rest': 11, 'haul': 618, 'out': 128, 'escape': 23} won 636 moved 639 maxstall 96 cuts {'1': 1} distinct cells 100 top [((3, -2), 63), ((3, -3), 46), ((4, -3), 45)] job_end haul
ant 1048957 died 76204 rows 801 energy 149->0 crop0 0 drives {'haul': 648, 'out': 136, 'escape': 17} won 661 moved 661 maxstall 75 cuts {} distinct cells 55 top [((1, -6), 46), ((2, -5), 44), ((-3, -9), 35)] job_end haul
ant 1049090 died 76209 rows 801 energy 160->0 crop0 0 drives {'haul': 649, 'out': 136, 'escape': 16} won 658 moved 658 maxstall 45 cuts {} distinct cells 55 top [((-2, -4), 32), ((-1, -3), 31), ((4, -6), 30)] job_end haul
ant 1048998 died 76214 rows 801 energy 127->0 crop0 0 drives {'forage': 191, 'rest': 5, 'dig': 8, 'haul': 463, 'out': 101, 'escape': 33} won 635 moved 651 maxstall 85 cuts {'1': 1} distinct cells 191 top [((-2, -4), 56), ((-1, -3), 41), ((-1, -4), 31)] job_end haul
ant 1049020 died 76215 rows 801 energy 164->0 crop0 0 drives {'forage': 609, 'out': 163, 'escape': 29} won 483 moved 483 maxstall 142 cuts {'2': 1} distinct cells 43 top [((-1, -3), 57), ((-2, -4), 53), ((1, -5), 44)] job_end haul
ant 344 died 76219 rows 801 energy 148->0 crop0 0 drives {'haul': 649, 'out': 144, 'escape': 8} won 649 moved 649 maxstall 134 cuts {} distinct cells 53 top [((3, -2), 50), ((2, -4), 38), ((4, -6), 35)] job_end haul
ant 1048589 died 76219 rows 801 energy 163->2 crop0 0 drives {'forage': 262, 'home': 6, 'dig': 179, 'rest': 25, 'out': 226, 'haul': 102, 'escape': 1} won 585 moved 600 maxstall 93 cuts {'1': 1, '2': 1} distinct cells 209 top [((2, 2), 22), ((-1, 1), 18), ((1, -6), 17)] job_end idle
ant 345 died 76220 rows 801 energy 162->0 crop0 0 drives {'forage': 183, 'home': 19, 'carry': 9, 'rest': 11, 'dig': 114, 'haul': 262, 'out': 201, 'eat': 2} won 593 moved 596 maxstall 85 cuts {'1': 1} distinct cells 118 top [((-2, 2), 29), ((-1, 1), 29), ((-1, 2), 25)] job_end idle
ant 5243194 died 76220 rows 801 energy 161->0 crop0 0 drives {'forage': 219, 'home': 59, 'carry': 24, 'rest': 58, 'dig': 102, 'haul': 123, 'out': 214, 'escape': 2} won 512 moved 530 maxstall 32 cuts {'1': 1, '2': 1} distinct cells 179 top [((-4, 28), 32), ((0, 0), 28), ((0, -1), 26)] job_end haul
ant 37 died 76224 rows 801 energy 158->0 crop0 0 drives {'haul': 650, 'out': 142, 'escape': 8, 'eat': 1} won 665 moved 665 maxstall 89 cuts {} distinct cells 55 top [((3, -3), 56), ((4, -4), 44), ((4, -5), 43)] job_end haul
ant 1048772 died 76224 rows 801 energy 155->0 crop0 0 drives {'haul': 646, 'out': 139, 'escape': 16} won 637 moved 637 maxstall 136 cuts {} distinct cells 57 top [((1, -5), 52), ((0, -6), 49), ((0, -5), 42)] job_end haul
ant 3146168 died 76225 rows 801 energy 154->0 crop0 0 drives {'forage': 587, 'rest': 3, 'out': 182, 'dig': 28, 'eat': 1} won 518 moved 564 maxstall 95 cuts {} distinct cells 296 top [((0, 2), 17), ((0, 1), 17), ((-1, 2), 14)] job_end idle
ant 3146000 died 76229 rows 801 energy 151->0 crop0 0 drives {'haul': 649, 'out': 85, 'escape': 67} won 658 moved 658 maxstall 134 cuts {} distinct cells 51 top [((4, -8), 86), ((5, -7), 75), ((0, -8), 34)] job_end haul
ant 543 died 76234 rows 801 energy 153->0 crop0 0 drives {'haul': 646, 'out': 155} won 641 moved 641 maxstall 48 cuts {} distinct cells 52 top [((1, -6), 44), ((1, -5), 42), ((0, -6), 41)] job_end haul
ant 4194327 died 76235 rows 801 energy 123->0 crop0 0 drives {'dig': 194, 'rest': 48, 'out': 183, 'haul': 370, 'escape': 6} won 551 moved 573 maxstall 127 cuts {'1': 1} distinct cells 159 top [((1, -8), 57), ((-1, -6), 41), ((1, -7), 40)] job_end haul
ant 294 died 76239 rows 801 energy 155->0 crop0 0 drives {'haul': 584, 'out': 215, 'escape': 1, 'eat': 1} won 657 moved 657 maxstall 30 cuts {'2': 1} distinct cells 66 top [((-1, -1), 36), ((0, 0), 32), ((-1, -3), 31)] job_end forage
ant 5243287 died 76244 rows 801 energy 134->0 crop0 0 drives {'forage': 35, 'out': 161, 'dig': 2, 'haul': 594, 'escape': 9} won 644 moved 644 maxstall 129 cuts {'1': 1} distinct cells 111 top [((4, -5), 45), ((4, -4), 33), ((4, -6), 32)] job_end idle
ant 463 died 76244 rows 801 energy 160->0 crop0 0 drives {'forage': 561, 'home': 6, 'dig': 36, 'out': 182, 'rest': 15, 'eat': 1} won 570 moved 588 maxstall 58 cuts {} distinct cells 245 top [((1, -9), 30), ((1, 1), 26), ((0, -8), 21)] job_end forage
ant 2097581 died 76244 rows 801 energy 148->0 crop0 0 drives {'haul': 643, 'out': 134, 'escape': 24} won 636 moved 636 maxstall 58 cuts {} distinct cells 58 top [((2, -5), 47), ((3, -2), 32), ((2, -4), 31)] job_end haul
ant 1049049 died 76244 rows 801 energy 154->0 crop0 0 drives {'haul': 653, 'out': 141, 'escape': 7} won 656 moved 656 maxstall 135 cuts {'2': 1} distinct cells 48 top [((-1, -6), 46), ((-1, -5), 41), ((-2, -5), 40)] job_end haul
ant 516 died 76244 rows 801 energy 645->0 crop0 2357 drives {'carry': 174, 'forage': 356, 'home': 1, 'out': 212, 'dig': 29, 'haul': 28, 'eat': 1} won 554 moved 558 maxstall 115 cuts {'1': 1} distinct cells 145 top [((-1, -9), 38), ((1, -8), 38), ((1, -5), 35)] job_end idle
ant 1049168 died 76244 rows 801 energy 152->0 crop0 0 drives {'haul': 639, 'out': 63, 'escape': 99} won 664 moved 664 maxstall 135 cuts {'2': 1} distinct cells 57 top [((5, -7), 103), ((4, -6), 92), ((4, -5), 59)] job_end haul
ant 3145764 died 76249 rows 251 energy 169->0 crop0 0 drives {'rest': 5, 'dig': 48, 'out': 198} won 221 moved 221 maxstall 118 cuts {} distinct cells 58 top [((-1, 2), 32), ((-2, 2), 24), ((-2, 3), 20)] job_end idle
ant 3146023 died 76259 rows 801 energy 161->0 crop0 0 drives {'home': 191, 'dig': 56, 'rest': 13, 'haul': 385, 'out': 143, 'escape': 13} won 594 moved 595 maxstall 126 cuts {'1': 1} distinct cells 110 top [((1, -6), 55), ((0, -5), 52), ((1, -5), 44)] job_end idle
ant 5243151 died 76265 rows 801 energy 150->0 crop0 0 drives {'haul': 646, 'out': 107, 'escape': 48} won 650 moved 650 maxstall 134 cuts {} distinct cells 54 top [((-2, -5), 58), ((5, -7), 37), ((-1, -4), 36)] job_end haul
ant 4194435 died 76270 rows 801 energy 142->0 crop0 0 drives {'haul': 645, 'out': 82, 'escape': 74} won 638 moved 638 maxstall 102 cuts {} distinct cells 59 top [((5, -7), 46), ((2, -4), 36), ((4, -8), 35)] job_end haul
ant 2097176 died 76270 rows 527 energy 77->0 crop0 0 drives {'out': 150, 'rest': 3, 'dig': 17, 'haul': 351, 'escape': 6} won 440 moved 442 maxstall 63 cuts {'1': 1} distinct cells 86 top [((-1, -6), 54), ((1, -7), 52), ((0, -6), 45)] job_end haul
ant 2097333 died 76274 rows 801 energy 127->0 crop0 0 drives {'forage': 290, 'rest': 3, 'dig': 122, 'haul': 158, 'out': 226, 'eat': 2} won 562 moved 593 maxstall 98 cuts {'1': 1} distinct cells 238 top [((-1, 1), 34), ((0, 0), 33), ((-1, 2), 32)] job_end idle
ant 1048869 died 76284 rows 801 energy 127->0 crop0 0 drives {'forage': 160, 'out': 150, 'rest': 19, 'dig': 42, 'haul': 396, 'escape': 34} won 589 moved 606 maxstall 96 cuts {'1': 1} distinct cells 147 top [((-1, -5), 52), ((0, -5), 38), ((-2, -5), 35)] job_end idle
ant 3145786 died 76289 rows 801 energy 159->0 crop0 0 drives {'haul': 650, 'out': 151} won 658 moved 658 maxstall 39 cuts {} distinct cells 58 top [((-1, -4), 59), ((-3, -9), 46), ((1, -6), 44)] job_end haul
ant 2097629 died 76290 rows 801 energy 152->0 crop0 0 drives {'haul': 680, 'out': 121} won 640 moved 640 maxstall 39 cuts {} distinct cells 57 top [((1, -7), 50), ((1, -8), 48), ((0, -6), 42)] job_end haul
ant 538 died 76300 rows 801 energy 133->0 crop0 0 drives {'forage': 53, 'rest': 15, 'dig': 14, 'haul': 499, 'out': 199, 'escape': 21} won 605 moved 614 maxstall 179 cuts {'1': 1, '2': 1} distinct cells 122 top [((2, -4), 43), ((1, -7), 32), ((0, -6), 27)] job_end idle
ant 520 died 76304 rows 801 energy 141->0 crop0 0 drives {'haul': 535, 'out': 265, 'eat': 1} won 659 moved 659 maxstall 168 cuts {} distinct cells 69 top [((0, -1), 68), ((0, 1), 59), ((0, 0), 52)] job_end forage
ant 2097495 died 76305 rows 801 energy 146->0 crop0 0 drives {'forage': 471, 'rest': 71, 'dig': 25, 'out': 183, 'haul': 50, 'eat': 1} won 500 moved 543 maxstall 70 cuts {'1': 1} distinct cells 261 top [((1, 24), 23), ((0, 0), 22), ((8, 25), 20)] job_end idle
ant 574 died 76305 rows 801 energy 261->0 crop0 5673 drives {'carry': 129, 'forage': 480, 'out': 175, 'dig': 12, 'escape': 5} won 574 moved 623 maxstall 41 cuts {'2': 1} distinct cells 333 top [((2, -1), 24), ((2, -2), 21), ((-2, 25), 15)] job_end forage
ant 2097250 died 76310 rows 801 energy 155->0 crop0 0 drives {'haul': 645, 'out': 112, 'escape': 44} won 634 moved 634 maxstall 111 cuts {} distinct cells 48 top [((-1, -4), 63), ((-2, -5), 54), ((-2, -4), 41)] job_end idle
ant 2097331 died 76314 rows 801 energy 142->0 crop0 0 drives {'dig': 30, 'rest': 35, 'forage': 520, 'out': 216} won 512 moved 540 maxstall 72 cuts {} distinct cells 265 top [((3, -2), 35), ((4, -3), 22), ((-6, 23), 12)] job_end idle
ant 1049166 died 76315 rows 801 energy 123->0 crop0 0 drives {'forage': 601, 'rest': 1, 'out': 199} won 558 moved 609 maxstall 41 cuts {} distinct cells 267 top [((0, -1), 19), ((-1, -4), 18), ((-1, -1), 17)] job_end forage
ant 3145817 died 76315 rows 801 energy 150->0 crop0 0 drives {'rest': 3, 'dig': 2, 'haul': 641, 'out': 111, 'escape': 44} won 641 moved 641 maxstall 104 cuts {'1': 1, '2': 1} distinct cells 87 top [((0, -6), 47), ((-1, -6), 44), ((-2, -5), 33)] job_end haul
ant 1048931 died 76319 rows 801 energy 2611->0 crop0 5491 drives {'carry': 313, 'forage': 322, 'out': 166} won 571 moved 612 maxstall 69 cuts {} distinct cells 238 top [((0, 0), 31), ((0, 2), 20), ((5, -7), 19)] job_end forage
ant 5242895 died 76330 rows 801 energy 143->0 crop0 0 drives {'haul': 653, 'out': 141, 'escape': 7} won 631 moved 631 maxstall 94 cuts {} distinct cells 56 top [((0, -1), 61), ((0, -6), 58), ((0, -8), 56)] job_end haul
ant 4194580 died 76334 rows 801 energy 151->0 crop0 0 drives {'haul': 489, 'out': 264, 'dig': 48} won 620 moved 637 maxstall 37 cuts {} distinct cells 145 top [((0, 0), 33), ((1, 0), 32), ((-1, 1), 29)] job_end forage
ant 9437316 died 76339 rows 801 energy 151->0 crop0 0 drives {'forage': 563, 'out': 199, 'dig': 2, 'haul': 37} won 514 moved 514 maxstall 82 cuts {'1': 1} distinct cells 64 top [((-3, -9), 37), ((0, -8), 35), ((0, -5), 33)] job_end forage
ant 1049105 died 76344 rows 635 energy 603->0 crop0 0 drives {'rest': 52, 'dig': 237, 'haul': 143, 'out': 201, 'eat': 2} won 405 moved 450 maxstall 31 cuts {'1': 1} distinct cells 195 top [((6, 24), 23), ((-1, 1), 17), ((2, 1), 17)] job_end idle
ant 1048958 died 76345 rows 801 energy 145->0 crop0 0 drives {'haul': 637, 'out': 164} won 660 moved 660 maxstall 67 cuts {} distinct cells 49 top [((-1, -4), 75), ((-1, -3), 72), ((-1, -5), 32)] job_end idle
ant 1049164 died 76349 rows 801 energy 974->0 crop0 5071 drives {'carry': 150, 'forage': 411, 'out': 236, 'escape': 1, 'haul': 3} won 517 moved 519 maxstall 38 cuts {'2': 1} distinct cells 131 top [((5, -7), 55), ((-1, -9), 38), ((4, -8), 36)] job_end forage
ant 2097632 died 76355 rows 801 energy 159->0 crop0 0 drives {'forage': 426, 'rest': 34, 'carry': 17, 'eat': 2, 'dig': 68, 'haul': 73, 'out': 181} won 500 moved 517 maxstall 85 cuts {'1': 1} distinct cells 204 top [((1, 2), 28), ((-11, 26), 21), ((0, 1), 19)] job_end idle
ant 81 died 76370 rows 801 energy 1662->0 crop0 3858 drives {'carry': 113, 'forage': 474, 'out': 196, 'dig': 18} won 577 moved 598 maxstall 39 cuts {} distinct cells 326 top [((2, -1), 23), ((2, -2), 22), ((0, 0), 15)] job_end forage
ant 1049055 died 76370 rows 801 energy 162->0 crop0 0 drives {'forage': 432, 'rest': 21, 'dig': 83, 'haul': 81, 'out': 184} won 534 moved 559 maxstall 56 cuts {'1': 1} distinct cells 266 top [((-2, 2), 15), ((-11, 26), 14), ((0, 22), 13)] job_end forage
ant 397 died 76380 rows 801 energy 122->0 crop0 0 drives {'dig': 54, 'rest': 19, 'out': 237, 'haul': 413, 'forage': 78} won 605 moved 625 maxstall 83 cuts {'1': 1} distinct cells 181 top [((0, 0), 27), ((0, -1), 25), ((2, 1), 25)] job_end forage
ant 4194386 died 76455 rows 801 energy 124->0 crop0 0 drives {'forage': 620, 'rest': 2, 'out': 171, 'dig': 7, 'eat': 1} won 479 moved 525 maxstall 21 cuts {} distinct cells 251 top [((11, 23), 17), ((8, 24), 14), ((0, 1), 13)] job_end forage
ant 2097201 died 76465 rows 801 energy 138->0 crop0 0 drives {'haul': 35, 'out': 187, 'dig': 64, 'eat': 4, 'rest': 3, 'forage': 502, 'escape': 6} won 596 moved 621 maxstall 47 cuts {'2': 4} distinct cells 273 top [((-2, 2), 15), ((0, 20), 14), ((-1, 3), 12)] job_end idle
ant 2097636 died 76470 rows 801 energy 131->1 crop0 0 drives {'haul': 54, 'out': 200, 'dig': 39, 'eat': 1, 'rest': 22, 'forage': 480, 'escape': 5} won 547 moved 587 maxstall 34 cuts {'2': 2, '3': 1} distinct cells 302 top [((1, 0), 23), ((1, 1), 20), ((4, -8), 20)] job_end haul
ant 1048992 died 76494 rows 801 energy 123->0 crop0 0 drives {'dig': 78, 'out': 205, 'home': 36, 'forage': 458, 'carry': 24} won 505 moved 521 maxstall 44 cuts {} distinct cells 163 top [((0, -8), 56), ((-1, -9), 29), ((0, 2), 26)] job_end forage
ant 2097471 died 76494 rows 801 energy 139->0 crop0 0 drives {'home': 5, 'forage': 608, 'out': 188} won 601 moved 631 maxstall 56 cuts {} distinct cells 292 top [((-1, 3), 18), ((0, 3), 12), ((0, 33), 12)] job_end forage
ant 4194717 died 76494 rows 536 energy 389->0 crop0 0 drives {'rest': 151, 'dig': 151, 'out': 234} won 299 moved 323 maxstall 57 cuts {} distinct cells 173 top [((10, 17), 46), ((11, 15), 27), ((12, 21), 24)] job_end idle
ant 2097329 died 76664 rows 768 energy 203->9 crop0 0 drives {'haul': 635, 'out': 86, 'escape': 47} won 625 moved 625 maxstall 104 cuts {'2': 5} distinct cells 21 top [((-13, -5), 286), ((-12, -5), 282), ((-12, -6), 92)] job_end haul
ant 4194760 died 76859 rows 729 energy 198->38 crop0 0 drives {'forage': 580, 'out': 134, 'escape': 15} won 412 moved 412 maxstall 67 cuts {'2': 5} distinct cells 20 top [((-11, -4), 303), ((-11, -3), 294), ((-12, -6), 31)] job_end haul
ant 591 died 76919 rows 717 energy 296->40 crop0 0 drives {'forage': 550, 'out': 157, 'escape': 10} won 407 moved 407 maxstall 41 cuts {'2': 5} distinct cells 20 top [((-11, -4), 323), ((-11, -3), 299), ((-12, -7), 16)] job_end idle
ant 1048853 died 76929 rows 715 energy 208->56 crop0 0 drives {'home': 521, 'out': 192, 'escape': 2} won 410 moved 410 maxstall 31 cuts {'2': 2} distinct cells 17 top [((-13, -5), 290), ((-12, -5), 262), ((-12, -6), 84)] job_end idle
ant 1048986 died 76985 rows 703 energy 220->48 crop0 0 drives {'home': 513, 'out': 125, 'escape': 4, 'haul': 61} won 410 moved 410 maxstall 35 cuts {'2': 2} distinct cells 20 top [((-13, -5), 271), ((-12, -5), 255), ((-12, -6), 64)] job_end idle
ant 442 died 77054 rows 690 energy 653->43 crop0 0 drives {'forage': 543, 'out': 126, 'escape': 21} won 428 moved 428 maxstall 59 cuts {'2': 5} distinct cells 18 top [((-12, -5), 286), ((-13, -5), 237), ((-12, -6), 81)] job_end idle
ant 2097198 died 77065 rows 687 energy 209->44 crop0 0 drives {'forage': 525, 'out': 151, 'escape': 11} won 422 moved 422 maxstall 57 cuts {'2': 3} distinct cells 17 top [((-11, -3), 305), ((-11, -4), 272), ((-12, -8), 24)] job_end idle
ant 414 died 77079 rows 685 energy 208->53 crop0 0 drives {'forage': 524, 'out': 155, 'escape': 6} won 386 moved 386 maxstall 40 cuts {'2': 3} distinct cells 13 top [((-11, -3), 279), ((-11, -4), 274), ((-12, -6), 27)] job_end idle
