shut-in space at 63000: 297 cells, rows -4..15, cols -15..14
ants alive at 63000: 393; in the shut-in space: 56
fates: {'died inside OLD': 6, 'got out then died OLD': 4, 'died inside STARVED': 18, 'got out then died STARVED': 5, 'got out': 21, 'still inside': 2}
  ('2097299', 'died inside OLD', None, (65755, 'OLD', 'nest'), 162.0, '1', {'forage': 318, 'haul': 165, 'out': 24, 'dig': 23}, {'forage': 318, 'haul': 166, 'idle': 44}, {}, 0)
  ('1049056', 'died inside OLD', None, (66789, 'OLD', 'mound_in'), 169.0, '1', {'haul': 757, 'out': 1}, {'haul': 758}, {}, 0)
  ('2097518', 'died inside OLD', None, (66980, 'OLD', 'mound_in'), 172.0, '1', {'haul': 794, 'out': 2}, {'haul': 796}, {}, 0)
  ('1048608', 'got out then died OLD', 65000, (67224, 'OLD', 'mound_top'), 173.0, '1', {'home': 326, 'haul': 296, 'forage': 184, 'dig': 39}, {'idle': 326, 'haul': 296, 'forage': 184}, {}, 0)
  ('3145828', 'died inside OLD', None, (68104, 'OLD', 'nest'), 175.0, '1', {'forage': 726, 'haul': 164, 'out': 82, 'dig': 46}, {'forage': 792, 'haul': 171, 'dig': 46}, {}, 0)
  ('1048668', 'died inside OLD', None, (70735, 'OLD', 'nest'), 165.0, '1', {'haul': 796, 'forage': 389, 'out': 235, 'dig': 81}, {'haul': 842, 'forage': 541, 'dig': 150}, {'2': 4}, 12)
  ('1048971', 'got out then died OLD', 68000, (74365, 'OLD', 'surface'), 149.0, '0', {'haul': 853, 'carry': 728, 'home': 483, 'dig': 163}, {'forage': 1132, 'haul': 872, 'dig': 163}, {'1': 1}, 0)
  ('3146066', 'got out then died OLD', 68000, (74415, 'OLD', 'nest'), 181.0, '0', {'haul': 685, 'carry': 652, 'forage': 637, 'rest': 146}, {'forage': 1289, 'haul': 689, 'idle': 186}, {'1': 1}, 0)
  ('2097154', 'got out then died OLD', 68000, (75024, 'OLD', 'mound_top'), 200.0, '1', {'carry': 1435, 'haul': 814, 'dig': 87, 'forage': 47}, {'forage': 1482, 'haul': 819, 'dig': 88}, {'1': 1}, 0)
  ('427', 'died inside OLD', None, (75404, 'OLD', 'mound_in'), 150.0, '0', {'forage': 1159, 'haul': 1062, 'out': 176, 'dig': 59}, {'forage': 1220, 'haul': 1098, 'dig': 85}, {'1': 1}, 0)
  ('380', 'died inside STARVED', None, (75965, 'STARVED', 'mound_in'), 165.0, '1', {'haul': 825, 'forage': 733, 'dig': 595, 'out': 289}, {'haul': 1050, 'forage': 735, 'dig': 596}, {'1': 3}, 0)
  ('369', 'got out then died STARVED', 68000, (75974, 'STARVED', 'mound_in'), 173.0, '1', {'haul': 1099, 'forage': 560, 'home': 353, 'carry': 330}, {'haul': 1288, 'forage': 890, 'idle': 368}, {'4': 1, '1': 1}, 8)
  ('2097540', 'died inside STARVED', None, (76030, 'STARVED', 'mound_in'), 148.0, '1', {'forage': 1509, 'haul': 773, 'out': 189, 'dig': 101}, {'forage': 1530, 'haul': 941, 'dig': 105}, {'1': 2}, 0)
  ('1049085', 'got out then died STARVED', 68000, (76035, 'STARVED', 'mound_in'), 162.0, '1', {'haul': 1152, 'home': 972, 'out': 212, 'forage': 120}, {'haul': 1377, 'idle': 974, 'forage': 174}, {'1': 1}, 13)
  ('602', 'got out then died STARVED', 68000, (76055, 'STARVED', 'mound_in'), 169.0, '1', {'haul': 1887, 'home': 291, 'forage': 193, 'out': 173}, {'haul': 2071, 'idle': 291, 'forage': 193}, {'4': 1}, 11)
  ('2097321', 'died inside STARVED', None, (76104, 'STARVED', 'mound_in'), 170.0, '1', {'haul': 1888, 'out': 333, 'forage': 240, 'escape': 100}, {'haul': 2178, 'forage': 240, 'dig': 170}, {'2': 1, '1': 1}, 100)
  ('1048797', 'died inside STARVED', None, (76119, 'STARVED', 'nest'), 159.0, '0', {'haul': 1665, 'out': 381, 'forage': 376, 'dig': 146}, {'haul': 1830, 'forage': 500, 'dig': 201}, {'1': 2, '2': 1}, 1)
  ('1048911', 'died inside STARVED', None, (76135, 'STARVED', 'mound_in'), 168.0, '1', {'forage': 1622, 'haul': 447, 'out': 357, 'dig': 181}, {'forage': 1820, 'haul': 500, 'dig': 217}, {'2': 1, '1': 1}, 1)
  ('542', 'died inside STARVED', None, (76150, 'STARVED', 'mound_in'), 162.0, '1', {'haul': 2291, 'out': 338, 'escape': 2}, {'haul': 2631}, {}, 2)
  ('2097205', 'died inside STARVED', None, (76164, 'STARVED', 'mound_in'), 146.0, '0', {'haul': 1599, 'forage': 686, 'out': 278, 'dig': 69}, {'haul': 1672, 'forage': 806, 'dig': 107}, {'1': 2}, 0)
  ('3146025', 'died inside STARVED', None, (76170, 'STARVED', 'mound_in'), 169.0, '1', {'haul': 2249, 'out': 304, 'dig': 81, 'escape': 1}, {'haul': 2264, 'idle': 219, 'dig': 130}, {'2': 1}, 1)
  ('2097698', 'got out then died STARVED', 71000, (76190, 'STARVED', 'mound_in'), 168.0, '0', {'haul': 1649, 'forage': 253, 'carry': 242, 'out': 211}, {'haul': 1868, 'forage': 495, 'idle': 166}, {'1': 2}, 9)
  ('5243194', 'died inside STARVED', None, (76220, 'STARVED', 'mound_in'), 171.0, '1', {'forage': 1483, 'out': 466, 'haul': 312, 'dig': 180}, {'forage': 1633, 'dig': 346, 'idle': 345}, {'1': 1, '2': 1}, 2)
  ('3146000', 'died inside STARVED', None, (76229, 'STARVED', 'mound_in'), 170.0, '0', {'haul': 1705, 'forage': 580, 'out': 166, 'dig': 103}, {'haul': 1875, 'forage': 600, 'dig': 129}, {'1': 3}, 67)
  ('543', 'died inside STARVED', None, (76234, 'STARVED', 'mound_in'), 169.0, '1', {'haul': 1120, 'forage': 1080, 'out': 364, 'dig': 72}, {'haul': 1283, 'forage': 1237, 'dig': 72}, {'2': 1}, 1)
  ('5243151', 'died inside STARVED', None, (76265, 'STARVED', 'mound_in'), 166.0, '1', {'haul': 2080, 'out': 399, 'dig': 62, 'escape': 61}, {'haul': 2287, 'dig': 241, 'forage': 97}, {'1': 2, '2': 5}, 61)
  ('2097629', 'died inside STARVED', None, (76290, 'STARVED', 'mound_in'), 162.0, '1', {'haul': 1975, 'out': 345, 'home': 173, 'dig': 140}, {'haul': 2114, 'idle': 351, 'dig': 194}, {'2': 1}, 1)
  ('2097331', 'got out then died STARVED', 68000, (76314, 'STARVED', 'mound_in'), 161.0, '1', {'haul': 935, 'forage': 709, 'carry': 606, 'out': 221}, {'forage': 1396, 'haul': 940, 'idle': 256}, {}, 0)
  ('1049055', 'died inside STARVED', None, (76370, 'STARVED', 'mound_in'), 172.0, '1', {'forage': 1141, 'haul': 858, 'out': 464, 'dig': 188}, {'forage': 1499, 'haul': 896, 'dig': 237}, {'1': 2}, 0)
  ('2097201', 'died inside STARVED', None, (76465, 'STARVED', 'mound_in'), 169.0, '0', {'forage': 1783, 'haul': 515, 'out': 318, 'dig': 64}, {'forage': 2016, 'haul': 546, 'idle': 68}, {'2': 5}, 7)
  ('2097636', 'died inside STARVED', None, (76470, 'STARVED', 'mound_in'), 162.0, '1', {'forage': 1538, 'out': 357, 'home': 346, 'haul': 307}, {'forage': 1560, 'idle': 602, 'haul': 323}, {'1': 1, '2': 2, '3': 1}, 5)
  ('2097471', 'died inside STARVED', None, (76494, 'STARVED', 'mound_in'), 163.0, '0', {'forage': 1399, 'haul': 528, 'out': 508, 'dig': 214}, {'forage': 1790, 'haul': 532, 'dig': 237}, {'1': 1}, 0)
  ('2097329', 'died inside STARVED', None, (76664, 'STARVED', 'mound_in'), 156.0, '0', {'haul': 1207, 'forage': 1061, 'out': 194, 'dig': 140}, {'haul': 1366, 'forage': 1078, 'dig': 178}, {'2': 12, '3': 7}, 79)
  ('3145892', 'got out', 68000, None, 174.0, '0', {'haul': 1364, 'home': 1143, 'dig': 121, 'forage': 90}, {'haul': 1418, 'idle': 1168, 'dig': 125}, {'1': 2, '4': 2, '3': 1}, 1)
  ('476', 'still inside', None, None, 167.0, '1', {'carry': 971, 'home': 908, 'haul': 863, 'dig': 52}, {'forage': 1083, 'haul': 870, 'idle': 796}, {}, 0)
  ('2097731', 'got out', 68000, None, 176.0, '0', {'carry': 1055, 'haul': 883, 'forage': 482, 'out': 189}, {'forage': 1665, 'haul': 894, 'idle': 150}, {'1': 1, '2': 1}, 1)
  ('586', 'got out', 68000, None, 169.0, '1', {'carry': 845, 'haul': 729, 'forage': 677, 'home': 246}, {'forage': 1640, 'haul': 736, 'idle': 318}, {'1': 1}, 0)
  ('4194682', 'got out', 73000, None, 169.0, '1', {'haul': 1968, 'home': 739, 'dig': 78, 'out': 15}, {'haul': 1983, 'idle': 739, 'dig': 78}, {}, 0)
  ('1048928', 'got out', 71000, None, 145.0, '0', {'haul': 1059, 'home': 913, 'forage': 605, 'dig': 93}, {'haul': 1113, 'idle': 876, 'forage': 718}, {'1': 1}, 0)
  ('2097492', 'got out', 68000, None, 149.0, '0', {'carry': 1622, 'haul': 563, 'forage': 392, 'home': 169}, {'forage': 2014, 'haul': 569, 'idle': 172}, {'1': 1}, 0)
  ('6291858', 'got out', 68000, None, 174.0, '0', {'home': 1798, 'forage': 428, 'haul': 300, 'dig': 174}, {'idle': 1896, 'forage': 428, 'haul': 302}, {'1': 1}, 0)
  ('2097477', 'got out', 68000, None, 169.0, '1', {'home': 1598, 'haul': 861, 'forage': 299, 'dig': 36}, {'idle': 1598, 'haul': 867, 'forage': 299}, {}, 0)
  ('4194378', 'still inside', None, None, 174.0, '0', {'forage': 1300, 'haul': 685, 'out': 279, 'dig': 255}, {'forage': 1390, 'haul': 687, 'idle': 441}, {'1': 1, '2': 1, '4': 1}, 1)
  ('1048963', 'got out', 65000, None, 172.0, '0', {'carry': 2277, 'haul': 351, 'dig': 152, 'out': 15}, {'forage': 2277, 'haul': 351, 'dig': 152}, {'1': 1}, 0)
  ('1048584', 'got out', 68000, None, 169.0, '1', {'home': 951, 'carry': 881, 'haul': 765, 'forage': 113}, {'forage': 1076, 'idle': 951, 'haul': 773}, {}, 0)
  ('4194516', 'got out', 71000, None, 172.0, '0', {'haul': 1302, 'home': 1242, 'forage': 150, 'out': 57}, {'haul': 1313, 'idle': 1301, 'forage': 150}, {'1': 1}, 0)
  ('2097367', 'got out', 68000, None, 167.0, '1', {'carry': 1214, 'haul': 885, 'home': 662, 'dig': 32}, {'forage': 1850, 'haul': 892, 'dig': 32}, {}, 0)
  ('560', 'got out', 68000, None, 173.0, '1', {'home': 1255, 'haul': 902, 'forage': 392, 'carry': 242}, {'idle': 1255, 'haul': 912, 'forage': 634}, {}, 0)
  ('1048760', 'got out', 68000, None, 163.0, '1', {'haul': 2786, 'out': 15}, {'haul': 2801}, {}, 0)
  ('1048701', 'got out', 68000, None, 168.0, '1', {'home': 1036, 'forage': 711, 'carry': 558, 'haul': 351}, {'forage': 1962, 'haul': 383, 'idle': 364}, {'1': 1}, 0)
  ('4194395', 'got out', 65000, None, 160.0, '1', {'home': 1935, 'carry': 593, 'haul': 173, 'forage': 45}, {'idle': 1941, 'forage': 638, 'haul': 185}, {}, 0)
  ('4194570', 'got out', 71000, None, 165.0, '1', {'haul': 1490, 'carry': 677, 'home': 402, 'forage': 89}, {'haul': 1566, 'forage': 952, 'idle': 216}, {}, 0)
  ('1048944', 'got out', 65000, None, 168.0, '1', {'home': 1774, 'forage': 386, 'haul': 319, 'carry': 252}, {'idle': 1774, 'forage': 638, 'haul': 320}, {}, 0)
  ('5243171', 'got out', 68000, None, 155.0, '0', {'home': 1903, 'haul': 726, 'rest': 91, 'dig': 75}, {'idle': 1994, 'haul': 732, 'dig': 75}, {'1': 1}, 0)
  ('1048948', 'got out', 68000, None, 172.0, '1', {'home': 1724, 'haul': 955, 'dig': 55, 'forage': 49}, {'idle': 1728, 'haul': 968, 'dig': 55}, {}, 0)
  ('1049148', 'got out', 68000, None, 165.0, '1', {'home': 1440, 'haul': 952, 'forage': 356, 'dig': 40}, {'idle': 1440, 'haul': 964, 'forage': 356}, {}, 0)
