plant_probe: species=tree trees=8 frames=28800 worldseed=2 width=512 soil=34 growth=1
after 28800 frames: 222 active sites, 8 awake chunks
soil: 16406 cells, min 0 median 620 max 1000, mean 519; 2061 cells at or below wilting point (13%)
chunks were awake on 25547/28800 frames (88.7%) -- the CA sweep's duty cycle for this scene

population: 17 organisms -- 8 established (>= 20 cells), 9 seeds or seedlings; 26 seeds set in total
  generations  [gen 0: 8, gen 1: 9]
  rooted above ground: 0 organisms (0 of them more than 25 rows up)
  morphs among established plants: 6 distinct of 8 plants  [foliage, angle, internode, sympodial, tropism]
    [1, 1, 1, 0, 0, 1]  x3
    [0, 1, 1, 0, 0, 0]  x1
    [0, 1, 1, 0, 0, 1]  x1
    [0, 1, 1, 0, 0, 2]  x1
    [1, 1, 1, 0, 0, 0]  x1
    [1, 1, 1, 0, 0, 2]  x1

ensemble of 8 trees, identical species and scene:
  cells     min  646  median 1740  max 2943  mean  1617.6
  leaves    min  229  median  665  max 1418  mean   741.9
  height    min   70  median   85  max   99  mean    82.4   (scene ceiling: 200 rows of sky)
  canopy top  row 133   (133 rows of clearance remain)
  thickness min   10  median   17  max   42  mean    22.1   (whole tree, incl. ground-level spread)
  stem thick min   7  median   10  max   11  mean     9.0   (above the base -- the real trunk)
  rows >1 cell wide, as % of each tree's occupied rows: min 52  median 54  max 57  mean 54
  per-tree sizes     [1105, 2943, 1533, 876, 2326, 1740, 1772, 646]
  per-tree heights   [79, 91, 70, 74, 99, 90, 85, 71]
  per-tree thickness [11, 14, 17, 10, 26, 42, 40, 17]
  crown profile (top->bottom, % of each plant's widest band, median): [52, 97, 100, 92, 77]
  foliage centre (0 = collar, 100 = apex, median): 51
  foliage share  (% of cells that are leaf, median): 48

  per-tree genotype and outcome (variance [0.5, 0.5, 0.4, 0.18, 0.7, 0.4, 0.4, 0.5, 0.25, 0.7]):
    id  branch rootbr  plast turgor   pipe roottr  alloc  stoma penetr strain    cells leaves height   stem
     1   0.945  0.801  1.017  1.146  0.547  1.261  0.968  0.881  0.976  1.364     1105    492     79      9
     2   1.402  0.617  0.923  0.831  1.374  1.356  0.857  0.592  1.041  1.492     2943   1418     91     10
     3   0.753  0.706  1.216  1.151  1.284  0.820  1.072  1.169  0.855  0.954     1533    773     70     10
     4   0.665  0.503  0.609  0.954  1.388  0.664  0.647  1.046  0.910  1.327      876    530     74     10
     5   0.653  0.599  0.651  0.913  1.509  1.348  1.197  0.746  0.966  0.995     2326   1216     99      7
     6   1.480  1.290  1.238  1.156  1.035  1.169  0.703  0.784  0.981  0.830     1740    612     90      7
     7   0.655  1.005  1.357  1.051  1.552  1.247  1.153  0.791  1.121  0.390     1772    665     85     11
     8   0.617  0.522  1.334  1.035  1.315  1.290  0.816  0.906  1.178  0.386      646    229     71      8
  alleles: economy 3/5/0  angle 0/8/0  internode 0/8/0  sympody 8/0/0  tropism 8/0/0  density 2/4/2
  architecture events  [1: gen 0 seeds 5 forks 0 plag 0 rigid 155 lat 51 angle 85deg, 2: gen 0 seeds 6 forks 0 plag 0 rigid 485 lat 145 angle 81deg, 3: gen 0 seeds 1 forks 0 plag 0 rigid 241 lat 46 angle 89deg, 4: gen 0 seeds 0 forks 0 plag 0 rigid 85 lat 16 angle 68deg, 5: gen 0 seeds 1 forks 0 plag 0 rigid 186 lat 41 angle 67deg, 6: gen 0 seeds 5 forks 0 plag 0 rigid 245 lat 70 angle 67deg, 7: gen 0 seeds 8 forks 0 plag 0 rigid 235 lat 55 angle 85deg, 8: gen 0 seeds 0 forks 0 plag 0 rigid 77 lat 9 angle 75deg]

distinguishability (§Z / C4), 8 founders planted:
  canopy components at field resolution, >=  1 leaf/block:   3   largest holds  69% of canopy blocks
  canopy components at field resolution, >=  2 leaf/block:   3   largest holds  67% of canopy blocks
  canopy components at field resolution, >=  4 leaf/block:   5   largest holds  46% of canopy blocks
  canopy components at field resolution, >=  8 leaf/block:   5   largest holds  41% of canopy blocks
  interior sky gaps: 3 (a fully separate stand of 8 shows 7), widths [8, 10, 10]
  founder spacing is 56 cells; gaps at least 8 cells wide: 3
  --> canopy fusion 69%, 3 raw sky gaps (3 at least 8 cells) -- so this run reads 4 distinguishable crowns of 8 founders
  (CALIBRATION FAILED against the owner's eye, 2026-08-23: on the three stands he counted,
   these read 2 / 2 / 3 where he read 2 / 4 / 3, and fusion called the 4-founder stand 100% ONE MASS
   when he counted all four. §Z is cards-only. Reports/open-bugs-handoff.md §Z has the table.
   He later said the cue IS sky gaps, read at canopy level -- so census the canopy band next, not the whole column.)

lineage turnover over 28800 frames: 34 born, 17 died (1.18 and 0.59 per 1,000 frames); 17 live in 17 slots
  germinations: 8 -- read against `seeds set in total` above
  organism slots: high-water 17 of 4095 (0.4%), 0 births refused at the ceiling
  standing seed bank: 9 seeds; 0 organisms senescent (dead, remains rotting)
  established plants carrying an inherited genome: 0 of 8 (deepest generation 0) -- at ~0 every claim from this run is about founders

12950 organism cells
  Some(Leaf)            5935
  Some(MatureBody)      6986
  Some(RootTip)           20
  Some(Seed)               9
  palette bands in use (material, band -> cells):
    leaf       band  2    2057
    leaf       band  3    3878
    rootwood   band  0    2409
    seed       band  0       9
    wood       band  0    3783
    wood       band  1     814
  bounding box x 37..=491, y 133..=233
  thickest contiguous run, above ground: 57 cells
  thickest contiguous run, below ground: 42 cells (roots spread by design)

root system (8 established plants, soil is 34 rows deep):
  root cells        min  101  median  288  max  580  mean   301.1
  root share of plant  min   9%  median  23%  max  30%  mean  18.4%
  deepest row below surface  min  17  median  31  max  34  mean  27.2
  lateral spread (cells)     min  17  median  44  max 123  mean  49.6
  median root cell sits 10 rows down; quartiles 6 / 23
  root cells with 3+ root neighbours: 61% (a 1-cell-wide run reads ~0 whichever way it points)
  depth histogram, surface->bedrock (% of all root cells): [30, 28, 10, 15, 14]
  seeds standing: 9 above the surface, 0 buried (buried can never germinate)

water balance, per established plant:
  stock          min   149.3 median   566.2 max  1067.5 mean   518.2
  stomatal term  min    1.00 median    1.00 max    1.00 mean    1.00   (1.0 = demand fully met)
  uptake/tick    min   -3.50 median    8.02 max  121.99 mean   26.16
  demand/tick    min    5.32 median    9.04 max   29.77 mean   12.45

carbon book, per established plant (per organism tick):
  income         min   0.473 median   0.924 max   1.622 mean   0.983   (over a whole day, not at this instant)
  maintenance    min   0.154 median   0.355 max   0.912 mean   0.421
  bill / income  median    0.42 max    0.56   (>1 = running the stock down)
  unpaid         median   0.002 max   0.029
  cells shed to starvation, cumulative: 58
  bill at unit price  min   2856.0 median   7898.8 max  23601.7   (x MAINTENANCE_PER_NODE = the shoot bill)
  anchor reach ratio  min   0.0085 median   0.0969 max   0.2997   (anchor moment / crown moment; ANCHOR_DEMAND is set from this)
  anchor status  min    0.21 median    1.00 max    1.00   (1.0 = crown fully anchored)
  slenderness    min     2.2 median     6.7 max    22.0   (shoot height / base width)
  root soil contact  min  51.9% median  73.6% max  89.3%   (the rest earns nothing and still respires)
  support (cantilever reach from anchors): p50 11  p90 29  p99 41  max 54; 9 unreached

vein conductance (max face per cell), 1..10:
  min 1.00  p50 9.87  p90 9.99  p99 10.00  max 10.00
  2602/12950 cells still at the basal floor (20%) -- undifferentiated tissue
  differentiation: 22% undifferentiated / 9% partial / 68% vascular
  strand strength, p99 vs the basal floor: 10.00x of a possible 10x

leaf light (noon-equivalent): min 0.00  p10 0.02  p50 0.71  p90 3.81  max 4.00
  below 0.5: 2568   below 1.0: 3456   below 1.5: 3584   of 5935 leaves

max resource 4.000 / 4.0
max canopy   1.125 / 4.0
one fresh canopy deposit is 1.500 (GROW_CANOPY_DEPOSIT), decaying by half per organism tick
