plant_probe: species=tree trees=8 frames=28800 worldseed=1 width=512 soil=34 growth=1
after 28800 frames: 152 active sites, 7 awake chunks
soil: 16215 cells, min 0 median 620 max 1000, mean 527; 2422 cells at or below wilting point (15%)
chunks were awake on 28063/28800 frames (97.4%) -- the CA sweep's duty cycle for this scene

population: 20 organisms -- 8 established (>= 20 cells), 12 seeds or seedlings; 29 seeds set in total
  generations  [gen 0: 8, gen 1: 12]
  rooted above ground: 0 organisms (0 of them more than 25 rows up)
  morphs among established plants: 4 distinct of 8 plants  [foliage, angle, internode, sympodial, tropism]
    [1, 1, 1, 0, 0, 0]  x3
    [0, 1, 1, 0, 0, 2]  x2
    [1, 1, 1, 0, 0, 2]  x2
    [1, 1, 1, 0, 0, 1]  x1

ensemble of 8 trees, identical species and scene:
  cells     min  605  median 2034  max 2696  mean  1817.4
  leaves    min  249  median  807  max 1430  mean   783.5
  height    min   72  median   87  max  100  mean    84.2   (scene ceiling: 200 rows of sky)
  canopy top  row 134   (134 rows of clearance remain)
  thickness min   11  median   16  max   39  mean    19.6   (whole tree, incl. ground-level spread)
  stem thick min   7  median   12  max   28  mean    13.2   (above the base -- the real trunk)
  rows >1 cell wide, as % of each tree's occupied rows: min 49  median 59  max 64  mean 58
  per-tree sizes     [720, 2443, 605, 2600, 2034, 1593, 1848, 2696]
  per-tree heights   [72, 93, 76, 95, 72, 87, 79, 100]
  per-tree thickness [13, 16, 11, 19, 29, 14, 16, 39]
  crown profile (top->bottom, % of each plant's widest band, median): [63, 88, 94, 100, 64]
  foliage centre (0 = collar, 100 = apex, median): 51
  foliage share  (% of cells that are leaf, median): 43

  per-tree genotype and outcome (variance [0.5, 0.5, 0.4, 0.18, 0.7, 0.4, 0.4, 0.5, 0.25, 0.7]):
    id  branch rootbr  plast turgor   pipe roottr  alloc  stoma penetr strain    cells leaves height   stem
     1   1.295  0.679  1.033  0.924  0.724  0.670  1.260  1.152  0.816  0.557      720    284     72      9
     2   0.663  0.824  1.314  0.888  1.137  0.689  1.180  0.724  0.864  0.671     2443   1090     93     12
     3   0.576  0.719  1.267  0.904  1.046  1.079  1.350  1.013  0.827  1.340      605    249     76      7
     4   0.935  0.989  0.749  0.862  1.477  0.719  0.949  0.814  0.930  1.068     2600   1430     95      8
     5   1.467  1.331  1.202  1.131  0.331  1.186  1.094  1.247  1.218  1.555     2034    627     72     28
     6   1.329  0.574  1.218  1.067  0.933  0.616  1.121  1.472  1.237  1.523     1593    709     87     14
     7   1.226  0.583  0.783  1.108  0.697  0.962  0.783  0.634  0.796  1.495     1848    807     79     16
     8   0.604  1.213  0.787  0.891  1.154  1.141  1.170  0.906  1.115  0.948     2696   1072    100     12
  alleles: economy 2/6/0  angle 0/8/0  internode 0/8/0  sympody 8/0/0  tropism 8/0/0  density 3/1/4
  architecture events  [1: gen 0 seeds 3 forks 0 plag 0 rigid 80 lat 35 angle 84deg, 2: gen 0 seeds 13 forks 0 plag 0 rigid 366 lat 70 angle 81deg, 3: gen 0 seeds 0 forks 0 plag 0 rigid 78 lat 12 angle 78deg, 4: gen 0 seeds 0 forks 0 plag 0 rigid 210 lat 73 angle 71deg, 5: gen 0 seeds 6 forks 0 plag 0 rigid 199 lat 83 angle 78deg, 6: gen 0 seeds 2 forks 0 plag 0 rigid 204 lat 51 angle 80deg, 7: gen 0 seeds 2 forks 0 plag 0 rigid 219 lat 74 angle 81deg, 8: gen 0 seeds 3 forks 0 plag 0 rigid 281 lat 35 angle 81deg]

distinguishability (§Z / C4), 8 founders planted:
  canopy components at field resolution, >=  1 leaf/block:   2   largest holds  98% of canopy blocks
  canopy components at field resolution, >=  2 leaf/block:   2   largest holds  97% of canopy blocks
  canopy components at field resolution, >=  4 leaf/block:   3   largest holds  50% of canopy blocks
  canopy components at field resolution, >=  8 leaf/block:   2   largest holds  42% of canopy blocks
  interior sky gaps: 2 (a fully separate stand of 8 shows 7), widths [1, 8]
  founder spacing is 56 cells; gaps at least 8 cells wide: 1
  --> canopy fusion 98%, 2 raw sky gaps (1 at least 8 cells) -- so this run reads 3 distinguishable crowns of 8 founders
  (CALIBRATION FAILED against the owner's eye, 2026-08-23: on the three stands he counted,
   these read 2 / 2 / 3 where he read 2 / 4 / 3, and fusion called the 4-founder stand 100% ONE MASS
   when he counted all four. §Z is cards-only. Reports/open-bugs-handoff.md §Z has the table.
   He later said the cue IS sky gaps, read at canopy level -- so census the canopy band next, not the whole column.)

lineage turnover over 28800 frames: 37 born, 17 died (1.28 and 0.59 per 1,000 frames); 20 live in 24 slots
  germinations: 8 -- read against `seeds set in total` above
  organism slots: high-water 24 of 4095 (0.6%), 0 births refused at the ceiling
  standing seed bank: 12 seeds; 0 organisms senescent (dead, remains rotting)
  established plants carrying an inherited genome: 0 of 8 (deepest generation 0) -- at ~0 every claim from this run is about founders

14551 organism cells
  Some(Leaf)            6268
  Some(MatureBody)      8266
  Some(RootTip)            5
  Some(Seed)              12
  palette bands in use (material, band -> cells):
    leaf       band  2    2139
    leaf       band  3    4129
    rootwood   band  0    2712
    seed       band  0      12
    wood       band  0    2942
    wood       band  1    2617
  bounding box x 41..=511, y 134..=233
  thickest contiguous run, above ground: 46 cells
  thickest contiguous run, below ground: 39 cells (roots spread by design)

root system (8 established plants, soil is 34 rows deep):
  root cells        min   83  median  346  max  782  mean   339.0
  root share of plant  min  11%  median  17%  max  29%  mean  17.4%
  deepest row below surface  min  15  median  34  max  34  mean  27.6
  lateral spread (cells)     min  16  median  48  max  66  mean  41.1
  median root cell sits 14 rows down; quartiles 7 / 24
  root cells with 3+ root neighbours: 66% (a 1-cell-wide run reads ~0 whichever way it points)
  depth histogram, surface->bedrock (% of all root cells): [23, 23, 21, 14, 17]
  seeds standing: 12 above the surface, 0 buried (buried can never germinate)

water balance, per established plant:
  stock          min   138.7 median   456.1 max  1437.6 mean   581.2
  stomatal term  min    0.71 median    1.00 max    1.00 mean    0.96   (1.0 = demand fully met)
  uptake/tick    min    2.53 median    9.85 max   22.84 mean    9.64
  demand/tick    min    3.38 median   10.36 max   31.50 mean   12.55

carbon book, per established plant (per organism tick):
  income         min   0.379 median   1.138 max   1.326 mean   0.971   (over a whole day, not at this instant)
  maintenance    min   0.118 median   0.676 max   0.704 mean   0.526
  bill / income  median    0.58 max    0.67   (>1 = running the stock down)
  unpaid         median   0.003 max   0.011
  cells shed to starvation, cumulative: 28
  bill at unit price  min   1355.3 median  14342.0 max  21260.3   (x MAINTENANCE_PER_NODE = the shoot bill)
  anchor reach ratio  min   0.0210 median   0.0586 max   0.1308   (anchor moment / crown moment; ANCHOR_DEMAND is set from this)
  anchor status  min    0.53 median    1.00 max    1.00   (1.0 = crown fully anchored)
  slenderness    min     2.0 median     5.2 max    19.0   (shoot height / base width)
  root soil contact  min  46.3% median  73.5% max  82.8%   (the rest earns nothing and still respires)
  support (cantilever reach from anchors): p50 12  p90 31  p99 48  max 68; 12 unreached

vein conductance (max face per cell), 1..10:
  min 1.00  p50 9.87  p90 9.99  p99 10.00  max 10.00
  1993/14551 cells still at the basal floor (14%) -- undifferentiated tissue
  differentiation: 16% undifferentiated / 16% partial / 68% vascular
  strand strength, p99 vs the basal floor: 10.00x of a possible 10x

leaf light (noon-equivalent): min 0.00  p10 0.02  p50 0.66  p90 3.81  max 4.00
  below 0.5: 2867   below 1.0: 3565   below 1.5: 3997   of 6268 leaves

max resource 4.000 / 4.0
max canopy   1.500 / 4.0
one fresh canopy deposit is 1.500 (GROW_CANOPY_DEPOSIT), decaying by half per organism tick
