plant_probe: species=tree trees=8 frames=28800 worldseed=4 width=512 soil=34 growth=1
after 28800 frames: 113 active sites, 6 awake chunks
soil: 15048 cells, min 0 median 620 max 1000, mean 472; 2773 cells at or below wilting point (18%)
chunks were awake on 25736/28800 frames (89.4%) -- the CA sweep's duty cycle for this scene

population: 26 organisms -- 8 established (>= 20 cells), 18 seeds or seedlings; 48 seeds set in total
  generations  [gen 0: 8, gen 1: 18]
  rooted above ground: 0 organisms (0 of them more than 25 rows up)
  morphs among established plants: 5 distinct of 8 plants  [foliage, angle, internode, sympodial, tropism]
    [0, 1, 1, 0, 0, 2]  x3
    [0, 1, 1, 0, 0, 1]  x2
    [0, 1, 1, 0, 0, 0]  x1
    [1, 1, 1, 0, 0, 0]  x1
    [1, 1, 1, 0, 0, 2]  x1

ensemble of 8 trees, identical species and scene:
  cells     min 1038  median 2242  max 3031  mean  2104.4
  leaves    min  483  median  902  max  965  mean   811.9
  height    min   72  median   91  max  101  mean    88.0   (scene ceiling: 200 rows of sky)
  canopy top  row 132   (132 rows of clearance remain)
  thickness min   10  median   32  max   41  mean    26.1   (whole tree, incl. ground-level spread)
  stem thick min   8  median   12  max   21  mean    12.0   (above the base -- the real trunk)
  rows >1 cell wide, as % of each tree's occupied rows: min 51  median 57  max 66  mean 58
  per-tree sizes     [1038, 2402, 1394, 3031, 2151, 2242, 1952, 2625]
  per-tree heights   [83, 99, 79, 95, 84, 91, 72, 101]
  per-tree thickness [18, 41, 10, 32, 33, 17, 26, 32]
  crown profile (top->bottom, % of each plant's widest band, median): [81, 97, 100, 88, 67]
  foliage centre (0 = collar, 100 = apex, median): 56
  foliage share  (% of cells that are leaf, median): 39

  per-tree genotype and outcome (variance [0.5, 0.5, 0.4, 0.18, 0.7, 0.4, 0.4, 0.5, 0.25, 0.7]):
    id  branch rootbr  plast turgor   pipe roottr  alloc  stoma penetr strain    cells leaves height   stem
     1   0.648  1.177  1.242  0.848  1.389  0.928  0.968  0.671  0.981  0.756     1038    483     83     10
     2   0.679  1.079  1.236  0.839  1.685  1.123  0.635  1.095  1.122  0.646     2402    957     99      9
     3   1.213  1.086  0.654  1.128  1.459  0.908  0.693  1.111  0.790  1.385     1394    769     79      8
     4   1.487  0.616  1.300  0.861  0.379  1.171  0.654  1.476  0.955  1.321     3031    949     95     12
     5   0.560  1.375  0.848  1.121  1.515  0.671  0.728  0.639  0.879  1.306     2151    773     84      9
     6   1.173  0.925  0.819  1.003  1.294  0.615  1.183  1.461  0.859  1.428     2242    902     91     13
     7   1.295  1.318  0.809  1.007  0.469  1.133  1.152  0.510  0.925  0.438     1952    697     72     14
     8   1.023  1.011  0.955  0.862  1.059  1.066  0.889  1.412  0.944  1.322     2625    965    101     21
  alleles: economy 6/2/0  angle 0/8/0  internode 0/8/0  sympody 8/0/0  tropism 8/0/0  density 2/2/4
  architecture events  [1: gen 0 seeds 7 forks 0 plag 0 rigid 129 lat 36 angle 84deg, 2: gen 0 seeds 5 forks 0 plag 0 rigid 270 lat 55 angle 71deg, 3: gen 0 seeds 5 forks 0 plag 0 rigid 151 lat 42 angle 68deg, 4: gen 0 seeds 14 forks 0 plag 0 rigid 319 lat 126 angle 78deg, 5: gen 0 seeds 1 forks 0 plag 0 rigid 213 lat 44 angle 81deg, 6: gen 0 seeds 4 forks 0 plag 0 rigid 251 lat 79 angle 91deg, 7: gen 0 seeds 5 forks 0 plag 0 rigid 220 lat 81 angle 75deg, 8: gen 0 seeds 7 forks 0 plag 0 rigid 261 lat 86 angle 76deg]

distinguishability (§Z / C4), 8 founders planted:
  canopy components at field resolution, >=  1 leaf/block:   3   largest holds  91% of canopy blocks
  canopy components at field resolution, >=  2 leaf/block:   3   largest holds  88% of canopy blocks
  canopy components at field resolution, >=  4 leaf/block:   3   largest holds  83% of canopy blocks
  canopy components at field resolution, >=  8 leaf/block:   3   largest holds  73% of canopy blocks
  interior sky gaps: 1 (a fully separate stand of 8 shows 7), widths [13]
  founder spacing is 56 cells; gaps at least 8 cells wide: 1
  --> canopy fusion 91%, 1 raw sky gaps (1 at least 8 cells) -- so this run reads 2 distinguishable crowns of 8 founders
  (CALIBRATION FAILED against the owner's eye, 2026-08-23: on the three stands he counted,
   these read 2 / 2 / 3 where he read 2 / 4 / 3, and fusion called the 4-founder stand 100% ONE MASS
   when he counted all four. §Z is cards-only. Reports/open-bugs-handoff.md §Z has the table.
   He later said the cue IS sky gaps, read at canopy level -- so census the canopy band next, not the whole column.)

lineage turnover over 28800 frames: 56 born, 30 died (1.94 and 1.04 per 1,000 frames); 26 live in 26 slots
  germinations: 8 -- read against `seeds set in total` above
  organism slots: high-water 26 of 4095 (0.6%), 0 births refused at the ceiling
  standing seed bank: 18 seeds; 0 organisms senescent (dead, remains rotting)
  established plants carrying an inherited genome: 0 of 8 (deepest generation 0) -- at ~0 every claim from this run is about founders

16853 organism cells
  Some(Leaf)            6495
  Some(MatureBody)     10333
  Some(RootTip)            7
  Some(Seed)              18
  palette bands in use (material, band -> cells):
    leaf       band  2    5243
    leaf       band  3    1252
    rootwood   band  0    4368
    seed       band  0      18
    wood       band  0    2512
    wood       band  1    3460
  bounding box x 19..=511, y 132..=233
  thickest contiguous run, above ground: 43 cells
  thickest contiguous run, below ground: 63 cells (roots spread by design)

root system (8 established plants, soil is 34 rows deep):
  root cells        min  126  median  622  max  804  mean   546.0
  root share of plant  min  12%  median  28%  max  36%  mean  24.4%
  deepest row below surface  min  15  median  34  max  34  mean  30.4
  lateral spread (cells)     min  22  median  65  max  89  mean  59.5
  median root cell sits 13 rows down; quartiles 7 / 22
  root cells with 3+ root neighbours: 69% (a 1-cell-wide run reads ~0 whichever way it points)
  depth histogram, surface->bedrock (% of all root cells): [24, 28, 19, 12, 15]
  seeds standing: 18 above the surface, 0 buried (buried can never germinate)

water balance, per established plant:
  stock          min   126.5 median  1294.6 max  1878.1 mean  1068.1
  stomatal term  min    1.00 median    1.00 max    1.00 mean    1.00   (1.0 = demand fully met)
  uptake/tick    min    7.09 median   21.41 max   28.20 mean   19.90
  demand/tick    min    7.40 median   20.55 max   27.18 mean   18.58

carbon book, per established plant (per organism tick):
  income         min   0.817 median   1.074 max   1.420 mean   1.086   (over a whole day, not at this instant)
  maintenance    min   0.359 median   0.601 max   0.876 mean   0.571
  bill / income  median    0.53 max    0.62   (>1 = running the stock down)
  unpaid         median   0.002 max   0.094
  cells shed to starvation, cumulative: 459
  bill at unit price  min   3746.9 median  13317.1 max  25783.4   (x MAINTENANCE_PER_NODE = the shoot bill)
  anchor reach ratio  min   0.0201 median   0.1342 max   0.1797   (anchor moment / crown moment; ANCHOR_DEMAND is set from this)
  anchor status  min    0.50 median    1.00 max    1.00   (1.0 = crown fully anchored)
  slenderness    min     1.3 median     3.3 max    16.8   (shoot height / base width)
  root soil contact  min  46.7% median  61.7% max  81.7%   (the rest earns nothing and still respires)
  support (cantilever reach from anchors): p50 11  p90 32  p99 46  max 60; 18 unreached

vein conductance (max face per cell), 1..10:
  min 1.00  p50 9.81  p90 9.99  p99 10.00  max 10.00
  2478/16853 cells still at the basal floor (15%) -- undifferentiated tissue
  differentiation: 20% undifferentiated / 16% partial / 64% vascular
  strand strength, p99 vs the basal floor: 10.00x of a possible 10x

leaf light (noon-equivalent): min 0.00  p10 0.04  p50 0.72  p90 3.81  max 4.00
  below 0.5: 2869   below 1.0: 3598   below 1.5: 4172   of 6495 leaves

max resource 4.000 / 4.0
max canopy   1.500 / 4.0
one fresh canopy deposit is 1.500 (GROW_CANOPY_DEPOSIT), decaying by half per organism tick
