plant_probe: species=tree trees=8 frames=28800 worldseed=3 width=512 soil=34 growth=1
after 28800 frames: 639 active sites, 6 awake chunks
soil: 24095 cells, min 0 median 190 max 1000, mean 327; 10874 cells at or below wilting point (45%)
chunks were awake on 27976/28800 frames (97.1%) -- the CA sweep's duty cycle for this scene

population: 20 organisms -- 8 established (>= 20 cells), 12 seeds or seedlings; 21 seeds set in total
  generations  [gen 0: 8, gen 1: 12]
  rooted above ground: 0 organisms (0 of them more than 25 rows up)
  morphs among established plants: 5 distinct of 8 plants  [foliage, angle, internode, sympodial, tropism]
    [1, 1, 1, 0, 0, 1]  x3
    [1, 1, 1, 0, 0, 2]  x2
    [0, 1, 1, 0, 0, 0]  x1
    [0, 1, 1, 0, 0, 2]  x1
    [1, 1, 1, 0, 0, 0]  x1

ensemble of 8 trees, identical species and scene:
  cells     min 2427  median 3865  max 6061  mean  3787.4
  leaves    min 1385  median 1590  max 3501  mean  1966.8
  height    min  109  median  137  max  162  mean   136.5   (scene ceiling: 200 rows of sky)
  canopy top  row 72   (72 rows of clearance remain)
  thickness min   10  median   21  max   34  mean    20.4   (whole tree, incl. ground-level spread)
  stem thick min   9  median   14  max   16  mean    12.9   (above the base -- the real trunk)
  rows >1 cell wide, as % of each tree's occupied rows: min 46  median 56  max 62  mean 54
  per-tree sizes     [3865, 3989, 2827, 2427, 4275, 3306, 3549, 6061]
  per-tree heights   [137, 143, 109, 125, 155, 135, 126, 162]
  per-tree thickness [16, 32, 12, 10, 17, 34, 21, 21]
  crown profile (top->bottom, % of each plant's widest band, median): [75, 90, 85, 88, 57]
  foliage centre (0 = collar, 100 = apex, median): 55
  foliage share  (% of cells that are leaf, median): 56

  per-tree genotype and outcome (variance [0.5, 0.5, 0.4, 0.18, 0.7, 0.4, 0.4, 0.5, 0.25, 0.7]):
    id  branch rootbr  plast turgor   pipe roottr  alloc  stoma penetr strain    cells leaves height   stem
     1   1.135  1.120  0.749  1.045  1.375  1.299  1.065  0.768  1.077  1.407     3865   2355    137     14
     2   0.721  1.201  1.111  0.966  0.476  0.960  0.890  0.755  1.196  0.546     3989   1590    143     15
     3   0.894  1.213  0.918  1.143  1.217  1.386  0.658  1.263  0.781  1.483     2827   1494    109     10
     4   0.704  0.761  1.007  0.868  1.690  0.687  0.885  0.631  0.842  0.800     2427   1385    125      9
     5   0.772  1.357  0.725  0.870  1.472  0.921  1.354  0.962  0.833  0.733     4275   2422    155     16
     6   0.789  1.323  0.720  0.983  0.577  0.976  1.154  1.152  1.054  0.682     3306   1584    135     11
     7   0.948  0.763  1.055  1.098  0.371  1.046  0.978  1.204  0.776  1.554     3549   1403    126     13
     8   1.027  1.270  0.648  0.841  1.503  1.320  1.110  0.753  1.208  0.832     6061   3501    162     15
  alleles: economy 2/6/0  angle 0/8/0  internode 0/8/0  sympody 8/0/0  tropism 8/0/0  density 2/3/3
  architecture events  [1: gen 0 seeds 0 forks 0 plag 0 rigid 340 lat 102 angle 68deg, 2: gen 0 seeds 8 forks 0 plag 0 rigid 454 lat 108 angle 92deg, 3: gen 0 seeds 2 forks 0 plag 0 rigid 314 lat 92 angle 81deg, 4: gen 0 seeds 2 forks 0 plag 0 rigid 201 lat 77 angle 77deg, 5: gen 0 seeds 1 forks 0 plag 0 rigid 240 lat 84 angle 83deg, 6: gen 0 seeds 0 forks 0 plag 0 rigid 216 lat 72 angle 77deg, 7: gen 0 seeds 5 forks 0 plag 0 rigid 348 lat 118 angle 81deg, 8: gen 0 seeds 3 forks 0 plag 0 rigid 430 lat 162 angle 74deg]

distinguishability (§Z / C4), 8 founders planted:
  canopy components at field resolution, >=  1 leaf/block:   1   largest holds 100% of canopy blocks
  canopy components at field resolution, >=  2 leaf/block:   1   largest holds  97% of canopy blocks
  canopy components at field resolution, >=  4 leaf/block:   1   largest holds  92% of canopy blocks
  canopy components at field resolution, >=  8 leaf/block:   2   largest holds  83% of canopy blocks
  interior sky gaps: 0 (a fully separate stand of 8 shows 7), widths []
  founder spacing is 56 cells; gaps at least 8 cells wide: 0
  --> canopy fusion 100%, 0 raw sky gaps (0 at least 8 cells) -- so this run reads 1 distinguishable crowns of 8 founders
  (CALIBRATION FAILED against the owner's eye, 2026-08-23: on the three stands he counted,
   these read 2 / 2 / 3 where he read 2 / 4 / 3, and fusion called the 4-founder stand 100% ONE MASS
   when he counted all four. §Z is cards-only. Reports/open-bugs-handoff.md §Z has the table.
   He later said the cue IS sky gaps, read at canopy level -- so census the canopy band next, not the whole column.)

lineage turnover over 28800 frames: 29 born, 9 died (1.01 and 0.31 per 1,000 frames); 20 live in 20 slots
  germinations: 8 -- read against `seeds set in total` above
  organism slots: high-water 20 of 4095 (0.5%), 0 births refused at the ceiling
  standing seed bank: 12 seeds; 0 organisms senescent (dead, remains rotting)
  established plants carrying an inherited genome: 0 of 8 (deepest generation 0) -- at ~0 every claim from this run is about founders

30311 organism cells
  Some(DormantBud)      1387
  Some(GrowingTip)        11
  Some(Leaf)           15734
  Some(MatureBody)     13140
  Some(RootTip)           27
  Some(Seed)              12
  palette bands in use (material, band -> cells):
    leaf       band  2    3916
    leaf       band  3   11818
    rootwood   band  0    3289
    seed       band  0      12
    wood       band  0    7331
    wood       band  1    3945
  bounding box x 24..=508, y 72..=233
  thickest contiguous run, above ground: 52 cells
  thickest contiguous run, below ground: 35 cells (roots spread by design)

root system (8 established plants, soil is 34 rows deep):
  root cells        min   60  median  415  max  801  mean   411.1
  root share of plant  min   2%  median   9%  max  24%  mean  10.2%
  deepest row below surface  min   9  median  33  max  34  mean  27.5
  lateral spread (cells)     min  13  median  50  max  79  mean  48.2
  median root cell sits 14 rows down; quartiles 7 / 23
  root cells with 3+ root neighbours: 67% (a 1-cell-wide run reads ~0 whichever way it points)
  depth histogram, surface->bedrock (% of all root cells): [23, 24, 17, 26, 8]
  seeds standing: 12 above the surface, 0 buried (buried can never germinate)

water balance, per established plant:
  stock          min     1.5 median   178.3 max  1751.6 mean   553.2
  stomatal term  min    0.11 median    1.00 max    1.00 mean    0.78   (1.0 = demand fully met)
  uptake/tick    min    0.76 median   16.80 max   56.05 mean   17.74
  demand/tick    min    6.79 median   15.55 max   46.76 mean   17.53

carbon book, per established plant (per organism tick):
  income         min   0.086 median   1.215 max   2.229 mean   1.157   (over a whole day, not at this instant)
  maintenance    min   0.788 median   1.204 max   3.802 mean   1.751
  bill / income  median    1.30 max    9.50   (>1 = running the stock down)
  unpaid         median   0.048 max   1.478
  cells shed to starvation, cumulative: 5909
  bill at unit price  min  18248.2 median  32347.3 max 144724.7   (x MAINTENANCE_PER_NODE = the shoot bill)
  anchor reach ratio  min   0.0008 median   0.0122 max   0.0646   (anchor moment / crown moment; ANCHOR_DEMAND is set from this)
  anchor status  min    0.02 median    0.30 max    1.00   (1.0 = crown fully anchored)
  slenderness    min     4.0 median    14.1 max    88.0   (shoot height / base width)
  root soil contact  min  50.1% median  65.0% max  86.5%   (the rest earns nothing and still respires)
  support (cantilever reach from anchors): p50 22  p90 44  p99 66  max 85; 12 unreached

vein conductance (max face per cell), 1..10:
  min 1.00  p50 7.58  p90 9.98  p99 10.00  max 10.00
  7909/30311 cells still at the basal floor (26%) -- undifferentiated tissue
  differentiation: 34% undifferentiated / 24% partial / 41% vascular
  strand strength, p99 vs the basal floor: 10.00x of a possible 10x

leaf light (noon-equivalent): min 0.00  p10 0.00  p50 0.06  p90 3.29  max 4.00
  below 0.5: 10828   below 1.0: 11769   below 1.5: 12534   of 15734 leaves

max resource 4.000 / 4.0
max canopy   1.500 / 4.0
one fresh canopy deposit is 1.500 (GROW_CANOPY_DEPOSIT), decaying by half per organism tick
