plant_probe: species=tree trees=8 frames=28800 worldseed=3 width=512 soil=34 growth=1
after 28800 frames: 2896 active sites, 19 awake chunks
soil: 38840 cells, min 0 median 0 max 1000, mean 204; 25339 cells at or below wilting point (65%)
chunks were awake on 28579/28800 frames (99.2%) -- the CA sweep's duty cycle for this scene

population: 17 organisms -- 8 established (>= 20 cells), 9 seeds or seedlings; 20 seeds set in total
  generations  [gen 0: 8, gen 1: 9]
  rooted above ground: 0 organisms (0 of them more than 25 rows up)
  morphs among established plants: 5 distinct of 8 plants  [foliage, angle, internode, sympodial, tropism]
    [1, 1, 1, 0, 0, 1]  x3
    [1, 1, 1, 0, 0, 2]  x2
    [0, 1, 1, 0, 0, 0]  x1
    [0, 1, 1, 0, 0, 2]  x1
    [1, 1, 1, 0, 0, 0]  x1

ensemble of 8 trees, identical species and scene:
  cells     min   42  median 6094  max 9614  mean  5034.1
  leaves    min    0  median 3550  max 6131  mean  2940.2
  height    min   23  median  233  max  234  mean   176.6   (scene ceiling: 200 rows of sky)
  canopy top  row 0   *** CEILING HIT -- shape numbers from this run are void ***
  thickness min    3  median   18  max   24  mean    15.1   (whole tree, incl. ground-level spread)
  stem thick min   0  median   12  max   20  mean    10.0   (above the base -- the real trunk)
  rows >1 cell wide, as % of each tree's occupied rows: min 21  median 47  max 58  mean 45
  per-tree sizes     [7922, 5955, 42, 3107, 7382, 6094, 157, 9614]
  per-tree heights   [217, 233, 23, 207, 233, 234, 32, 234]
  per-tree thickness [15, 21, 3, 18, 11, 19, 10, 24]
  crown profile (top->bottom, % of each plant's widest band, median): [96, 96, 85, 81, 67]
  foliage centre (0 = collar, 100 = apex, median): 53
  foliage share  (% of cells that are leaf, median): 58

  per-tree genotype and outcome (variance [0.5, 0.5, 0.4, 0.18, 0.7, 0.4, 0.4, 0.5, 0.25, 0.7]):
    id  branch rootbr  plast turgor   pipe roottr  alloc  stoma penetr strain    cells leaves height   stem
     1   1.135  1.120  0.749  1.045  1.375  1.299  1.065  0.768  1.077  1.407     7922   5031    217     13
     2   0.721  1.201  1.111  0.966  0.476  0.960  0.890  0.755  1.196  0.546     5955   2492    233     20
     3   0.894  1.213  0.918  1.143  1.217  1.386  0.658  1.263  0.781  1.483       42      0     23      0
     4   0.704  0.761  1.007  0.868  1.690  0.687  0.885  0.631  0.842  0.800     3107   1593    207     12
     5   0.772  1.357  0.725  0.870  1.472  0.921  1.354  0.962  0.833  0.733     7382   4725    233     11
     6   0.789  1.323  0.720  0.983  0.577  0.976  1.154  1.152  1.054  0.682     6094   3550    234     12
     7   0.948  0.763  1.055  1.098  0.371  1.046  0.978  1.204  0.776  1.554      157      0     32      0
     8   1.027  1.270  0.648  0.841  1.503  1.320  1.110  0.753  1.208  0.832     9614   6131    234     12
  alleles: economy 2/6/0  angle 0/8/0  internode 0/8/0  sympody 8/0/0  tropism 8/0/0  density 2/3/3
  architecture events  [1: gen 0 seeds 1 forks 0 plag 0 rigid 414 lat 168 angle 71deg, 2: gen 0 seeds 4 forks 0 plag 0 rigid 468 lat 200 angle 84deg, 3: gen 0 seeds 2 forks 0 plag 0 rigid 224 lat 111 angle 82deg, 4: gen 0 seeds 3 forks 0 plag 0 rigid 247 lat 101 angle 83deg, 5: gen 0 seeds 1 forks 0 plag 0 rigid 318 lat 145 angle 80deg, 6: gen 0 seeds 2 forks 0 plag 0 rigid 295 lat 152 angle 75deg, 7: gen 0 seeds 6 forks 0 plag 0 rigid 321 lat 149 angle 84deg, 8: gen 0 seeds 1 forks 0 plag 0 rigid 434 lat 179 angle 75deg]

distinguishability (§Z / C4), 8 founders planted:
  canopy components at field resolution, >=  1 leaf/block:   2   largest holds  75% of canopy blocks
  canopy components at field resolution, >=  2 leaf/block:   2   largest holds  73% of canopy blocks
  canopy components at field resolution, >=  4 leaf/block:   2   largest holds  69% of canopy blocks
  canopy components at field resolution, >=  8 leaf/block:   3   largest holds  62% of canopy blocks
  interior sky gaps: 1 (a fully separate stand of 8 shows 7), widths [31]
  founder spacing is 56 cells; gaps at least 8 cells wide: 1
  --> canopy fusion 75%, 1 raw sky gaps (1 at least 8 cells) -- so this run reads 2 distinguishable crowns of 8 founders
  (CALIBRATION FAILED against the owner's eye, 2026-08-23: on the three stands he counted,
   these read 2 / 2 / 3 where he read 2 / 4 / 3, and fusion called the 4-founder stand 100% ONE MASS
   when he counted all four. §Z is cards-only. Reports/open-bugs-handoff.md §Z has the table.
   He later said the cue IS sky gaps, read at canopy level -- so census the canopy band next, not the whole column.)

lineage turnover over 28800 frames: 28 born, 11 died (0.97 and 0.38 per 1,000 frames); 17 live in 18 slots
  germinations: 8 -- read against `seeds set in total` above
  organism slots: high-water 18 of 4095 (0.4%), 0 births refused at the ceiling
  standing seed bank: 9 seeds; 2 organisms senescent (dead, remains rotting)
  established plants carrying an inherited genome: 0 of 8 (deepest generation 0) -- at ~0 every claim from this run is about founders

40282 organism cells
  Some(DormantBud)      4535
  Some(GrowingTip)         2
  Some(Leaf)           23522
  Some(MatureBody)     12193
  Some(RootTip)           21
  Some(Seed)               9
  palette bands in use (material, band -> cells):
    leaf       band  2    4725
    leaf       band  3   18797
    rootwood   band  0    2764
    seed       band  0       9
    wood       band  0   12527
    wood       band  1    1460
  bounding box x 0..=511, y 0..=233
  thickest contiguous run, above ground: 47 cells
  thickest contiguous run, below ground: 24 cells (roots spread by design)

root system (8 established plants, soil is 34 rows deep):
  root cells        min   42  median  351  max  662  mean   345.5
  root share of plant  min   1%  median   8%  max 100%  mean  29.1%
  deepest row below surface  min   7  median  33  max  34  mean  27.9
  lateral spread (cells)     min  16  median  55  max  64  mean  44.9
  median root cell sits 16 rows down; quartiles 7 / 24
  root cells with 3+ root neighbours: 63% (a 1-cell-wide run reads ~0 whichever way it points)
  depth histogram, surface->bedrock (% of all root cells): [22, 18, 19, 23, 15]
  seeds standing: 9 above the surface, 0 buried (buried can never germinate)

water balance, per established plant:
  stock          min     0.4 median   168.0 max  1650.5 mean   472.0
  stomatal term  min    0.05 median    1.00 max    1.00 mean    0.77   (1.0 = demand fully met)
  uptake/tick    min    0.00 median   13.54 max   26.61 mean   12.88
  demand/tick    min    0.00 median   13.54 max   44.23 mean   16.68

carbon book, per established plant (per organism tick):
  income         min   0.000 median   1.509 max   2.427 mean   1.089   (over a whole day, not at this instant)
  maintenance    min   0.006 median   2.748 max   6.233 mean   3.099
  bill / income  median    6.16 max     inf   (>1 = running the stock down)
  unpaid         median   1.418 max   3.320
  cells shed to starvation, cumulative: 12066
  bill at unit price  min      0.0 median  92625.7 max 251392.9   (x MAINTENANCE_PER_NODE = the shoot bill)
  anchor reach ratio  min   0.0018 median   0.0090 max   0.0103   (anchor moment / crown moment; ANCHOR_DEMAND is set from this)
  anchor status  min    0.05 median    0.23 max    1.00   (1.0 = crown fully anchored)
  slenderness    min     0.0 median    16.6 max    66.3   (shoot height / base width)
  root soil contact  min  52.4% median  73.7% max 100.0%   (the rest earns nothing and still respires)
  support (cantilever reach from anchors): p50 30  p90 51  p99 72  max 95; 8 unreached

vein conductance (max face per cell), 1..10:
  min 1.00  p50 1.00  p90 9.96  p99 10.00  max 10.00
  22113/40282 cells still at the basal floor (55%) -- undifferentiated tissue
  differentiation: 62% undifferentiated / 16% partial / 22% vascular
  strand strength, p99 vs the basal floor: 10.00x of a possible 10x

leaf light (noon-equivalent): min 0.00  p10 0.00  p50 0.00  p90 2.26  max 4.00
  below 0.5: 18598   below 1.0: 19775   below 1.5: 20458   of 23522 leaves

max resource 4.000 / 4.0
max canopy   1.500 / 4.0
one fresh canopy deposit is 1.500 (GROW_CANOPY_DEPOSIT), decaying by half per organism tick
