plant_probe: species=tree trees=8 frames=28800 worldseed=2 width=512 soil=34 growth=1
after 28800 frames: 639 active sites, 12 awake chunks
soil: 23196 cells, min 0 median 620 max 1000, mean 370; 8714 cells at or below wilting point (38%)
chunks were awake on 26770/28800 frames (93.0%) -- the CA sweep's duty cycle for this scene

population: 20 organisms -- 8 established (>= 20 cells), 12 seeds or seedlings; 24 seeds set in total
  generations  [gen 0: 8, gen 1: 12]
  rooted above ground: 0 organisms (0 of them more than 25 rows up)
  morphs among established plants: 6 distinct of 8 plants  [foliage, angle, internode, sympodial, tropism]
    [1, 1, 1, 0, 0, 1]  x3
    [0, 1, 1, 0, 0, 0]  x1
    [0, 1, 1, 0, 0, 1]  x1
    [0, 1, 1, 0, 0, 2]  x1
    [1, 1, 1, 0, 0, 0]  x1
    [1, 1, 1, 0, 0, 2]  x1

ensemble of 8 trees, identical species and scene:
  cells     min  622  median 3286  max 5472  mean  3006.1
  leaves    min  175  median 1682  max 3073  mean  1557.5
  height    min   99  median  130  max  162  mean   133.0   (scene ceiling: 200 rows of sky)
  canopy top  row 69   (69 rows of clearance remain)
  thickness min    7  median   16  max   25  mean    16.0   (whole tree, incl. ground-level spread)
  stem thick min   7  median   14  max   17  mean    12.2   (above the base -- the real trunk)
  rows >1 cell wide, as % of each tree's occupied rows: min 46  median 53  max 71  mean 55
  per-tree sizes     [2152, 5472, 1031, 2698, 4380, 3286, 4408, 622]
  per-tree heights   [99, 162, 129, 128, 157, 130, 128, 131]
  per-tree thickness [16, 15, 7, 14, 18, 25, 25, 8]
  crown profile (top->bottom, % of each plant's widest band, median): [76, 99, 93, 80, 50]
  foliage centre (0 = collar, 100 = apex, median): 57
  foliage share  (% of cells that are leaf, median): 46

  per-tree genotype and outcome (variance [0.5, 0.5, 0.4, 0.18, 0.7, 0.4, 0.4, 0.5, 0.25, 0.7]):
    id  branch rootbr  plast turgor   pipe roottr  alloc  stoma penetr strain    cells leaves height   stem
     1   0.945  0.801  1.017  1.146  0.547  1.261  0.968  0.881  0.976  1.364     2152    898     99     16
     2   1.402  0.617  0.923  0.831  1.374  1.356  0.857  0.592  1.041  1.492     5472   3073    162     15
     3   0.753  0.706  1.216  1.151  1.284  0.820  1.072  1.169  0.855  0.954     1031    446    129      7
     4   0.665  0.503  0.609  0.954  1.388  0.664  0.647  1.046  0.910  1.327     2698   1682    128     14
     5   0.653  0.599  0.651  0.913  1.509  1.348  1.197  0.746  0.966  0.995     4380   2657    157     11
     6   1.480  1.290  1.238  1.156  1.035  1.169  0.703  0.784  0.981  0.830     3286   1517    130     11
     7   0.655  1.005  1.357  1.051  1.552  1.247  1.153  0.791  1.121  0.390     4408   2012    128     17
     8   0.617  0.522  1.334  1.035  1.315  1.290  0.816  0.906  1.178  0.386      622    175    131      7
  alleles: economy 3/5/0  angle 0/8/0  internode 0/8/0  sympody 8/0/0  tropism 8/0/0  density 2/4/2
  architecture events  [1: gen 0 seeds 5 forks 0 plag 0 rigid 255 lat 78 angle 87deg, 2: gen 0 seeds 4 forks 0 plag 0 rigid 521 lat 199 angle 87deg, 3: gen 0 seeds 1 forks 0 plag 0 rigid 95 lat 25 angle 83deg, 4: gen 0 seeds 0 forks 0 plag 0 rigid 245 lat 54 angle 63deg, 5: gen 0 seeds 1 forks 0 plag 0 rigid 325 lat 81 angle 79deg, 6: gen 0 seeds 6 forks 0 plag 0 rigid 361 lat 116 angle 80deg, 7: gen 0 seeds 7 forks 0 plag 0 rigid 646 lat 168 angle 86deg, 8: gen 0 seeds 0 forks 0 plag 0 rigid 54 lat 8 angle 94deg]

distinguishability (§Z / C4), 8 founders planted:
  canopy components at field resolution, >=  1 leaf/block:   3   largest holds  98% of canopy blocks
  canopy components at field resolution, >=  2 leaf/block:   5   largest holds  94% of canopy blocks
  canopy components at field resolution, >=  4 leaf/block:   4   largest holds  90% of canopy blocks
  canopy components at field resolution, >=  8 leaf/block:   4   largest holds  80% of canopy blocks
  interior sky gaps: 0 (a fully separate stand of 8 shows 7), widths []
  founder spacing is 56 cells; gaps at least 8 cells wide: 0
  --> canopy fusion 98%, 0 raw sky gaps (0 at least 8 cells) -- so this run reads 1 distinguishable crowns of 8 founders
  (CALIBRATION FAILED against the owner's eye, 2026-08-23: on the three stands he counted,
   these read 2 / 2 / 3 where he read 2 / 4 / 3, and fusion called the 4-founder stand 100% ONE MASS
   when he counted all four. §Z is cards-only. Reports/open-bugs-handoff.md §Z has the table.
   He later said the cue IS sky gaps, read at canopy level -- so census the canopy band next, not the whole column.)

lineage turnover over 28800 frames: 32 born, 12 died (1.11 and 0.42 per 1,000 frames); 20 live in 21 slots
  germinations: 8 -- read against `seeds set in total` above
  organism slots: high-water 21 of 4095 (0.5%), 0 births refused at the ceiling
  standing seed bank: 12 seeds; 0 organisms senescent (dead, remains rotting)
  established plants carrying an inherited genome: 0 of 8 (deepest generation 0) -- at ~0 every claim from this run is about founders

24061 organism cells
  Some(DormantBud)       968
  Some(GrowingTip)        24
  Some(Leaf)           12460
  Some(MatureBody)     10575
  Some(RootTip)           22
  Some(Seed)              12
  palette bands in use (material, band -> cells):
    leaf       band  2    4349
    leaf       band  3    8111
    rootwood   band  0    1737
    seed       band  0      12
    wood       band  0    7598
    wood       band  1    2254
  bounding box x 0..=468, y 69..=233
  thickest contiguous run, above ground: 49 cells
  thickest contiguous run, below ground: 25 cells (roots spread by design)

root system (8 established plants, soil is 34 rows deep):
  root cells        min   40  median  213  max  405  mean   217.1
  root share of plant  min   1%  median   8%  max  18%  mean   7.9%
  deepest row below surface  min   3  median  31  max  34  mean  26.4
  lateral spread (cells)     min  18  median  35  max  65  mean  36.8
  median root cell sits 11 rows down; quartiles 6 / 19
  root cells with 3+ root neighbours: 57% (a 1-cell-wide run reads ~0 whichever way it points)
  depth histogram, surface->bedrock (% of all root cells): [27, 31, 19, 13, 8]
  seeds standing: 12 above the surface, 0 buried (buried can never germinate)

water balance, per established plant:
  stock          min     1.5 median   109.5 max   344.9 mean   119.9
  stomatal term  min    0.09 median    0.83 max    1.00 mean    0.78   (1.0 = demand fully met)
  uptake/tick    min    1.92 median   10.40 max   31.62 mean   12.22
  demand/tick    min    6.28 median   13.08 max   38.70 mean   15.37

carbon book, per established plant (per organism tick):
  income         min   0.019 median   1.045 max   1.859 mean   0.978   (over a whole day, not at this instant)
  maintenance    min   0.179 median   1.205 max   3.020 mean   1.278
  bill / income  median    1.15 max   52.15   (>1 = running the stock down)
  unpaid         median   0.090 max   1.452
  cells shed to starvation, cumulative: 4656
  bill at unit price  min   4286.3 median  40033.9 max 110086.5   (x MAINTENANCE_PER_NODE = the shoot bill)
  anchor reach ratio  min   0.0028 median   0.0120 max   0.0187   (anchor moment / crown moment; ANCHOR_DEMAND is set from this)
  anchor status  min    0.07 median    0.30 max    0.47   (1.0 = crown fully anchored)
  slenderness    min     3.5 median    31.7 max    43.3   (shoot height / base width)
  root soil contact  min  60.5% median  82.6% max  90.9%   (the rest earns nothing and still respires)
  support (cantilever reach from anchors): p50 24  p90 45  p99 63  max 81; 12 unreached

vein conductance (max face per cell), 1..10:
  min 1.00  p50 8.51  p90 9.99  p99 10.00  max 10.00
  6521/24061 cells still at the basal floor (27%) -- undifferentiated tissue
  differentiation: 34% undifferentiated / 20% partial / 46% vascular
  strand strength, p99 vs the basal floor: 10.00x of a possible 10x

leaf light (noon-equivalent): min 0.00  p10 0.00  p50 0.11  p90 3.23  max 4.00
  below 0.5: 8158   below 1.0: 9361   below 1.5: 9606   of 12460 leaves

max resource 4.000 / 4.0
max canopy   1.500 / 4.0
one fresh canopy deposit is 1.500 (GROW_CANOPY_DEPOSIT), decaying by half per organism tick
