plant_probe: species=tree trees=8 frames=28800 worldseed=4 width=512 soil=34 growth=1
after 28800 frames: 627 active sites, 9 awake chunks
soil: 23908 cells, min 0 median 187 max 1000, mean 303; 11302 cells at or below wilting point (47%)
chunks were awake on 27237/28800 frames (94.6%) -- the CA sweep's duty cycle for this scene

population: 17 organisms -- 6 established (>= 20 cells), 11 seeds or seedlings; 30 seeds set in total
  generations  [gen 0: 7, gen 1: 10]
  rooted above ground: 0 organisms (0 of them more than 25 rows up)
  morphs among established plants: 4 distinct of 6 plants  [foliage, angle, internode, sympodial, tropism]
    [0, 1, 1, 0, 0, 1]  x2
    [0, 1, 1, 0, 0, 2]  x2
    [0, 1, 1, 0, 0, 0]  x1
    [1, 1, 1, 0, 0, 0]  x1

ensemble of 6 trees, identical species and scene:
  cells     min 3083  median 5566  max 6866  mean  4816.7
  leaves    min 1628  median 1951  max 3313  mean  2210.0
  height    min  103  median  154  max  169  mean   139.8   (scene ceiling: 200 rows of sky)
  canopy top  row 65   (65 rows of clearance remain)
  thickness min   20  median   27  max   55  mean    29.2   (whole tree, incl. ground-level spread)
  stem thick min  11  median   13  max   20  mean    13.3   (above the base -- the real trunk)
  rows >1 cell wide, as % of each tree's occupied rows: min 50  median 57  max 63  mean 56
  per-tree sizes     [5735, 3083, 5566, 3457, 4193, 6866]
  per-tree heights   [169, 103, 164, 127, 122, 154]
  per-tree thickness [29, 24, 20, 20, 27, 55]
  crown profile (top->bottom, % of each plant's widest band, median): [60, 100, 95, 94, 60]
  foliage centre (0 = collar, 100 = apex, median): 56
  foliage share  (% of cells that are leaf, median): 48

  per-tree genotype and outcome (variance [0.5, 0.5, 0.4, 0.18, 0.7, 0.4, 0.4, 0.5, 0.25, 0.7]):
    id  branch rootbr  plast turgor   pipe roottr  alloc  stoma penetr strain    cells leaves height   stem
     2   0.679  1.079  1.236  0.839  1.685  1.123  0.635  1.095  1.122  0.646     5735   2860    169     11
     3   1.213  1.086  0.654  1.128  1.459  0.908  0.693  1.111  0.790  1.385     3083   1773    103     13
     4   1.487  0.616  1.300  0.861  0.379  1.171  0.654  1.476  0.955  1.321     5566   1951    164     20
     5   0.560  1.375  0.848  1.121  1.515  0.671  0.728  0.639  0.879  1.306     3457   1628    127     11
     7   1.295  1.318  0.809  1.007  0.469  1.133  1.152  0.510  0.925  0.438     4193   1735    122     11
     8   1.023  1.011  0.955  0.862  1.059  1.066  0.889  1.412  0.944  1.322     6866   3313    154     14
  alleles: economy 5/1/0  angle 0/6/0  internode 0/6/0  sympody 6/0/0  tropism 6/0/0  density 2/2/2
  architecture events  [2: gen 0 seeds 2 forks 0 plag 0 rigid 480 lat 121 angle 77deg, 3: gen 0 seeds 3 forks 0 plag 0 rigid 292 lat 91 angle 74deg, 4: gen 0 seeds 4 forks 0 plag 0 rigid 421 lat 221 angle 81deg, 5: gen 0 seeds 0 forks 0 plag 0 rigid 424 lat 60 angle 76deg, 7: gen 0 seeds 10 forks 0 plag 0 rigid 396 lat 131 angle 79deg, 8: gen 0 seeds 11 forks 0 plag 0 rigid 730 lat 212 angle 78deg]

distinguishability (§Z / C4), 8 founders planted:
  canopy components at field resolution, >=  1 leaf/block:   1   largest holds 100% of canopy blocks
  canopy components at field resolution, >=  2 leaf/block:   1   largest holds  96% of canopy blocks
  canopy components at field resolution, >=  4 leaf/block:   1   largest holds  90% of canopy blocks
  canopy components at field resolution, >=  8 leaf/block:   3   largest holds  78% of canopy blocks
  interior sky gaps: 0 (a fully separate stand of 8 shows 7), widths []
  founder spacing is 56 cells; gaps at least 8 cells wide: 0
  --> canopy fusion 100%, 0 raw sky gaps (0 at least 8 cells) -- so this run reads 1 distinguishable crowns of 8 founders
  (CALIBRATION FAILED against the owner's eye, 2026-08-23: on the three stands he counted,
   these read 2 / 2 / 3 where he read 2 / 4 / 3, and fusion called the 4-founder stand 100% ONE MASS
   when he counted all four. §Z is cards-only. Reports/open-bugs-handoff.md §Z has the table.
   He later said the cue IS sky gaps, read at canopy level -- so census the canopy band next, not the whole column.)

lineage turnover over 28800 frames: 38 born, 21 died (1.32 and 0.73 per 1,000 frames); 17 live in 23 slots
  germinations: 9 -- read against `seeds set in total` above
  organism slots: high-water 23 of 4095 (0.6%), 0 births refused at the ceiling
  standing seed bank: 10 seeds; 0 organisms senescent (dead, remains rotting)
  established plants carrying an inherited genome: 0 of 6 (deepest generation 0) -- at ~0 every claim from this run is about founders

28912 organism cells
  Some(DormantBud)       832
  Some(GrowingTip)        12
  Some(Leaf)           13260
  Some(MatureBody)     14769
  Some(RootTip)           29
  Some(Seed)              10
  palette bands in use (material, band -> cells):
    leaf       band  2   11487
    leaf       band  3    1773
    rootwood   band  0    3522
    seed       band  0      10
    wood       band  0    6825
    wood       band  1    5295
  bounding box x 31..=511, y 65..=233
  thickest contiguous run, above ground: 51 cells
  thickest contiguous run, below ground: 55 cells (roots spread by design)

root system (6 established plants, soil is 34 rows deep):
  root cells        min  222  median  617  max  954  mean   586.7
  root share of plant  min   6%  median  13%  max  17%  mean  11.5%
  deepest row below surface  min   7  median  34  max  34  mean  28.5
  lateral spread (cells)     min  49  median  65  max  92  mean  66.7
  median root cell sits 15 rows down; quartiles 7 / 25
  root cells with 3+ root neighbours: 68% (a 1-cell-wide run reads ~0 whichever way it points)
  depth histogram, surface->bedrock (% of all root cells): [22, 21, 20, 15, 19]
  seeds standing: 10 above the surface, 0 buried (buried can never germinate)

water balance, per established plant:
  stock          min    34.9 median   267.5 max   374.9 mean   228.1
  stomatal term  min    0.39 median    0.89 max    1.00 mean    0.78   (1.0 = demand fully met)
  uptake/tick    min    3.63 median   32.14 max   44.35 mean   28.77
  demand/tick    min    8.42 median   33.50 max   53.16 mean   31.10

carbon book, per established plant (per organism tick):
  income         min   0.369 median   1.379 max   2.198 mean   1.307   (over a whole day, not at this instant)
  maintenance    min   1.063 median   2.018 max   3.081 mean   1.880
  bill / income  median    1.46 max    3.51   (>1 = running the stock down)
  unpaid         median   0.283 max   1.435
  cells shed to starvation, cumulative: 6943
  bill at unit price  min  27258.6 median  59272.5 max 111157.9   (x MAINTENANCE_PER_NODE = the shoot bill)
  anchor reach ratio  min   0.0090 median   0.0271 max   0.0367   (anchor moment / crown moment; ANCHOR_DEMAND is set from this)
  anchor status  min    0.22 median    0.68 max    0.92   (1.0 = crown fully anchored)
  slenderness    min     3.7 median     6.4 max    44.7   (shoot height / base width)
  root soil contact  min  48.9% median  58.3% max  74.8%   (the rest earns nothing and still respires)
  support (cantilever reach from anchors): p50 24  p90 48  p99 68  max 91; 10 unreached

vein conductance (max face per cell), 1..10:
  min 1.00  p50 7.65  p90 9.99  p99 10.00  max 10.00
  8589/28912 cells still at the basal floor (30%) -- undifferentiated tissue
  differentiation: 37% undifferentiated / 20% partial / 43% vascular
  strand strength, p99 vs the basal floor: 10.00x of a possible 10x

leaf light (noon-equivalent): min 0.00  p10 0.00  p50 0.09  p90 3.25  max 4.00
  below 0.5: 8978   below 1.0: 9873   below 1.5: 10491   of 13260 leaves

max resource 4.000 / 4.0
max canopy   1.500 / 4.0
one fresh canopy deposit is 1.500 (GROW_CANOPY_DEPOSIT), decaying by half per organism tick
