plant_probe: species=grass trees=16 frames=45000 worldseed=7 width=1024 soil=34 growth=1
after 45000 frames: 7 active sites, 0 awake chunks
soil: 34761 cells, min 0 median 620 max 1000, mean 563; 4517 cells at or below wilting point (13%)
chunks were awake on 23604/45000 frames (52.5%) -- the CA sweep's duty cycle for this scene

population: 26 organisms -- 7 established (>= 20 cells), 19 seeds or seedlings; 20 seeds set in total
  generations  [gen 0: 16, gen 1: 10]
  rooted above ground: 0 organisms (0 of them more than 25 rows up)
  morphs among established plants: 5 distinct of 7 plants  [foliage, angle, internode, sympodial, tropism]
    [0, 1, 1, 0, 0, 0]  x3
    [0, 1, 1, 0, 0, 1]  x1
    [1, 1, 1, 0, 0, 0]  x1
    [1, 1, 1, 0, 0, 1]  x1
    [1, 1, 1, 0, 0, 2]  x1

ensemble of 7 trees, identical species and scene:
  cells     min   20  median   31  max   47  mean    30.6
  leaves    min    0  median    0  max    0  mean     0.0
  height    min    5  median    7  max   10  mean     8.0   (scene ceiling: 200 rows of sky)
  canopy top  row 194   (194 rows of clearance remain)
  thickness min    4  median    6  max    8  mean     5.9   (whole tree, incl. ground-level spread)
  stem thick min   1  median    3  max    5  mean     2.9   (above the base -- the real trunk)
  rows >1 cell wide, as % of each tree's occupied rows: min 17  median 42  max 66  mean 45
  per-tree sizes     [20, 36, 24, 47, 24, 31, 32]
  per-tree heights   [5, 10, 10, 10, 7, 7, 7]
  per-tree thickness [6, 6, 4, 6, 5, 6, 8]
  crown profile (top->bottom, % of each plant's widest band, median): [0, 0, 0, 0, 0]
  foliage centre (0 = collar, 100 = apex, median): 0
  foliage share  (% of cells that are leaf, median): 0

  per-tree genotype and outcome (variance [0.5, 0.5, 0.4, 0.18, 0.7, 0.4, 0.4, 0.5, 0.25, 0.7]):
    id  branch rootbr  plast turgor   pipe roottr  alloc  stoma penetr strain    cells leaves height   stem
     3   1.421  0.994  0.699  0.988  0.468  1.149  1.105  0.619  0.889  1.235       20      0      5      1
     4   1.258  1.475  1.145  0.974  0.773  0.688  1.341  0.574  0.964  1.261       36      0     10      3
     6   0.947  0.510  0.975  1.088  0.581  0.964  1.278  0.813  1.040  1.260       24      0     10      1
     9   1.008  0.581  1.272  0.965  1.021  0.962  1.081  1.446  0.976  0.444       47      0     10      5
    11   1.356  0.719  1.072  0.861  0.604  0.886  0.725  0.724  0.755  1.339       24      0      7      3
    14   1.344  1.260  1.352  0.874  1.005  0.930  1.020  0.710  1.242  0.549       31      0      7      5
    16   0.841  1.341  1.182  0.878  0.630  0.840  0.720  0.713  0.863  1.527       32      0      7      2
  alleles: economy 4/3/0  angle 0/7/0  internode 0/7/0  sympody 7/0/0  tropism 7/0/0  density 4/2/1
  architecture events  [3: gen 0 seeds 0 forks 0 plag 0 rigid 5 lat 7 angle 59deg, 4: gen 0 seeds 1 forks 0 plag 0 rigid 5 lat 15 angle 62deg, 6: gen 0 seeds 2 forks 0 plag 0 rigid 3 lat 7 angle 75deg, 9: gen 0 seeds 6 forks 0 plag 0 rigid 8 lat 16 angle 43deg, 11: gen 0 seeds 1 forks 0 plag 0 rigid 7 lat 8 angle 81deg, 14: gen 0 seeds 2 forks 0 plag 0 rigid 7 lat 9 angle 81deg, 16: gen 0 seeds 2 forks 0 plag 0 rigid 5 lat 9 angle 77deg]

distinguishability (§Z / C4), 16 founders planted:
  canopy components at field resolution, >=  1 leaf/block:   0   largest holds   0% of canopy blocks
  canopy components at field resolution, >=  2 leaf/block:   0   largest holds   0% of canopy blocks
  canopy components at field resolution, >=  4 leaf/block:   0   largest holds   0% of canopy blocks
  canopy components at field resolution, >=  8 leaf/block:   0   largest holds   0% of canopy blocks
  interior sky gaps: 0 (a fully separate stand of 16 shows 15), widths []
  founder spacing is 60 cells; gaps at least 8 cells wide: 0
  --> canopy fusion 0%, 0 raw sky gaps (0 at least 8 cells) -- so this run reads 1 distinguishable crowns of 16 founders
  (CALIBRATION FAILED against the owner's eye, 2026-08-23: on the three stands he counted,
   these read 2 / 2 / 3 where he read 2 / 4 / 3, and fusion called the 4-founder stand 100% ONE MASS
   when he counted all four. §Z is cards-only. Reports/open-bugs-handoff.md §Z has the table.
   He later said the cue IS sky gaps, read at canopy level -- so census the canopy band next, not the whole column.)

lineage turnover over 45000 frames: 36 born, 10 died (0.80 and 0.22 per 1,000 frames); 26 live in 28 slots
  organism slots: high-water 28 of 4095 (0.7%), 0 births refused at the ceiling
  standing seed bank: 7 seeds; 0 organisms senescent (dead, remains rotting)
  established plants carrying an inherited genome: 0 of 7 (deepest generation 0) -- at ~0 every claim from this run is about founders

356 organism cells
  Some(MatureBody)       349
  Some(Seed)               7
  palette bands in use (material, band -> cells):
    grassblade band  0     121
    grassblade band  1      95
    grassblade band  2      60
    grassroot  band  0      73
    seed       band  0       7
  bounding box x 59..=964, y 194..=204
  thickest contiguous run, above ground: 8 cells
  thickest contiguous run, below ground: 6 cells (roots spread by design)

root system (7 established plants, soil is 34 rows deep):
  root cells        min    1  median    7  max   23  mean     8.6
  root share of plant  min   3%  median  21%  max  48%  mean  24.3%
  deepest row below surface  min   1  median   2  max   5  mean   2.9
  lateral spread (cells)     min   1  median   4  max   6  mean   3.4
  median root cell sits 0 rows down; quartiles 0 / 2
  root cells with 3+ root neighbours: 28% (a 1-cell-wide run reads ~0 whichever way it points)
  depth histogram, surface->bedrock (% of all root cells): [100, 0, 0, 0, 0]
  seeds standing: 7 above the surface, 0 buried (buried can never germinate)

water balance, per established plant:
  stock          min     4.0 median    24.0 max    64.0 mean    28.0
  stomatal term  min    1.00 median    1.00 max    1.00 mean    1.00   (1.0 = demand fully met)
  uptake/tick    min    0.00 median    0.00 max    0.00 mean    0.00
  demand/tick    min    0.00 median    0.00 max    0.00 mean    0.00

carbon book, per established plant (per organism tick):
  income         min   0.000 median   0.000 max   0.000 mean   0.000   (over a whole day, not at this instant)
  maintenance    min   0.003 median   0.005 max   0.007 mean   0.005
  bill / income  median     inf max     inf   (>1 = running the stock down)
  unpaid         median   0.000 max   0.000
  cells shed to starvation, cumulative: 19
  bill at unit price  min      0.0 median      0.0 max      0.0   (x MAINTENANCE_PER_NODE = the shoot bill)
  anchor reach ratio  min   0.0000 median   0.1707 max   0.5845   (anchor moment / crown moment; ANCHOR_DEMAND is set from this)
  anchor status  min    0.00 median    1.00 max    1.00   (1.0 = crown fully anchored)
  slenderness    min     0.5 median     1.0 max     1.3   (shoot height / base width)
  root soil contact  min  56.5% median 100.0% max 100.0%   (the rest earns nothing and still respires)
  support (cantilever reach from anchors): p50 1  p90 3  p99 5  max 6; 7 unreached

vein conductance (max face per cell), 1..10:
  min 1.00  p50 1.00  p90 1.00  p99 1.00  max 1.00
  356/356 cells still at the basal floor (100%) -- undifferentiated tissue
  differentiation: 100% undifferentiated / 0% partial / 0% vascular
  strand strength, p99 vs the basal floor: 1.00x of a possible 10x

max resource 4.000 / 4.0
max canopy   0.000 / 4.0
one fresh canopy deposit is 1.500 (GROW_CANOPY_DEPOSIT), decaying by half per organism tick
