plant_probe: species=grass trees=16 frames=45000 worldseed=1 width=1024 soil=34 growth=1
after 45000 frames: 750 active sites, 10 awake chunks
soil: 34786 cells, min 0 median 623 max 1000, mean 607; 2401 cells at or below wilting point (7%)
chunks were awake on 40396/45000 frames (89.8%) -- the CA sweep's duty cycle for this scene

population: 31 organisms -- 12 established (>= 20 cells), 19 seeds or seedlings; 24 seeds set in total
  generations  [gen 0: 16, gen 1: 14, gen 2: 1]
  rooted above ground: 0 organisms (0 of them more than 25 rows up)
  morphs among established plants: 5 distinct of 12 plants  [foliage, angle, internode, sympodial, tropism]
    [1, 1, 1, 0, 0, 0]  x3
    [1, 1, 1, 0, 0, 1]  x3
    [0, 1, 1, 0, 0, 0]  x2
    [0, 1, 1, 0, 0, 2]  x2
    [1, 1, 1, 0, 0, 2]  x2

ensemble of 12 trees, identical species and scene:
  cells     min   20  median   21  max   25  mean    21.8
  leaves    min    0  median    0  max    0  mean     0.0
  height    min    5  median    7  max    9  mean     6.6   (scene ceiling: 200 rows of sky)
  canopy top  row 194   (194 rows of clearance remain)
  thickness min    3  median    5  max    8  mean     5.1   (whole tree, incl. ground-level spread)
  stem thick min   1  median    3  max    6  mean     3.0   (above the base -- the real trunk)
  rows >1 cell wide, as % of each tree's occupied rows: min 33  median 50  max 77  mean 50
  per-tree sizes     [22, 21, 21, 21, 25, 25, 21, 24, 20, 20, 22, 20]
  per-tree heights   [6, 5, 7, 7, 7, 6, 7, 7, 9, 6, 6, 6]
  per-tree thickness [5, 6, 5, 5, 4, 5, 6, 8, 4, 5, 5, 3]
  crown profile (top->bottom, % of each plant's widest band, median): [0, 0, 0, 0, 0]
  foliage centre (0 = collar, 100 = apex, median): 0
  foliage share  (% of cells that are leaf, median): 0

  per-tree genotype and outcome (variance [0.5, 0.5, 0.4, 0.18, 0.7, 0.4, 0.4, 0.5, 0.25, 0.7]):
    id  branch rootbr  plast turgor   pipe roottr  alloc  stoma penetr strain    cells leaves height   stem
     2   1.448  1.408  1.037  1.091  0.364  0.996  1.354  1.030  0.916  1.548       22      0      6      5
     3   1.266  1.461  1.058  0.958  1.158  1.395  1.316  0.525  1.147  1.435       21      0      5      2
     5   1.482  0.901  0.780  0.910  1.484  0.673  1.051  0.711  1.209  0.415       21      0      7      2
     6   1.304  0.814  0.960  1.004  0.426  1.228  1.164  1.276  1.139  0.361       21      0      7      2
     8   1.460  0.655  1.306  0.952  1.530  0.795  1.174  1.482  0.957  0.652       25      0      7      3
     9   1.328  0.854  0.988  1.090  0.872  1.300  0.699  0.623  1.091  0.931       25      0      6      4
    10   1.434  1.131  1.351  0.848  0.705  1.357  0.635  0.904  1.202  0.380       21      0      7      6
    16   1.076  1.378  1.052  1.086  1.255  0.892  0.785  1.017  1.176  1.487       24      0      7      1
    25   0.986  0.560  1.125  0.970  1.656  1.202  1.184  1.210  0.829  0.579       20      0      9      1
    30   1.500  0.846  0.784  0.904  1.439  0.671  1.035  0.698  1.222  0.397       20      0      6      4
  4118   1.327  0.860  0.989  1.077  0.922  1.293  0.725  0.596  1.086  0.948       22      0      6      3
  4120   1.461  0.666  1.301  0.943  1.478  0.791  1.148  1.463  0.948  0.667       20      0      6      3
  alleles: economy 4/8/0  angle 0/12/0  internode 0/12/0  sympody 12/0/0  tropism 12/0/0  density 5/3/4
  architecture events  [2: gen 0 seeds 2 forks 0 plag 0 rigid 5 lat 9 angle 59deg, 3: gen 0 seeds 0 forks 0 plag 0 rigid 6 lat 6 angle 63deg, 5: gen 0 seeds 3 forks 0 plag 0 rigid 4 lat 6 angle 66deg, 6: gen 0 seeds 2 forks 0 plag 0 rigid 3 lat 10 angle 70deg, 8: gen 0 seeds 2 forks 0 plag 0 rigid 6 lat 10 angle 48deg, 9: gen 0 seeds 3 forks 0 plag 0 rigid 7 lat 15 angle 52deg, 10: gen 0 seeds 2 forks 0 plag 0 rigid 5 lat 14 angle 54deg, 16: gen 0 seeds 2 forks 0 plag 0 rigid 5 lat 7 angle 71deg, 25: gen 1 seeds 0 forks 0 plag 0 rigid 3 lat 4 angle 82deg, 30: gen 2 seeds 0 forks 0 plag 0 rigid 5 lat 11 angle 52deg, 4118: gen 1 seeds 0 forks 0 plag 0 rigid 5 lat 10 angle 60deg, 4120: gen 1 seeds 0 forks 0 plag 0 rigid 5 lat 5 angle 68deg]

distinguishability (§Z / C4), 16 founders planted:
  canopy components at field resolution, >=  1 leaf/block:   0   largest holds   0% of canopy blocks
  canopy components at field resolution, >=  2 leaf/block:   0   largest holds   0% of canopy blocks
  canopy components at field resolution, >=  4 leaf/block:   0   largest holds   0% of canopy blocks
  canopy components at field resolution, >=  8 leaf/block:   0   largest holds   0% of canopy blocks
  interior sky gaps: 0 (a fully separate stand of 16 shows 15), widths []
  founder spacing is 60 cells; gaps at least 8 cells wide: 0
  --> canopy fusion 0%, 0 raw sky gaps (0 at least 8 cells) -- so this run reads 1 distinguishable crowns of 16 founders
  (CALIBRATION FAILED against the owner's eye, 2026-08-23: on the three stands he counted,
   these read 2 / 2 / 3 where he read 2 / 4 / 3, and fusion called the 4-founder stand 100% ONE MASS
   when he counted all four. §Z is cards-only. Reports/open-bugs-handoff.md §Z has the table.
   He later said the cue IS sky gaps, read at canopy level -- so census the canopy band next, not the whole column.)

lineage turnover over 45000 frames: 40 born, 9 died (0.89 and 0.20 per 1,000 frames); 31 live in 31 slots
  organism slots: high-water 31 of 4095 (0.8%), 0 births refused at the ceiling
  standing seed bank: 6 seeds; 0 organisms senescent (dead, remains rotting)
  established plants carrying an inherited genome: 4 of 12 (deepest generation 2) -- at ~0 every claim from this run is about founders

416 organism cells
  Some(MatureBody)       410
  Some(Seed)               6
  palette bands in use (material, band -> cells):
    grassblade band  0     132
    grassblade band  1      81
    grassblade band  2     150
    grassroot  band  0      47
    seed       band  0       6
  bounding box x 56..=964, y 194..=203
  thickest contiguous run, above ground: 12 cells
  thickest contiguous run, below ground: 5 cells (roots spread by design)

root system (12 established plants, soil is 34 rows deep):
  root cells        min    1  median    1  max    8  mean     2.8
  root share of plant  min   4%  median   5%  max  40%  mean  12.3%
  deepest row below surface  min   1  median   1  max   4  mean   1.4
  lateral spread (cells)     min   1  median   1  max   5  mean   2.0
  median root cell sits 0 rows down; quartiles 0 / 0
  root cells with 3+ root neighbours: 12% (a 1-cell-wide run reads ~0 whichever way it points)
  depth histogram, surface->bedrock (% of all root cells): [100, 0, 0, 0, 0]
  seeds standing: 6 above the surface, 0 buried (buried can never germinate)

water balance, per established plant:
  stock          min     4.0 median     4.0 max    28.0 mean    10.3
  stomatal term  min    1.00 median    1.00 max    1.00 mean    1.00   (1.0 = demand fully met)
  uptake/tick    min    0.00 median    0.00 max    0.00 mean    0.00
  demand/tick    min    0.00 median    0.00 max    0.00 mean    0.00

carbon book, per established plant (per organism tick):
  income         min   0.000 median   0.000 max   0.000 mean   0.000   (over a whole day, not at this instant)
  maintenance    min   0.003 median   0.003 max   0.004 mean   0.003
  bill / income  median     inf max     inf   (>1 = running the stock down)
  unpaid         median   0.000 max   0.000
  cells shed to starvation, cumulative: 109
  bill at unit price  min      0.0 median      0.0 max      0.0   (x MAINTENANCE_PER_NODE = the shoot bill)
  anchor reach ratio  min   0.0000 median   0.0000 max   0.4167   (anchor moment / crown moment; ANCHOR_DEMAND is set from this)
  anchor status  min    0.00 median    0.00 max    1.00   (1.0 = crown fully anchored)
  slenderness    min     0.5 median     1.0 max     2.5   (shoot height / base width)
  root soil contact  min  85.7% median 100.0% max 100.0%   (the rest earns nothing and still respires)
  support (cantilever reach from anchors): p50 1  p90 4  p99 5  max 6; 6 unreached

vein conductance (max face per cell), 1..10:
  min 1.00  p50 1.00  p90 1.15  p99 10.00  max 10.00
  372/416 cells still at the basal floor (89%) -- undifferentiated tissue
  differentiation: 91% undifferentiated / 1% partial / 8% vascular
  strand strength, p99 vs the basal floor: 10.00x of a possible 10x

max resource 4.000 / 4.0
max canopy   0.000 / 4.0
one fresh canopy deposit is 1.500 (GROW_CANOPY_DEPOSIT), decaying by half per organism tick
