plant_probe: species=grass trees=16 frames=45000 worldseed=8 width=1024 soil=34 growth=1
after 45000 frames: 19 active sites, 0 awake chunks
soil: 34744 cells, min 0 median 623 max 1000, mean 588; 4120 cells at or below wilting point (12%)
chunks were awake on 36439/45000 frames (81.0%) -- the CA sweep's duty cycle for this scene

population: 34 organisms -- 9 established (>= 20 cells), 25 seeds or seedlings; 24 seeds set in total
  generations  [gen 0: 16, gen 1: 16, gen 2: 2]
  rooted above ground: 0 organisms (0 of them more than 25 rows up)
  morphs among established plants: 4 distinct of 9 plants  [foliage, angle, internode, sympodial, tropism]
    [1, 1, 1, 0, 0, 0]  x4
    [1, 1, 1, 0, 0, 2]  x3
    [0, 1, 1, 0, 0, 2]  x1
    [1, 1, 1, 0, 0, 1]  x1

ensemble of 9 trees, identical species and scene:
  cells     min   20  median   26  max   49  mean    29.8
  leaves    min    0  median    0  max    0  mean     0.0
  height    min    5  median    7  max   11  mean     7.4   (scene ceiling: 200 rows of sky)
  canopy top  row 194   (194 rows of clearance remain)
  thickness min    4  median    5  max    8  mean     5.4   (whole tree, incl. ground-level spread)
  stem thick min   1  median    2  max    5  mean     2.9   (above the base -- the real trunk)
  rows >1 cell wide, as % of each tree's occupied rows: min 35  median 50  max 69  mean 48
  per-tree sizes     [26, 20, 20, 49, 41, 26, 36, 30, 20]
  per-tree heights   [6, 6, 5, 11, 10, 7, 9, 7, 6]
  per-tree thickness [5, 5, 6, 6, 5, 4, 5, 8, 5]
  crown profile (top->bottom, % of each plant's widest band, median): [0, 0, 0, 0, 0]
  foliage centre (0 = collar, 100 = apex, median): 0
  foliage share  (% of cells that are leaf, median): 0

  per-tree genotype and outcome (variance [0.5, 0.5, 0.4, 0.18, 0.7, 0.4, 0.4, 0.5, 0.25, 0.7]):
    id  branch rootbr  plast turgor   pipe roottr  alloc  stoma penetr strain    cells leaves height   stem
     1   1.148  1.437  0.955  0.921  1.517  0.897  0.713  1.101  0.952  1.678       26      0      6      2
     2   1.359  1.049  0.646  1.178  1.209  1.136  0.770  1.302  1.013  0.690       20      0      6      5
     3   1.485  0.665  1.099  0.982  1.235  1.311  0.609  1.112  1.185  1.456       20      0      5      1
     4   1.144  1.469  0.670  0.854  1.226  1.060  0.609  1.444  1.129  1.573       49      0     11      5
     6   1.411  0.747  1.270  0.928  0.656  0.949  1.216  1.369  0.874  1.253       41      0     10      2
     7   1.163  0.577  1.080  0.828  0.399  0.750  1.001  0.674  0.945  1.395       26      0      7      4
     9   0.958  1.055  0.950  1.026  0.729  0.939  0.610  0.768  1.051  0.530       36      0      9      4
    16   1.077  1.065  0.637  0.980  1.082  0.837  0.820  1.445  0.861  0.927       30      0      7      2
    18   1.350  0.975  0.721  1.162  1.392  1.175  1.280  0.741  0.856  1.632       20      0      6      1
  alleles: economy 1/8/0  angle 0/9/0  internode 0/9/0  sympody 9/0/0  tropism 9/0/0  density 4/1/4
  architecture events  [1: gen 0 seeds 2 forks 0 plag 0 rigid 6 lat 11 angle 64deg, 2: gen 0 seeds 1 forks 0 plag 0 rigid 5 lat 8 angle 49deg, 3: gen 0 seeds 0 forks 0 plag 0 rigid 5 lat 7 angle 59deg, 4: gen 0 seeds 1 forks 0 plag 0 rigid 7 lat 17 angle 62deg, 6: gen 0 seeds 2 forks 0 plag 0 rigid 8 lat 15 angle 59deg, 7: gen 0 seeds 2 forks 0 plag 0 rigid 5 lat 8 angle 70deg, 9: gen 0 seeds 5 forks 0 plag 0 rigid 5 lat 17 angle 38deg, 16: gen 0 seeds 2 forks 0 plag 0 rigid 6 lat 9 angle 77deg, 18: gen 1 seeds 0 forks 0 plag 0 rigid 6 lat 7 angle 59deg]

distinguishability (§Z / C4), 16 founders planted:
  canopy components at field resolution, >=  1 leaf/block:   0   largest holds   0% of canopy blocks
  canopy components at field resolution, >=  2 leaf/block:   0   largest holds   0% of canopy blocks
  canopy components at field resolution, >=  4 leaf/block:   0   largest holds   0% of canopy blocks
  canopy components at field resolution, >=  8 leaf/block:   0   largest holds   0% of canopy blocks
  interior sky gaps: 0 (a fully separate stand of 16 shows 15), widths []
  founder spacing is 60 cells; gaps at least 8 cells wide: 0
  --> canopy fusion 0%, 0 raw sky gaps (0 at least 8 cells) -- so this run reads 1 distinguishable crowns of 16 founders
  (CALIBRATION FAILED against the owner's eye, 2026-08-23: on the three stands he counted,
   these read 2 / 2 / 3 where he read 2 / 4 / 3, and fusion called the 4-founder stand 100% ONE MASS
   when he counted all four. §Z is cards-only. Reports/open-bugs-handoff.md §Z has the table.
   He later said the cue IS sky gaps, read at canopy level -- so census the canopy band next, not the whole column.)

lineage turnover over 45000 frames: 40 born, 6 died (0.89 and 0.13 per 1,000 frames); 34 live in 34 slots
  organism slots: high-water 34 of 4095 (0.8%), 0 births refused at the ceiling
  standing seed bank: 8 seeds; 0 organisms senescent (dead, remains rotting)
  established plants carrying an inherited genome: 1 of 9 (deepest generation 1) -- at ~0 every claim from this run is about founders

477 organism cells
  Some(MatureBody)       469
  Some(Seed)               8
  palette bands in use (material, band -> cells):
    grassblade band  0     176
    grassblade band  1      59
    grassblade band  2     141
    grassroot  band  0      93
    seed       band  0       8
  bounding box x 55..=964, y 194..=204
  thickest contiguous run, above ground: 11 cells
  thickest contiguous run, below ground: 6 cells (roots spread by design)

root system (9 established plants, soil is 34 rows deep):
  root cells        min    1  median    3  max   24  mean     7.7
  root share of plant  min   3%  median  11%  max  48%  mean  20.3%
  deepest row below surface  min   1  median   1  max   5  mean   2.3
  lateral spread (cells)     min   1  median   3  max   9  mean   3.4
  median root cell sits 0 rows down; quartiles 0 / 2
  root cells with 3+ root neighbours: 26% (a 1-cell-wide run reads ~0 whichever way it points)
  depth histogram, surface->bedrock (% of all root cells): [100, 0, 0, 0, 0]
  seeds standing: 8 above the surface, 0 buried (buried can never germinate)

water balance, per established plant:
  stock          min     4.0 median    12.0 max    88.0 mean    25.8
  stomatal term  min    1.00 median    1.00 max    1.00 mean    1.00   (1.0 = demand fully met)
  uptake/tick    min    0.00 median    0.00 max    0.00 mean    0.00
  demand/tick    min    0.00 median    0.00 max    0.00 mean    0.00

carbon book, per established plant (per organism tick):
  income         min   0.000 median   0.000 max   0.000 mean   0.000   (over a whole day, not at this instant)
  maintenance    min   0.003 median   0.004 max   0.007 mean   0.004
  bill / income  median     inf max     inf   (>1 = running the stock down)
  unpaid         median   0.000 max   0.000
  cells shed to starvation, cumulative: 48
  bill at unit price  min      0.0 median      0.0 max      0.0   (x MAINTENANCE_PER_NODE = the shoot bill)
  anchor reach ratio  min   0.0000 median   0.0345 max   0.7492   (anchor moment / crown moment; ANCHOR_DEMAND is set from this)
  anchor status  min    0.00 median    0.86 max    1.00   (1.0 = crown fully anchored)
  slenderness    min     0.5 median     0.8 max     2.5   (shoot height / base width)
  root soil contact  min  52.9% median 100.0% max 100.0%   (the rest earns nothing and still respires)
  support (cantilever reach from anchors): p50 1  p90 4  p99 6  max 7; 8 unreached

vein conductance (max face per cell), 1..10:
  min 1.00  p50 1.00  p90 1.00  p99 1.00  max 1.04
  477/477 cells still at the basal floor (100%) -- undifferentiated tissue
  differentiation: 100% undifferentiated / 0% partial / 0% vascular
  strand strength, p99 vs the basal floor: 1.00x of a possible 10x

max resource 4.000 / 4.0
max canopy   0.000 / 4.0
one fresh canopy deposit is 1.500 (GROW_CANOPY_DEPOSIT), decaying by half per organism tick
