plant_probe: species=grass trees=16 frames=45000 worldseed=5 width=1024 soil=34 growth=1
after 45000 frames: 12 active sites, 0 awake chunks
soil: 34716 cells, min 0 median 620 max 1000, mean 563; 4456 cells at or below wilting point (13%)
chunks were awake on 32548/45000 frames (72.3%) -- the CA sweep's duty cycle for this scene

population: 34 organisms -- 11 established (>= 20 cells), 23 seeds or seedlings; 28 seeds set in total
  generations  [gen 0: 16, gen 1: 14, gen 2: 4]
  rooted above ground: 0 organisms (0 of them more than 25 rows up)
  morphs among established plants: 5 distinct of 11 plants  [foliage, angle, internode, sympodial, tropism]
    [0, 1, 1, 0, 0, 0]  x5
    [1, 1, 1, 0, 0, 0]  x2
    [1, 1, 1, 0, 0, 1]  x2
    [0, 1, 1, 0, 0, 2]  x1
    [1, 1, 1, 0, 0, 2]  x1

ensemble of 11 trees, identical species and scene:
  cells     min   20  median   25  max   57  mean    31.8
  leaves    min    0  median    0  max    0  mean     0.0
  height    min    6  median    7  max   13  mean     8.5   (scene ceiling: 200 rows of sky)
  canopy top  row 194   (194 rows of clearance remain)
  thickness min    4  median    5  max    9  mean     5.5   (whole tree, incl. ground-level spread)
  stem thick min   1  median    3  max    6  mean     3.4   (above the base -- the real trunk)
  rows >1 cell wide, as % of each tree's occupied rows: min 42  median 53  max 66  mean 54
  per-tree sizes     [20, 45, 57, 25, 55, 21, 23, 29, 25, 26, 24]
  per-tree heights   [7, 11, 13, 7, 11, 6, 6, 8, 11, 7, 7]
  per-tree thickness [6, 5, 7, 5, 6, 5, 4, 9, 4, 5, 5]
  crown profile (top->bottom, % of each plant's widest band, median): [0, 0, 0, 0, 0]
  foliage centre (0 = collar, 100 = apex, median): 0
  foliage share  (% of cells that are leaf, median): 0

  per-tree genotype and outcome (variance [0.5, 0.5, 0.4, 0.18, 0.7, 0.4, 0.4, 0.5, 0.25, 0.7]):
    id  branch rootbr  plast turgor   pipe roottr  alloc  stoma penetr strain    cells leaves height   stem
     2   0.711  1.448  1.059  0.868  0.693  0.935  1.143  1.303  1.185  1.680       20      0      7      6
     4   1.251  0.962  0.962  0.884  0.356  0.661  0.900  0.791  0.953  1.317       45      0     11      5
     6   1.485  0.903  0.631  0.873  1.021  1.045  1.107  1.458  1.035  0.811       57      0     13      3
     7   1.344  1.174  1.339  0.913  1.333  1.226  0.809  0.787  0.989  0.572       25      0      7      5
     9   0.648  1.047  1.161  0.838  1.682  1.132  0.844  0.653  0.801  0.913       55      0     11      4
    11   1.057  0.933  0.619  0.893  1.144  1.122  1.398  0.894  0.918  0.663       21      0      6      2
    12   1.344  0.956  0.806  1.169  1.440  1.286  1.124  1.362  0.865  0.507       23      0      6      2
    16   0.689  1.484  0.916  1.011  0.976  0.760  1.363  1.288  0.849  1.005       29      0      8      1
    19   0.743  1.459  1.053  0.866  0.717  0.953  1.131  1.300  1.180  1.692       25      0     11      2
    25   1.458  0.880  0.635  0.872  1.032  1.051  1.123  1.477  1.043  0.844       26      0      7      2
  8212   1.375  0.978  0.927  0.968  1.578  0.989  0.641  0.702  1.071  1.295       24      0      7      5
  alleles: economy 6/5/0  angle 0/11/0  internode 0/11/0  sympody 11/0/0  tropism 11/0/0  density 7/2/2
  architecture events  [2: gen 0 seeds 3 forks 0 plag 0 rigid 5 lat 7 angle 45deg, 4: gen 0 seeds 1 forks 0 plag 0 rigid 6 lat 16 angle 55deg, 6: gen 0 seeds 1 forks 0 plag 0 rigid 8 lat 16 angle 55deg, 7: gen 0 seeds 2 forks 0 plag 0 rigid 5 lat 10 angle 78deg, 9: gen 0 seeds 4 forks 0 plag 0 rigid 8 lat 15 angle 40deg, 11: gen 0 seeds 1 forks 0 plag 0 rigid 6 lat 7 angle 115deg, 12: gen 0 seeds 1 forks 0 plag 0 rigid 6 lat 8 angle 74deg, 16: gen 0 seeds 2 forks 0 plag 0 rigid 5 lat 9 angle 68deg, 19: gen 1 seeds 2 forks 0 plag 0 rigid 3 lat 10 angle 66deg, 25: gen 1 seeds 0 forks 0 plag 0 rigid 6 lat 8 angle 85deg, 8212: gen 1 seeds 3 forks 0 plag 0 rigid 7 lat 9 angle 52deg]

distinguishability (§Z / C4), 16 founders planted:
  canopy components at field resolution, >=  1 leaf/block:   0   largest holds   0% of canopy blocks
  canopy components at field resolution, >=  2 leaf/block:   0   largest holds   0% of canopy blocks
  canopy components at field resolution, >=  4 leaf/block:   0   largest holds   0% of canopy blocks
  canopy components at field resolution, >=  8 leaf/block:   0   largest holds   0% of canopy blocks
  interior sky gaps: 0 (a fully separate stand of 16 shows 15), widths []
  founder spacing is 60 cells; gaps at least 8 cells wide: 0
  --> canopy fusion 0%, 0 raw sky gaps (0 at least 8 cells) -- so this run reads 1 distinguishable crowns of 16 founders
  (CALIBRATION FAILED against the owner's eye, 2026-08-23: on the three stands he counted,
   these read 2 / 2 / 3 where he read 2 / 4 / 3, and fusion called the 4-founder stand 100% ONE MASS
   when he counted all four. §Z is cards-only. Reports/open-bugs-handoff.md §Z has the table.
   He later said the cue IS sky gaps, read at canopy level -- so census the canopy band next, not the whole column.)

lineage turnover over 45000 frames: 44 born, 10 died (0.98 and 0.22 per 1,000 frames); 34 live in 36 slots
  organism slots: high-water 36 of 4095 (0.9%), 0 births refused at the ceiling
  standing seed bank: 11 seeds; 0 organisms senescent (dead, remains rotting)
  established plants carrying an inherited genome: 3 of 11 (deepest generation 1) -- at ~0 every claim from this run is about founders

498 organism cells
  Some(MatureBody)       487
  Some(Seed)              11
  palette bands in use (material, band -> cells):
    grassblade band  0     219
    grassblade band  1      91
    grassblade band  2      60
    grassroot  band  0     117
    seed       band  0      11
  bounding box x 56..=965, y 194..=206
  thickest contiguous run, above ground: 14 cells
  thickest contiguous run, below ground: 7 cells (roots spread by design)

root system (11 established plants, soil is 34 rows deep):
  root cells        min    1  median    2  max   27  mean     9.5
  root share of plant  min   3%  median   8%  max  49%  mean  23.4%
  deepest row below surface  min   1  median   1  max   7  mean   2.8
  lateral spread (cells)     min   1  median   2  max   8  mean   3.5
  median root cell sits 1 rows down; quartiles 0 / 3
  root cells with 3+ root neighbours: 34% (a 1-cell-wide run reads ~0 whichever way it points)
  depth histogram, surface->bedrock (% of all root cells): [100, 0, 0, 0, 0]
  seeds standing: 11 above the surface, 0 buried (buried can never germinate)

water balance, per established plant:
  stock          min     4.0 median     8.0 max    96.0 mean    33.1
  stomatal term  min    1.00 median    1.00 max    1.00 mean    1.00   (1.0 = demand fully met)
  uptake/tick    min    0.00 median    0.00 max    0.00 mean    0.00
  demand/tick    min    0.00 median    0.00 max    0.00 mean    0.00

carbon book, per established plant (per organism tick):
  income         min   0.000 median   0.000 max   0.000 mean   0.000   (over a whole day, not at this instant)
  maintenance    min   0.003 median   0.004 max   0.009 mean   0.005
  bill / income  median     inf max     inf   (>1 = running the stock down)
  unpaid         median   0.000 max   0.000
  cells shed to starvation, cumulative: 40
  bill at unit price  min      0.0 median      0.0 max      0.0   (x MAINTENANCE_PER_NODE = the shoot bill)
  anchor reach ratio  min   0.0000 median   0.0152 max   0.6559   (anchor moment / crown moment; ANCHOR_DEMAND is set from this)
  anchor status  min    0.00 median    0.38 max    1.00   (1.0 = crown fully anchored)
  slenderness    min     0.7 median     1.7 max     5.0   (shoot height / base width)
  root soil contact  min  74.1% median 100.0% max 100.0%   (the rest earns nothing and still respires)
  support (cantilever reach from anchors): p50 1  p90 4  p99 6  max 7; 11 unreached

vein conductance (max face per cell), 1..10:
  min 1.00  p50 1.00  p90 1.00  p99 1.00  max 1.00
  498/498 cells still at the basal floor (100%) -- undifferentiated tissue
  differentiation: 100% undifferentiated / 0% partial / 0% vascular
  strand strength, p99 vs the basal floor: 1.00x of a possible 10x

max resource 4.000 / 4.0
max canopy   0.000 / 4.0
one fresh canopy deposit is 1.500 (GROW_CANOPY_DEPOSIT), decaying by half per organism tick
