plant_probe: species=tree trees=24 frames=28800 worldseed=2 width=512 soil=34 growth=1
after 28800 frames: 820 active sites, 9 awake chunks
soil: 25965 cells, min 0 median 0 max 1000, mean 251; 14184 cells at or below wilting point (55%)
chunks were awake on 28535/28800 frames (99.1%) -- the CA sweep's duty cycle for this scene

population: 70 organisms -- 15 established (>= 20 cells), 55 seeds or seedlings; 130 seeds set in total
  generations  [gen 0: 22, gen 1: 48]
  rooted above ground: 0 organisms (0 of them more than 25 rows up)
  morphs among established plants: 5 distinct of 15 plants  [foliage, angle, internode, sympodial, tropism]
    [1, 1, 1, 0, 0, 1]  x8
    [0, 1, 1, 0, 0, 1]  x4
    [0, 1, 1, 0, 0, 2]  x1
    [1, 1, 1, 0, 0, 0]  x1
    [1, 1, 1, 0, 0, 2]  x1

ensemble of 15 trees, identical species and scene:
  cells     min   20  median 2304  max 3803  mean  2022.1
  leaves    min    0  median  777  max 1428  mean   718.9
  height    min    7  median  143  max  177  mean   120.7   (scene ceiling: 200 rows of sky)
  canopy top  row 57   (57 rows of clearance remain)
  thickness min    4  median   11  max   30  mean    13.7   (whole tree, incl. ground-level spread)
  stem thick min   1  median   10  max   25  mean     9.7   (above the base -- the real trunk)
  rows >1 cell wide, as % of each tree's occupied rows: min 27  median 52  max 64  mean 51
  per-tree sizes     [2216, 949, 99, 3238, 3002, 2306, 20, 2905, 1899, 3088, 2638, 37, 1827, 2304, 3803]
  per-tree heights   [143, 133, 20, 165, 147, 124, 7, 177, 148, 159, 165, 13, 143, 129, 137]
  per-tree thickness [13, 15, 5, 11, 30, 16, 4, 12, 11, 10, 29, 5, 9, 11, 25]
  crown profile (top->bottom, % of each plant's widest band, median): [100, 91, 69, 70, 57]
  foliage centre (0 = collar, 100 = apex, median): 63
  foliage share  (% of cells that are leaf, median): 33

  per-tree genotype and outcome (variance [0.5, 0.5, 0.4, 0.18, 0.7, 0.4, 0.4, 0.5, 0.25, 0.7]):
    id  branch rootbr  plast turgor   pipe roottr  alloc  stoma penetr strain    cells leaves height   stem
     1   0.718  0.766  0.896  0.923  0.611  1.143  1.398  1.192  0.988  0.450     2216    749    143     13
     2   0.648  0.726  0.740  1.033  1.445  1.144  0.626  1.121  1.065  1.686      949    346    133      6
     3   1.022  1.088  0.995  0.963  0.868  1.301  0.608  1.410  1.110  0.744       99     10     20      1
     4   1.105  1.047  1.249  0.830  1.655  1.139  0.677  0.969  0.951  0.834     3238   1266    165      9
     6   1.063  1.366  1.134  0.896  0.628  0.693  1.364  1.443  0.808  1.262     3002    843    147     14
     8   1.439  0.817  1.233  1.064  0.356  0.953  1.061  0.835  1.130  1.660     2306    614    124     14
     9   0.988  1.201  1.173  0.896  1.190  1.245  0.706  0.591  0.994  0.682       20      0      7      1
    12   0.754  0.717  0.603  0.828  1.681  0.922  1.300  0.864  1.101  0.577     2905   1369    177     10
    13   1.485  0.561  0.658  0.919  0.689  1.317  1.024  1.349  0.823  1.023     1899    777    148     11
    15   1.476  1.099  1.153  0.857  1.552  1.132  1.346  1.334  0.838  1.479     3088   1213    159     10
    17   1.146  1.420  0.894  0.843  1.288  1.147  1.352  1.077  1.187  0.992     2638    852    165     11
    18   1.370  1.308  1.306  0.899  1.263  1.390  1.392  0.804  0.792  0.501       37      4     13      2
    20   0.806  1.338  1.384  0.917  1.063  1.290  0.874  1.076  0.993  1.306     1827    436    143      9
    22   1.484  0.616  0.813  1.018  1.448  1.136  0.612  0.791  0.961  0.903     2304    877    129     10
    23   1.380  1.132  0.637  1.018  0.484  1.134  1.353  1.235  0.893  1.680     3803   1428    137     25
  alleles: economy 5/10/0  angle 0/15/0  internode 0/15/0  sympody 15/0/0  tropism 15/0/0  density 1/12/2
  architecture events  [1: gen 0 seeds 7 forks 0 plag 0 rigid 299 lat 71 angle 80deg, 2: gen 0 seeds 5 forks 0 plag 0 rigid 81 lat 21 angle 81deg, 3: gen 0 seeds 5 forks 0 plag 0 rigid 160 lat 66 angle 89deg, 4: gen 0 seeds 10 forks 0 plag 0 rigid 431 lat 180 angle 80deg, 6: gen 0 seeds 11 forks 0 plag 0 rigid 377 lat 113 angle 82deg, 8: gen 0 seeds 7 forks 0 plag 0 rigid 334 lat 102 angle 73deg, 9: gen 0 seeds 3 forks 0 plag 0 rigid 83 lat 37 angle 66deg, 12: gen 0 seeds 3 forks 0 plag 0 rigid 287 lat 87 angle 78deg, 13: gen 0 seeds 3 forks 0 plag 0 rigid 178 lat 85 angle 80deg, 15: gen 0 seeds 17 forks 0 plag 0 rigid 351 lat 125 angle 87deg, 17: gen 0 seeds 11 forks 0 plag 0 rigid 386 lat 150 angle 75deg, 18: gen 0 seeds 10 forks 0 plag 0 rigid 263 lat 126 angle 80deg, 20: gen 0 seeds 15 forks 0 plag 0 rigid 416 lat 135 angle 85deg, 22: gen 0 seeds 8 forks 0 plag 0 rigid 284 lat 113 angle 79deg, 23: gen 0 seeds 7 forks 0 plag 0 rigid 416 lat 139 angle 70deg]

distinguishability (§Z / C4), 24 founders planted:
  canopy components at field resolution, >=  1 leaf/block:   5   largest holds  38% of canopy blocks
  canopy components at field resolution, >=  2 leaf/block:   6   largest holds  35% of canopy blocks
  canopy components at field resolution, >=  4 leaf/block:   8   largest holds  31% of canopy blocks
  canopy components at field resolution, >=  8 leaf/block:   9   largest holds  26% of canopy blocks
  interior sky gaps: 1 (a fully separate stand of 24 shows 23), widths [11]
  founder spacing is 20 cells; gaps at least 8 cells wide: 1
  --> canopy fusion 38%, 1 raw sky gaps (1 at least 8 cells) -- so this run reads 2 distinguishable crowns of 24 founders
  (CALIBRATION FAILED against the owner's eye, 2026-08-23: on the three stands he counted,
   these read 2 / 2 / 3 where he read 2 / 4 / 3, and fusion called the 4-founder stand 100% ONE MASS
   when he counted all four. §Z is cards-only. Reports/open-bugs-handoff.md §Z has the table.
   He later said the cue IS sky gaps, read at canopy level -- so census the canopy band next, not the whole column.)

lineage turnover over 28800 frames: 154 born, 84 died (5.35 and 2.92 per 1,000 frames); 70 live in 76 slots
  germinations: 24 -- read against `seeds set in total` above
  organism slots: high-water 76 of 4095 (1.9%), 0 births refused at the ceiling
  standing seed bank: 48 seeds; 3 organisms senescent (dead, remains rotting)
  established plants carrying an inherited genome: 0 of 15 (deepest generation 0) -- at ~0 every claim from this run is about founders

30430 organism cells
  Some(DormantBud)      3060
  Some(GrowingTip)        24
  Some(Leaf)           10784
  Some(MatureBody)     16467
  Some(RootTip)           47
  Some(Seed)              48
  palette bands in use (material, band -> cells):
    leaf       band  2    2474
    leaf       band  3    8310
    rootwood   band  0    3151
    seed       band  0      48
    wood       band  0   15494
    wood       band  1     953
  bounding box x 0..=511, y 57..=233
  thickest contiguous run, above ground: 77 cells
  thickest contiguous run, below ground: 30 cells (roots spread by design)

root system (15 established plants, soil is 34 rows deep):
  root cells        min   20  median  179  max  483  mean   206.7
  root share of plant  min   4%  median   9%  max 100%  mean  24.0%
  deepest row below surface  min   3  median  29  max  34  mean  25.7
  lateral spread (cells)     min  10  median  32  max  83  mean  34.3
  median root cell sits 13 rows down; quartiles 7 / 22
  root cells with 3+ root neighbours: 57% (a 1-cell-wide run reads ~0 whichever way it points)
  depth histogram, surface->bedrock (% of all root cells): [23, 28, 19, 15, 13]
  seeds standing: 48 above the surface, 0 buried (buried can never germinate)

water balance, per established plant:
  stock          min    14.2 median    99.2 max   366.8 mean   131.9
  stomatal term  min    0.32 median    0.91 max    1.00 mean    0.85   (1.0 = demand fully met)
  uptake/tick    min    0.05 median    4.60 max   24.86 mean    6.39
  demand/tick    min    0.00 median    5.05 max   29.85 mean    7.64

carbon book, per established plant (per organism tick):
  income         min   0.000 median   0.510 max   1.477 mean   0.520   (over a whole day, not at this instant)
  maintenance    min   0.003 median   0.587 max   1.701 mean   0.643
  bill / income  median    1.28 max     inf   (>1 = running the stock down)
  unpaid         median   0.014 max   0.426
  cells shed to starvation, cumulative: 7097
  bill at unit price  min      0.0 median  12131.8 max  63295.2   (x MAINTENANCE_PER_NODE = the shoot bill)
  anchor reach ratio  min   0.0013 median   0.0171 max  16.9950   (anchor moment / crown moment; ANCHOR_DEMAND is set from this)
  anchor status  min    0.03 median    0.43 max    1.00   (1.0 = crown fully anchored)
  slenderness    min     0.0 median    29.0 max   130.0   (shoot height / base width)
  root soil contact  min  57.1% median  76.4% max 100.0%   (the rest earns nothing and still respires)
  support (cantilever reach from anchors): p50 19  p90 34  p99 48  max 66; 48 unreached

vein conductance (max face per cell), 1..10:
  min 1.00  p50 4.78  p90 9.98  p99 10.00  max 10.00
  10274/30430 cells still at the basal floor (34%) -- undifferentiated tissue
  differentiation: 43% undifferentiated / 20% partial / 37% vascular
  strand strength, p99 vs the basal floor: 10.00x of a possible 10x

leaf light (noon-equivalent): min 0.00  p10 0.00  p50 0.15  p90 3.67  max 4.00
  below 0.5: 6703   below 1.0: 7471   below 1.5: 8085   of 10784 leaves

max resource 4.000 / 4.0
max canopy   1.500 / 4.0
one fresh canopy deposit is 1.500 (GROW_CANOPY_DEPOSIT), decaying by half per organism tick
