plant_probe: species=tree trees=24 frames=28800 worldseed=1 width=512 soil=34 growth=1
after 28800 frames: 1220 active sites, 8 awake chunks
soil: 26811 cells, min 0 median 0 max 1000, mean 244; 15259 cells at or below wilting point (57%)
chunks were awake on 28498/28800 frames (99.0%) -- the CA sweep's duty cycle for this scene

population: 70 organisms -- 14 established (>= 20 cells), 56 seeds or seedlings; 143 seeds set in total
  generations  [gen 0: 21, gen 1: 49]
  rooted above ground: 0 organisms (0 of them more than 25 rows up)
  morphs among established plants: 6 distinct of 14 plants  [foliage, angle, internode, sympodial, tropism]
    [0, 1, 1, 0, 0, 0]  x6
    [1, 1, 1, 0, 0, 1]  x3
    [1, 1, 1, 0, 0, 2]  x2
    [0, 1, 1, 0, 0, 1]  x1
    [0, 1, 1, 0, 0, 2]  x1
    [1, 1, 1, 0, 0, 0]  x1

ensemble of 14 trees, identical species and scene:
  cells     min   30  median 2020  max 3857  mean  1967.0
  leaves    min    0  median  585  max 1355  mean   668.5
  height    min   10  median  135  max  157  mean   110.7   (scene ceiling: 200 rows of sky)
  canopy top  row 75   (75 rows of clearance remain)
  thickness min    2  median   16  max   41  mean    15.7   (whole tree, incl. ground-level spread)
  stem thick min   0  median   12  max   21  mean     9.9   (above the base -- the real trunk)
  rows >1 cell wide, as % of each tree's occupied rows: min 7  median 53  max 62  mean 45
  per-tree sizes     [1541, 49, 1522, 692, 3452, 1681, 3857, 3037, 30, 54, 3122, 3387, 3094, 2020]
  per-tree heights   [134, 27, 100, 114, 135, 142, 143, 132, 14, 10, 152, 155, 157, 135]
  per-tree thickness [8, 2, 11, 12, 19, 21, 41, 21, 2, 6, 16, 26, 13, 22]
  crown profile (top->bottom, % of each plant's widest band, median): [81, 98, 82, 60, 39]
  foliage centre (0 = collar, 100 = apex, median): 62
  foliage share  (% of cells that are leaf, median): 31

  per-tree genotype and outcome (variance [0.5, 0.5, 0.4, 0.18, 0.7, 0.4, 0.4, 0.5, 0.25, 0.7]):
    id  branch rootbr  plast turgor   pipe roottr  alloc  stoma penetr strain    cells leaves height   stem
     1   0.901  1.198  0.627  0.830  0.610  1.184  0.822  1.457  0.778  1.322     1541    549    134      8
     2   0.622  0.674  1.117  0.840  1.232  0.939  0.970  0.932  0.881  1.547       49      0     27      0
     3   0.579  1.497  0.711  1.148  0.530  1.173  1.045  1.306  1.204  0.842     1522    527    100      7
     4   0.898  0.543  0.763  1.142  1.367  1.325  0.641  1.098  0.825  0.733      692    203    114      7
     6   1.448  1.408  1.037  1.091  0.364  0.996  1.354  1.030  0.916  1.548     3452   1023    135     18
     7   1.260  1.190  1.253  0.997  1.361  1.309  1.176  1.058  1.172  0.530     1681    513    142     21
     9   1.266  1.461  1.058  0.958  1.158  1.395  1.316  0.525  1.147  1.435     3857   1355    143     13
    12   0.671  1.493  0.665  1.097  0.919  1.197  0.819  0.516  0.887  1.472     3037   1138    132     10
    13   1.235  0.665  0.943  1.096  0.891  1.089  0.990  1.101  0.895  1.500       30      0     14      0
    14   1.467  1.331  1.202  1.131  0.331  1.186  1.094  1.247  1.218  1.555       54      0     10      0
    15   1.482  0.901  0.780  0.910  1.484  0.673  1.051  0.711  1.209  0.415     3122   1272    152     12
    19   1.266  1.283  1.132  0.960  0.509  0.996  0.790  0.780  0.993  1.573     3387   1069    155     18
    22   1.297  1.299  0.825  0.872  1.528  0.759  0.692  1.317  0.825  0.370     3094   1125    157     12
    24   1.460  0.655  1.306  0.952  1.530  0.795  1.174  1.482  0.957  0.652     2020    585    135     13
  alleles: economy 8/6/0  angle 0/14/0  internode 0/14/0  sympody 14/0/0  tropism 14/0/0  density 7/4/3
  architecture events  [1: gen 0 seeds 9 forks 0 plag 0 rigid 166 lat 79 angle 79deg, 2: gen 0 seeds 2 forks 0 plag 0 rigid 90 lat 35 angle 78deg, 3: gen 0 seeds 10 forks 0 plag 0 rigid 135 lat 55 angle 79deg, 4: gen 0 seeds 0 forks 0 plag 0 rigid 127 lat 28 angle 74deg, 6: gen 0 seeds 16 forks 0 plag 0 rigid 308 lat 118 angle 80deg, 7: gen 0 seeds 5 forks 0 plag 0 rigid 279 lat 94 angle 85deg, 9: gen 0 seeds 23 forks 0 plag 0 rigid 469 lat 135 angle 82deg, 12: gen 0 seeds 8 forks 0 plag 0 rigid 355 lat 84 angle 78deg, 13: gen 0 seeds 0 forks 0 plag 0 rigid 57 lat 26 angle 88deg, 14: gen 0 seeds 7 forks 0 plag 0 rigid 176 lat 83 angle 76deg, 15: gen 0 seeds 12 forks 0 plag 0 rigid 321 lat 130 angle 88deg, 19: gen 0 seeds 15 forks 0 plag 0 rigid 331 lat 151 angle 84deg, 22: gen 0 seeds 18 forks 0 plag 0 rigid 417 lat 149 angle 83deg, 24: gen 0 seeds 12 forks 0 plag 0 rigid 390 lat 124 angle 87deg]

distinguishability (§Z / C4), 24 founders planted:
  canopy components at field resolution, >=  1 leaf/block:   1   largest holds 100% of canopy blocks
  canopy components at field resolution, >=  2 leaf/block:   2   largest holds  92% of canopy blocks
  canopy components at field resolution, >=  4 leaf/block:   5   largest holds  47% of canopy blocks
  canopy components at field resolution, >=  8 leaf/block:   5   largest holds  37% of canopy blocks
  interior sky gaps: 1 (a fully separate stand of 24 shows 23), widths [5]
  founder spacing is 20 cells; gaps at least 8 cells wide: 0
  --> canopy fusion 100%, 1 raw sky gaps (0 at least 8 cells) -- so this run reads 2 distinguishable crowns of 24 founders
  (CALIBRATION FAILED against the owner's eye, 2026-08-23: on the three stands he counted,
   these read 2 / 2 / 3 where he read 2 / 4 / 3, and fusion called the 4-founder stand 100% ONE MASS
   when he counted all four. §Z is cards-only. Reports/open-bugs-handoff.md §Z has the table.
   He later said the cue IS sky gaps, read at canopy level -- so census the canopy band next, not the whole column.)

lineage turnover over 28800 frames: 167 born, 97 died (5.80 and 3.37 per 1,000 frames); 70 live in 72 slots
  germinations: 25 -- read against `seeds set in total` above
  organism slots: high-water 72 of 4095 (1.8%), 0 births refused at the ceiling
  standing seed bank: 49 seeds; 5 organisms senescent (dead, remains rotting)
  established plants carrying an inherited genome: 0 of 14 (deepest generation 0) -- at ~0 every claim from this run is about founders

27646 organism cells
  Some(DormantBud)      2736
  Some(GrowingTip)        23
  Some(Leaf)            9359
  Some(MatureBody)     15433
  Some(RootTip)           46
  Some(Seed)              49
  palette bands in use (material, band -> cells):
    leaf       band  2    5984
    leaf       band  3    3375
    rootwood   band  0    3423
    seed       band  0      49
    wood       band  0   11538
    wood       band  1    3277
  bounding box x 0..=511, y 75..=233
  thickest contiguous run, above ground: 45 cells
  thickest contiguous run, below ground: 41 cells (roots spread by design)

root system (14 established plants, soil is 34 rows deep):
  root cells        min   29  median  213  max  774  mean   240.3
  root share of plant  min   4%  median  12%  max 100%  mean  30.1%
  deepest row below surface  min   7  median  32  max  34  mean  24.8
  lateral spread (cells)     min  21  median  35  max  77  mean  37.6
  median root cell sits 14 rows down; quartiles 6 / 24
  root cells with 3+ root neighbours: 59% (a 1-cell-wide run reads ~0 whichever way it points)
  depth histogram, surface->bedrock (% of all root cells): [24, 22, 17, 15, 19]
  seeds standing: 49 above the surface, 0 buried (buried can never germinate)

water balance, per established plant:
  stock          min     6.1 median    77.6 max   196.0 mean    87.0
  stomatal term  min    0.10 median    0.79 max    1.00 mean    0.70   (1.0 = demand fully met)
  uptake/tick    min    0.00 median    5.51 max   14.57 mean    5.93
  demand/tick    min    0.00 median    9.66 max   25.47 mean   10.37

carbon book, per established plant (per organism tick):
  income         min   0.000 median   0.501 max   1.013 mean   0.392   (over a whole day, not at this instant)
  maintenance    min   0.005 median   0.696 max   1.214 mean   0.598
  bill / income  median    1.65 max     inf   (>1 = running the stock down)
  unpaid         median   0.028 max   0.299
  cells shed to starvation, cumulative: 8010
  bill at unit price  min      0.0 median  21564.7 max  35303.5   (x MAINTENANCE_PER_NODE = the shoot bill)
  anchor reach ratio  min   0.0041 median   0.0132 max   0.0370   (anchor moment / crown moment; ANCHOR_DEMAND is set from this)
  anchor status  min    0.10 median    0.46 max    1.00   (1.0 = crown fully anchored)
  slenderness    min     0.0 median    32.7 max   116.0   (shoot height / base width)
  root soil contact  min  54.9% median  76.8% max 100.0%   (the rest earns nothing and still respires)
  support (cantilever reach from anchors): p50 17  p90 32  p99 43  max 80; 47 unreached

vein conductance (max face per cell), 1..10:
  min 1.00  p50 4.17  p90 9.99  p99 10.00  max 10.00
  10169/27646 cells still at the basal floor (37%) -- undifferentiated tissue
  differentiation: 44% undifferentiated / 19% partial / 37% vascular
  strand strength, p99 vs the basal floor: 10.00x of a possible 10x

leaf light (noon-equivalent): min 0.00  p10 0.00  p50 0.20  p90 3.64  max 4.00
  below 0.5: 5640   below 1.0: 6550   below 1.5: 6823   of 9359 leaves

max resource 4.000 / 4.0
max canopy   1.500 / 4.0
one fresh canopy deposit is 1.500 (GROW_CANOPY_DEPOSIT), decaying by half per organism tick
