plant_probe: species=tree trees=24 frames=28800 worldseed=4 width=512 soil=34 growth=1
after 28800 frames: 1053 active sites, 4 awake chunks
soil: 27277 cells, min 0 median 0 max 1000, mean 253; 14969 cells at or below wilting point (55%)
chunks were awake on 28539/28800 frames (99.1%) -- the CA sweep's duty cycle for this scene

population: 76 organisms -- 13 established (>= 20 cells), 63 seeds or seedlings; 141 seeds set in total
  generations  [gen 0: 20, gen 1: 56]
  rooted above ground: 0 organisms (0 of them more than 25 rows up)
  morphs among established plants: 5 distinct of 13 plants  [foliage, angle, internode, sympodial, tropism]
    [1, 1, 1, 0, 0, 2]  x4
    [0, 1, 1, 0, 0, 0]  x3
    [0, 1, 1, 0, 0, 2]  x3
    [1, 1, 1, 0, 0, 1]  x2
    [1, 1, 1, 0, 0, 0]  x1

ensemble of 13 trees, identical species and scene:
  cells     min   40  median 2627  max 4021  mean  2224.2
  leaves    min    0  median 1049  max 1479  mean   810.0
  height    min   14  median  144  max  160  mean   116.5   (scene ceiling: 200 rows of sky)
  canopy top  row 69   (69 rows of clearance remain)
  thickness min    5  median   13  max   22  mean    13.0   (whole tree, incl. ground-level spread)
  stem thick min   0  median   11  max   16  mean     9.7   (above the base -- the real trunk)
  rows >1 cell wide, as % of each tree's occupied rows: min 40  median 51  max 61  mean 51
  per-tree sizes     [2300, 3098, 97, 3248, 2554, 1254, 3305, 40, 4021, 3028, 2627, 95, 3247]
  per-tree heights   [124, 159, 17, 152, 151, 120, 143, 14, 154, 160, 144, 18, 159]
  per-tree thickness [19, 12, 6, 15, 13, 11, 13, 5, 15, 15, 13, 10, 22]
  crown profile (top->bottom, % of each plant's widest band, median): [88, 95, 85, 90, 40]
  foliage centre (0 = collar, 100 = apex, median): 62
  foliage share  (% of cells that are leaf, median): 34

  per-tree genotype and outcome (variance [0.5, 0.5, 0.4, 0.18, 0.7, 0.4, 0.4, 0.5, 0.25, 0.7]):
    id  branch rootbr  plast turgor   pipe roottr  alloc  stoma penetr strain    cells leaves height   stem
     2   1.116  1.338  0.706  1.041  1.582  1.054  1.042  1.184  1.217  0.654     2300   1076    124     12
     3   1.442  1.381  1.231  0.846  0.563  1.207  0.969  0.603  1.222  1.272     3098   1091    159     11
     4   1.451  1.229  0.851  1.039  1.653  1.343  0.979  0.867  1.038  1.694       97      0     17      0
     6   1.015  0.664  0.733  0.884  1.514  1.153  0.720  0.637  0.985  1.035     3248   1443    152     12
     7   1.128  0.665  1.026  0.941  1.652  0.730  1.329  0.872  1.185  0.716     2554    975    151     10
     9   0.709  0.580  0.832  1.031  0.547  1.238  0.987  0.595  1.040  0.879     1254    381    120     11
    11   0.690  0.514  1.035  1.013  1.361  0.954  0.993  0.565  0.856  0.657     3305   1135    143     13
    13   1.265  1.013  0.662  1.078  1.496  1.377  0.663  0.784  0.942  0.619       40      7     14      0
    15   1.393  1.310  0.913  0.859  0.595  0.706  1.134  0.504  1.056  1.538     4021   1479    154     11
    17   1.252  1.385  1.084  0.858  0.771  1.218  1.046  1.002  0.834  0.925     3028   1092    160     15
    20   1.474  1.133  1.368  0.921  1.150  1.253  0.779  0.934  0.830  0.590     2627    788    144     12
    21   1.067  0.606  1.198  0.838  0.733  1.054  0.754  1.105  0.948  0.602       95     14     18      3
    23   0.965  0.977  1.227  0.876  0.486  0.689  0.892  0.627  1.044  1.694     3247   1049    159     16
  alleles: economy 6/7/0  angle 0/13/0  internode 0/13/0  sympody 13/0/0  tropism 13/0/0  density 4/2/7
  architecture events  [2: gen 0 seeds 3 forks 0 plag 0 rigid 173 lat 67 angle 75deg, 3: gen 0 seeds 16 forks 0 plag 0 rigid 333 lat 151 angle 86deg, 4: gen 0 seeds 7 forks 0 plag 0 rigid 198 lat 97 angle 81deg, 6: gen 0 seeds 5 forks 0 plag 0 rigid 300 lat 104 angle 79deg, 7: gen 0 seeds 13 forks 0 plag 0 rigid 292 lat 105 angle 88deg, 9: gen 0 seeds 8 forks 0 plag 0 rigid 123 lat 39 angle 88deg, 11: gen 0 seeds 11 forks 0 plag 0 rigid 536 lat 102 angle 77deg, 13: gen 0 seeds 0 forks 0 plag 0 rigid 61 lat 19 angle 84deg, 15: gen 0 seeds 19 forks 0 plag 0 rigid 370 lat 153 angle 79deg, 17: gen 0 seeds 19 forks 0 plag 0 rigid 265 lat 100 angle 80deg, 20: gen 0 seeds 24 forks 0 plag 0 rigid 328 lat 143 angle 88deg, 21: gen 0 seeds 7 forks 0 plag 0 rigid 282 lat 130 angle 84deg, 23: gen 0 seeds 9 forks 0 plag 0 rigid 274 lat 94 angle 90deg]

distinguishability (§Z / C4), 24 founders planted:
  canopy components at field resolution, >=  1 leaf/block:   3   largest holds  99% of canopy blocks
  canopy components at field resolution, >=  2 leaf/block:   5   largest holds  93% of canopy blocks
  canopy components at field resolution, >=  4 leaf/block:   9   largest holds  83% of canopy blocks
  canopy components at field resolution, >=  8 leaf/block:   6   largest holds  65% of canopy blocks
  interior sky gaps: 0 (a fully separate stand of 24 shows 23), widths []
  founder spacing is 20 cells; gaps at least 8 cells wide: 0
  --> canopy fusion 99%, 0 raw sky gaps (0 at least 8 cells) -- so this run reads 1 distinguishable crowns of 24 founders
  (CALIBRATION FAILED against the owner's eye, 2026-08-23: on the three stands he counted,
   these read 2 / 2 / 3 where he read 2 / 4 / 3, and fusion called the 4-founder stand 100% ONE MASS
   when he counted all four. §Z is cards-only. Reports/open-bugs-handoff.md §Z has the table.
   He later said the cue IS sky gaps, read at canopy level -- so census the canopy band next, not the whole column.)

lineage turnover over 28800 frames: 165 born, 89 died (5.73 and 3.09 per 1,000 frames); 76 live in 84 slots
  germinations: 24 -- read against `seeds set in total` above
  organism slots: high-water 84 of 4095 (2.1%), 0 births refused at the ceiling
  standing seed bank: 56 seeds; 3 organisms senescent (dead, remains rotting)
  established plants carrying an inherited genome: 0 of 13 (deepest generation 0) -- at ~0 every claim from this run is about founders

29004 organism cells
  Some(DormantBud)      3685
  Some(GrowingTip)        30
  Some(Leaf)           10530
  Some(MatureBody)     14662
  Some(RootTip)           41
  Some(Seed)              56
  palette bands in use (material, band -> cells):
    leaf       band  2    5376
    leaf       band  3    5154
    rootwood   band  0    2672
    seed       band  0      56
    wood       band  0    9429
    wood       band  1    6317
  bounding box x 0..=511, y 69..=233
  thickest contiguous run, above ground: 37 cells
  thickest contiguous run, below ground: 22 cells (roots spread by design)

root system (13 established plants, soil is 34 rows deep):
  root cells        min   30  median  238  max  328  mean   202.9
  root share of plant  min   6%  median  10%  max 100%  mean  23.7%
  deepest row below surface  min   4  median  31  max  34  mean  24.8
  lateral spread (cells)     min  10  median  38  max  53  mean  34.9
  median root cell sits 10 rows down; quartiles 5 / 19
  root cells with 3+ root neighbours: 52% (a 1-cell-wide run reads ~0 whichever way it points)
  depth histogram, surface->bedrock (% of all root cells): [31, 30, 14, 9, 13]
  seeds standing: 56 above the surface, 0 buried (buried can never germinate)

water balance, per established plant:
  stock          min     8.1 median    60.7 max   191.5 mean    70.0
  stomatal term  min    0.14 median    0.58 max    1.00 mean    0.63   (1.0 = demand fully met)
  uptake/tick    min    0.00 median    6.93 max   17.61 mean    6.92
  demand/tick    min    0.00 median   11.79 max   28.41 mean   10.94

carbon book, per established plant (per organism tick):
  income         min   0.000 median   0.360 max   1.161 mean   0.437   (over a whole day, not at this instant)
  maintenance    min   0.006 median   0.627 max   1.353 mean   0.655
  bill / income  median    1.78 max     inf   (>1 = running the stock down)
  unpaid         median   0.063 max   0.284
  cells shed to starvation, cumulative: 10782
  bill at unit price  min      0.0 median  14130.8 max  37540.7   (x MAINTENANCE_PER_NODE = the shoot bill)
  anchor reach ratio  min   0.0049 median   0.0152 max   6.3035   (anchor moment / crown moment; ANCHOR_DEMAND is set from this)
  anchor status  min    0.12 median    0.38 max    1.00   (1.0 = crown fully anchored)
  slenderness    min     0.0 median    12.4 max    52.5   (shoot height / base width)
  root soil contact  min  57.2% median  80.8% max  96.7%   (the rest earns nothing and still respires)
  support (cantilever reach from anchors): p50 21  p90 39  p99 54  max 71; 56 unreached

vein conductance (max face per cell), 1..10:
  min 1.00  p50 1.71  p90 9.98  p99 10.00  max 10.00
  12841/29004 cells still at the basal floor (44%) -- undifferentiated tissue
  differentiation: 51% undifferentiated / 18% partial / 32% vascular
  strand strength, p99 vs the basal floor: 10.00x of a possible 10x

leaf light (noon-equivalent): min 0.00  p10 0.00  p50 0.17  p90 3.65  max 4.00
  below 0.5: 6572   below 1.0: 7348   below 1.5: 7776   of 10530 leaves

max resource 4.000 / 4.0
max canopy   1.500 / 4.0
one fresh canopy deposit is 1.500 (GROW_CANOPY_DEPOSIT), decaying by half per organism tick
