plant_probe: species=tree trees=24 frames=28800 worldseed=3 width=512 soil=34 growth=1
after 28800 frames: 1369 active sites, 10 awake chunks
soil: 26016 cells, min 0 median 0 max 1000, mean 254; 14056 cells at or below wilting point (54%)
chunks were awake on 28537/28800 frames (99.1%) -- the CA sweep's duty cycle for this scene

population: 77 organisms -- 15 established (>= 20 cells), 62 seeds or seedlings; 161 seeds set in total
  generations  [gen 0: 21, gen 1: 56]
  rooted above ground: 0 organisms (0 of them more than 25 rows up)
  morphs among established plants: 6 distinct of 15 plants  [foliage, angle, internode, sympodial, tropism]
    [0, 1, 1, 0, 0, 1]  x4
    [0, 1, 1, 0, 0, 2]  x3
    [1, 1, 1, 0, 0, 0]  x3
    [1, 1, 1, 0, 0, 1]  x2
    [1, 1, 1, 0, 0, 2]  x2
    [0, 1, 1, 0, 0, 0]  x1

ensemble of 15 trees, identical species and scene:
  cells     min   44  median 2270  max 3748  mean  1890.1
  leaves    min    0  median  624  max 1418  mean   602.1
  height    min   10  median  126  max  168  mean   110.8   (scene ceiling: 200 rows of sky)
  canopy top  row 66   (66 rows of clearance remain)
  thickness min    4  median   14  max   24  mean    12.9   (whole tree, incl. ground-level spread)
  stem thick min   0  median   10  max   24  mean    10.2   (above the base -- the real trunk)
  rows >1 cell wide, as % of each tree's occupied rows: min 27  median 54  max 67  mean 52
  per-tree sizes     [1001, 2270, 2372, 97, 2649, 2973, 1629, 3085, 47, 2305, 3748, 44, 3129, 1874, 1129]
  per-tree heights   [115, 108, 128, 28, 150, 145, 126, 153, 10, 138, 168, 20, 113, 150, 110]
  per-tree thickness [9, 16, 15, 4, 18, 14, 13, 13, 10, 15, 14, 4, 24, 16, 8]
  crown profile (top->bottom, % of each plant's widest band, median): [100, 93, 87, 63, 32]
  foliage centre (0 = collar, 100 = apex, median): 63
  foliage share  (% of cells that are leaf, median): 30

  per-tree genotype and outcome (variance [0.5, 0.5, 0.4, 0.18, 0.7, 0.4, 0.4, 0.5, 0.25, 0.7]):
    id  branch rootbr  plast turgor   pipe roottr  alloc  stoma penetr strain    cells leaves height   stem
     1   0.887  1.057  0.735  1.113  1.152  1.343  1.056  0.610  1.071  1.253     1001    329    115      9
     2   1.007  0.790  1.289  1.163  0.894  0.705  1.236  1.462  0.832  1.573     2270    627    108     16
     4   1.062  1.242  0.941  1.037  1.386  0.732  0.949  1.382  0.827  0.451     2372    782    128     10
     6   0.887  0.699  0.886  1.093  0.509  1.229  0.711  0.823  0.848  1.202       97      0     28      0
     7   0.920  0.535  1.332  0.940  0.355  0.983  1.304  1.099  0.812  1.104     2649    624    150     18
     9   1.443  1.345  1.132  0.974  1.589  1.182  1.141  1.056  1.149  0.872     2973   1109    145     14
    12   0.799  0.782  1.299  1.153  1.578  1.056  0.627  1.395  0.855  1.625     1629    497    126      8
    14   0.772  1.357  0.725  0.870  1.472  0.921  1.354  0.962  0.833  0.733     3085   1418    153     10
    16   0.930  0.979  0.877  1.104  0.798  0.686  0.877  1.311  0.950  0.989       47      0     10      0
    17   1.311  0.574  1.218  1.079  0.712  1.221  0.626  1.491  0.772  0.340     2305    789    138     10
    19   0.900  0.509  1.315  0.839  0.350  0.661  1.225  1.322  0.914  1.151     3748   1004    168     14
    20   0.802  1.482  0.668  1.177  0.785  1.067  1.226  0.993  1.124  1.160       44      0     20      0
    21   1.116  0.556  0.871  1.115  1.334  1.235  0.748  1.069  0.756  0.433     3129   1032    113     24
    23   0.509  1.283  1.279  0.961  0.903  0.924  0.868  0.845  0.914  1.446     1874    470    150     13
    24   1.132  1.340  0.902  0.946  0.856  1.398  1.315  0.747  1.109  0.612     1129    351    110      7
  alleles: economy 8/7/0  angle 0/15/0  internode 0/15/0  sympody 15/0/0  tropism 15/0/0  density 4/6/5
  architecture events  [1: gen 0 seeds 6 forks 0 plag 0 rigid 125 lat 27 angle 77deg, 2: gen 0 seeds 16 forks 0 plag 0 rigid 433 lat 121 angle 86deg, 4: gen 0 seeds 13 forks 0 plag 0 rigid 433 lat 99 angle 89deg, 6: gen 0 seeds 9 forks 0 plag 0 rigid 185 lat 75 angle 79deg, 7: gen 0 seeds 23 forks 0 plag 0 rigid 422 lat 128 angle 85deg, 9: gen 0 seeds 16 forks 0 plag 0 rigid 317 lat 140 angle 81deg, 12: gen 0 seeds 12 forks 0 plag 0 rigid 227 lat 61 angle 94deg, 14: gen 0 seeds 3 forks 0 plag 0 rigid 218 lat 92 angle 81deg, 16: gen 0 seeds 4 forks 0 plag 0 rigid 163 lat 74 angle 78deg, 17: gen 0 seeds 5 forks 0 plag 0 rigid 225 lat 97 angle 81deg, 19: gen 0 seeds 16 forks 0 plag 0 rigid 555 lat 180 angle 78deg, 20: gen 0 seeds 1 forks 0 plag 0 rigid 114 lat 47 angle 74deg, 21: gen 0 seeds 12 forks 0 plag 0 rigid 490 lat 139 angle 87deg, 23: gen 0 seeds 9 forks 0 plag 0 rigid 309 lat 73 angle 86deg, 24: gen 0 seeds 9 forks 0 plag 0 rigid 173 lat 75 angle 88deg]

distinguishability (§Z / C4), 24 founders planted:
  canopy components at field resolution, >=  1 leaf/block:   2   largest holds  99% of canopy blocks
  canopy components at field resolution, >=  2 leaf/block:   4   largest holds  77% of canopy blocks
  canopy components at field resolution, >=  4 leaf/block:   6   largest holds  67% of canopy blocks
  canopy components at field resolution, >=  8 leaf/block:   9   largest holds  27% of canopy blocks
  interior sky gaps: 2 (a fully separate stand of 24 shows 23), widths [1, 2]
  founder spacing is 20 cells; gaps at least 8 cells wide: 0
  --> canopy fusion 99%, 2 raw sky gaps (0 at least 8 cells) -- so this run reads 3 distinguishable crowns of 24 founders
  (CALIBRATION FAILED against the owner's eye, 2026-08-23: on the three stands he counted,
   these read 2 / 2 / 3 where he read 2 / 4 / 3, and fusion called the 4-founder stand 100% ONE MASS
   when he counted all four. §Z is cards-only. Reports/open-bugs-handoff.md §Z has the table.
   He later said the cue IS sky gaps, read at canopy level -- so census the canopy band next, not the whole column.)

lineage turnover over 28800 frames: 186 born, 109 died (6.46 and 3.78 per 1,000 frames); 77 live in 91 slots
  germinations: 24 -- read against `seeds set in total` above
  organism slots: high-water 91 of 4095 (2.2%), 0 births refused at the ceiling
  standing seed bank: 56 seeds; 4 organisms senescent (dead, remains rotting)
  established plants carrying an inherited genome: 0 of 15 (deepest generation 0) -- at ~0 every claim from this run is about founders

28437 organism cells
  Some(DormantBud)      2132
  Some(GrowingTip)        31
  Some(Leaf)            9032
  Some(MatureBody)     17142
  Some(RootTip)           44
  Some(Seed)              56
  palette bands in use (material, band -> cells):
    leaf       band  2    4283
    leaf       band  3    4749
    rootwood   band  0    3277
    seed       band  0      56
    wood       band  0   12560
    wood       band  1    3512
  bounding box x 0..=511, y 66..=233
  thickest contiguous run, above ground: 59 cells
  thickest contiguous run, below ground: 17 cells (roots spread by design)

root system (15 established plants, soil is 34 rows deep):
  root cells        min   44  median  217  max  388  mean   216.9
  root share of plant  min   4%  median  12%  max 100%  mean  28.5%
  deepest row below surface  min   8  median  27  max  34  mean  24.5
  lateral spread (cells)     min  14  median  34  max  61  mean  34.8
  median root cell sits 11 rows down; quartiles 6 / 19
  root cells with 3+ root neighbours: 58% (a 1-cell-wide run reads ~0 whichever way it points)
  depth histogram, surface->bedrock (% of all root cells): [26, 33, 17, 12, 9]
  seeds standing: 56 above the surface, 0 buried (buried can never germinate)

water balance, per established plant:
  stock          min     3.2 median   110.4 max   793.9 mean   154.0
  stomatal term  min    0.16 median    0.91 max    1.00 mean    0.83   (1.0 = demand fully met)
  uptake/tick    min    0.12 median    5.26 max   18.39 mean    6.64
  demand/tick    min    0.00 median    7.14 max   28.10 mean    8.19

carbon book, per established plant (per organism tick):
  income         min   0.000 median   0.554 max   0.891 mean   0.466   (over a whole day, not at this instant)
  maintenance    min   0.007 median   0.544 max   1.278 mean   0.543
  bill / income  median    1.18 max     inf   (>1 = running the stock down)
  unpaid         median   0.017 max   0.082
  cells shed to starvation, cumulative: 7173
  bill at unit price  min      0.0 median  11319.5 max  40832.2   (x MAINTENANCE_PER_NODE = the shoot bill)
  anchor reach ratio  min   0.0055 median   0.0155 max   0.4165   (anchor moment / crown moment; ANCHOR_DEMAND is set from this)
  anchor status  min    0.14 median    0.46 max    1.00   (1.0 = crown fully anchored)
  slenderness    min     0.0 median    39.3 max   115.0   (shoot height / base width)
  root soil contact  min  56.4% median  77.9% max 100.0%   (the rest earns nothing and still respires)
  support (cantilever reach from anchors): p50 19  p90 32  p99 45  max 71; 54 unreached

vein conductance (max face per cell), 1..10:
  min 1.00  p50 8.35  p90 9.99  p99 10.00  max 10.00
  7316/28437 cells still at the basal floor (26%) -- undifferentiated tissue
  differentiation: 33% undifferentiated / 22% partial / 45% vascular
  strand strength, p99 vs the basal floor: 10.00x of a possible 10x

leaf light (noon-equivalent): min 0.00  p10 0.00  p50 0.20  p90 3.65  max 4.00
  below 0.5: 5318   below 1.0: 6112   below 1.5: 6622   of 9032 leaves

max resource 4.000 / 4.0
max canopy   1.500 / 4.0
one fresh canopy deposit is 1.500 (GROW_CANOPY_DEPOSIT), decaying by half per organism tick
