plant_probe: species=tree trees=24 frames=28800 worldseed=3 width=512 soil=34 growth=1
after 28800 frames: 1166 active sites, 4 awake chunks
soil: 28221 cells, min 0 median 526 max 1000, mean 334; 12767 cells at or below wilting point (45%)
chunks were awake on 27184/28800 frames (94.4%) -- the CA sweep's duty cycle for this scene

population: 73 organisms -- 13 established (>= 20 cells), 60 seeds or seedlings; 125 seeds set in total
  generations  [gen 0: 19, gen 1: 54]
  rooted above ground: 0 organisms (0 of them more than 25 rows up)
  morphs among established plants: 6 distinct of 13 plants  [foliage, angle, internode, sympodial, tropism]
    [0, 1, 1, 0, 0, 1]  x3
    [1, 1, 1, 0, 0, 2]  x3
    [0, 1, 1, 0, 0, 2]  x2
    [1, 1, 1, 0, 0, 0]  x2
    [1, 1, 1, 0, 0, 1]  x2
    [0, 1, 1, 0, 0, 0]  x1

ensemble of 13 trees, identical species and scene:
  cells     min   20  median 2390  max 3863  mean  2010.5
  leaves    min    0  median  675  max 1981  mean   736.3
  height    min    9  median  125  max  151  mean   106.7   (scene ceiling: 200 rows of sky)
  canopy top  row 75   (75 rows of clearance remain)
  thickness min    2  median   13  max   22  mean    11.8   (whole tree, incl. ground-level spread)
  stem thick min   0  median   11  max   22  mean    10.1   (above the base -- the real trunk)
  rows >1 cell wide, as % of each tree's occupied rows: min 8  median 53  max 69  mean 47
  per-tree sizes     [178, 2667, 1351, 2061, 81, 2397, 3303, 3863, 20, 2569, 2390, 2929, 2328]
  per-tree heights   [95, 107, 105, 129, 22, 125, 148, 151, 9, 127, 112, 130, 127]
  per-tree thickness [2, 15, 16, 12, 8, 13, 22, 15, 3, 13, 11, 13, 10]
  crown profile (top->bottom, % of each plant's widest band, median): [98, 93, 80, 71, 50]
  foliage centre (0 = collar, 100 = apex, median): 62
  foliage share  (% of cells that are leaf, median): 32

  per-tree genotype and outcome (variance [0.5, 0.5, 0.4, 0.18, 0.7, 0.4, 0.4, 0.5, 0.25, 0.7]):
    id  branch rootbr  plast turgor   pipe roottr  alloc  stoma penetr strain    cells leaves height   stem
     1   0.887  1.057  0.735  1.113  1.152  1.343  1.056  0.610  1.071  1.253      178     58     95      2
     2   1.007  0.790  1.289  1.163  0.894  0.705  1.236  1.462  0.832  1.573     2667    757    107     15
     3   1.076  0.654  1.268  1.046  1.128  1.263  0.625  0.536  0.827  1.109     1351    399    105     11
     4   1.062  1.242  0.941  1.037  1.386  0.732  0.949  1.382  0.827  0.451     2061    675    129     12
     6   0.887  0.699  0.886  1.093  0.509  1.229  0.711  0.823  0.848  1.202       81      1     22      2
     7   0.920  0.535  1.332  0.940  0.355  0.983  1.304  1.099  0.812  1.104     2397    652    125     13
     9   1.443  1.345  1.132  0.974  1.589  1.182  1.141  1.056  1.149  0.872     3303   1403    148     22
    14   0.772  1.357  0.725  0.870  1.472  0.921  1.354  0.962  0.833  0.733     3863   1981    151     10
    17   1.311  0.574  1.218  1.079  0.712  1.221  0.626  1.491  0.772  0.340       20      0      9      0
    19   0.900  0.509  1.315  0.839  0.350  0.661  1.225  1.322  0.914  1.151     2569    576    127     13
    20   0.802  1.482  0.668  1.177  0.785  1.067  1.226  0.993  1.124  1.160     2390   1255    112      8
    22   1.230  1.095  0.924  1.047  0.583  0.787  1.387  1.163  1.151  1.051     2929    977    130     13
    24   1.132  1.340  0.902  0.946  0.856  1.398  1.315  0.747  1.109  0.612     2328    838    127     10
  alleles: economy 6/7/0  angle 0/13/0  internode 0/13/0  sympody 13/0/0  tropism 13/0/0  density 3/5/5
  architecture events  [1: gen 0 seeds 0 forks 0 plag 0 rigid 8 lat 4 angle 76deg, 2: gen 0 seeds 18 forks 0 plag 0 rigid 581 lat 153 angle 86deg, 3: gen 0 seeds 8 forks 0 plag 0 rigid 212 lat 90 angle 86deg, 4: gen 0 seeds 7 forks 0 plag 0 rigid 448 lat 118 angle 85deg, 6: gen 0 seeds 6 forks 0 plag 0 rigid 202 lat 77 angle 82deg, 7: gen 0 seeds 14 forks 0 plag 0 rigid 451 lat 110 angle 79deg, 9: gen 0 seeds 14 forks 0 plag 0 rigid 473 lat 178 angle 81deg, 14: gen 0 seeds 9 forks 0 plag 0 rigid 420 lat 109 angle 67deg, 17: gen 0 seeds 9 forks 0 plag 0 rigid 157 lat 69 angle 81deg, 19: gen 0 seeds 16 forks 0 plag 0 rigid 398 lat 134 angle 86deg, 20: gen 0 seeds 3 forks 0 plag 0 rigid 255 lat 81 angle 63deg, 22: gen 0 seeds 7 forks 0 plag 0 rigid 370 lat 136 angle 77deg, 24: gen 0 seeds 9 forks 0 plag 0 rigid 312 lat 109 angle 89deg]

distinguishability (§Z / C4), 24 founders planted:
  canopy components at field resolution, >=  1 leaf/block:   4   largest holds  76% of canopy blocks
  canopy components at field resolution, >=  2 leaf/block:   7   largest holds  37% of canopy blocks
  canopy components at field resolution, >=  4 leaf/block:   5   largest holds  34% of canopy blocks
  canopy components at field resolution, >=  8 leaf/block:   6   largest holds  26% of canopy blocks
  interior sky gaps: 4 (a fully separate stand of 24 shows 23), widths [1, 3, 6, 14]
  founder spacing is 20 cells; gaps at least 8 cells wide: 1
  --> canopy fusion 76%, 4 raw sky gaps (1 at least 8 cells) -- so this run reads 5 distinguishable crowns of 24 founders
  (CALIBRATION FAILED against the owner's eye, 2026-08-23: on the three stands he counted,
   these read 2 / 2 / 3 where he read 2 / 4 / 3, and fusion called the 4-founder stand 100% ONE MASS
   when he counted all four. §Z is cards-only. Reports/open-bugs-handoff.md §Z has the table.
   He later said the cue IS sky gaps, read at canopy level -- so census the canopy band next, not the whole column.)

lineage turnover over 28800 frames: 149 born, 76 died (5.17 and 2.64 per 1,000 frames); 73 live in 78 slots
  germinations: 24 -- read against `seeds set in total` above
  organism slots: high-water 78 of 4095 (1.9%), 0 births refused at the ceiling
  standing seed bank: 54 seeds; 3 organisms senescent (dead, remains rotting)
  established plants carrying an inherited genome: 0 of 13 (deepest generation 0) -- at ~0 every claim from this run is about founders

26228 organism cells
  Some(DormantBud)      2230
  Some(GrowingTip)        28
  Some(Leaf)            9572
  Some(MatureBody)     14325
  Some(RootTip)           19
  Some(Seed)              54
  palette bands in use (material, band -> cells):
    leaf       band  2    5039
    leaf       band  3    4533
    rootwood   band  0     983
    seed       band  0      54
    wood       band  0    9380
    wood       band  1    6239
  bounding box x 0..=511, y 75..=233
  thickest contiguous run, above ground: 76 cells
  thickest contiguous run, below ground: 16 cells (roots spread by design)

root system (13 established plants, soil is 34 rows deep):
  root cells        min    7  median   44  max  277  mean    72.8
  root share of plant  min   1%  median   2%  max  85%  mean  14.3%
  deepest row below surface  min   2  median  12  max  34  mean  14.0
  lateral spread (cells)     min   4  median  18  max  47  mean  19.2
  median root cell sits 7 rows down; quartiles 3 / 13
  root cells with 3+ root neighbours: 45% (a 1-cell-wide run reads ~0 whichever way it points)
  depth histogram, surface->bedrock (% of all root cells): [41, 32, 10, 5, 10]
  seeds standing: 54 above the surface, 0 buried (buried can never germinate)

water balance, per established plant:
  stock          min     2.1 median    49.1 max   223.9 mean    68.2
  stomatal term  min    0.07 median    1.00 max    1.00 mean    0.86   (1.0 = demand fully met)
  uptake/tick    min    0.00 median    3.25 max   44.08 mean   10.53
  demand/tick    min    0.00 median    6.27 max   43.27 mean    9.46

carbon book, per established plant (per organism tick):
  income         min   0.000 median   0.667 max   1.700 mean   0.570   (over a whole day, not at this instant)
  maintenance    min   0.006 median   0.644 max   2.139 mean   0.656
  bill / income  median    0.97 max     inf   (>1 = running the stock down)
  unpaid         median   0.006 max   0.253
  cells shed to starvation, cumulative: 6287
  bill at unit price  min    147.5 median  13466.8 max  78089.9   (x MAINTENANCE_PER_NODE = the shoot bill)
  anchor reach ratio  min   0.0005 median   0.0017 max  28.9412   (anchor moment / crown moment; ANCHOR_DEMAND is set from this)
  anchor status  min    0.01 median    0.04 max    1.00   (1.0 = crown fully anchored)
  slenderness    min     1.0 median    50.0 max    62.0   (shoot height / base width)
  root soil contact  min  66.7% median  83.8% max 100.0%   (the rest earns nothing and still respires)
  support (cantilever reach from anchors): p50 19  p90 36  p99 52  max 71; 53 unreached

vein conductance (max face per cell), 1..10:
  min 1.00  p50 7.92  p90 9.99  p99 10.00  max 10.00
  6936/26228 cells still at the basal floor (26%) -- undifferentiated tissue
  differentiation: 35% undifferentiated / 20% partial / 44% vascular
  strand strength, p99 vs the basal floor: 10.00x of a possible 10x

leaf light (noon-equivalent): min 0.00  p10 0.00  p50 0.14  p90 3.56  max 4.00
  below 0.5: 5982   below 1.0: 6598   below 1.5: 7215   of 9572 leaves

max resource 4.000 / 4.0
max canopy   1.500 / 4.0
one fresh canopy deposit is 1.500 (GROW_CANOPY_DEPOSIT), decaying by half per organism tick
