plant_probe: species=tree trees=8 frames=30000 worldseed=3 width=512 soil=34 growth=1
after 30000 frames: 630 active sites, 1 awake chunks
soil: 24413 cells, min 0 median 187 max 1000, mean 319; 11257 cells at or below wilting point (46%)
chunks were awake on 29088/30000 frames (97.0%) -- the CA sweep's duty cycle for this scene

population: 21 organisms -- 8 established (>= 20 cells), 13 seeds or seedlings; 22 seeds set in total
  generations  [gen 0: 8, gen 1: 13]
  rooted above ground: 0 organisms (0 of them more than 25 rows up)
  morphs among established plants: 5 distinct of 8 plants  [foliage, angle, internode, sympodial, tropism]
    [1, 1, 1, 0, 0, 1]  x3
    [1, 1, 1, 0, 0, 2]  x2
    [0, 1, 1, 0, 0, 0]  x1
    [0, 1, 1, 0, 0, 2]  x1
    [1, 1, 1, 0, 0, 0]  x1

ensemble of 8 trees, identical species and scene:
  cells     min 2384  median 3838  max 6044  mean  3764.6
  leaves    min 1343  median 1559  max 3442  mean  1933.4
  height    min  109  median  137  max  162  mean   136.5   (scene ceiling: 200 rows of sky)
  canopy top  row 72   (72 rows of clearance remain)
  thickness min   10  median   21  max   34  mean    20.4   (whole tree, incl. ground-level spread)
  stem thick min   9  median   13  max   16  mean    12.5   (above the base -- the real trunk)
  rows >1 cell wide, as % of each tree's occupied rows: min 46  median 56  max 62  mean 54
  per-tree sizes     [3838, 3962, 2836, 2384, 4244, 3273, 3536, 6044]
  per-tree heights   [137, 143, 109, 125, 155, 135, 126, 162]
  per-tree thickness [16, 32, 12, 10, 17, 34, 21, 21]
  crown profile (top->bottom, % of each plant's widest band, median): [75, 90, 87, 88, 57]
  foliage centre (0 = collar, 100 = apex, median): 55
  foliage share  (% of cells that are leaf, median): 56

  per-tree genotype and outcome (variance [0.5, 0.5, 0.4, 0.18, 0.7, 0.4, 0.4, 0.5, 0.25, 0.7]):
    id  branch rootbr  plast turgor   pipe roottr  alloc  stoma penetr strain    cells leaves height   stem
     1   1.135  1.120  0.749  1.045  1.375  1.299  1.065  0.768  1.077  1.407     3838   2331    137     11
     2   0.721  1.201  1.111  0.966  0.476  0.960  0.890  0.755  1.196  0.546     3962   1559    143     15
     3   0.894  1.213  0.918  1.143  1.217  1.386  0.658  1.263  0.781  1.483     2836   1477    109     10
     4   0.704  0.761  1.007  0.868  1.690  0.687  0.885  0.631  0.842  0.800     2384   1343    125      9
     5   0.772  1.357  0.725  0.870  1.472  0.921  1.354  0.962  0.833  0.733     4244   2383    155     16
     6   0.789  1.323  0.720  0.983  0.577  0.976  1.154  1.152  1.054  0.682     3273   1550    135     11
     7   0.948  0.763  1.055  1.098  0.371  1.046  0.978  1.204  0.776  1.554     3536   1382    126     13
     8   1.027  1.270  0.648  0.841  1.503  1.320  1.110  0.753  1.208  0.832     6044   3442    162     15
  alleles: economy 2/6/0  angle 0/8/0  internode 0/8/0  sympody 8/0/0  tropism 8/0/0  density 2/3/3
  architecture events  [1: gen 0 seeds 0 forks 0 plag 0 rigid 341 lat 102 angle 68deg, 2: gen 0 seeds 8 forks 0 plag 0 rigid 454 lat 108 angle 92deg, 3: gen 0 seeds 3 forks 0 plag 0 rigid 324 lat 92 angle 81deg, 4: gen 0 seeds 2 forks 0 plag 0 rigid 201 lat 77 angle 77deg, 5: gen 0 seeds 1 forks 0 plag 0 rigid 240 lat 84 angle 83deg, 6: gen 0 seeds 0 forks 0 plag 0 rigid 216 lat 72 angle 77deg, 7: gen 0 seeds 5 forks 0 plag 0 rigid 352 lat 118 angle 81deg, 8: gen 0 seeds 3 forks 0 plag 0 rigid 433 lat 162 angle 74deg]

distinguishability (§Z / C4), 8 founders planted:
  canopy components at field resolution, >=  1 leaf/block:   1   largest holds 100% of canopy blocks
  canopy components at field resolution, >=  2 leaf/block:   1   largest holds  97% of canopy blocks
  canopy components at field resolution, >=  4 leaf/block:   1   largest holds  92% of canopy blocks
  canopy components at field resolution, >=  8 leaf/block:   2   largest holds  83% of canopy blocks
  interior sky gaps: 0 (a fully separate stand of 8 shows 7), widths []
  founder spacing is 56 cells; gaps at least 8 cells wide: 0
  --> canopy fusion 100%, 0 raw sky gaps (0 at least 8 cells) -- so this run reads 1 distinguishable crowns of 8 founders
  (CALIBRATION FAILED against the owner's eye, 2026-08-23: on the three stands he counted,
   these read 2 / 2 / 3 where he read 2 / 4 / 3, and fusion called the 4-founder stand 100% ONE MASS
   when he counted all four. §Z is cards-only. Reports/open-bugs-handoff.md §Z has the table.
   He later said the cue IS sky gaps, read at canopy level -- so census the canopy band next, not the whole column.)

lineage turnover over 30000 frames: 30 born, 9 died (1.00 and 0.30 per 1,000 frames); 21 live in 21 slots
  germinations: 8 -- read against `seeds set in total` above
  organism slots: high-water 21 of 4095 (0.5%), 0 births refused at the ceiling
  standing seed bank: 13 seeds; 0 organisms senescent (dead, remains rotting)
  established plants carrying an inherited genome: 0 of 8 (deepest generation 0) -- at ~0 every claim from this run is about founders

30130 organism cells
  Some(DormantBud)      1327
  Some(GrowingTip)        14
  Some(Leaf)           15467
  Some(MatureBody)     13291
  Some(RootTip)           18
  Some(Seed)              13
  palette bands in use (material, band -> cells):
    leaf       band  2    3860
    leaf       band  3   11607
    rootwood   band  0    3330
    seed       band  0      13
    wood       band  0    7358
    wood       band  1    3962
  bounding box x 24..=508, y 72..=233
  thickest contiguous run, above ground: 52 cells
  thickest contiguous run, below ground: 35 cells (roots spread by design)

root system (8 established plants, soil is 34 rows deep):
  root cells        min   60  median  424  max  801  mean   416.2
  root share of plant  min   2%  median   9%  max  24%  mean  10.2%
  deepest row below surface  min   9  median  33  max  34  mean  27.5
  lateral spread (cells)     min  13  median  52  max  81  mean  49.0
  median root cell sits 14 rows down; quartiles 7 / 23
  root cells with 3+ root neighbours: 67% (a 1-cell-wide run reads ~0 whichever way it points)
  depth histogram, surface->bedrock (% of all root cells): [23, 24, 17, 25, 8]
  seeds standing: 13 above the surface, 0 buried (buried can never germinate)

water balance, per established plant:
  stock          min     1.5 median   286.9 max  1751.6 mean   571.8
  stomatal term  min    0.11 median    1.00 max    1.00 mean    0.82   (1.0 = demand fully met)
  uptake/tick    min    0.76 median   10.83 max   28.49 mean   14.03
  demand/tick    min    6.74 median   15.52 max   46.70 mean   17.50

carbon book, per established plant (per organism tick):
  income         min   0.085 median   1.213 max   2.587 mean   1.217   (over a whole day, not at this instant)
  maintenance    min   0.789 median   1.200 max   4.022 mean   1.773
  bill / income  median    1.30 max    9.46   (>1 = running the stock down)
  unpaid         median   0.049 max   1.463
  cells shed to starvation, cumulative: 6068
  bill at unit price  min  18230.1 median  32326.2 max 155876.4   (x MAINTENANCE_PER_NODE = the shoot bill)
  anchor reach ratio  min   0.0008 median   0.0131 max   0.0654   (anchor moment / crown moment; ANCHOR_DEMAND is set from this)
  anchor status  min    0.02 median    0.33 max    1.00   (1.0 = crown fully anchored)
  slenderness    min     4.2 median    14.1 max    88.0   (shoot height / base width)
  root soil contact  min  50.8% median  65.0% max  84.1%   (the rest earns nothing and still respires)
  support (cantilever reach from anchors): p50 23  p90 45  p99 67  max 87; 13 unreached

vein conductance (max face per cell), 1..10:
  min 1.00  p50 8.24  p90 9.99  p99 10.00  max 10.00
  7387/30130 cells still at the basal floor (25%) -- undifferentiated tissue
  differentiation: 33% undifferentiated / 23% partial / 44% vascular
  strand strength, p99 vs the basal floor: 10.00x of a possible 10x

leaf light (noon-equivalent): min 0.00  p10 0.00  p50 0.06  p90 3.29  max 4.00
  below 0.5: 10582   below 1.0: 11513   below 1.5: 12271   of 15467 leaves

max resource 4.000 / 4.0
max canopy   0.375 / 4.0
one fresh canopy deposit is 1.500 (GROW_CANOPY_DEPOSIT), decaying by half per organism tick
