plant_probe: species=tree trees=8 frames=30000 worldseed=1 width=512 soil=34 growth=1
after 30000 frames: 1065 active sites, 0 awake chunks
soil: 24719 cells, min 0 median 307 max 1000, mean 336; 10790 cells at or below wilting point (44%)
chunks were awake on 28762/30000 frames (95.9%) -- the CA sweep's duty cycle for this scene

population: 34 organisms -- 9 established (>= 20 cells), 25 seeds or seedlings; 45 seeds set in total
  generations  [gen 0: 8, gen 1: 26]
  rooted above ground: 1 organisms (1 of them more than 25 rows up)
  morphs among established plants: 4 distinct of 9 plants  [foliage, angle, internode, sympodial, tropism]
    [1, 1, 1, 0, 0, 0]  x3
    [0, 1, 1, 0, 0, 2]  x2
    [1, 1, 1, 0, 0, 1]  x2
    [1, 1, 1, 0, 0, 2]  x2

ensemble of 9 trees, identical species and scene:
  cells     min  296  median 3482  max 6854  mean  3449.9
  leaves    min   71  median 1619  max 3396  mean  1649.8
  height    min  104  median  135  max  155  mean   135.6   (scene ceiling: 200 rows of sky)
  canopy top  row 58   (58 rows of clearance remain)
  thickness min   10  median   14  max   34  mean    16.6   (whole tree, incl. ground-level spread)
  stem thick min   2  median   13  max   17  mean    12.3   (above the base -- the real trunk)
  rows >1 cell wide, as % of each tree's occupied rows: min 16  median 54  max 65  mean 51
  per-tree sizes     [2495, 4198, 296, 4666, 3229, 3751, 3482, 6854, 2078]
  per-tree heights   [147, 151, 135, 131, 128, 142, 127, 155, 104]
  per-tree thickness [17, 19, 10, 13, 14, 13, 16, 34, 13]
  crown profile (top->bottom, % of each plant's widest band, median): [73, 98, 88, 82, 55]
  foliage centre (0 = collar, 100 = apex, median): 56
  foliage share  (% of cells that are leaf, median): 45

  per-tree genotype and outcome (variance [0.5, 0.5, 0.4, 0.18, 0.7, 0.4, 0.4, 0.5, 0.25, 0.7]):
    id  branch rootbr  plast turgor   pipe roottr  alloc  stoma penetr strain    cells leaves height   stem
     1   1.295  0.679  1.033  0.924  0.724  0.670  1.260  1.152  0.816  0.557     2495   1081    147     17
     2   0.663  0.824  1.314  0.888  1.137  0.689  1.180  0.724  0.864  0.671     4198   1957    151     12
     3   0.576  0.719  1.267  0.904  1.046  1.079  1.350  1.013  0.827  1.340      296     71    135      2
     4   0.935  0.989  0.749  0.862  1.477  0.719  0.949  0.814  0.930  1.068     4666   2937    131     10
     5   1.467  1.331  1.202  1.131  0.331  1.186  1.094  1.247  1.218  1.555     3229   1176    128     14
     6   1.329  0.574  1.218  1.067  0.933  0.616  1.121  1.472  1.237  1.523     3751   1708    142     13
     7   1.226  0.583  0.783  1.108  0.697  0.962  0.783  0.634  0.796  1.495     3482   1619    127     13
     8   0.604  1.213  0.787  0.891  1.154  1.141  1.170  0.906  1.115  0.948     6854   3396    155     17
  4110   1.490  1.315  1.202  1.133  0.383  1.202  1.123  1.220  1.215  1.509     2078    903    104     13
  alleles: economy 2/7/0  angle 0/9/0  internode 0/9/0  sympody 9/0/0  tropism 9/0/0  density 3/2/4
  architecture events  [1: gen 0 seeds 6 forks 0 plag 0 rigid 308 lat 100 angle 82deg, 2: gen 0 seeds 10 forks 0 plag 0 rigid 586 lat 112 angle 80deg, 3: gen 0 seeds 0 forks 0 plag 0 rigid 0 lat 0 angle 0deg, 4: gen 0 seeds 1 forks 0 plag 0 rigid 323 lat 148 angle 67deg, 5: gen 0 seeds 4 forks 0 plag 0 rigid 327 lat 120 angle 76deg, 6: gen 0 seeds 4 forks 0 plag 0 rigid 346 lat 137 angle 89deg, 7: gen 0 seeds 9 forks 0 plag 0 rigid 429 lat 138 angle 80deg, 8: gen 0 seeds 10 forks 0 plag 0 rigid 781 lat 124 angle 85deg, 4110: gen 1 seeds 1 forks 0 plag 0 rigid 188 lat 98 angle 68deg]

distinguishability (§Z / C4), 8 founders planted:
  canopy components at field resolution, >=  1 leaf/block:   1   largest holds 100% of canopy blocks
  canopy components at field resolution, >=  2 leaf/block:   2   largest holds  96% of canopy blocks
  canopy components at field resolution, >=  4 leaf/block:   2   largest holds  90% of canopy blocks
  canopy components at field resolution, >=  8 leaf/block:   1   largest holds  81% of canopy blocks
  interior sky gaps: 0 (a fully separate stand of 8 shows 7), widths []
  founder spacing is 56 cells; gaps at least 8 cells wide: 0
  --> canopy fusion 100%, 0 raw sky gaps (0 at least 8 cells) -- so this run reads 1 distinguishable crowns of 8 founders
  (CALIBRATION FAILED against the owner's eye, 2026-08-23: on the three stands he counted,
   these read 2 / 2 / 3 where he read 2 / 4 / 3, and fusion called the 4-founder stand 100% ONE MASS
   when he counted all four. §Z is cards-only. Reports/open-bugs-handoff.md §Z has the table.
   He later said the cue IS sky gaps, read at canopy level -- so census the canopy band next, not the whole column.)

lineage turnover over 30000 frames: 53 born, 19 died (1.77 and 0.63 per 1,000 frames); 34 live in 34 slots
  germinations: 9 -- read against `seeds set in total` above
  organism slots: high-water 34 of 4095 (0.8%), 0 births refused at the ceiling
  standing seed bank: 25 seeds; 2 organisms senescent (dead, remains rotting)
  established plants carrying an inherited genome: 1 of 9 (deepest generation 1) -- at ~0 every claim from this run is about founders

31074 organism cells
  Some(DormantBud)      1124
  Some(GrowingTip)        14
  Some(Leaf)           14848
  Some(MatureBody)     15045
  Some(RootTip)           18
  Some(Seed)              25
  palette bands in use (material, band -> cells):
    leaf       band  2    4645
    leaf       band  3   10203
    rootwood   band  0    2538
    seed       band  0      25
    wood       band  0    7206
    wood       band  1    6457
  bounding box x 0..=511, y 58..=233
  thickest contiguous run, above ground: 48 cells
  thickest contiguous run, below ground: 34 cells (roots spread by design)

root system (9 established plants, soil is 34 rows deep):
  root cells        min  106  median  204  max  877  mean   282.0
  root share of plant  min   4%  median   7%  max  35%  mean   9.8%
  deepest row below surface  min -38  median  33  max  34  mean  22.7
  lateral spread (cells)     min  18  median  32  max  74  mean  36.3
  median root cell sits 14 rows down; quartiles 7 / 23
  root cells with 3+ root neighbours: 62% (a 1-cell-wide run reads ~0 whichever way it points)
  depth histogram, surface->bedrock (% of all root cells): [20, 24, 23, 16, 14]
  seeds standing: 25 above the surface, 0 buried (buried can never germinate)

water balance, per established plant:
  stock          min     0.9 median   239.6 max  1814.2 mean   430.8
  stomatal term  min    0.02 median    1.00 max    1.00 mean    0.80   (1.0 = demand fully met)
  uptake/tick    min    0.24 median   10.13 max   32.49 mean   13.85
  demand/tick    min    0.62 median   10.76 max   29.15 mean   13.84

carbon book, per established plant (per organism tick):
  income         min   0.024 median   0.869 max   2.438 mean   0.898   (over a whole day, not at this instant)
  maintenance    min   0.052 median   1.148 max   2.406 mean   1.322
  bill / income  median    1.69 max   37.69   (>1 = running the stock down)
  unpaid         median   0.147 max   0.645
  cells shed to starvation, cumulative: 5924
  bill at unit price  min    362.8 median  37979.1 max  68954.6   (x MAINTENANCE_PER_NODE = the shoot bill)
  anchor reach ratio  min   0.0028 median   0.0108 max   0.0256   (anchor moment / crown moment; ANCHOR_DEMAND is set from this)
  anchor status  min    0.07 median    0.27 max    0.64   (1.0 = crown fully anchored)
  slenderness    min     3.2 median    39.0 max    58.5   (shoot height / base width)
  root soil contact  min  51.8% median  65.3% max  87.2%   (the rest earns nothing and still respires)
  support (cantilever reach from anchors): p50 24  p90 47  p99 87  max 113; 25 unreached

vein conductance (max face per cell), 1..10:
  min 1.00  p50 7.25  p90 9.99  p99 10.00  max 10.00
  9123/31074 cells still at the basal floor (29%) -- undifferentiated tissue
  differentiation: 38% undifferentiated / 21% partial / 41% vascular
  strand strength, p99 vs the basal floor: 10.00x of a possible 10x

leaf light (noon-equivalent): min 0.00  p10 0.00  p50 0.05  p90 3.04  max 4.00
  below 0.5: 10339   below 1.0: 11254   below 1.5: 11976   of 14848 leaves

max resource 4.000 / 4.0
max canopy   1.500 / 4.0
one fresh canopy deposit is 1.500 (GROW_CANOPY_DEPOSIT), decaying by half per organism tick
