plant_probe: species=tree trees=8 frames=30000 worldseed=5 width=512 soil=34 growth=1
after 30000 frames: 836 active sites, 1 awake chunks
soil: 24687 cells, min 0 median 311 max 1000, mean 331; 11002 cells at or below wilting point (45%)
chunks were awake on 28465/30000 frames (94.9%) -- the CA sweep's duty cycle for this scene

population: 20 organisms -- 8 established (>= 20 cells), 12 seeds or seedlings; 24 seeds set in total
  generations  [gen 0: 8, gen 1: 12]
  rooted above ground: 0 organisms (0 of them more than 25 rows up)
  morphs among established plants: 5 distinct of 8 plants  [foliage, angle, internode, sympodial, tropism]
    [1, 1, 1, 0, 0, 2]  x3
    [1, 1, 1, 0, 0, 0]  x2
    [0, 1, 1, 0, 0, 0]  x1
    [0, 1, 1, 0, 0, 1]  x1
    [1, 1, 1, 0, 0, 1]  x1

ensemble of 8 trees, identical species and scene:
  cells     min  189  median 3618  max 5095  mean  3047.8
  leaves    min    0  median 1833  max 2937  mean  1573.0
  height    min   31  median  141  max  158  mean   127.9   (scene ceiling: 200 rows of sky)
  canopy top  row 76   (76 rows of clearance remain)
  thickness min    8  median   18  max   30  mean    17.1   (whole tree, incl. ground-level spread)
  stem thick min   0  median   12  max   18  mean    10.6   (above the base -- the real trunk)
  rows >1 cell wide, as % of each tree's occupied rows: min 50  median 55  max 71  mean 57
  per-tree sizes     [1079, 4547, 3618, 189, 5095, 3163, 4789, 1902]
  per-tree heights   [121, 156, 141, 31, 135, 134, 158, 147]
  per-tree thickness [8, 24, 15, 9, 25, 30, 18, 8]
  crown profile (top->bottom, % of each plant's widest band, median): [81, 79, 80, 60, 63]
  foliage centre (0 = collar, 100 = apex, median): 58
  foliage share  (% of cells that are leaf, median): 50

  per-tree genotype and outcome (variance [0.5, 0.5, 0.4, 0.18, 0.7, 0.4, 0.4, 0.5, 0.25, 0.7]):
    id  branch rootbr  plast turgor   pipe roottr  alloc  stoma penetr strain    cells leaves height   stem
     1   1.256  0.885  0.768  1.035  0.576  0.908  0.661  0.708  1.183  0.333     1079    376    121      8
     2   1.370  1.227  0.982  0.898  1.370  0.711  0.790  0.843  1.111  0.681     4547   2219    156     13
     3   1.044  1.152  0.904  0.987  0.780  1.398  1.364  1.274  0.855  0.811     3618   1833    141     10
     4   1.339  1.362  0.745  0.979  1.025  0.840  1.011  1.267  1.123  0.466      189      0     31      0
     5   1.426  1.336  0.745  0.871  1.440  0.999  1.183  1.026  0.993  0.687     5095   2937    135     12
     6   1.012  1.360  0.948  1.051  0.496  1.326  0.685  0.867  1.071  1.541     3163   1301    134     16
     7   0.857  0.751  0.626  0.847  1.028  0.866  0.916  1.214  1.007  0.539     4789   2830    158     18
     8   0.818  0.816  0.740  0.998  1.696  0.847  0.855  0.596  1.196  1.670     1902   1088    147      8
  alleles: economy 2/6/0  angle 0/8/0  internode 0/8/0  sympody 8/0/0  tropism 8/0/0  density 3/2/3
  architecture events  [1: gen 0 seeds 3 forks 0 plag 0 rigid 107 lat 42 angle 86deg, 2: gen 0 seeds 8 forks 0 plag 0 rigid 473 lat 146 angle 83deg, 3: gen 0 seeds 2 forks 0 plag 0 rigid 375 lat 122 angle 77deg, 4: gen 0 seeds 0 forks 0 plag 0 rigid 259 lat 115 angle 74deg, 5: gen 0 seeds 3 forks 0 plag 0 rigid 388 lat 151 angle 76deg, 6: gen 0 seeds 5 forks 0 plag 0 rigid 268 lat 91 angle 83deg, 7: gen 0 seeds 2 forks 0 plag 0 rigid 382 lat 123 angle 71deg, 8: gen 0 seeds 1 forks 0 plag 0 rigid 182 lat 34 angle 74deg]

distinguishability (§Z / C4), 8 founders planted:
  canopy components at field resolution, >=  1 leaf/block:   3   largest holds  58% of canopy blocks
  canopy components at field resolution, >=  2 leaf/block:   3   largest holds  57% of canopy blocks
  canopy components at field resolution, >=  4 leaf/block:   4   largest holds  54% of canopy blocks
  canopy components at field resolution, >=  8 leaf/block:   7   largest holds  49% of canopy blocks
  interior sky gaps: 2 (a fully separate stand of 8 shows 7), widths [2, 15]
  founder spacing is 56 cells; gaps at least 8 cells wide: 1
  --> canopy fusion 58%, 2 raw sky gaps (1 at least 8 cells) -- so this run reads 3 distinguishable crowns of 8 founders
  (CALIBRATION FAILED against the owner's eye, 2026-08-23: on the three stands he counted,
   these read 2 / 2 / 3 where he read 2 / 4 / 3, and fusion called the 4-founder stand 100% ONE MASS
   when he counted all four. §Z is cards-only. Reports/open-bugs-handoff.md §Z has the table.
   He later said the cue IS sky gaps, read at canopy level -- so census the canopy band next, not the whole column.)

lineage turnover over 30000 frames: 32 born, 12 died (1.07 and 0.40 per 1,000 frames); 20 live in 21 slots
  germinations: 9 -- read against `seeds set in total` above
  organism slots: high-water 21 of 4095 (0.5%), 0 births refused at the ceiling
  standing seed bank: 12 seeds; 1 organisms senescent (dead, remains rotting)
  established plants carrying an inherited genome: 0 of 8 (deepest generation 0) -- at ~0 every claim from this run is about founders

24394 organism cells
  Some(DormantBud)      1391
  Some(GrowingTip)        20
  Some(Leaf)           12584
  Some(MatureBody)     10375
  Some(RootTip)           12
  Some(Seed)              12
  palette bands in use (material, band -> cells):
    leaf       band  2    4052
    leaf       band  3    8532
    rootwood   band  0    2307
    seed       band  0      12
    wood       band  0    6344
    wood       band  1    3147
  bounding box x 44..=472, y 76..=233
  thickest contiguous run, above ground: 47 cells
  thickest contiguous run, below ground: 30 cells (roots spread by design)

root system (8 established plants, soil is 34 rows deep):
  root cells        min   61  median  316  max  495  mean   288.4
  root share of plant  min   5%  median   7%  max 100%  mean  19.6%
  deepest row below surface  min  12  median  33  max  34  mean  27.2
  lateral spread (cells)     min  17  median  37  max  73  mean  39.5
  median root cell sits 14 rows down; quartiles 6 / 25
  root cells with 3+ root neighbours: 66% (a 1-cell-wide run reads ~0 whichever way it points)
  depth histogram, surface->bedrock (% of all root cells): [24, 23, 13, 19, 17]
  seeds standing: 12 above the surface, 0 buried (buried can never germinate)

water balance, per established plant:
  stock          min    74.3 median   108.3 max   943.4 mean   290.4
  stomatal term  min    0.60 median    1.00 max    1.00 mean    0.87   (1.0 = demand fully met)
  uptake/tick    min    2.14 median    6.76 max   13.92 mean    7.30
  demand/tick    min    0.00 median   20.44 max   27.32 mean   14.24

carbon book, per established plant (per organism tick):
  income         min   0.000 median   0.969 max   2.368 mean   0.971   (over a whole day, not at this instant)
  maintenance    min   0.028 median   0.983 max   3.180 mean   1.381
  bill / income  median    1.74 max     inf   (>1 = running the stock down)
  unpaid         median   0.064 max   1.376
  cells shed to starvation, cumulative: 5519
  bill at unit price  min      0.0 median  24554.4 max 123093.7   (x MAINTENANCE_PER_NODE = the shoot bill)
  anchor reach ratio  min   0.0030 median   0.0073 max   0.0252   (anchor moment / crown moment; ANCHOR_DEMAND is set from this)
  anchor status  min    0.08 median    0.29 max    1.00   (1.0 = crown fully anchored)
  slenderness    min     0.0 median    18.0 max    40.3   (shoot height / base width)
  root soil contact  min  49.6% median  63.0% max  88.5%   (the rest earns nothing and still respires)
  support (cantilever reach from anchors): p50 22  p90 39  p99 53  max 70; 12 unreached

vein conductance (max face per cell), 1..10:
  min 1.00  p50 6.40  p90 9.99  p99 10.00  max 10.00
  6977/24394 cells still at the basal floor (29%) -- undifferentiated tissue
  differentiation: 38% undifferentiated / 21% partial / 41% vascular
  strand strength, p99 vs the basal floor: 10.00x of a possible 10x

leaf light (noon-equivalent): min 0.00  p10 0.00  p50 0.06  p90 3.39  max 4.00
  below 0.5: 8673   below 1.0: 9451   below 1.5: 10189   of 12584 leaves

max resource 4.000 / 4.0
max canopy   1.500 / 4.0
one fresh canopy deposit is 1.500 (GROW_CANOPY_DEPOSIT), decaying by half per organism tick
