(a) solver equivalence on the 11 maps: max |c_k - c_ref| / max|c_ref| over the nest+mound, NaN pattern
  R1 eps 0 vs expH.solve_p        : max rel diff 0.00e+00, NaN pattern identical on all 11 maps: True
  R1 eps 1e-06 vs expH.solve_p    : max rel diff 0.00e+00, NaN pattern identical on all 11 maps: True
  R1 eps 0.02 vs expH.solve_p     : max rel diff 0.00e+00, NaN pattern identical on all 11 maps: True
  R1 eps 0.05 vs expH.solve_p     : max rel diff 0.00e+00, NaN pattern identical on all 11 maps: True
  R1 eps 0.1 vs expH.solve_p      : max rel diff 0.00e+00, NaN pattern identical on all 11 maps: True
  R1 eps 0.3 vs expH.solve_p      : max rel diff 0.00e+00, NaN pattern identical on all 11 maps: True
  R0 diag 0.0 vs helpers.solve_v  : max rel diff 0.00e+00, NaN pattern identical on all 11 maps: True
  R0 diag 0.5 vs helpers.solve_v  : max rel diff 0.00e+00, NaN pattern identical on all 11 maps: True
(b) R0 through this pipeline
  maps with a way out 7/11 [(1, 200000), (2, 100000), (2, 295000), (3, 100000), (3, 200000), (4, 100000), (4, 295000)]
  span 6.0% [2.9-8.8]; reads >=1% 9.1% [3.3-16.3]; reads and points out 8.5% [2.2-14.5]   (expH: 6.0% [2.9-8.8]; 9.1% [3.3-16.3]; 8.5% [2.2-14.5])
  s1@200k follower (expF denominator): ideal 99.8%, 1% rel 0.5%; all-cells denominator: ideal 99.5%, 1% 0.5%; n_cells 845 n_finite 843; LOS cross 54/174
  s2@100k follower (expF denominator): ideal 99.8%, 1% rel 0.7%; all-cells denominator: ideal 99.8%, 1% 0.7%; n_cells 553 n_finite 553; LOS cross 38/161
  s3@200k follower (expF denominator): ideal 99.6%, 1% rel 0.0%; all-cells denominator: ideal 99.5%, 1% 0.0%; n_cells 788 n_finite 787; LOS cross 40/122
  s4@295k follower (expF denominator): ideal 99.5%, 1% rel 0.0%; all-cells denominator: ideal 99.0%, 1% 0.0%; n_cells 1169 n_finite 1163; LOS cross 33/59
  (expF: s1 99.8/0.5, s2 99.8/0.7, s3 99.6/0.0, s4 99.5/0.0; LOS s1 54/174, s2 38/161, s3 40/122, s4 33/59)
  census with expB's shared rng(1) over its 7 maps, in its order:
    s1@200k door/top 0.932 mound 0.316 near6 0.123 near20 0.756
    s2@100k door/top 0.917 mound 0.333 near6 0.168 near20 0.943
    s2@295k door/top 0.924 mound 0.360 near6 0.128 near20 0.580
    s3@100k door/top 0.964 mound 0.565 near6 0.124 near20 0.758
    s3@200k door/top 0.942 mound 0.393 near6 0.081 near20 0.779
    s4@100k door/top 0.977 mound 0.652 near6 0.087 near20 0.635
    s4@295k door/top 0.959 mound 0.395 near6 0.091 near20 0.434
(c) specificity: R1 at eps 1e-6 against R0
  s1@100k R0-SEALED: under 1e-6 the nest is open; level median 1.13e+07, span 0.0014%, read 0.00%, fol1% 0.00%
  s1@200k R0-open: max rel change of nest level 3.7e-02; span 8.10 -> 7.84%, read 10.18 -> 10.18%, out 10.06 -> 10.06%, fol1% 0.47 -> 0.47%; R0 nest cells sealed 2 -> 2
  s1@295k R0-SEALED: under 1e-6 the nest is open; level median 1.41e+07, span 0.0016%, read 0.09%, fol1% 0.00%
  s2@100k R0-open: max rel change of nest level 1.8e-01; span 8.64 -> 7.45%, read 16.27 -> 15.37%, out 14.47 -> 13.56%, fol1% 0.72 -> 0.72%; R0 nest cells sealed 0 -> 0
  s2@200k R0-SEALED: under 1e-6 the nest is open; level median 1.64e+07, span 0.0011%, read 0.00%, fol1% 0.00%
  s2@295k R0-open: max rel change of nest level 1.3e-01; span 8.78 -> 7.88%, read 8.70 -> 8.31%, out 8.41 -> 8.12%, fol1% 0.48 -> 0.39%; R0 nest cells sealed 2 -> 2
  s3@100k R0-open: max rel change of nest level 2.7e-02; span 4.39 -> 4.28%, read 9.68 -> 8.94%, out 8.94 -> 8.19%, fol1% 0.37 -> 0.19%; R0 nest cells sealed 3 -> 3
  s3@200k R0-open: max rel change of nest level 3.3e-02; span 5.98 -> 5.81%, read 9.14 -> 9.14%, out 8.50 -> 8.50%, fol1% 0.00 -> 0.00%; R0 nest cells sealed 1 -> 1
  s3@295k R0-SEALED: under 1e-6 the nest is open; level median 2.26e+07, span 0.0010%, read 1.36%, fol1% 0.00%
  s4@100k R0-open: max rel change of nest level 5.6e-03; span 2.91 -> 2.89%, read 4.12 -> 3.95%, out 2.23 -> 2.06%, fol1% 0.00 -> 0.00%; R0 nest cells sealed 2 -> 2
  s4@295k R0-open: max rel change of nest level 4.2e-02; span 4.78 -> 4.59%, read 3.25 -> 2.91%, out 3.17 -> 2.82%, fol1% 0.00 -> 0.00%; R0 nest cells sealed 6 -> 6
(d) toy: sealed 10x10 room (rows 13-22, cols 10-19), only connection a 3-row porous lid (rows 10-12) at eps 0.1 under open sky (rows 0-9); source 1 per room cell
  column 14, rows 10..22 (lid x3, room x10): [np.float64(100.0), np.float64(200.0), np.float64(300.0), np.float64(400.0), np.float64(409.0), np.float64(417.0), np.float64(424.0), np.float64(430.0), np.float64(435.0), np.float64(439.0), np.float64(442.0), np.float64(444.0), np.float64(445.0)]
  analytic (series faces of 0.1, then room profile): [100, 200, 300, 400, 409, 417, 424, 430, 435, 439, 442, 444, 445]
  room max at floor row (row 22) in every column: True; strictly decreasing upward in every column: True; columns identical: True; span (max-min)/max 10.1%
  6-cell sensor >=1% in 100% of room cells; best contrast median 3.75% max 100.00%
  steepest descent over all 8 neighbours points up (toward the lid) in 100% of room cells
(e) eigen control: the shaft of control.py (5 wide, 40 deep, sealed sides, open sky on top)
  lowest eigenvalue 1.504095e-03 vs 4 sin^2(pi/162) = 1.504095e-03 (rel err 2.5e-14); next 1.3523e-02 vs 1.3523e-02
  tau1 = 1/(D lambda1) = 95,739 frames at D = 0.25/36 per frame; 10% settle ~ tau1*ln(10*32/pi^3) = 223,467 (gradcheck settle_frames stepped it to ~222k; formula 218k)
