s1@100k done
s1@200k done
s1@295k done
s2@100k done
s2@200k done
s2@295k done
s3@100k done
s3@200k done
s3@295k done
s4@100k done
s4@295k done
maps: 11; R0-open maps (paired subset): 7
variant	out	sealed	span	read	read&out	LOScross	read&out&clear	fol0.5	fol1	fol2	folideal	door/top	near6	near20	mound	rho_depth	rho_geo	level
R0 eps=0 diag=0 [all-open, n=7]	7/11	0.2% [0.0-0.6]	6.0% [2.9-8.8]	9.1% [3.3-16.3]	8.5% [2.2-14.5]	32.8% [23.6-63.9] pooled 285/823	5.5% [1.0-10.7]	0.9% [0.0-2.9]	0.4% [0.0-0.7]	0.0% [0.0-0.2]	99.4% [98.6-99.8]	94.2% [91.7-97.7]	11.1% [9.1-19.6]	84.0% [65.1-94.8]	39.3% [31.6-65.2]	0.95 [0.92-0.97]	0.88 [0.77-0.89]	2811 [1902-5376]
R0 eps=0 diag=0 [R0-open7, n=7]	7/11	0.2% [0.0-0.6]	6.0% [2.9-8.8]	9.1% [3.3-16.3]	8.5% [2.2-14.5]	32.8% [23.6-63.9] pooled 285/823	5.5% [1.0-10.7]	0.9% [0.0-2.9]	0.4% [0.0-0.7]	0.0% [0.0-0.2]	99.4% [98.6-99.8]	94.2% [91.7-97.7]	11.1% [9.1-19.6]	84.0% [65.1-94.8]	39.3% [31.6-65.2]	0.95 [0.92-0.97]	0.88 [0.77-0.89]	2811 [1902-5376]
R0 eps=0 diag=0.5 [all-open, n=11]	11/11	0.0% [0.0-0.0]	13.3% [7.1-21.2]	14.3% [9.8-24.9]	13.2% [9.5-23.8]	20.9% [12.3-32.0] pooled 559/2824	11.5% [7.6-21.5]	3.9% [2.2-7.8]	1.0% [0.0-4.1]	0.0% [0.0-0.8]	99.7% [99.6-100.0]	87.9% [81.1-93.3]	13.5% [6.6-19.0]	78.0% [56.9-90.7]	35.5% [22.8-53.4]	0.95 [0.92-0.97]	0.86 [0.78-0.89]	649 [456-1195]
R0 eps=0 diag=0.5 [R0-open7, n=7]	11/11	0.0% [0.0-0.0]	10.6% [7.1-21.2]	14.3% [9.8-22.8]	12.9% [9.5-22.6]	23.8% [12.3-32.0] pooled 343/1672	10.8% [7.8-21.2]	3.9% [2.2-6.6]	0.9% [0.0-3.3]	0.0% [0.0-0.8]	99.7% [99.6-100.0]	90.7% [81.1-93.3]	13.5% [9.9-15.6]	78.0% [67.2-90.7]	38.8% [25.3-53.4]	0.95 [0.92-0.97]	0.89 [0.78-0.89]	686 [456-1195]
R1 eps=0.02 diag=0 [all-open, n=11]	11/11	0.2% [0.0-0.6]	12.6% [8.9-17.3]	16.8% [8.7-23.1]	16.0% [8.0-22.5]	21.1% [16.3-29.9] pooled 571/2777	13.7% [5.6-18.6]	4.0% [0.0-6.9]	0.2% [0.0-2.2]	0.0% [0.0-0.7]	99.2% [0.0-99.8]	87.8% [85.2-92.3]	13.3% [6.9-20.2]	85.5% [52.4-92.9]	32.9% [25.7-44.0]	0.95 [0.92-0.97]	0.86 [0.77-0.89]	1201 [877-2526]
R1 eps=0.02 diag=0 [R0-open7, n=7]	11/11	0.2% [0.0-0.6]	13.9% [12.2-17.3]	18.2% [9.2-23.1]	18.0% [8.9-22.5]	18.2% [16.3-22.7] pooled 357/1883	14.2% [7.1-18.6]	4.6% [0.0-6.9]	1.2% [0.0-2.2]	0.0% [0.0-0.7]	99.1% [0.0-99.8]	86.7% [85.2-89.8]	13.3% [10.1-20.2]	85.5% [68.2-92.9]	32.9% [27.7-42.7]	0.95 [0.92-0.97]	0.88 [0.77-0.89]	1122 [877-2035]
R1 eps=0.05 diag=0 [all-open, n=11]	11/11	0.2% [0.0-0.6]	19.3% [14.0-22.6]	22.3% [11.9-30.9]	21.6% [11.1-29.2]	13.9% [11.1-20.9] pooled 573/4131	20.1% [9.1-26.9]	4.8% [0.0-8.5]	0.3% [0.0-4.9]	0.0% [0.0-1.1]	98.6% [0.0-99.4]	82.9% [80.2-87.9]	14.7% [7.4-22.6]	86.5% [58.8-94.7]	28.5% [20.1-35.8]	0.95 [0.92-0.97]	0.86 [0.77-0.89]	868 [620-1599]
R1 eps=0.05 diag=0 [R0-open7, n=7]	11/11	0.2% [0.0-0.6]	19.4% [17.5-22.6]	24.7% [13.1-30.9]	24.5% [12.7-29.2]	13.1% [11.1-15.0] pooled 357/2729	23.2% [11.3-26.9]	4.8% [0.0-8.5]	0.3% [0.0-4.7]	0.0% [0.0-1.1]	98.6% [0.0-99.4]	82.9% [80.2-84.9]	14.7% [11.0-22.6]	87.4% [68.4-94.7]	28.5% [23.7-32.8]	0.95 [0.92-0.97]	0.88 [0.77-0.89]	843 [620-1430]
R1 eps=0.1 diag=0 [all-open, n=11]	11/11	0.2% [0.0-0.6]	24.2% [18.8-27.2]	28.2% [15.6-39.2]	27.4% [14.9-37.9]	10.1% [8.6-15.0] pooled 575/5671	26.0% [13.3-36.3]	5.8% [0.0-10.5]	3.4% [0.0-6.2]	0.0% [0.0-1.6]	98.6% [0.0-99.4]	79.4% [75.3-83.7]	15.9% [7.9-24.5]	89.0% [64.6-96.0]	22.5% [16.1-29.5]	0.95 [0.92-0.97]	0.86 [0.77-0.89]	701 [490-1178]
R1 eps=0.1 diag=0 [R0-open7, n=7]	11/11	0.2% [0.0-0.6]	24.2% [22.5-27.2]	30.5% [18.1-39.2]	30.3% [17.8-37.4]	9.9% [8.6-11.0] pooled 357/3679	29.0% [16.8-35.6]	5.8% [0.0-10.5]	3.4% [0.0-6.1]	0.2% [0.0-1.6]	98.6% [0.0-99.4]	79.5% [75.3-80.4]	15.9% [11.9-24.5]	89.7% [67.7-96.0]	22.5% [20.0-25.5]	0.95 [0.92-0.97]	0.88 [0.77-0.89]	696 [490-1102]
R1 eps=0.3 diag=0 [all-open, n=11]	11/11	0.2% [0.0-0.6]	33.2% [28.4-35.1]	46.4% [27.5-61.7]	43.0% [26.5-57.1]	6.9% [5.0-8.1] pooled 665/10113	41.5% [25.2-55.0]	0.4% [0.0-14.8]	0.4% [0.0-8.0]	0.2% [0.0-4.7]	0.4% [0.0-99.4]	71.8% [66.5-75.3]	17.9% [8.7-27.4]	89.2% [67.0-97.8]	14.8% [10.7-20.5]	0.95 [0.92-0.97]	0.86 [0.77-0.89]	533 [356-763]
R1 eps=0.3 diag=0 [R0-open7, n=7]	11/11	0.2% [0.0-0.6]	33.2% [31.9-35.1]	49.2% [29.2-61.7]	46.3% [28.9-57.1]	6.9% [5.0-7.3] pooled 423/6575	44.4% [27.4-55.0]	0.4% [0.0-14.8]	0.4% [0.0-8.0]	0.2% [0.0-4.7]	0.4% [0.0-99.4]	71.8% [66.5-72.8]	17.9% [13.5-27.4]	89.8% [67.0-97.8]	14.3% [12.0-18.4]	0.95 [0.92-0.97]	0.88 [0.77-0.89]	510 [356-753]
R1 eps=0.1 diag=0.5 [all-open, n=11]	11/11	0.0% [0.0-0.0]	25.7% [22.7-29.4]	28.9% [19.8-43.2]	28.2% [19.0-42.0]	9.1% [8.1-11.2] pooled 585/6383	26.8% [17.8-40.6]	6.0% [0.0-11.8]	3.5% [0.0-6.5]	0.9% [0.0-3.5]	99.5% [0.0-99.7]	76.0% [72.8-79.7]	16.0% [7.9-24.8]	89.0% [65.4-95.9]	22.3% [14.8-27.3]	0.95 [0.92-0.97]	0.86 [0.78-0.89]	340 [242-496]
R1 eps=0.1 diag=0.5 [R0-open7, n=7]	11/11	0.0% [0.0-0.0]	25.6% [25.2-29.4]	34.4% [21.4-42.0]	33.8% [21.1-40.1]	8.9% [8.1-10.6] pooled 365/4057	32.3% [19.6-38.5]	6.0% [0.0-11.4]	3.5% [0.0-6.3]	0.9% [0.0-2.2]	99.4% [0.0-99.7]	77.0% [73.7-78.1]	16.0% [12.0-24.8]	89.7% [67.0-95.9]	22.6% [19.2-24.9]	0.95 [0.92-0.97]	0.89 [0.78-0.89]	325 [242-496]
R2 eps=0.02 diag=0 [all-open, n=11]	11/11	0.0% [0.0-0.0]	13.6% [8.5-18.9]	16.0% [8.4-24.0]	15.2% [7.7-22.0]	22.8% [16.7-31.4] pooled 593/2707	12.9% [5.3-18.1]	4.0% [0.0-6.9]	0.0% [0.0-2.2]	0.0% [0.0-0.7]	40.6% [0.0-52.8]	88.0% [85.6-92.6]	13.3% [6.9-20.1]	85.3% [52.0-92.8]	33.3% [26.0-44.4]	0.96 [0.94-0.98]	0.79 [0.63-0.86]	1157 [853-2287]
R2 eps=0.02 diag=0 [R0-open7, n=7]	11/11	0.0% [0.0-0.0]	16.2% [11.8-18.9]	17.9% [9.2-24.0]	17.6% [8.6-22.0]	19.8% [16.7-24.1] pooled 377/1847	13.9% [6.8-18.1]	4.4% [0.0-6.9]	1.2% [0.0-2.2]	0.0% [0.0-0.7]	40.6% [0.0-52.8]	86.8% [85.6-90.2]	13.3% [10.0-20.1]	85.3% [67.8-92.8]	33.3% [28.0-43.2]	0.96 [0.94-0.98]	0.81 [0.63-0.86]	1068 [853-1910]
R2 eps=0.05 diag=0 [all-open, n=11]	11/11	0.0% [0.0-0.0]	18.4% [13.0-21.7]	21.1% [10.9-30.4]	20.3% [10.1-28.9]	15.9% [13.1-23.1] pooled 597/3811	18.4% [8.1-25.7]	4.5% [0.0-8.1]	0.3% [0.0-4.7]	0.0% [0.0-1.1]	29.6% [0.0-43.9]	83.9% [81.2-88.7]	14.6% [7.3-22.3]	85.9% [57.8-94.5]	28.8% [20.8-36.7]	0.97 [0.95-0.99]	0.75 [0.57-0.84]	780 [578-1358]
R2 eps=0.05 diag=0 [R0-open7, n=7]	11/11	0.0% [0.0-0.0]	19.2% [17.1-21.7]	24.0% [12.2-30.4]	23.4% [11.6-28.9]	15.9% [13.1-18.2] pooled 381/2537	20.9% [9.9-25.7]	4.5% [0.0-8.1]	0.3% [0.0-4.7]	0.0% [0.0-1.1]	29.6% [0.0-43.9]	83.9% [81.2-85.7]	14.6% [11.0-22.3]	86.7% [67.7-94.5]	28.8% [24.4-33.9]	0.97 [0.95-0.99]	0.79 [0.57-0.84]	778 [578-1263]
R2 eps=0.1 diag=0 [all-open, n=11]	11/11	0.0% [0.0-0.0]	22.9% [17.1-25.5]	31.0% [14.0-42.5]	27.3% [13.2-37.7]	13.3% [9.9-17.5] pooled 733/5651	24.7% [11.3-35.8]	4.9% [0.0-9.7]	3.1% [0.0-6.0]	0.0% [0.0-1.4]	22.5% [0.0-36.9]	81.0% [77.1-85.1]	15.8% [7.8-24.1]	88.3% [63.0-95.5]	24.0% [17.1-31.1]	0.97 [0.96-0.99]	0.73 [0.52-0.82]	590 [430-919]
R2 eps=0.1 diag=0 [R0-open7, n=7]	11/11	0.0% [0.0-0.0]	22.9% [21.8-25.5]	36.7% [18.4-39.8]	33.4% [17.6-37.1]	13.3% [9.9-15.2] pooled 473/3697	29.5% [15.8-34.5]	4.9% [0.0-9.4]	3.1% [0.0-6.0]	0.2% [0.0-1.4]	22.5% [0.0-36.9]	81.1% [77.1-81.8]	15.8% [11.9-24.1]	88.8% [67.1-95.5]	24.0% [21.3-27.2]	0.97 [0.96-0.99]	0.74 [0.52-0.82]	584 [430-902]
R2 eps=0.3 diag=0 [all-open, n=11]	11/11	0.0% [0.0-0.0]	30.5% [25.0-32.0]	78.5% [67.2-84.3]	50.4% [40.7-59.7]	6.6% [4.7-9.7] pooled 1237/20013	47.9% [38.6-57.1]	5.5% [0.0-13.0]	3.5% [0.0-7.1]	0.3% [0.0-2.9]	12.3% [0.0-24.6]	73.7% [69.3-78.0]	18.0% [8.6-26.7]	88.6% [66.4-97.1]	17.0% [12.8-23.7]	0.97 [0.95-0.98]	0.66 [0.48-0.76]	347 [258-501]
R2 eps=0.3 diag=0 [R0-open7, n=7]	11/11	0.0% [0.0-0.0]	30.5% [29.3-32.0]	78.5% [71.8-80.3]	51.2% [43.4-59.7]	6.6% [5.1-9.7] pooled 777/12335	49.3% [40.8-57.1]	5.5% [0.0-13.0]	3.5% [0.0-7.1]	0.3% [0.0-2.9]	12.3% [0.0-24.6]	73.7% [69.3-76.2]	18.0% [13.8-26.7]	89.4% [66.4-97.1]	16.8% [14.6-22.0]	0.96 [0.95-0.98]	0.68 [0.48-0.76]	347 [258-501]
R2all eps=0.02 diag=0 [all-open, n=11]	11/11	0.0% [0.0-0.0]	11.7% [6.5-25.5]	25.1% [13.9-37.3]	9.9% [2.0-14.3]	25.9% [14.3-47.8] pooled 821/3571	6.0% [0.6-10.9]	0.8% [0.0-3.3]	0.0% [0.0-1.3]	0.0% [0.0-0.4]	9.4% [0.0-16.6]	93.5% [90.1-96.8]	12.6% [6.2-18.5]	83.4% [47.9-91.2]	40.7% [29.6-49.1]	0.92 [0.88-0.96]	0.58 [0.37-0.73]	784 [611-1182]
R2all eps=0.02 diag=0 [R0-open7, n=7]	11/11	0.0% [0.0-0.0]	9.3% [6.5-25.5]	25.1% [14.1-37.3]	9.9% [2.8-14.3]	26.6% [14.3-47.8] pooled 535/2295	6.6% [1.5-10.9]	1.6% [0.0-3.3]	0.5% [0.0-1.3]	0.0% [0.0-0.4]	10.5% [0.0-16.6]	91.7% [90.1-94.8]	12.6% [9.3-18.5]	83.4% [65.4-91.2]	40.7% [32.3-49.1]	0.92 [0.88-0.96]	0.59 [0.47-0.73]	778 [611-1171]
R2all eps=0.05 diag=0 [all-open, n=11]	11/11	0.0% [0.0-0.0]	21.0% [9.6-35.0]	57.7% [38.5-69.6]	19.7% [7.4-31.5]	11.3% [4.9-18.5] pooled 1045/10859	17.2% [5.4-28.3]	1.2% [0.0-3.3]	0.0% [0.0-1.4]	0.0% [0.0-0.5]	4.5% [0.0-10.3]	92.6% [90.2-96.6]	13.7% [6.4-19.4]	83.6% [51.1-91.7]	37.8% [27.2-44.4]	0.85 [0.77-0.94]	0.49 [0.32-0.71]	420 [322-647]
R2all eps=0.05 diag=0 [R0-open7, n=7]	11/11	0.0% [0.0-0.0]	16.8% [9.6-35.0]	57.7% [38.5-66.2]	19.7% [10.1-31.5]	11.3% [5.8-18.5] pooled 671/6635	17.2% [8.8-28.3]	1.2% [0.0-3.3]	0.0% [0.0-1.4]	0.0% [0.0-0.5]	4.5% [0.0-10.3]	92.6% [90.2-94.8]	13.7% [10.4-19.4]	83.6% [64.4-91.7]	39.0% [31.1-44.1]	0.85 [0.77-0.94]	0.49 [0.37-0.71]	420 [322-647]
R2all eps=0.1 diag=0 [all-open, n=11]	11/11	0.0% [0.0-0.0]	29.4% [14.5-43.2]	75.1% [54.4-91.4]	30.6% [20.2-45.7]	6.8% [3.9-10.6] pooled 1111/17538	28.7% [18.4-42.7]	1.3% [0.0-3.1]	0.4% [0.0-1.3]	0.0% [0.0-0.5]	3.1% [0.0-6.3]	93.0% [90.6-97.1]	14.9% [6.8-20.8]	84.2% [52.9-91.9]	36.6% [26.0-41.7]	0.77 [0.57-0.90]	0.35 [0.19-0.67]	259 [192-407]
R2all eps=0.1 diag=0 [R0-open7, n=7]	11/11	0.0% [0.0-0.0]	26.0% [14.5-43.2]	75.1% [54.4-91.1]	30.6% [22.1-40.9]	6.8% [4.3-10.6] pooled 685/10673	28.7% [20.9-38.7]	1.3% [0.0-3.1]	0.4% [0.0-1.3]	0.0% [0.0-0.5]	3.6% [0.0-6.3]	93.0% [90.6-95.5]	14.9% [10.6-20.8]	84.2% [63.9-91.9]	36.6% [30.0-40.8]	0.77 [0.57-0.90]	0.35 [0.19-0.67]	259 [192-407]
R2all eps=0.3 diag=0 [all-open, n=11]	11/11	0.0% [0.0-0.0]	41.7% [26.2-54.3]	99.6% [96.1-100.0]	43.5% [37.5-51.7]	4.9% [3.1-6.8] pooled 1459/31749	41.2% [36.3-48.5]	0.7% [0.0-2.9]	0.1% [0.0-1.6]	0.0% [0.0-0.4]	1.1% [0.0-3.6]	94.8% [89.9-99.3]	16.7% [7.3-24.7]	85.2% [54.6-93.3]	34.7% [24.7-44.8]	0.46 [0.15-0.68]	-0.02 [-0.27-0.41]	112 [82-186]
R2all eps=0.3 diag=0 [R0-open7, n=7]	11/11	0.0% [0.0-0.0]	41.7% [26.2-54.3]	99.7% [96.1-100.0]	43.5% [37.5-47.7]	4.9% [3.1-6.8] pooled 907/19285	41.2% [36.3-45.4]	0.9% [0.0-2.9]	0.4% [0.0-1.6]	0.0% [0.0-0.3]	1.5% [0.0-3.6]	94.8% [89.9-97.6]	16.7% [11.4-24.7]	85.5% [64.2-93.3]	34.7% [28.3-38.4]	0.46 [0.15-0.68]	-0.07 [-0.27-0.41]	112 [82-186]

real	1m5.819s
user	0m19.202s
sys	0m1.857s
