plant_probe: species=tree trees=24 frames=28800 worldseed=5 width=512 soil=34 growth=1
after 28800 frames: 782 active sites, 8 awake chunks
soil: 27415 cells, min 0 median 0 max 1000, mean 277; 14475 cells at or below wilting point (53%)
chunks were awake on 28520/28800 frames (99.0%) -- the CA sweep's duty cycle for this scene

population: 69 organisms -- 13 established (>= 20 cells), 56 seeds or seedlings; 115 seeds set in total
  generations  [gen 0: 17, gen 1: 52]
  rooted above ground: 0 organisms (0 of them more than 25 rows up)
  morphs among established plants: 5 distinct of 13 plants  [foliage, angle, internode, sympodial, tropism]
    [0, 1, 1, 0, 0, 0]  x6
    [1, 1, 1, 0, 0, 0]  x3
    [1, 1, 1, 0, 0, 1]  x2
    [0, 1, 1, 0, 0, 1]  x1
    [1, 1, 1, 0, 0, 2]  x1

ensemble of 13 trees, identical species and scene:
  cells     min   73  median 2426  max 4729  mean  2392.8
  leaves    min    1  median  767  max 2044  mean   889.8
  height    min   35  median  143  max  167  mean   125.4   (scene ceiling: 200 rows of sky)
  canopy top  row 67   (67 rows of clearance remain)
  thickness min    4  median   15  max   26  mean    15.5   (whole tree, incl. ground-level spread)
  stem thick min   0  median   13  max   24  mean    12.5   (above the base -- the real trunk)
  rows >1 cell wide, as % of each tree's occupied rows: min 11  median 55  max 62  mean 50
  per-tree sizes     [4729, 73, 2426, 2423, 2501, 1070, 1769, 3294, 2970, 4309, 3089, 151, 2302]
  per-tree heights   [167, 35, 146, 148, 143, 116, 101, 157, 158, 152, 141, 47, 119]
  per-tree thickness [16, 4, 14, 22, 16, 13, 13, 21, 15, 12, 26, 6, 24]
  crown profile (top->bottom, % of each plant's widest band, median): [92, 98, 75, 54, 37]
  foliage centre (0 = collar, 100 = apex, median): 67
  foliage share  (% of cells that are leaf, median): 32

  per-tree genotype and outcome (variance [0.5, 0.5, 0.4, 0.18, 0.7, 0.4, 0.4, 0.5, 0.25, 0.7]):
    id  branch rootbr  plast turgor   pipe roottr  alloc  stoma penetr strain    cells leaves height   stem
     1   1.131  1.191  0.716  0.839  0.495  1.361  1.129  1.125  0.766  1.386     4729   2035    167     13
     3   0.578  1.442  0.988  0.961  0.726  0.811  0.659  1.013  1.159  0.746       73      1     35      0
     4   0.926  1.405  0.850  0.958  1.541  1.195  1.283  1.313  1.129  0.685     2426    767    146     13
     6   0.711  1.448  1.059  0.868  0.693  0.935  1.143  1.303  1.185  1.680     2423    647    148     12
     8   1.153  1.206  1.077  0.892  1.609  0.920  1.193  1.051  0.858  1.315     2501    867    143     16
     9   0.595  1.265  1.052  1.029  1.196  0.808  1.298  1.275  0.918  1.018     1070    346    116      9
    11   0.855  0.615  1.087  1.112  0.566  0.670  1.175  1.307  0.977  0.787     1769    635    101     12
    12   1.251  0.962  0.962  0.884  0.356  0.661  0.900  0.791  0.953  1.317     3294   1148    157     15
    14   1.426  1.336  0.745  0.871  1.440  0.999  1.183  1.026  0.993  0.687     2970   1444    158     15
    18   1.485  0.903  0.631  0.873  1.021  1.045  1.107  1.458  1.035  0.811     4309   2044    152     12
    21   1.344  1.174  1.339  0.913  1.333  1.226  0.809  0.787  0.989  0.572     3089    933    141     16
    23   1.386  1.158  1.143  1.171  0.958  0.659  0.746  1.391  0.899  0.955      151     22     47      6
    24   1.237  0.699  1.188  0.888  0.338  0.697  0.941  1.075  1.202  0.375     2302    678    119     24
  alleles: economy 7/6/0  angle 0/13/0  internode 0/13/0  sympody 13/0/0  tropism 13/0/0  density 9/3/1
  architecture events  [1: gen 0 seeds 6 forks 0 plag 0 rigid 349 lat 127 angle 71deg, 3: gen 0 seeds 0 forks 0 plag 0 rigid 113 lat 36 angle 83deg, 4: gen 0 seeds 11 forks 0 plag 0 rigid 513 lat 116 angle 78deg, 6: gen 0 seeds 8 forks 0 plag 0 rigid 299 lat 84 angle 82deg, 8: gen 0 seeds 9 forks 0 plag 0 rigid 483 lat 162 angle 81deg, 9: gen 0 seeds 7 forks 0 plag 0 rigid 170 lat 36 angle 86deg, 11: gen 0 seeds 11 forks 0 plag 0 rigid 185 lat 82 angle 86deg, 12: gen 0 seeds 16 forks 0 plag 0 rigid 415 lat 142 angle 82deg, 14: gen 0 seeds 4 forks 0 plag 0 rigid 347 lat 137 angle 77deg, 18: gen 0 seeds 7 forks 0 plag 0 rigid 429 lat 143 angle 77deg, 21: gen 0 seeds 13 forks 0 plag 0 rigid 554 lat 240 angle 78deg, 23: gen 0 seeds 3 forks 0 plag 0 rigid 220 lat 116 angle 80deg, 24: gen 0 seeds 9 forks 0 plag 0 rigid 440 lat 133 angle 80deg]

distinguishability (§Z / C4), 24 founders planted:
  canopy components at field resolution, >=  1 leaf/block:   2   largest holds  99% of canopy blocks
  canopy components at field resolution, >=  2 leaf/block:   3   largest holds  95% of canopy blocks
  canopy components at field resolution, >=  4 leaf/block:   5   largest holds  85% of canopy blocks
  canopy components at field resolution, >=  8 leaf/block:   6   largest holds  72% of canopy blocks
  interior sky gaps: 1 (a fully separate stand of 24 shows 23), widths [1]
  founder spacing is 20 cells; gaps at least 8 cells wide: 0
  --> canopy fusion 99%, 1 raw sky gaps (0 at least 8 cells) -- so this run reads 2 distinguishable crowns of 24 founders
  (CALIBRATION FAILED against the owner's eye, 2026-08-23: on the three stands he counted,
   these read 2 / 2 / 3 where he read 2 / 4 / 3, and fusion called the 4-founder stand 100% ONE MASS
   when he counted all four. §Z is cards-only. Reports/open-bugs-handoff.md §Z has the table.
   He later said the cue IS sky gaps, read at canopy level -- so census the canopy band next, not the whole column.)

lineage turnover over 28800 frames: 143 born, 74 died (4.97 and 2.57 per 1,000 frames); 69 live in 70 slots
  germinations: 24 -- read against `seeds set in total` above
  organism slots: high-water 70 of 4095 (1.7%), 0 births refused at the ceiling
  standing seed bank: 52 seeds; 2 organisms senescent (dead, remains rotting)
  established plants carrying an inherited genome: 0 of 13 (deepest generation 0) -- at ~0 every claim from this run is about founders

31215 organism cells
  Some(DormantBud)      3399
  Some(GrowingTip)        33
  Some(Leaf)           11568
  Some(MatureBody)     16131
  Some(RootTip)           32
  Some(Seed)              52
  palette bands in use (material, band -> cells):
    leaf       band  2    5773
    leaf       band  3    5795
    rootwood   band  0    2818
    seed       band  0      52
    wood       band  0   15381
    wood       band  1    1396
  bounding box x 0..=511, y 67..=233
  thickest contiguous run, above ground: 72 cells
  thickest contiguous run, below ground: 26 cells (roots spread by design)

root system (13 established plants, soil is 34 rows deep):
  root cells        min   56  median  194  max  539  mean   212.5
  root share of plant  min   3%  median   9%  max  95%  mean  18.5%
  deepest row below surface  min   1  median  32  max  34  mean  23.3
  lateral spread (cells)     min  10  median  36  max  69  mean  36.5
  median root cell sits 10 rows down; quartiles 4 / 23
  root cells with 3+ root neighbours: 58% (a 1-cell-wide run reads ~0 whichever way it points)
  depth histogram, surface->bedrock (% of all root cells): [33, 20, 14, 15, 15]
  seeds standing: 52 above the surface, 0 buried (buried can never germinate)

water balance, per established plant:
  stock          min     0.3 median    81.1 max  1212.2 mean   223.0
  stomatal term  min    0.00 median    1.00 max    1.00 mean    0.73   (1.0 = demand fully met)
  uptake/tick    min    0.00 median    4.90 max   28.19 mean    7.90
  demand/tick    min    0.00 median    8.81 max   35.79 mean   11.73

carbon book, per established plant (per organism tick):
  income         min   0.000 median   0.599 max   1.803 mean   0.609   (over a whole day, not at this instant)
  maintenance    min   0.011 median   0.831 max   1.835 mean   0.774
  bill / income  median    1.16 max 145982.45   (>1 = running the stock down)
  unpaid         median   0.053 max   0.493
  cells shed to starvation, cumulative: 7598
  bill at unit price  min      2.8 median  20263.8 max  59413.9   (x MAINTENANCE_PER_NODE = the shoot bill)
  anchor reach ratio  min   0.0009 median   0.0124 max 118.3333   (anchor moment / crown moment; ANCHOR_DEMAND is set from this)
  anchor status  min    0.02 median    0.31 max    1.00   (1.0 = crown fully anchored)
  slenderness    min     2.0 median    31.0 max   104.0   (shoot height / base width)
  root soil contact  min  53.6% median  72.7% max 100.0%   (the rest earns nothing and still respires)
  support (cantilever reach from anchors): p50 18  p90 37  p99 54  max 77; 52 unreached

vein conductance (max face per cell), 1..10:
  min 1.00  p50 6.12  p90 9.99  p99 10.00  max 10.00
  10427/31215 cells still at the basal floor (33%) -- undifferentiated tissue
  differentiation: 40% undifferentiated / 21% partial / 39% vascular
  strand strength, p99 vs the basal floor: 10.00x of a possible 10x

leaf light (noon-equivalent): min 0.00  p10 0.00  p50 0.12  p90 3.51  max 4.00
  below 0.5: 7281   below 1.0: 8097   below 1.5: 8822   of 11568 leaves

max resource 4.000 / 4.0
max canopy   1.125 / 4.0
one fresh canopy deposit is 1.500 (GROW_CANOPY_DEPOSIT), decaying by half per organism tick
