plant_probe: species=tree trees=8 frames=28800 worldseed=8 width=512 soil=34 growth=1
after 28800 frames: 577 active sites, 9 awake chunks
soil: 24831 cells, min 0 median 284 max 1000, mean 325; 10878 cells at or below wilting point (44%)
chunks were awake on 28006/28800 frames (97.2%) -- the CA sweep's duty cycle for this scene

population: 48 organisms -- 7 established (>= 20 cells), 41 seeds or seedlings; 101 seeds set in total
  generations  [gen 0: 8, gen 1: 40]
  rooted above ground: 0 organisms (0 of them more than 25 rows up)
  morphs among established plants: 5 distinct of 7 plants  [foliage, angle, internode, sympodial, tropism]
    [0, 1, 1, 0, 0, 2]  x2
    [1, 1, 1, 0, 0, 2]  x2
    [0, 1, 1, 0, 0, 0]  x1
    [0, 1, 1, 0, 0, 1]  x1
    [1, 1, 1, 0, 0, 0]  x1

ensemble of 7 trees, identical species and scene:
  cells     min 1697  median 4128  max 5065  mean  3692.0
  leaves    min  528  median 1402  max 2853  mean  1429.1
  height    min  122  median  137  max  157  mean   136.4   (scene ceiling: 200 rows of sky)
  canopy top  row 77   (77 rows of clearance remain)
  thickness min   11  median   15  max   61  mean    22.7   (whole tree, incl. ground-level spread)
  stem thick min  11  median   15  max   24  mean    16.7   (above the base -- the real trunk)
  rows >1 cell wide, as % of each tree's occupied rows: min 48  median 59  max 66  mean 58
  per-tree sizes     [1697, 4370, 2582, 4128, 5065, 4482, 3520]
  per-tree heights   [122, 139, 126, 137, 157, 147, 127]
  per-tree thickness [24, 61, 15, 11, 12, 15, 21]
  crown profile (top->bottom, % of each plant's widest band, median): [72, 100, 90, 80, 55]
  foliage centre (0 = collar, 100 = apex, median): 58
  foliage share  (% of cells that are leaf, median): 32

  per-tree genotype and outcome (variance [0.5, 0.5, 0.4, 0.18, 0.7, 0.4, 0.4, 0.5, 0.25, 0.7]):
    id  branch rootbr  plast turgor   pipe roottr  alloc  stoma penetr strain    cells leaves height   stem
     1   0.688  0.890  1.187  1.174  0.363  0.779  1.135  0.539  1.233  1.612     1697    528    122     24
     2   0.894  0.870  1.115  1.025  0.858  1.289  1.159  0.646  0.865  0.749     4370   1402    139     19
     3   1.035  1.230  1.058  1.123  0.327  1.172  1.167  1.124  1.096  0.834     2582    825    126     15
     4   1.079  1.073  1.148  1.023  1.509  1.359  0.780  1.337  1.133  0.421     4128   1825    137     11
     5   1.098  0.771  0.653  0.871  1.578  0.950  0.948  1.222  1.041  0.311     5065   2853    157     12
     7   1.023  0.949  1.350  0.967  0.477  0.710  1.163  1.004  1.107  1.163     4482   1432    147     15
     8   0.862  0.830  0.873  0.948  0.331  0.705  0.647  1.202  0.994  0.848     3520   1139    127     21
  alleles: economy 4/3/0  angle 0/7/0  internode 0/7/0  sympody 7/0/0  tropism 7/0/0  density 2/1/4
  architecture events  [1: gen 0 seeds 6 forks 0 plag 0 rigid 325 lat 52 angle 78deg, 2: gen 0 seeds 24 forks 0 plag 0 rigid 672 lat 151 angle 83deg, 3: gen 0 seeds 4 forks 0 plag 0 rigid 304 lat 98 angle 87deg, 4: gen 0 seeds 19 forks 0 plag 0 rigid 428 lat 133 angle 86deg, 5: gen 0 seeds 6 forks 0 plag 0 rigid 397 lat 133 angle 76deg, 7: gen 0 seeds 25 forks 0 plag 0 rigid 566 lat 188 angle 85deg, 8: gen 0 seeds 11 forks 0 plag 0 rigid 481 lat 135 angle 82deg]

distinguishability (§Z / C4), 8 founders planted:
  canopy components at field resolution, >=  1 leaf/block:   2   largest holds  99% of canopy blocks
  canopy components at field resolution, >=  2 leaf/block:   2   largest holds  95% of canopy blocks
  canopy components at field resolution, >=  4 leaf/block:   3   largest holds  83% of canopy blocks
  canopy components at field resolution, >=  8 leaf/block:   4   largest holds  67% of canopy blocks
  interior sky gaps: 0 (a fully separate stand of 8 shows 7), widths []
  founder spacing is 56 cells; gaps at least 8 cells wide: 0
  --> canopy fusion 99%, 0 raw sky gaps (0 at least 8 cells) -- so this run reads 1 distinguishable crowns of 8 founders
  (CALIBRATION FAILED against the owner's eye, 2026-08-23: on the three stands he counted,
   these read 2 / 2 / 3 where he read 2 / 4 / 3, and fusion called the 4-founder stand 100% ONE MASS
   when he counted all four. §Z is cards-only. Reports/open-bugs-handoff.md §Z has the table.
   He later said the cue IS sky gaps, read at canopy level -- so census the canopy band next, not the whole column.)

lineage turnover over 28800 frames: 109 born, 61 died (3.78 and 2.12 per 1,000 frames); 48 live in 52 slots
  germinations: 10 -- read against `seeds set in total` above
  organism slots: high-water 52 of 4095 (1.3%), 0 births refused at the ceiling
  standing seed bank: 40 seeds; 0 organisms senescent (dead, remains rotting)
  established plants carrying an inherited genome: 0 of 7 (deepest generation 0) -- at ~0 every claim from this run is about founders

25901 organism cells
  Some(DormantBud)      1663
  Some(GrowingTip)        26
  Some(Leaf)           10004
  Some(MatureBody)     14152
  Some(RootTip)           16
  Some(Seed)              40
  palette bands in use (material, band -> cells):
    leaf       band  2    6935
    leaf       band  3    3069
    rootwood   band  0    2046
    seed       band  0      40
    wood       band  0    6910
    wood       band  1    6901
  bounding box x 4..=491, y 77..=233
  thickest contiguous run, above ground: 48 cells
  thickest contiguous run, below ground: 61 cells (roots spread by design)

root system (7 established plants, soil is 34 rows deep):
  root cells        min   69  median  330  max  635  mean   290.0
  root share of plant  min   2%  median   7%  max  14%  mean   7.0%
  deepest row below surface  min  18  median  33  max  34  mean  29.0
  lateral spread (cells)     min  17  median  53  max 120  mean  53.0
  median root cell sits 20 rows down; quartiles 11 / 29
  root cells with 3+ root neighbours: 60% (a 1-cell-wide run reads ~0 whichever way it points)
  depth histogram, surface->bedrock (% of all root cells): [11, 20, 19, 18, 30]
  seeds standing: 40 above the surface, 0 buried (buried can never germinate)

water balance, per established plant:
  stock          min    78.7 median   143.8 max  1178.4 mean   289.2
  stomatal term  min    0.65 median    1.00 max    1.00 mean    0.92   (1.0 = demand fully met)
  uptake/tick    min    8.24 median   18.27 max   38.12 mean   21.22
  demand/tick    min    7.46 median   13.86 max   49.56 mean   20.61

carbon book, per established plant (per organism tick):
  income         min   0.724 median   1.219 max   1.648 mean   1.185   (over a whole day, not at this instant)
  maintenance    min   0.610 median   1.241 max   2.576 mean   1.317
  bill / income  median    1.02 max    1.56   (>1 = running the stock down)
  unpaid         median   0.031 max   1.146
  cells shed to starvation, cumulative: 7499
  bill at unit price  min  14381.4 median  28469.5 max  90868.6   (x MAINTENANCE_PER_NODE = the shoot bill)
  anchor reach ratio  min   0.0023 median   0.0086 max   0.0552   (anchor moment / crown moment; ANCHOR_DEMAND is set from this)
  anchor status  min    0.06 median    0.21 max    1.00   (1.0 = crown fully anchored)
  slenderness    min     5.7 median    30.5 max    52.0   (shoot height / base width)
  root soil contact  min  46.9% median  77.8% max  90.0%   (the rest earns nothing and still respires)
  support (cantilever reach from anchors): p50 24  p90 46  p99 63  max 76; 40 unreached

vein conductance (max face per cell), 1..10:
  min 1.00  p50 9.20  p90 9.99  p99 10.00  max 10.00
  6747/25901 cells still at the basal floor (26%) -- undifferentiated tissue
  differentiation: 32% undifferentiated / 17% partial / 51% vascular
  strand strength, p99 vs the basal floor: 10.00x of a possible 10x

leaf light (noon-equivalent): min 0.00  p10 0.00  p50 0.17  p90 3.55  max 4.00
  below 0.5: 6117   below 1.0: 6858   below 1.5: 7660   of 10004 leaves

max resource 4.000 / 4.0
max canopy   1.500 / 4.0
one fresh canopy deposit is 1.500 (GROW_CANOPY_DEPOSIT), decaying by half per organism tick
