plant_probe: species=tree trees=8 frames=28800 worldseed=3 width=512 soil=34 growth=1
after 28800 frames: 780 active sites, 10 awake chunks
soil: 25019 cells, min 0 median 257 max 1000, mean 332; 11220 cells at or below wilting point (45%)
chunks were awake on 27817/28800 frames (96.6%) -- the CA sweep's duty cycle for this scene

population: 39 organisms -- 8 established (>= 20 cells), 31 seeds or seedlings; 90 seeds set in total
  generations  [gen 0: 8, gen 1: 31]
  rooted above ground: 0 organisms (0 of them more than 25 rows up)
  morphs among established plants: 5 distinct of 8 plants  [foliage, angle, internode, sympodial, tropism]
    [1, 1, 1, 0, 0, 1]  x3
    [1, 1, 1, 0, 0, 2]  x2
    [0, 1, 1, 0, 0, 0]  x1
    [0, 1, 1, 0, 0, 2]  x1
    [1, 1, 1, 0, 0, 0]  x1

ensemble of 8 trees, identical species and scene:
  cells     min 2073  median 3537  max 4674  mean  3447.8
  leaves    min  673  median 1420  max 2409  mean  1405.5
  height    min  109  median  138  max  167  mean   138.0   (scene ceiling: 200 rows of sky)
  canopy top  row 67   (67 rows of clearance remain)
  thickness min   12  median   20  max   44  mean    21.1   (whole tree, incl. ground-level spread)
  stem thick min   9  median   16  max   21  mean    14.8   (above the base -- the real trunk)
  rows >1 cell wide, as % of each tree's occupied rows: min 40  median 56  max 62  mean 54
  per-tree sizes     [3361, 3663, 2073, 3537, 4137, 3229, 2908, 4674]
  per-tree heights   [147, 128, 109, 138, 157, 134, 124, 167]
  per-tree thickness [16, 18, 44, 12, 12, 21, 26, 20]
  crown profile (top->bottom, % of each plant's widest band, median): [91, 100, 97, 81, 65]
  foliage centre (0 = collar, 100 = apex, median): 64
  foliage share  (% of cells that are leaf, median): 41

  per-tree genotype and outcome (variance [0.5, 0.5, 0.4, 0.18, 0.7, 0.4, 0.4, 0.5, 0.25, 0.7]):
    id  branch rootbr  plast turgor   pipe roottr  alloc  stoma penetr strain    cells leaves height   stem
     1   1.135  1.120  0.749  1.045  1.375  1.299  1.065  0.768  1.077  1.407     3361   1568    147     16
     2   0.721  1.201  1.111  0.966  0.476  0.960  0.890  0.755  1.196  0.546     3663   1207    128     18
     3   0.894  1.213  0.918  1.143  1.217  1.386  0.658  1.263  0.781  1.483     2073    673    109      9
     4   0.704  0.761  1.007  0.868  1.690  0.687  0.885  0.631  0.842  0.800     3537   1420    138     12
     5   0.772  1.357  0.725  0.870  1.472  0.921  1.354  0.962  0.833  0.733     4137   1929    157     12
     6   0.789  1.323  0.720  0.983  0.577  0.976  1.154  1.152  1.054  0.682     3229   1335    134     21
     7   0.948  0.763  1.055  1.098  0.371  1.046  0.978  1.204  0.776  1.554     2908    703    124     20
     8   1.027  1.270  0.648  0.841  1.503  1.320  1.110  0.753  1.208  0.832     4674   2409    167     10
  alleles: economy 2/6/0  angle 0/8/0  internode 0/8/0  sympody 8/0/0  tropism 8/0/0  density 2/3/3
  architecture events  [1: gen 0 seeds 16 forks 0 plag 0 rigid 442 lat 109 angle 78deg, 2: gen 0 seeds 13 forks 0 plag 0 rigid 475 lat 123 angle 81deg, 3: gen 0 seeds 8 forks 0 plag 0 rigid 224 lat 73 angle 88deg, 4: gen 0 seeds 19 forks 0 plag 0 rigid 428 lat 108 angle 86deg, 5: gen 0 seeds 10 forks 0 plag 0 rigid 350 lat 96 angle 88deg, 6: gen 0 seeds 6 forks 0 plag 0 rigid 349 lat 96 angle 85deg, 7: gen 0 seeds 10 forks 0 plag 0 rigid 317 lat 89 angle 80deg, 8: gen 0 seeds 8 forks 0 plag 0 rigid 470 lat 142 angle 77deg]

distinguishability (§Z / C4), 8 founders planted:
  canopy components at field resolution, >=  1 leaf/block:   2   largest holds  99% of canopy blocks
  canopy components at field resolution, >=  2 leaf/block:   1   largest holds  94% of canopy blocks
  canopy components at field resolution, >=  4 leaf/block:   2   largest holds  86% of canopy blocks
  canopy components at field resolution, >=  8 leaf/block:   1   largest holds  72% of canopy blocks
  interior sky gaps: 0 (a fully separate stand of 8 shows 7), widths []
  founder spacing is 56 cells; gaps at least 8 cells wide: 0
  --> canopy fusion 99%, 0 raw sky gaps (0 at least 8 cells) -- so this run reads 1 distinguishable crowns of 8 founders
  (CALIBRATION FAILED against the owner's eye, 2026-08-23: on the three stands he counted,
   these read 2 / 2 / 3 where he read 2 / 4 / 3, and fusion called the 4-founder stand 100% ONE MASS
   when he counted all four. §Z is cards-only. Reports/open-bugs-handoff.md §Z has the table.
   He later said the cue IS sky gaps, read at canopy level -- so census the canopy band next, not the whole column.)

lineage turnover over 28800 frames: 98 born, 59 died (3.40 and 2.05 per 1,000 frames); 39 live in 47 slots
  germinations: 8 -- read against `seeds set in total` above
  organism slots: high-water 47 of 4095 (1.1%), 0 births refused at the ceiling
  standing seed bank: 31 seeds; 0 organisms senescent (dead, remains rotting)
  established plants carrying an inherited genome: 0 of 8 (deepest generation 0) -- at ~0 every claim from this run is about founders

27613 organism cells
  Some(DormantBud)      2783
  Some(GrowingTip)        25
  Some(Leaf)           11244
  Some(MatureBody)     13492
  Some(RootTip)           38
  Some(Seed)              31
  palette bands in use (material, band -> cells):
    leaf       band  2    2602
    leaf       band  3    8642
    rootwood   band  0    2337
    seed       band  0      31
    wood       band  0    9354
    wood       band  1    4647
  bounding box x 0..=486, y 67..=233
  thickest contiguous run, above ground: 61 cells
  thickest contiguous run, below ground: 44 cells (roots spread by design)

root system (8 established plants, soil is 34 rows deep):
  root cells        min  129  median  292  max  489  mean   292.1
  root share of plant  min   3%  median   8%  max  23%  mean   8.9%
  deepest row below surface  min  18  median  33  max  34  mean  27.8
  lateral spread (cells)     min  23  median  43  max  59  mean  41.8
  median root cell sits 13 rows down; quartiles 6 / 24
  root cells with 3+ root neighbours: 66% (a 1-cell-wide run reads ~0 whichever way it points)
  depth histogram, surface->bedrock (% of all root cells): [25, 24, 17, 14, 17]
  seeds standing: 31 above the surface, 0 buried (buried can never germinate)

water balance, per established plant:
  stock          min    22.3 median    72.6 max   931.8 mean   273.5
  stomatal term  min    0.31 median    0.75 max    1.00 mean    0.75   (1.0 = demand fully met)
  uptake/tick    min    2.08 median   13.02 max   19.23 mean   10.57
  demand/tick    min    4.15 median   12.04 max   41.13 mean   14.80

carbon book, per established plant (per organism tick):
  income         min   0.217 median   1.183 max   1.475 mean   0.916   (over a whole day, not at this instant)
  maintenance    min   0.525 median   1.305 max   2.391 mean   1.406
  bill / income  median    1.48 max    3.27   (>1 = running the stock down)
  unpaid         median   0.099 max   0.771
  cells shed to starvation, cumulative: 8364
  bill at unit price  min  10743.6 median  37949.1 max  88551.5   (x MAINTENANCE_PER_NODE = the shoot bill)
  anchor reach ratio  min   0.0024 median   0.0088 max   0.0403   (anchor moment / crown moment; ANCHOR_DEMAND is set from this)
  anchor status  min    0.06 median    0.22 max    1.00   (1.0 = crown fully anchored)
  slenderness    min     4.2 median    27.7 max    56.0   (shoot height / base width)
  root soil contact  min  47.8% median  65.5% max  88.8%   (the rest earns nothing and still respires)
  support (cantilever reach from anchors): p50 26  p90 42  p99 61  max 78; 31 unreached

vein conductance (max face per cell), 1..10:
  min 1.00  p50 7.99  p90 9.99  p99 10.00  max 10.00
  8036/27613 cells still at the basal floor (29%) -- undifferentiated tissue
  differentiation: 37% undifferentiated / 18% partial / 45% vascular
  strand strength, p99 vs the basal floor: 10.00x of a possible 10x

leaf light (noon-equivalent): min 0.00  p10 0.00  p50 0.17  p90 3.50  max 4.00
  below 0.5: 6920   below 1.0: 7598   below 1.5: 8385   of 11244 leaves

max resource 4.000 / 4.0
max canopy   1.500 / 4.0
one fresh canopy deposit is 1.500 (GROW_CANOPY_DEPOSIT), decaying by half per organism tick
