plant_probe: species=tree trees=8 frames=28800 worldseed=1 width=512 soil=34 growth=1
after 28800 frames: 663 active sites, 7 awake chunks
soil: 24641 cells, min 0 median 567 max 1000, mean 358; 10125 cells at or below wilting point (41%)
chunks were awake on 28394/28800 frames (98.6%) -- the CA sweep's duty cycle for this scene

population: 44 organisms -- 7 established (>= 20 cells), 37 seeds or seedlings; 103 seeds set in total
  generations  [gen 0: 7, gen 1: 37]
  rooted above ground: 0 organisms (0 of them more than 25 rows up)
  morphs among established plants: 4 distinct of 7 plants  [foliage, angle, internode, sympodial, tropism]
    [0, 1, 1, 0, 0, 2]  x2
    [1, 1, 1, 0, 0, 0]  x2
    [1, 1, 1, 0, 0, 2]  x2
    [1, 1, 1, 0, 0, 1]  x1

ensemble of 7 trees, identical species and scene:
  cells     min 2875  median 3223  max 5198  mean  3538.9
  leaves    min  988  median 1035  max 2698  mean  1334.4
  height    min  122  median  130  max  159  mean   135.9   (scene ceiling: 200 rows of sky)
  canopy top  row 75   (75 rows of clearance remain)
  thickness min   13  median   16  max   24  mean    17.1   (whole tree, incl. ground-level spread)
  stem thick min  13  median   16  max   24  mean    17.1   (above the base -- the real trunk)
  rows >1 cell wide, as % of each tree's occupied rows: min 46  median 56  max 68  mean 57
  per-tree sizes     [2875, 3086, 5198, 3652, 3223, 3816, 2922]
  per-tree heights   [125, 151, 159, 130, 122, 122, 142]
  per-tree thickness [24, 13, 14, 19, 14, 16, 20]
  crown profile (top->bottom, % of each plant's widest band, median): [70, 97, 90, 93, 48]
  foliage centre (0 = collar, 100 = apex, median): 61
  foliage share  (% of cells that are leaf, median): 35

  per-tree genotype and outcome (variance [0.5, 0.5, 0.4, 0.18, 0.7, 0.4, 0.4, 0.5, 0.25, 0.7]):
    id  branch rootbr  plast turgor   pipe roottr  alloc  stoma penetr strain    cells leaves height   stem
     1   1.295  0.679  1.033  0.924  0.724  0.670  1.260  1.152  0.816  0.557     2875    988    125     24
     2   0.663  0.824  1.314  0.888  1.137  0.689  1.180  0.724  0.864  0.671     3086   1035    151     13
     4   0.935  0.989  0.749  0.862  1.477  0.719  0.949  0.814  0.930  1.068     5198   2698    159     14
     5   1.467  1.331  1.202  1.131  0.331  1.186  1.094  1.247  1.218  1.555     3652    996    130     19
     6   1.329  0.574  1.218  1.067  0.933  0.616  1.121  1.472  1.237  1.523     3223   1232    122     14
     7   1.226  0.583  0.783  1.108  0.697  0.962  0.783  0.634  0.796  1.495     3816   1367    122     16
     8   0.604  1.213  0.787  0.891  1.154  1.141  1.170  0.906  1.115  0.948     2922   1025    142     20
  alleles: economy 2/5/0  angle 0/7/0  internode 0/7/0  sympody 7/0/0  tropism 7/0/0  density 2/1/4
  architecture events  [1: gen 0 seeds 14 forks 0 plag 0 rigid 366 lat 145 angle 88deg, 2: gen 0 seeds 15 forks 0 plag 0 rigid 454 lat 105 angle 89deg, 4: gen 0 seeds 12 forks 0 plag 0 rigid 248 lat 90 angle 74deg, 5: gen 0 seeds 16 forks 0 plag 0 rigid 474 lat 174 angle 83deg, 6: gen 0 seeds 23 forks 0 plag 0 rigid 392 lat 145 angle 87deg, 7: gen 0 seeds 17 forks 0 plag 0 rigid 564 lat 161 angle 80deg, 8: gen 0 seeds 6 forks 0 plag 0 rigid 533 lat 88 angle 82deg]

distinguishability (§Z / C4), 8 founders planted:
  canopy components at field resolution, >=  1 leaf/block:   2   largest holds  99% of canopy blocks
  canopy components at field resolution, >=  2 leaf/block:   2   largest holds  93% of canopy blocks
  canopy components at field resolution, >=  4 leaf/block:   3   largest holds  84% of canopy blocks
  canopy components at field resolution, >=  8 leaf/block:   1   largest holds  69% of canopy blocks
  interior sky gaps: 0 (a fully separate stand of 8 shows 7), widths []
  founder spacing is 56 cells; gaps at least 8 cells wide: 0
  --> canopy fusion 99%, 0 raw sky gaps (0 at least 8 cells) -- so this run reads 1 distinguishable crowns of 8 founders
  (CALIBRATION FAILED against the owner's eye, 2026-08-23: on the three stands he counted,
   these read 2 / 2 / 3 where he read 2 / 4 / 3, and fusion called the 4-founder stand 100% ONE MASS
   when he counted all four. §Z is cards-only. Reports/open-bugs-handoff.md §Z has the table.
   He later said the cue IS sky gaps, read at canopy level -- so census the canopy band next, not the whole column.)

lineage turnover over 28800 frames: 111 born, 67 died (3.85 and 2.33 per 1,000 frames); 44 live in 44 slots
  germinations: 9 -- read against `seeds set in total` above
  organism slots: high-water 44 of 4095 (1.1%), 0 births refused at the ceiling
  standing seed bank: 37 seeds; 0 organisms senescent (dead, remains rotting)
  established plants carrying an inherited genome: 0 of 7 (deepest generation 0) -- at ~0 every claim from this run is about founders

24809 organism cells
  Some(DormantBud)      1851
  Some(GrowingTip)        29
  Some(Leaf)            9341
  Some(MatureBody)     13534
  Some(RootTip)           17
  Some(Seed)              37
  palette bands in use (material, band -> cells):
    leaf       band  2    3930
    leaf       band  3    5411
    rootwood   band  0    1634
    seed       band  0      37
    wood       band  0    6154
    wood       band  1    7643
  bounding box x 0..=497, y 75..=233
  thickest contiguous run, above ground: 75 cells
  thickest contiguous run, below ground: 20 cells (roots spread by design)

root system (7 established plants, soil is 34 rows deep):
  root cells        min   97  median  235  max  393  mean   233.4
  root share of plant  min   3%  median   6%  max  13%  mean   6.4%
  deepest row below surface  min   7  median  20  max  34  mean  23.9
  lateral spread (cells)     min  15  median  36  max  78  mean  42.9
  median root cell sits 8 rows down; quartiles 4 / 14
  root cells with 3+ root neighbours: 60% (a 1-cell-wide run reads ~0 whichever way it points)
  depth histogram, surface->bedrock (% of all root cells): [42, 32, 10, 7, 7]
  seeds standing: 37 above the surface, 0 buried (buried can never germinate)

water balance, per established plant:
  stock          min    36.5 median    90.5 max   834.6 mean   232.3
  stomatal term  min    0.60 median    0.99 max    1.00 mean    0.85   (1.0 = demand fully met)
  uptake/tick    min    4.26 median    7.45 max   32.22 mean   13.32
  demand/tick    min    6.47 median   10.77 max   48.90 mean   17.18

carbon book, per established plant (per organism tick):
  income         min   0.712 median   0.933 max   1.523 mean   1.036   (over a whole day, not at this instant)
  maintenance    min   0.858 median   1.155 max   2.208 mean   1.318
  bill / income  median    1.24 max    1.99   (>1 = running the stock down)
  unpaid         median   0.079 max   0.650
  cells shed to starvation, cumulative: 7701
  bill at unit price  min  19757.4 median  30813.1 max  71469.5   (x MAINTENANCE_PER_NODE = the shoot bill)
  anchor reach ratio  min   0.0013 median   0.0126 max   0.0155   (anchor moment / crown moment; ANCHOR_DEMAND is set from this)
  anchor status  min    0.03 median    0.31 max    0.39   (1.0 = crown fully anchored)
  slenderness    min     5.0 median    34.0 max    58.0   (shoot height / base width)
  root soil contact  min  57.0% median  67.6% max  82.2%   (the rest earns nothing and still respires)
  support (cantilever reach from anchors): p50 24  p90 46  p99 76  max 98; 37 unreached

vein conductance (max face per cell), 1..10:
  min 1.00  p50 8.86  p90 9.99  p99 10.00  max 10.00
  6176/24809 cells still at the basal floor (25%) -- undifferentiated tissue
  differentiation: 33% undifferentiated / 19% partial / 48% vascular
  strand strength, p99 vs the basal floor: 10.00x of a possible 10x

leaf light (noon-equivalent): min 0.00  p10 0.00  p50 0.20  p90 3.56  max 4.00
  below 0.5: 5532   below 1.0: 6447   below 1.5: 6854   of 9341 leaves

max resource 4.000 / 4.0
max canopy   1.500 / 4.0
one fresh canopy deposit is 1.500 (GROW_CANOPY_DEPOSIT), decaying by half per organism tick
