plant_probe: species=tree trees=8 frames=28800 worldseed=2 width=512 soil=34 growth=1
after 28800 frames: 477 active sites, 11 awake chunks
soil: 20577 cells, min 0 median 620 max 1000, mean 410; 6299 cells at or below wilting point (31%)
chunks were awake on 26955/28800 frames (93.6%) -- the CA sweep's duty cycle for this scene

population: 44 organisms -- 6 established (>= 20 cells), 38 seeds or seedlings; 83 seeds set in total
  generations  [gen 0: 6, gen 1: 38]
  rooted above ground: 0 organisms (0 of them more than 25 rows up)
  morphs among established plants: 5 distinct of 6 plants  [foliage, angle, internode, sympodial, tropism]
    [1, 1, 1, 0, 0, 1]  x2
    [0, 1, 1, 0, 0, 0]  x1
    [0, 1, 1, 0, 0, 1]  x1
    [0, 1, 1, 0, 0, 2]  x1
    [1, 1, 1, 0, 0, 2]  x1

ensemble of 6 trees, identical species and scene:
  cells     min 1285  median 4183  max 4482  mean  3554.7
  leaves    min  362  median 1583  max 2249  mean  1400.2
  height    min  124  median  138  max  157  mean   137.5   (scene ceiling: 200 rows of sky)
  canopy top  row 75   (75 rows of clearance remain)
  thickness min   12  median   17  max   28  mean    17.0   (whole tree, incl. ground-level spread)
  stem thick min  10  median   14  max   23  mean    15.0   (above the base -- the real trunk)
  rows >1 cell wide, as % of each tree's occupied rows: min 48  median 56  max 61  mean 55
  per-tree sizes     [4433, 4482, 4183, 2781, 4164, 1285]
  per-tree heights   [138, 134, 157, 124, 141, 131]
  per-tree thickness [14, 14, 17, 12, 28, 17]
  crown profile (top->bottom, % of each plant's widest band, median): [79, 93, 94, 89, 48]
  foliage centre (0 = collar, 100 = apex, median): 66
  foliage share  (% of cells that are leaf, median): 37

  per-tree genotype and outcome (variance [0.5, 0.5, 0.4, 0.18, 0.7, 0.4, 0.4, 0.5, 0.25, 0.7]):
    id  branch rootbr  plast turgor   pipe roottr  alloc  stoma penetr strain    cells leaves height   stem
     2   1.402  0.617  0.923  0.831  1.374  1.356  0.857  0.592  1.041  1.492     4433   1583    138     14
     4   0.665  0.503  0.609  0.954  1.388  0.664  0.647  1.046  0.910  1.327     4482   2249    134     13
     5   0.653  0.599  0.651  0.913  1.509  1.348  1.197  0.746  0.966  0.995     4183   2026    157     13
     6   1.480  1.290  1.238  1.156  1.035  1.169  0.703  0.784  0.981  0.830     2781   1039    124     10
     7   0.655  1.005  1.357  1.051  1.552  1.247  1.153  0.791  1.121  0.390     4164   1142    141     23
     8   0.617  0.522  1.334  1.035  1.315  1.290  0.816  0.906  1.178  0.386     1285    362    131     17
  alleles: economy 3/3/0  angle 0/6/0  internode 0/6/0  sympody 6/0/0  tropism 6/0/0  density 1/3/2
  architecture events  [2: gen 0 seeds 17 forks 0 plag 0 rigid 580 lat 214 angle 77deg, 4: gen 0 seeds 13 forks 0 plag 0 rigid 387 lat 108 angle 79deg, 5: gen 0 seeds 14 forks 0 plag 0 rigid 304 lat 65 angle 85deg, 6: gen 0 seeds 20 forks 0 plag 0 rigid 372 lat 146 angle 85deg, 7: gen 0 seeds 14 forks 0 plag 0 rigid 722 lat 134 angle 88deg, 8: gen 0 seeds 5 forks 0 plag 0 rigid 217 lat 45 angle 94deg]

distinguishability (§Z / C4), 8 founders planted:
  canopy components at field resolution, >=  1 leaf/block:   1   largest holds 100% of canopy blocks
  canopy components at field resolution, >=  2 leaf/block:   1   largest holds  94% of canopy blocks
  canopy components at field resolution, >=  4 leaf/block:   3   largest holds  84% of canopy blocks
  canopy components at field resolution, >=  8 leaf/block:   8   largest holds  64% of canopy blocks
  interior sky gaps: 0 (a fully separate stand of 8 shows 7), widths []
  founder spacing is 56 cells; gaps at least 8 cells wide: 0
  --> canopy fusion 100%, 0 raw sky gaps (0 at least 8 cells) -- so this run reads 1 distinguishable crowns of 8 founders
  (CALIBRATION FAILED against the owner's eye, 2026-08-23: on the three stands he counted,
   these read 2 / 2 / 3 where he read 2 / 4 / 3, and fusion called the 4-founder stand 100% ONE MASS
   when he counted all four. §Z is cards-only. Reports/open-bugs-handoff.md §Z has the table.
   He later said the cue IS sky gaps, read at canopy level -- so census the canopy band next, not the whole column.)

lineage turnover over 28800 frames: 94 born, 50 died (3.26 and 1.74 per 1,000 frames); 44 live in 45 slots
  germinations: 8 -- read against `seeds set in total` above
  organism slots: high-water 45 of 4095 (1.1%), 0 births refused at the ceiling
  standing seed bank: 38 seeds; 0 organisms senescent (dead, remains rotting)
  established plants carrying an inherited genome: 0 of 6 (deepest generation 0) -- at ~0 every claim from this run is about founders

21366 organism cells
  Some(DormantBud)      1796
  Some(GrowingTip)        19
  Some(Leaf)            8401
  Some(MatureBody)     11097
  Some(RootTip)           15
  Some(Seed)              38
  palette bands in use (material, band -> cells):
    leaf       band  2    3427
    leaf       band  3    4974
    rootwood   band  0    2034
    seed       band  0      38
    wood       band  0    7415
    wood       band  1    3478
  bounding box x 38..=488, y 75..=233
  thickest contiguous run, above ground: 61 cells
  thickest contiguous run, below ground: 28 cells (roots spread by design)

root system (6 established plants, soil is 34 rows deep):
  root cells        min  148  median  260  max  731  mean   339.0
  root share of plant  min   4%  median  11%  max  17%  mean   9.5%
  deepest row below surface  min  13  median  26  max  34  mean  24.7
  lateral spread (cells)     min  41  median  73  max  99  mean  65.8
  median root cell sits 15 rows down; quartiles 7 / 28
  root cells with 3+ root neighbours: 63% (a 1-cell-wide run reads ~0 whichever way it points)
  depth histogram, surface->bedrock (% of all root cells): [24, 23, 14, 11, 26]
  seeds standing: 38 above the surface, 0 buried (buried can never germinate)

water balance, per established plant:
  stock          min    70.5 median   101.8 max  1345.5 mean   300.0
  stomatal term  min    0.43 median    1.00 max    1.00 mean    0.86   (1.0 = demand fully met)
  uptake/tick    min    5.31 median   18.76 max   24.13 mean   16.31
  demand/tick    min   10.53 median   17.30 max   40.17 mean   18.61

carbon book, per established plant (per organism tick):
  income         min   0.600 median   1.179 max   1.924 mean   1.167   (over a whole day, not at this instant)
  maintenance    min   0.416 median   1.819 max   2.453 mean   1.391
  bill / income  median    1.01 max    2.77   (>1 = running the stock down)
  unpaid         median   0.065 max   0.938
  cells shed to starvation, cumulative: 3686
  bill at unit price  min  11172.5 median  57387.0 max  91323.8   (x MAINTENANCE_PER_NODE = the shoot bill)
  anchor reach ratio  min   0.0085 median   0.0160 max   0.0435   (anchor moment / crown moment; ANCHOR_DEMAND is set from this)
  anchor status  min    0.21 median    0.40 max    1.00   (1.0 = crown fully anchored)
  slenderness    min     6.1 median    40.7 max   124.0   (shoot height / base width)
  root soil contact  min  46.4% median  73.2% max  87.8%   (the rest earns nothing and still respires)
  support (cantilever reach from anchors): p50 29  p90 50  p99 71  max 87; 38 unreached

vein conductance (max face per cell), 1..10:
  min 1.00  p50 9.16  p90 9.99  p99 10.00  max 10.00
  5116/21366 cells still at the basal floor (24%) -- undifferentiated tissue
  differentiation: 32% undifferentiated / 18% partial / 50% vascular
  strand strength, p99 vs the basal floor: 10.00x of a possible 10x

leaf light (noon-equivalent): min 0.00  p10 0.00  p50 0.25  p90 3.64  max 4.00
  below 0.5: 4824   below 1.0: 5623   below 1.5: 6015   of 8401 leaves

max resource 4.000 / 4.0
max canopy   1.500 / 4.0
one fresh canopy deposit is 1.500 (GROW_CANOPY_DEPOSIT), decaying by half per organism tick
