plant_probe: species=tree trees=8 frames=28800 worldseed=4 width=512 soil=34 growth=1
after 28800 frames: 856 active sites, 12 awake chunks
soil: 25321 cells, min 0 median 187 max 1000, mean 316; 11513 cells at or below wilting point (45%)
chunks were awake on 27809/28800 frames (96.6%) -- the CA sweep's duty cycle for this scene

population: 60 organisms -- 7 established (>= 20 cells), 53 seeds or seedlings; 125 seeds set in total
  generations  [gen 0: 8, gen 1: 52]
  rooted above ground: 0 organisms (0 of them more than 25 rows up)
  morphs among established plants: 4 distinct of 7 plants  [foliage, angle, internode, sympodial, tropism]
    [0, 1, 1, 0, 0, 2]  x3
    [0, 1, 1, 0, 0, 1]  x2
    [1, 1, 1, 0, 0, 0]  x1
    [1, 1, 1, 0, 0, 2]  x1

ensemble of 7 trees, identical species and scene:
  cells     min  119  median 3758  max 5587  mean  3323.1
  leaves    min    0  median 1541  max 2251  mean  1295.7
  height    min   16  median  143  max  166  mean   127.4   (scene ceiling: 200 rows of sky)
  canopy top  row 68   (68 rows of clearance remain)
  thickness min    7  median   16  max   18  mean    15.0   (whole tree, incl. ground-level spread)
  stem thick min   0  median   13  max   18  mean    12.4   (above the base -- the real trunk)
  rows >1 cell wide, as % of each tree's occupied rows: min 42  median 52  max 65  mean 54
  per-tree sizes     [1675, 3758, 3404, 4874, 3845, 119, 5587]
  per-tree heights   [143, 166, 121, 164, 133, 16, 149]
  per-tree thickness [13, 17, 18, 18, 16, 7, 16]
  crown profile (top->bottom, % of each plant's widest band, median): [80, 100, 89, 83, 54]
  foliage centre (0 = collar, 100 = apex, median): 58
  foliage share  (% of cells that are leaf, median): 40

  per-tree genotype and outcome (variance [0.5, 0.5, 0.4, 0.18, 0.7, 0.4, 0.4, 0.5, 0.25, 0.7]):
    id  branch rootbr  plast turgor   pipe roottr  alloc  stoma penetr strain    cells leaves height   stem
     1   0.648  1.177  1.242  0.848  1.389  0.928  0.968  0.671  0.981  0.756     1675    619    143     13
     2   0.679  1.079  1.236  0.839  1.685  1.123  0.635  1.095  1.122  0.646     3758   1541    166     13
     3   1.213  1.086  0.654  1.128  1.459  0.908  0.693  1.111  0.790  1.385     3404   1752    121     18
     4   1.487  0.616  1.300  0.861  0.379  1.171  0.654  1.476  0.955  1.321     4874   1288    164     18
     6   1.173  0.925  0.819  1.003  1.294  0.615  1.183  1.461  0.859  1.428     3845   1619    133     13
     7   1.295  1.318  0.809  1.007  0.469  1.133  1.152  0.510  0.925  0.438      119      0     16      0
     8   1.023  1.011  0.955  0.862  1.059  1.066  0.889  1.412  0.944  1.322     5587   2251    149     12
  alleles: economy 5/2/0  angle 0/7/0  internode 0/7/0  sympody 7/0/0  tropism 7/0/0  density 1/2/4
  architecture events  [1: gen 0 seeds 10 forks 0 plag 0 rigid 275 lat 55 angle 94deg, 2: gen 0 seeds 20 forks 0 plag 0 rigid 359 lat 85 angle 85deg, 3: gen 0 seeds 17 forks 0 plag 0 rigid 337 lat 93 angle 89deg, 4: gen 0 seeds 31 forks 0 plag 0 rigid 495 lat 212 angle 81deg, 6: gen 0 seeds 18 forks 0 plag 0 rigid 375 lat 137 angle 81deg, 7: gen 0 seeds 12 forks 0 plag 0 rigid 263 lat 100 angle 86deg, 8: gen 0 seeds 14 forks 0 plag 0 rigid 756 lat 192 angle 86deg]

distinguishability (§Z / C4), 8 founders planted:
  canopy components at field resolution, >=  1 leaf/block:   2   largest holds  99% of canopy blocks
  canopy components at field resolution, >=  2 leaf/block:   2   largest holds  94% of canopy blocks
  canopy components at field resolution, >=  4 leaf/block:   2   largest holds  84% of canopy blocks
  canopy components at field resolution, >=  8 leaf/block:   5   largest holds  38% of canopy blocks
  interior sky gaps: 0 (a fully separate stand of 8 shows 7), widths []
  founder spacing is 56 cells; gaps at least 8 cells wide: 0
  --> canopy fusion 99%, 0 raw sky gaps (0 at least 8 cells) -- so this run reads 1 distinguishable crowns of 8 founders
  (CALIBRATION FAILED against the owner's eye, 2026-08-23: on the three stands he counted,
   these read 2 / 2 / 3 where he read 2 / 4 / 3, and fusion called the 4-founder stand 100% ONE MASS
   when he counted all four. §Z is cards-only. Reports/open-bugs-handoff.md §Z has the table.
   He later said the cue IS sky gaps, read at canopy level -- so census the canopy band next, not the whole column.)

lineage turnover over 28800 frames: 133 born, 73 died (4.62 and 2.53 per 1,000 frames); 60 live in 62 slots
  germinations: 8 -- read against `seeds set in total` above
  organism slots: high-water 62 of 4095 (1.5%), 0 births refused at the ceiling
  standing seed bank: 52 seeds; 1 organisms senescent (dead, remains rotting)
  established plants carrying an inherited genome: 0 of 7 (deepest generation 0) -- at ~0 every claim from this run is about founders

23332 organism cells
  Some(DormantBud)      1655
  Some(GrowingTip)        16
  Some(Leaf)            9070
  Some(MatureBody)     12520
  Some(RootTip)           19
  Some(Seed)              52
  palette bands in use (material, band -> cells):
    leaf       band  2    6699
    leaf       band  3    2371
    rootwood   band  0    2030
    seed       band  0      52
    wood       band  0    4212
    wood       band  1    7968
  bounding box x 21..=511, y 68..=233
  thickest contiguous run, above ground: 42 cells
  thickest contiguous run, below ground: 17 cells (roots spread by design)

root system (7 established plants, soil is 34 rows deep):
  root cells        min   78  median  320  max  652  mean   287.4
  root share of plant  min   3%  median   8%  max 100%  mean  20.3%
  deepest row below surface  min  15  median  23  max  34  mean  25.4
  lateral spread (cells)     min  20  median  48  max  75  mean  43.7
  median root cell sits 12 rows down; quartiles 6 / 22
  root cells with 3+ root neighbours: 56% (a 1-cell-wide run reads ~0 whichever way it points)
  depth histogram, surface->bedrock (% of all root cells): [28, 26, 16, 14, 13]
  seeds standing: 52 above the surface, 0 buried (buried can never germinate)

water balance, per established plant:
  stock          min    11.9 median   162.1 max   250.2 mean   149.0
  stomatal term  min    0.17 median    0.79 max    1.00 mean    0.73   (1.0 = demand fully met)
  uptake/tick    min    1.41 median   16.23 max   26.90 mean   14.31
  demand/tick    min    0.00 median   25.91 max   45.45 mean   21.96

carbon book, per established plant (per organism tick):
  income         min   0.000 median   1.140 max   1.354 mean   0.854   (over a whole day, not at this instant)
  maintenance    min   0.018 median   1.407 max   2.026 mean   1.202
  bill / income  median    1.26 max     inf   (>1 = running the stock down)
  unpaid         median   0.036 max   0.324
  cells shed to starvation, cumulative: 7719
  bill at unit price  min      0.0 median  33850.7 max  59427.8   (x MAINTENANCE_PER_NODE = the shoot bill)
  anchor reach ratio  min   0.0020 median   0.0133 max   0.0229   (anchor moment / crown moment; ANCHOR_DEMAND is set from this)
  anchor status  min    0.05 median    0.33 max    1.00   (1.0 = crown fully anchored)
  slenderness    min     0.0 median     6.8 max    65.5   (shoot height / base width)
  root soil contact  min  67.2% median  76.8% max  90.8%   (the rest earns nothing and still respires)
  support (cantilever reach from anchors): p50 26  p90 42  p99 60  max 87; 52 unreached

vein conductance (max face per cell), 1..10:
  min 1.00  p50 8.61  p90 9.99  p99 10.00  max 10.00
  7094/23332 cells still at the basal floor (30%) -- undifferentiated tissue
  differentiation: 35% undifferentiated / 18% partial / 47% vascular
  strand strength, p99 vs the basal floor: 10.00x of a possible 10x

leaf light (noon-equivalent): min 0.00  p10 0.00  p50 0.28  p90 3.67  max 4.00
  below 0.5: 5303   below 1.0: 6143   below 1.5: 6639   of 9070 leaves

max resource 4.000 / 4.0
max canopy   1.500 / 4.0
one fresh canopy deposit is 1.500 (GROW_CANOPY_DEPOSIT), decaying by half per organism tick
