plant_probe: species=tree trees=8 frames=28800 worldseed=7 width=512 soil=34 growth=1
after 28800 frames: 485 active sites, 7 awake chunks
soil: 21539 cells, min 0 median 620 max 1000, mean 401; 7072 cells at or below wilting point (33%)
chunks were awake on 27364/28800 frames (95.0%) -- the CA sweep's duty cycle for this scene

population: 55 organisms -- 8 established (>= 20 cells), 47 seeds or seedlings; 126 seeds set in total
  generations  [gen 0: 8, gen 1: 47]
  rooted above ground: 0 organisms (0 of them more than 25 rows up)
  morphs among established plants: 5 distinct of 8 plants  [foliage, angle, internode, sympodial, tropism]
    [0, 1, 1, 0, 0, 2]  x2
    [1, 1, 1, 0, 0, 1]  x2
    [1, 1, 1, 0, 0, 2]  x2
    [0, 1, 1, 0, 0, 0]  x1
    [1, 1, 1, 0, 0, 0]  x1

ensemble of 8 trees, identical species and scene:
  cells     min  108  median 3699  max 4792  mean  2523.5
  leaves    min    0  median  831  max 1791  mean   797.8
  height    min   33  median  134  max  142  mean   116.0   (scene ceiling: 200 rows of sky)
  canopy top  row 74   (74 rows of clearance remain)
  thickness min    2  median   17  max   45  mean    16.9   (whole tree, incl. ground-level spread)
  stem thick min   0  median   14  max   45  mean    14.9   (above the base -- the real trunk)
  rows >1 cell wide, as % of each tree's occupied rows: min 4  median 56  max 80  mean 50
  per-tree sizes     [786, 3699, 136, 4792, 2147, 4174, 108, 4346]
  per-tree heights   [140, 127, 97, 142, 114, 134, 33, 141]
  per-tree thickness [17, 45, 3, 17, 21, 15, 2, 15]
  crown profile (top->bottom, % of each plant's widest band, median): [72, 70, 96, 82, 71]
  foliage centre (0 = collar, 100 = apex, median): 60
  foliage share  (% of cells that are leaf, median): 24

  per-tree genotype and outcome (variance [0.5, 0.5, 0.4, 0.18, 0.7, 0.4, 0.4, 0.5, 0.25, 0.7]):
    id  branch rootbr  plast turgor   pipe roottr  alloc  stoma penetr strain    cells leaves height   stem
     1   1.011  0.701  0.688  0.877  0.557  0.606  1.112  1.114  1.125  0.489      786    178    140      7
     2   0.969  1.359  1.264  1.090  0.343  1.036  0.715  1.363  1.029  0.540     3699    831    127     45
     3   0.724  0.557  0.976  1.121  1.477  1.109  0.736  1.440  0.966  0.329      136     33     97      2
     4   0.850  0.837  0.800  0.992  0.830  0.703  1.147  0.948  1.033  0.938     4792   1729    142     17
     5   0.956  0.745  1.297  1.168  0.319  0.876  0.767  1.186  0.902  0.641     2147    491    114     21
     6   1.252  1.297  1.265  0.951  1.497  1.160  0.829  1.169  1.043  0.849     4174   1329    134     13
     7   1.155  0.735  0.975  1.115  1.011  1.371  0.832  1.209  1.171  1.491      108      0     33      0
     8   0.737  1.188  1.025  0.893  1.188  0.987  0.916  0.731  0.942  1.230     4346   1791    141     14
  alleles: economy 3/5/0  angle 0/8/0  internode 0/8/0  sympody 8/0/0  tropism 8/0/0  density 2/2/4
  architecture events  [1: gen 0 seeds 5 forks 0 plag 0 rigid 33 lat 7 angle 91deg, 2: gen 0 seeds 29 forks 0 plag 0 rigid 518 lat 145 angle 84deg, 3: gen 0 seeds 0 forks 0 plag 0 rigid 0 lat 0 angle 0deg, 4: gen 0 seeds 21 forks 0 plag 0 rigid 469 lat 129 angle 82deg, 5: gen 0 seeds 15 forks 0 plag 0 rigid 392 lat 107 angle 93deg, 6: gen 0 seeds 37 forks 0 plag 0 rigid 611 lat 243 angle 89deg, 7: gen 0 seeds 8 forks 0 plag 0 rigid 222 lat 82 angle 89deg, 8: gen 0 seeds 11 forks 0 plag 0 rigid 549 lat 139 angle 86deg]

distinguishability (§Z / C4), 8 founders planted:
  canopy components at field resolution, >=  1 leaf/block:   1   largest holds 100% of canopy blocks
  canopy components at field resolution, >=  2 leaf/block:   2   largest holds  88% of canopy blocks
  canopy components at field resolution, >=  4 leaf/block:   7   largest holds  65% of canopy blocks
  canopy components at field resolution, >=  8 leaf/block:  16   largest holds  38% of canopy blocks
  interior sky gaps: 1 (a fully separate stand of 8 shows 7), widths [2]
  founder spacing is 56 cells; gaps at least 8 cells wide: 0
  --> canopy fusion 100%, 1 raw sky gaps (0 at least 8 cells) -- so this run reads 2 distinguishable crowns of 8 founders
  (CALIBRATION FAILED against the owner's eye, 2026-08-23: on the three stands he counted,
   these read 2 / 2 / 3 where he read 2 / 4 / 3, and fusion called the 4-founder stand 100% ONE MASS
   when he counted all four. §Z is cards-only. Reports/open-bugs-handoff.md §Z has the table.
   He later said the cue IS sky gaps, read at canopy level -- so census the canopy band next, not the whole column.)

lineage turnover over 28800 frames: 134 born, 79 died (4.65 and 2.74 per 1,000 frames); 55 live in 58 slots
  germinations: 9 -- read against `seeds set in total` above
  organism slots: high-water 58 of 4095 (1.4%), 0 births refused at the ceiling
  standing seed bank: 47 seeds; 1 organisms senescent (dead, remains rotting)
  established plants carrying an inherited genome: 0 of 8 (deepest generation 0) -- at ~0 every claim from this run is about founders

20235 organism cells
  Some(DormantBud)      1149
  Some(GrowingTip)        20
  Some(Leaf)            6382
  Some(MatureBody)     12613
  Some(RootTip)           24
  Some(Seed)              47
  palette bands in use (material, band -> cells):
    leaf       band  2    3698
    leaf       band  3    2684
    rootwood   band  0    1541
    seed       band  0      47
    wood       band  0    3889
    wood       band  1    8376
  bounding box x 40..=504, y 74..=233
  thickest contiguous run, above ground: 45 cells
  thickest contiguous run, below ground: 17 cells (roots spread by design)

root system (8 established plants, soil is 34 rows deep):
  root cells        min   11  median  256  max  359  mean   192.6
  root share of plant  min   2%  median   8%  max 100%  mean  19.2%
  deepest row below surface  min   6  median  30  max  34  mean  24.2
  lateral spread (cells)     min   4  median  37  max  60  mean  32.5
  median root cell sits 11 rows down; quartiles 6 / 21
  root cells with 3+ root neighbours: 53% (a 1-cell-wide run reads ~0 whichever way it points)
  depth histogram, surface->bedrock (% of all root cells): [26, 30, 17, 15, 10]
  seeds standing: 47 above the surface, 0 buried (buried can never germinate)

water balance, per established plant:
  stock          min    39.7 median   114.7 max   432.0 mean   155.8
  stomatal term  min    0.56 median    1.00 max    1.00 mean    0.92   (1.0 = demand fully met)
  uptake/tick    min   -4.00 median   10.96 max   40.24 mean   11.58
  demand/tick    min    0.00 median   11.32 max   39.00 mean   14.40

carbon book, per established plant (per organism tick):
  income         min   0.000 median   1.160 max   1.874 mean   0.824   (over a whole day, not at this instant)
  maintenance    min   0.016 median   1.121 max   1.565 mean   0.762
  bill / income  median    0.88 max     inf   (>1 = running the stock down)
  unpaid         median   0.003 max   0.265
  cells shed to starvation, cumulative: 3690
  bill at unit price  min      0.0 median  25638.7 max  42264.9   (x MAINTENANCE_PER_NODE = the shoot bill)
  anchor reach ratio  min   0.0010 median   0.0052 max   0.0158   (anchor moment / crown moment; ANCHOR_DEMAND is set from this)
  anchor status  min    0.02 median    0.38 max    1.00   (1.0 = crown fully anchored)
  slenderness    min     0.0 median    15.2 max    90.0   (shoot height / base width)
  root soil contact  min  60.9% median  82.8% max 100.0%   (the rest earns nothing and still respires)
  support (cantilever reach from anchors): p50 24  p90 48  p99 66  max 81; 47 unreached

vein conductance (max face per cell), 1..10:
  min 1.00  p50 9.23  p90 9.99  p99 10.00  max 10.00
  4791/20235 cells still at the basal floor (24%) -- undifferentiated tissue
  differentiation: 29% undifferentiated / 20% partial / 51% vascular
  strand strength, p99 vs the basal floor: 10.00x of a possible 10x

leaf light (noon-equivalent): min 0.00  p10 0.00  p50 0.48  p90 3.81  max 4.00
  below 0.5: 3192   below 1.0: 3917   below 1.5: 4207   of 6382 leaves

max resource 4.000 / 4.0
max canopy   1.500 / 4.0
one fresh canopy deposit is 1.500 (GROW_CANOPY_DEPOSIT), decaying by half per organism tick
