plant_probe: species=tree trees=16 frames=45000 worldseed=4 width=1024 soil=34 growth=1
after 45000 frames: 917 active sites, 10 awake chunks
soil: 60408 cells, min 0 median 0 max 1000, mean 238; 34784 cells at or below wilting point (58%)
chunks were awake on 44757/45000 frames (99.5%) -- the CA sweep's duty cycle for this scene

population: 64 organisms -- 16 established (>= 20 cells), 48 seeds or seedlings; 196 seeds set in total
  generations  [gen 0: 16, gen 1: 48]
  rooted above ground: 0 organisms (0 of them more than 25 rows up)
  morphs among established plants: 6 distinct of 16 plants  [foliage, angle, internode, sympodial, tropism]
    [0, 1, 1, 0, 0, 2]  x4
    [1, 1, 1, 0, 0, 1]  x4
    [1, 1, 1, 0, 0, 0]  x3
    [0, 1, 1, 0, 0, 0]  x2
    [1, 1, 1, 0, 0, 2]  x2
    [0, 1, 1, 0, 0, 1]  x1

ensemble of 16 trees, identical species and scene:
  cells     min  247  median 3905  max 5852  mean  3648.3
  leaves    min   66  median 1729  max 2301  mean  1518.5
  height    min   97  median  145  max  167  mean   140.4   (scene ceiling: 200 rows of sky)
  canopy top  row 67   (67 rows of clearance remain)
  thickness min    7  median   18  max   30  mean    17.9   (whole tree, incl. ground-level spread)
  stem thick min   6  median   13  max   20  mean    13.1   (above the base -- the real trunk)
  rows >1 cell wide, as % of each tree's occupied rows: min 40  median 59  max 64  mean 57
  per-tree sizes     [5852, 3074, 247, 5039, 4388, 2414, 5115, 4302, 1163, 4535, 3625, 3905, 3110, 4699, 3035, 3870]
  per-tree heights   [167, 160, 97, 163, 142, 151, 163, 128, 120, 147, 134, 156, 107, 145, 135, 132]
  per-tree thickness [17, 12, 7, 27, 18, 12, 30, 26, 10, 15, 19, 16, 23, 14, 20, 20]
  crown profile (top->bottom, % of each plant's widest band, median): [76, 91, 100, 85, 58]
  foliage centre (0 = collar, 100 = apex, median): 58
  foliage share  (% of cells that are leaf, median): 41

  per-tree genotype and outcome (variance [0.5, 0.5, 0.4, 0.18, 0.7, 0.4, 0.4, 0.5, 0.25, 0.7]):
    id  branch rootbr  plast turgor   pipe roottr  alloc  stoma penetr strain    cells leaves height   stem
     1   1.442  1.381  1.231  0.846  0.563  1.207  0.969  0.603  1.222  1.272     5852   2033    167     17
     2   1.015  0.664  0.733  0.884  1.514  1.153  0.720  0.637  0.985  1.035     3074   1703    160     10
     3   0.709  0.580  0.832  1.031  0.547  1.238  0.987  0.595  1.040  0.879      247     66     97      6
     4   0.872  1.070  1.051  0.894  1.100  1.343  1.344  1.226  0.753  0.655     5039   1948    163     19
     5   1.393  1.310  0.913  0.859  0.595  0.706  1.134  0.504  1.056  1.538     4388   1767    142     15
     6   0.563  0.840  1.004  0.935  0.924  1.090  1.003  0.860  0.788  1.525     2414    843    151      9
     7   1.067  0.606  1.198  0.838  0.733  1.054  0.754  1.105  0.948  0.602     5115   2111    163     14
     8   0.730  1.337  1.012  1.050  0.573  0.897  1.392  0.582  0.981  1.035     4302   1811    128     15
     9   0.524  0.539  0.985  1.109  1.452  1.229  0.673  0.715  0.780  1.600     1163    463    120      8
    10   0.746  1.172  0.865  0.959  1.363  0.770  0.964  0.714  1.177  1.128     4535   1925    147     12
    11   1.262  0.705  0.796  1.054  1.242  0.664  0.684  1.419  1.179  0.691     3625   1652    134     13
    12   0.674  0.640  0.967  0.888  0.950  1.093  0.709  0.812  0.766  1.212     3905   1729    156      9
    13   1.213  1.042  1.040  1.165  0.690  0.883  1.070  0.519  0.926  0.451     3110   1258    107     18
    14   0.880  0.878  1.037  0.985  1.618  0.897  0.758  0.685  0.971  0.912     4699   2301    145     13
    15   0.806  1.193  1.397  1.030  0.558  0.838  1.225  1.373  0.974  0.888     3035    984    135     20
    16   0.792  0.503  1.145  1.140  1.409  1.043  1.388  0.692  0.833  1.213     3870   1702    132     11
  alleles: economy 7/9/0  angle 0/16/0  internode 0/16/0  sympody 16/0/0  tropism 16/0/0  density 5/5/6
  architecture events  [1: gen 0 seeds 10 forks 0 plag 0 rigid 507 lat 204 angle 81deg, 2: gen 0 seeds 4 forks 0 plag 0 rigid 329 lat 78 angle 77deg, 3: gen 0 seeds 0 forks 0 plag 0 rigid 0 lat 0 angle 0deg, 4: gen 0 seeds 23 forks 0 plag 0 rigid 442 lat 162 angle 81deg, 5: gen 0 seeds 8 forks 0 plag 0 rigid 509 lat 154 angle 84deg, 6: gen 0 seeds 8 forks 0 plag 0 rigid 305 lat 44 angle 85deg, 7: gen 0 seeds 18 forks 0 plag 0 rigid 587 lat 178 angle 82deg, 8: gen 0 seeds 16 forks 0 plag 0 rigid 610 lat 109 angle 79deg, 9: gen 0 seeds 8 forks 0 plag 0 rigid 140 lat 31 angle 85deg, 10: gen 0 seeds 23 forks 0 plag 0 rigid 636 lat 107 angle 76deg, 11: gen 0 seeds 11 forks 0 plag 0 rigid 434 lat 134 angle 78deg, 12: gen 0 seeds 20 forks 0 plag 0 rigid 590 lat 126 angle 84deg, 13: gen 0 seeds 8 forks 0 plag 0 rigid 385 lat 126 angle 82deg, 14: gen 0 seeds 17 forks 0 plag 0 rigid 767 lat 148 angle 84deg, 15: gen 0 seeds 11 forks 0 plag 0 rigid 391 lat 104 angle 87deg, 16: gen 0 seeds 11 forks 0 plag 0 rigid 536 lat 131 angle 80deg]

distinguishability (§Z / C4), 16 founders planted:
  canopy components at field resolution, >=  1 leaf/block:   2   largest holds  99% of canopy blocks
  canopy components at field resolution, >=  2 leaf/block:   2   largest holds  95% of canopy blocks
  canopy components at field resolution, >=  4 leaf/block:   3   largest holds  88% of canopy blocks
  canopy components at field resolution, >=  8 leaf/block:   8   largest holds  55% of canopy blocks
  interior sky gaps: 0 (a fully separate stand of 16 shows 15), widths []
  founder spacing is 60 cells; gaps at least 8 cells wide: 0
  --> canopy fusion 99%, 0 raw sky gaps (0 at least 8 cells) -- so this run reads 1 distinguishable crowns of 16 founders
  (CALIBRATION FAILED against the owner's eye, 2026-08-23: on the three stands he counted,
   these read 2 / 2 / 3 where he read 2 / 4 / 3, and fusion called the 4-founder stand 100% ONE MASS
   when he counted all four. §Z is cards-only. Reports/open-bugs-handoff.md §Z has the table.
   He later said the cue IS sky gaps, read at canopy level -- so census the canopy band next, not the whole column.)

lineage turnover over 45000 frames: 212 born, 148 died (4.71 and 3.29 per 1,000 frames); 64 live in 70 slots
  organism slots: high-water 70 of 4095 (1.7%), 0 births refused at the ceiling
  standing seed bank: 48 seeds; 0 organisms senescent (dead, remains rotting)
  established plants carrying an inherited genome: 0 of 16 (deepest generation 0) -- at ~0 every claim from this run is about founders

58421 organism cells
  Some(DormantBud)       700
  Some(GrowingTip)        16
  Some(Leaf)           24296
  Some(MatureBody)     33314
  Some(RootTip)           47
  Some(Seed)              48
  palette bands in use (material, band -> cells):
    leaf       band  2   10196
    leaf       band  3   14100
    rootwood   band  0    5952
    seed       band  0      48
    wood       band  0   16998
    wood       band  1   11127
  bounding box x 0..=1023, y 67..=233
  thickest contiguous run, above ground: 59 cells
  thickest contiguous run, below ground: 30 cells (roots spread by design)

root system (16 established plants, soil is 34 rows deep):
  root cells        min   33  median  351  max  828  mean   372.0
  root share of plant  min   5%  median   9%  max  17%  mean  10.1%
  deepest row below surface  min   5  median  30  max  34  mean  27.2
  lateral spread (cells)     min  17  median  54  max 122  mean  56.6
  median root cell sits 11 rows down; quartiles 5 / 20
  root cells with 3+ root neighbours: 60% (a 1-cell-wide run reads ~0 whichever way it points)
  depth histogram, surface->bedrock (% of all root cells): [29, 25, 19, 14, 10]
  seeds standing: 48 above the surface, 0 buried (buried can never germinate)

water balance, per established plant:
  stock          min    15.0 median   177.7 max  1142.7 mean   314.6
  stomatal term  min    0.48 median    0.94 max    1.00 mean    0.85   (1.0 = demand fully met)
  uptake/tick    min    0.81 median    9.59 max   58.78 mean   15.35
  demand/tick    min    1.29 median   14.99 max   43.41 mean   18.32

carbon book, per established plant (per organism tick):
  income         min   0.067 median   1.234 max   1.744 mean   1.120   (over a whole day, not at this instant)
  maintenance    min   0.050 median   1.515 max   3.013 mean   1.481
  bill / income  median    1.19 max    2.44   (>1 = running the stock down)
  unpaid         median   0.036 max   0.748
  cells shed to starvation, cumulative: 21449
  bill at unit price  min    654.5 median  40507.4 max 112870.9   (x MAINTENANCE_PER_NODE = the shoot bill)
  anchor reach ratio  min   0.0039 median   0.0143 max   0.0795   (anchor moment / crown moment; ANCHOR_DEMAND is set from this)
  anchor status  min    0.10 median    0.36 max    1.00   (1.0 = crown fully anchored)
  slenderness    min     5.7 median    21.7 max   100.0   (shoot height / base width)
  root soil contact  min  48.2% median  75.2% max  93.9%   (the rest earns nothing and still respires)
  support (cantilever reach from anchors): p50 23  p90 43  p99 68  max 106; 48 unreached

vein conductance (max face per cell), 1..10:
  min 1.00  p50 9.25  p90 9.99  p99 10.00  max 10.00
  13558/58421 cells still at the basal floor (23%) -- undifferentiated tissue
  differentiation: 29% undifferentiated / 19% partial / 51% vascular
  strand strength, p99 vs the basal floor: 10.00x of a possible 10x

leaf light (noon-equivalent): min 0.00  p10 0.00  p50 0.14  p90 3.56  max 4.00
  below 0.5: 15423   below 1.0: 17257   below 1.5: 18389   of 24296 leaves

max resource 4.000 / 4.0
max canopy   1.500 / 4.0
one fresh canopy deposit is 1.500 (GROW_CANOPY_DEPOSIT), decaying by half per organism tick
