plant_probe: species=tree trees=16 frames=45000 worldseed=1 width=1024 soil=34 growth=1
after 45000 frames: 860 active sites, 7 awake chunks
soil: 55488 cells, min 0 median 0 max 1000, mean 257; 30628 cells at or below wilting point (55%)
chunks were awake on 44786/45000 frames (99.5%) -- the CA sweep's duty cycle for this scene

population: 57 organisms -- 17 established (>= 20 cells), 40 seeds or seedlings; 155 seeds set in total
  generations  [gen 0: 16, gen 1: 41]
  rooted above ground: 1 organisms (1 of them more than 25 rows up)
  morphs among established plants: 5 distinct of 17 plants  [foliage, angle, internode, sympodial, tropism]
    [0, 1, 1, 0, 0, 2]  x4
    [1, 1, 1, 0, 0, 0]  x4
    [0, 1, 1, 0, 0, 0]  x3
    [0, 1, 1, 0, 0, 1]  x3
    [1, 1, 1, 0, 0, 1]  x3

ensemble of 17 trees, identical species and scene:
  cells     min   23  median 4017  max 4977  mean  3221.2
  leaves    min    4  median 1467  max 2199  mean  1332.2
  height    min    9  median  130  max  158  mean   120.5   (scene ceiling: 200 rows of sky)
  canopy top  row 76   (76 rows of clearance remain)
  thickness min    4  median   18  max   51  mean    18.6   (whole tree, incl. ground-level spread)
  stem thick min   2  median   12  max   22  mean    12.3   (above the base -- the real trunk)
  rows >1 cell wide, as % of each tree's occupied rows: min 23  median 60  max 66  mean 55
  per-tree sizes     [2923, 4017, 4120, 2598, 4253, 4055, 3940, 1485, 4089, 4977, 1344, 3412, 4564, 76, 4860, 4024, 23]
  per-tree heights   [120, 129, 143, 124, 156, 128, 135, 132, 126, 158, 103, 136, 145, 32, 142, 130, 9]
  per-tree thickness [22, 18, 18, 18, 14, 17, 22, 11, 17, 23, 19, 13, 30, 5, 15, 51, 4]
  crown profile (top->bottom, % of each plant's widest band, median): [70, 100, 93, 75, 50]
  foliage centre (0 = collar, 100 = apex, median): 58
  foliage share  (% of cells that are leaf, median): 41

  per-tree genotype and outcome (variance [0.5, 0.5, 0.4, 0.18, 0.7, 0.4, 0.4, 0.5, 0.25, 0.7]):
    id  branch rootbr  plast turgor   pipe roottr  alloc  stoma penetr strain    cells leaves height   stem
     1   0.579  1.497  0.711  1.148  0.530  1.173  1.045  1.306  1.204  0.842     2923   1276    120     22
     2   1.448  1.408  1.037  1.091  0.364  0.996  1.354  1.030  0.916  1.548     4017   1422    129     18
     3   1.266  1.461  1.058  0.958  1.158  1.395  1.316  0.525  1.147  1.435     4120   1720    143     15
     4   0.671  1.493  0.665  1.097  0.919  1.197  0.819  0.516  0.887  1.472     2598   1353    124      9
     5   1.482  0.901  0.780  0.910  1.484  0.673  1.051  0.711  1.209  0.415     4253   1887    156     14
     6   1.304  0.814  0.960  1.004  0.426  1.228  1.164  1.276  1.139  0.361     4055   1275    128     16
     7   0.503  1.103  1.231  1.017  1.673  1.206  1.128  1.328  1.209  1.296     3940   1829    135      9
     8   1.460  0.655  1.306  0.952  1.530  0.795  1.174  1.482  0.957  0.652     1485    503    132     11
     9   1.328  0.854  0.988  1.090  0.872  1.300  0.699  0.623  1.091  0.931     4089   1756    126     17
    10   1.434  1.131  1.351  0.848  0.705  1.357  0.635  0.904  1.202  0.380     4977   1627    158     14
    11   0.968  0.827  0.826  1.153  1.159  1.289  1.165  0.831  0.904  0.643     1344    532    103      9
    12   0.786  1.155  0.740  1.110  1.114  0.663  0.868  0.612  1.094  0.626     3412   1803    136     12
    13   1.000  0.543  1.112  0.974  1.635  1.174  1.187  1.205  0.823  0.603     4564   1989    145     12
    14   0.804  1.364  0.697  1.006  0.718  0.629  1.027  1.246  1.134  0.695       76      6     32      2
    15   0.721  1.225  0.751  0.964  1.022  0.911  0.859  1.251  0.784  0.517     4860   2199    142     14
    16   1.076  1.378  1.052  1.086  1.255  0.892  0.785  1.017  1.176  1.487     4024   1467    130     11
  4122   1.302  0.807  0.980  1.002  0.392  1.247  1.180  1.290  1.134  0.327       23      4      9      4
  alleles: economy 10/7/0  angle 0/17/0  internode 0/17/0  sympody 17/0/0  tropism 17/0/0  density 7/6/4
  architecture events  [1: gen 0 seeds 4 forks 0 plag 0 rigid 271 lat 38 angle 79deg, 2: gen 0 seeds 19 forks 0 plag 0 rigid 433 lat 137 angle 85deg, 3: gen 0 seeds 4 forks 0 plag 0 rigid 615 lat 168 angle 85deg, 4: gen 0 seeds 6 forks 0 plag 0 rigid 258 lat 49 angle 72deg, 5: gen 0 seeds 6 forks 0 plag 0 rigid 486 lat 190 angle 81deg, 6: gen 0 seeds 14 forks 0 plag 0 rigid 412 lat 124 angle 79deg, 7: gen 0 seeds 11 forks 0 plag 0 rigid 471 lat 69 angle 90deg, 8: gen 0 seeds 12 forks 0 plag 0 rigid 249 lat 99 angle 82deg, 9: gen 0 seeds 14 forks 0 plag 0 rigid 561 lat 188 angle 77deg, 10: gen 0 seeds 25 forks 0 plag 0 rigid 794 lat 220 angle 81deg, 11: gen 0 seeds 4 forks 0 plag 0 rigid 178 lat 44 angle 79deg, 12: gen 0 seeds 3 forks 0 plag 0 rigid 372 lat 65 angle 68deg, 13: gen 0 seeds 15 forks 0 plag 0 rigid 684 lat 157 angle 75deg, 14: gen 0 seeds 0 forks 0 plag 0 rigid 143 lat 65 angle 74deg, 15: gen 0 seeds 8 forks 0 plag 0 rigid 543 lat 131 angle 88deg, 16: gen 0 seeds 10 forks 0 plag 0 rigid 451 lat 129 angle 83deg, 4122: gen 1 seeds 0 forks 0 plag 0 rigid 95 lat 41 angle 76deg]

distinguishability (§Z / C4), 16 founders planted:
  canopy components at field resolution, >=  1 leaf/block:   4   largest holds  84% of canopy blocks
  canopy components at field resolution, >=  2 leaf/block:   4   largest holds  80% of canopy blocks
  canopy components at field resolution, >=  4 leaf/block:   4   largest holds  75% of canopy blocks
  canopy components at field resolution, >=  8 leaf/block:   6   largest holds  38% of canopy blocks
  interior sky gaps: 1 (a fully separate stand of 16 shows 15), widths [7]
  founder spacing is 60 cells; gaps at least 8 cells wide: 0
  --> canopy fusion 84%, 1 raw sky gaps (0 at least 8 cells) -- so this run reads 2 distinguishable crowns of 16 founders
  (CALIBRATION FAILED against the owner's eye, 2026-08-23: on the three stands he counted,
   these read 2 / 2 / 3 where he read 2 / 4 / 3, and fusion called the 4-founder stand 100% ONE MASS
   when he counted all four. §Z is cards-only. Reports/open-bugs-handoff.md §Z has the table.
   He later said the cue IS sky gaps, read at canopy level -- so census the canopy band next, not the whole column.)

lineage turnover over 45000 frames: 171 born, 114 died (3.80 and 2.53 per 1,000 frames); 57 live in 63 slots
  organism slots: high-water 63 of 4095 (1.5%), 0 births refused at the ceiling
  standing seed bank: 40 seeds; 2 organisms senescent (dead, remains rotting)
  established plants carrying an inherited genome: 1 of 17 (deepest generation 1) -- at ~0 every claim from this run is about founders

54800 organism cells
  Some(DormantBud)       395
  Some(GrowingTip)         6
  Some(Leaf)           22648
  Some(MatureBody)     31666
  Some(RootTip)           45
  Some(Seed)              40
  palette bands in use (material, band -> cells):
    leaf       band  2   12428
    leaf       band  3   10220
    rootwood   band  0    7092
    seed       band  0      40
    wood       band  0   20621
    wood       band  1    4399
  bounding box x 0..=1023, y 76..=233
  thickest contiguous run, above ground: 50 cells
  thickest contiguous run, below ground: 51 cells (roots spread by design)

root system (17 established plants, soil is 34 rows deep):
  root cells        min   13  median  433  max 1207  mean   417.2
  root share of plant  min   5%  median  11%  max  86%  mean  19.1%
  deepest row below surface  min -75  median  33  max  34  mean  22.7
  lateral spread (cells)     min   8  median  51  max 104  mean  54.8
  median root cell sits 12 rows down; quartiles 5 / 21
  root cells with 3+ root neighbours: 64% (a 1-cell-wide run reads ~0 whichever way it points)
  depth histogram, surface->bedrock (% of all root cells): [28, 23, 20, 17, 10]
  seeds standing: 40 above the surface, 0 buried (buried can never germinate)

water balance, per established plant:
  stock          min    10.5 median   195.9 max  2301.5 mean   414.2
  stomatal term  min    0.34 median    0.81 max    1.00 mean    0.78   (1.0 = demand fully met)
  uptake/tick    min    0.31 median   10.45 max   29.46 mean   11.86
  demand/tick    min    0.27 median   15.28 max   43.29 mean   18.26

carbon book, per established plant (per organism tick):
  income         min   0.008 median   0.964 max   1.936 mean   0.895   (over a whole day, not at this instant)
  maintenance    min   0.012 median   1.438 max   2.119 mean   1.275
  bill / income  median    1.31 max    3.08   (>1 = running the stock down)
  unpaid         median   0.077 max   0.537
  cells shed to starvation, cumulative: 16730
  bill at unit price  min     42.1 median  41511.0 max  69940.0   (x MAINTENANCE_PER_NODE = the shoot bill)
  anchor reach ratio  min   0.0042 median   0.0257 max   4.8278   (anchor moment / crown moment; ANCHOR_DEMAND is set from this)
  anchor status  min    0.10 median    0.64 max    1.00   (1.0 = crown fully anchored)
  slenderness    min     3.0 median    15.8 max   123.0   (shoot height / base width)
  root soil contact  min  47.9% median  65.1% max 100.0%   (the rest earns nothing and still respires)
  support (cantilever reach from anchors): p50 22  p90 44  p99 66  max 94; 40 unreached

vein conductance (max face per cell), 1..10:
  min 1.00  p50 9.28  p90 9.99  p99 10.00  max 10.00
  13681/54800 cells still at the basal floor (25%) -- undifferentiated tissue
  differentiation: 30% undifferentiated / 18% partial / 52% vascular
  strand strength, p99 vs the basal floor: 10.00x of a possible 10x

leaf light (noon-equivalent): min 0.00  p10 0.00  p50 0.14  p90 3.48  max 4.00
  below 0.5: 14183   below 1.0: 15901   below 1.5: 16927   of 22648 leaves

max resource 4.000 / 4.0
max canopy   1.500 / 4.0
one fresh canopy deposit is 1.500 (GROW_CANOPY_DEPOSIT), decaying by half per organism tick
