plant_probe: species=tree trees=24 frames=28800 worldseed=7 width=512 soil=34 growth=1
after 28800 frames: 684 active sites, 7 awake chunks
soil: 25584 cells, min 0 median 128 max 1000, mean 282; 13186 cells at or below wilting point (52%)
chunks were awake on 28741/28800 frames (99.8%) -- the CA sweep's duty cycle for this scene

population: 40 organisms -- 15 established (>= 20 cells), 25 seeds or seedlings; 47 seeds set in total
  generations  [gen 0: 20, gen 1: 20]
  rooted above ground: 0 organisms (0 of them more than 25 rows up)
  morphs among established plants: 6 distinct of 15 plants  [foliage, angle, internode, sympodial, tropism]
    [0, 1, 1, 0, 0, 0]  x4
    [1, 1, 1, 0, 0, 1]  x4
    [0, 1, 1, 0, 0, 2]  x2
    [1, 1, 1, 0, 0, 0]  x2
    [1, 1, 1, 0, 0, 2]  x2
    [0, 1, 1, 0, 0, 1]  x1

ensemble of 15 trees, identical species and scene:
  cells     min   21  median 2368  max 5234  mean  2267.7
  leaves    min    0  median 1010  max 2364  mean  1058.5
  height    min   17  median  131  max  154  mean   112.1   (scene ceiling: 200 rows of sky)
  canopy top  row 76   (76 rows of clearance remain)
  thickness min    2  median   14  max   45  mean    14.8   (whole tree, incl. ground-level spread)
  stem thick min   0  median   11  max   17  mean     9.7   (above the base -- the real trunk)
  rows >1 cell wide, as % of each tree's occupied rows: min 7  median 55  max 67  mean 48
  per-tree sizes     [1843, 2452, 1661, 2368, 57, 21, 4346, 1615, 3376, 78, 2789, 3786, 2542, 1848, 5234]
  per-tree heights   [130, 130, 136, 140, 34, 17, 131, 140, 140, 35, 110, 154, 133, 115, 137]
  per-tree thickness [15, 14, 11, 14, 2, 2, 45, 23, 14, 3, 15, 12, 14, 21, 17]
  crown profile (top->bottom, % of each plant's widest band, median): [96, 93, 86, 64, 51]
  foliage centre (0 = collar, 100 = apex, median): 58
  foliage share  (% of cells that are leaf, median): 42

  per-tree genotype and outcome (variance [0.5, 0.5, 0.4, 0.18, 0.7, 0.4, 0.4, 0.5, 0.25, 0.7]):
    id  branch rootbr  plast turgor   pipe roottr  alloc  stoma penetr strain    cells leaves height   stem
     1   1.487  0.635  0.756  1.075  1.135  0.932  0.655  1.376  1.124  1.550     1843    854    130     10
     2   1.270  0.668  1.092  1.122  1.616  0.880  0.825  1.205  0.852  1.386     2452   1296    130      7
     4   0.980  0.599  1.300  1.049  0.893  1.072  0.833  1.330  0.930  0.666     1661    603    136     11
     5   0.812  1.108  1.203  1.079  0.663  1.115  1.292  1.475  0.939  1.498     2368   1010    140     14
     6   0.734  1.361  0.990  0.985  1.097  1.236  1.153  1.228  0.867  0.464       57      0     34      0
     7   0.930  0.703  0.854  1.090  1.656  1.294  0.823  0.878  1.109  1.302       21      0     17      0
     9   1.421  0.994  0.699  0.988  0.468  1.149  1.105  0.619  0.889  1.235     4346   2341    131     14
    11   0.845  0.700  0.869  1.061  0.736  1.017  1.023  1.067  1.071  1.666     1615    642    140     10
    12   1.258  1.475  1.145  0.974  0.773  0.688  1.341  0.574  0.964  1.261     3376   1573    140     12
    13   1.116  1.080  0.938  1.024  1.425  0.904  0.715  0.844  0.797  0.387       78      0     35      0
    15   1.023  1.270  1.366  1.119  0.929  0.689  0.780  0.795  0.760  1.070     2789   1150    110     14
    17   1.084  1.401  0.606  0.878  1.222  1.362  1.097  0.779  1.051  0.351     3786   2213    154      9
    19   0.867  1.214  0.957  1.029  0.779  0.758  0.929  1.147  0.889  0.539     2542   1124    133     14
    20   1.052  1.322  0.842  0.916  0.304  0.773  1.259  0.716  1.191  1.194     1848    708    115     13
    23   1.214  1.150  1.156  0.972  0.577  1.281  0.646  0.848  1.244  1.480     5234   2364    137     17
  alleles: economy 7/8/0  angle 0/15/0  internode 0/15/0  sympody 15/0/0  tropism 15/0/0  density 6/5/4
  architecture events  [1: gen 0 seeds 4 forks 0 plag 0 rigid 235 lat 107 angle 78deg, 2: gen 0 seeds 3 forks 0 plag 0 rigid 253 lat 110 angle 83deg, 4: gen 0 seeds 8 forks 0 plag 0 rigid 262 lat 84 angle 86deg, 5: gen 0 seeds 3 forks 0 plag 0 rigid 312 lat 85 angle 81deg, 6: gen 0 seeds 0 forks 0 plag 0 rigid 36 lat 11 angle 112deg, 7: gen 0 seeds 0 forks 0 plag 0 rigid 46 lat 18 angle 91deg, 9: gen 0 seeds 3 forks 0 plag 0 rigid 423 lat 114 angle 69deg, 11: gen 0 seeds 2 forks 0 plag 0 rigid 175 lat 51 angle 65deg, 12: gen 0 seeds 2 forks 0 plag 0 rigid 421 lat 132 angle 84deg, 13: gen 0 seeds 1 forks 0 plag 0 rigid 72 lat 30 angle 76deg, 15: gen 0 seeds 8 forks 0 plag 0 rigid 430 lat 141 angle 89deg, 17: gen 0 seeds 2 forks 0 plag 0 rigid 305 lat 115 angle 67deg, 19: gen 0 seeds 1 forks 0 plag 0 rigid 266 lat 90 angle 72deg, 20: gen 0 seeds 3 forks 0 plag 0 rigid 206 lat 98 angle 77deg, 23: gen 0 seeds 7 forks 0 plag 0 rigid 578 lat 191 angle 84deg]

distinguishability (§Z / C4), 24 founders planted:
  canopy components at field resolution, >=  1 leaf/block:   1   largest holds 100% of canopy blocks
  canopy components at field resolution, >=  2 leaf/block:   1   largest holds  97% of canopy blocks
  canopy components at field resolution, >=  4 leaf/block:   2   largest holds  92% of canopy blocks
  canopy components at field resolution, >=  8 leaf/block:   2   largest holds  82% of canopy blocks
  interior sky gaps: 0 (a fully separate stand of 24 shows 23), widths []
  founder spacing is 20 cells; gaps at least 8 cells wide: 0
  --> canopy fusion 100%, 0 raw sky gaps (0 at least 8 cells) -- so this run reads 1 distinguishable crowns of 24 founders
  (CALIBRATION FAILED against the owner's eye, 2026-08-23: on the three stands he counted,
   these read 2 / 2 / 3 where he read 2 / 4 / 3, and fusion called the 4-founder stand 100% ONE MASS
   when he counted all four. §Z is cards-only. Reports/open-bugs-handoff.md §Z has the table.
   He later said the cue IS sky gaps, read at canopy level -- so census the canopy band next, not the whole column.)

lineage turnover over 28800 frames: 71 born, 31 died (2.47 and 1.08 per 1,000 frames); 40 live in 42 slots
  germinations: 24 -- read against `seeds set in total` above
  organism slots: high-water 42 of 4095 (1.0%), 0 births refused at the ceiling
  standing seed bank: 20 seeds; 3 organisms senescent (dead, remains rotting)
  established plants carrying an inherited genome: 0 of 15 (deepest generation 0) -- at ~0 every claim from this run is about founders

34071 organism cells
  Some(DormantBud)      1183
  Some(GrowingTip)        17
  Some(Leaf)           15886
  Some(MatureBody)     16923
  Some(RootTip)           42
  Some(Seed)              20
  palette bands in use (material, band -> cells):
    leaf       band  2    6998
    leaf       band  3    8888
    rootwood   band  0    3031
    seed       band  0      20
    wood       band  0   12393
    wood       band  1    2741
  bounding box x 0..=511, y 76..=233
  thickest contiguous run, above ground: 51 cells
  thickest contiguous run, below ground: 45 cells (roots spread by design)

root system (15 established plants, soil is 34 rows deep):
  root cells        min   20  median  213  max  419  mean   200.5
  root share of plant  min   4%  median   9%  max 100%  mean  26.1%
  deepest row below surface  min   4  median  30  max  34  mean  27.4
  lateral spread (cells)     min  13  median  35  max  59  mean  34.7
  median root cell sits 11 rows down; quartiles 5 / 20
  root cells with 3+ root neighbours: 60% (a 1-cell-wide run reads ~0 whichever way it points)
  depth histogram, surface->bedrock (% of all root cells): [30, 25, 20, 14, 8]
  seeds standing: 20 above the surface, 0 buried (buried can never germinate)

water balance, per established plant:
  stock          min     1.1 median   134.8 max   792.8 mean   243.6
  stomatal term  min    0.05 median    1.00 max    1.00 mean    0.83   (1.0 = demand fully met)
  uptake/tick    min   -4.00 median    7.85 max   32.31 mean   10.79
  demand/tick    min    0.00 median    8.18 max   30.07 mean   10.30

carbon book, per established plant (per organism tick):
  income         min   0.000 median   0.544 max   1.488 mean   0.587   (over a whole day, not at this instant)
  maintenance    min   0.003 median   0.645 max   2.082 mean   0.743
  bill / income  median    1.40 max     inf   (>1 = running the stock down)
  unpaid         median   0.035 max   0.813
  cells shed to starvation, cumulative: 6783
  bill at unit price  min      0.0 median  13892.2 max  75753.1   (x MAINTENANCE_PER_NODE = the shoot bill)
  anchor reach ratio  min   0.0035 median   0.0099 max   0.0216   (anchor moment / crown moment; ANCHOR_DEMAND is set from this)
  anchor status  min    0.09 median    0.27 max    1.00   (1.0 = crown fully anchored)
  slenderness    min     0.0 median    17.5 max    61.5   (shoot height / base width)
  root soil contact  min  55.4% median  71.7% max 100.0%   (the rest earns nothing and still respires)
  support (cantilever reach from anchors): p50 17  p90 31  p99 43  max 58; 20 unreached

vein conductance (max face per cell), 1..10:
  min 1.00  p50 7.06  p90 9.99  p99 10.00  max 10.00
  8363/34071 cells still at the basal floor (25%) -- undifferentiated tissue
  differentiation: 34% undifferentiated / 27% partial / 39% vascular
  strand strength, p99 vs the basal floor: 10.00x of a possible 10x

leaf light (noon-equivalent): min 0.00  p10 0.00  p50 0.05  p90 3.23  max 4.00
  below 0.5: 11358   below 1.0: 12193   below 1.5: 12750   of 15886 leaves

max resource 4.000 / 4.0
max canopy   0.585 / 4.0
one fresh canopy deposit is 1.500 (GROW_CANOPY_DEPOSIT), decaying by half per organism tick
