plant_probe: species=tree trees=24 frames=28800 worldseed=2 width=512 soil=34 growth=1
after 28800 frames: 1232 active sites, 4 awake chunks
soil: 30509 cells, min 0 median 0 max 1000, mean 268; 16690 cells at or below wilting point (55%)
chunks were awake on 28125/28800 frames (97.7%) -- the CA sweep's duty cycle for this scene

population: 26 organisms -- 13 established (>= 20 cells), 13 seeds or seedlings; 29 seeds set in total
  generations  [gen 0: 18, gen 1: 8]
  rooted above ground: 0 organisms (0 of them more than 25 rows up)
  morphs among established plants: 5 distinct of 13 plants  [foliage, angle, internode, sympodial, tropism]
    [1, 1, 1, 0, 0, 1]  x6
    [0, 1, 1, 0, 0, 1]  x3
    [1, 1, 1, 0, 0, 0]  x2
    [0, 1, 1, 0, 0, 2]  x1
    [1, 1, 1, 0, 0, 2]  x1

ensemble of 13 trees, identical species and scene:
  cells     min   29  median 2844  max 3927  mean  2398.5
  leaves    min    3  median 1227  max 2018  mean  1105.1
  height    min   13  median  139  max  159  mean   120.0   (scene ceiling: 200 rows of sky)
  canopy top  row 69   (69 rows of clearance remain)
  thickness min    3  median   12  max   27  mean    12.1   (whole tree, incl. ground-level spread)
  stem thick min   0  median   11  max   14  mean     9.4   (above the base -- the real trunk)
  rows >1 cell wide, as % of each tree's occupied rows: min 20  median 54  max 66  mean 53
  per-tree sizes     [2844, 2861, 76, 3671, 1091, 2995, 3498, 3927, 3646, 29, 2819, 1177, 2546]
  per-tree heights   [152, 139, 23, 154, 106, 130, 145, 150, 159, 13, 136, 110, 143]
  per-tree thickness [12, 16, 4, 14, 9, 10, 13, 12, 27, 3, 13, 6, 18]
  crown profile (top->bottom, % of each plant's widest band, median): [83, 98, 81, 65, 45]
  foliage centre (0 = collar, 100 = apex, median): 56
  foliage share  (% of cells that are leaf, median): 42

  per-tree genotype and outcome (variance [0.5, 0.5, 0.4, 0.18, 0.7, 0.4, 0.4, 0.5, 0.25, 0.7]):
    id  branch rootbr  plast turgor   pipe roottr  alloc  stoma penetr strain    cells leaves height   stem
     1   0.718  0.766  0.896  0.923  0.611  1.143  1.398  1.192  0.988  0.450     2844   1345    152      8
     3   1.022  1.088  0.995  0.963  0.868  1.301  0.608  1.410  1.110  0.744     2861   1227    139     11
     4   1.105  1.047  1.249  0.830  1.655  1.139  0.677  0.969  0.951  0.834       76      3     23      2
     6   1.063  1.366  1.134  0.896  0.628  0.693  1.364  1.443  0.808  1.262     3671   1515    154     14
     8   1.439  0.817  1.233  1.064  0.356  0.953  1.061  0.835  1.130  1.660     1091    395    106      9
    10   1.021  0.590  1.080  1.090  1.695  1.267  1.082  1.022  0.771  0.929     2995   1605    130     10
    11   1.376  1.237  0.770  0.881  0.703  0.661  1.384  1.307  0.935  0.929     3498   1694    145     13
    15   1.476  1.099  1.153  0.857  1.552  1.132  1.346  1.334  0.838  1.479     3927   2018    150     12
    17   1.146  1.420  0.894  0.843  1.288  1.147  1.352  1.077  1.187  0.992     3646   1823    159     12
    18   1.370  1.308  1.306  0.899  1.263  1.390  1.392  0.804  0.792  0.501       29      4     13      0
    20   0.806  1.338  1.384  0.917  1.063  1.290  0.874  1.076  0.993  1.306     2819   1206    136     13
    22   1.484  0.616  0.813  1.018  1.448  1.136  0.612  0.791  0.961  0.903     1177    528    110      6
    24   1.010  0.510  0.855  0.851  0.551  0.778  1.091  0.996  1.125  1.209     2546   1003    143     12
  alleles: economy 4/9/0  angle 0/13/0  internode 0/13/0  sympody 13/0/0  tropism 13/0/0  density 2/9/2
  architecture events  [1: gen 0 seeds 2 forks 0 plag 0 rigid 324 lat 92 angle 81deg, 3: gen 0 seeds 4 forks 0 plag 0 rigid 253 lat 89 angle 94deg, 4: gen 0 seeds 2 forks 0 plag 0 rigid 156 lat 79 angle 89deg, 6: gen 0 seeds 2 forks 0 plag 0 rigid 432 lat 147 angle 83deg, 8: gen 0 seeds 1 forks 0 plag 0 rigid 122 lat 37 angle 80deg, 10: gen 0 seeds 1 forks 0 plag 0 rigid 371 lat 91 angle 85deg, 11: gen 0 seeds 1 forks 0 plag 0 rigid 479 lat 179 angle 85deg, 15: gen 0 seeds 2 forks 0 plag 0 rigid 421 lat 163 angle 84deg, 17: gen 0 seeds 2 forks 0 plag 0 rigid 476 lat 171 angle 80deg, 18: gen 0 seeds 2 forks 0 plag 0 rigid 239 lat 120 angle 76deg, 20: gen 0 seeds 6 forks 0 plag 0 rigid 410 lat 119 angle 83deg, 22: gen 0 seeds 0 forks 0 plag 0 rigid 288 lat 157 angle 80deg, 24: gen 0 seeds 4 forks 0 plag 0 rigid 302 lat 97 angle 81deg]

distinguishability (§Z / C4), 24 founders planted:
  canopy components at field resolution, >=  1 leaf/block:   3   largest holds  99% of canopy blocks
  canopy components at field resolution, >=  2 leaf/block:   4   largest holds  88% of canopy blocks
  canopy components at field resolution, >=  4 leaf/block:   3   largest holds  84% of canopy blocks
  canopy components at field resolution, >=  8 leaf/block:   3   largest holds  76% of canopy blocks
  interior sky gaps: 0 (a fully separate stand of 24 shows 23), widths []
  founder spacing is 20 cells; gaps at least 8 cells wide: 0
  --> canopy fusion 99%, 0 raw sky gaps (0 at least 8 cells) -- so this run reads 1 distinguishable crowns of 24 founders
  (CALIBRATION FAILED against the owner's eye, 2026-08-23: on the three stands he counted,
   these read 2 / 2 / 3 where he read 2 / 4 / 3, and fusion called the 4-founder stand 100% ONE MASS
   when he counted all four. §Z is cards-only. Reports/open-bugs-handoff.md §Z has the table.
   He later said the cue IS sky gaps, read at canopy level -- so census the canopy band next, not the whole column.)

lineage turnover over 28800 frames: 53 born, 27 died (1.84 and 0.94 per 1,000 frames); 26 live in 31 slots
  germinations: 24 -- read against `seeds set in total` above
  organism slots: high-water 31 of 4095 (0.8%), 0 births refused at the ceiling
  standing seed bank: 8 seeds; 3 organisms senescent (dead, remains rotting)
  established plants carrying an inherited genome: 0 of 13 (deepest generation 0) -- at ~0 every claim from this run is about founders

31229 organism cells
  Some(DormantBud)       975
  Some(GrowingTip)        11
  Some(Leaf)           14367
  Some(MatureBody)     15837
  Some(RootTip)           31
  Some(Seed)               8
  palette bands in use (material, band -> cells):
    leaf       band  2    4747
    leaf       band  3    9620
    rootwood   band  0    2110
    seed       band  0       8
    wood       band  0   12160
    wood       band  1    2584
  bounding box x 0..=511, y 69..=233
  thickest contiguous run, above ground: 44 cells
  thickest contiguous run, below ground: 27 cells (roots spread by design)

root system (13 established plants, soil is 34 rows deep):
  root cells        min   24  median  109  max  407  mean   159.2
  root share of plant  min   2%  median   6%  max  82%  mean  17.2%
  deepest row below surface  min   3  median  19  max  34  mean  21.2
  lateral spread (cells)     min   9  median  24  max  81  mean  32.0
  median root cell sits 11 rows down; quartiles 5 / 20
  root cells with 3+ root neighbours: 56% (a 1-cell-wide run reads ~0 whichever way it points)
  depth histogram, surface->bedrock (% of all root cells): [31, 26, 16, 9, 15]
  seeds standing: 8 above the surface, 0 buried (buried can never germinate)

water balance, per established plant:
  stock          min     1.1 median    78.4 max   374.1 mean   111.7
  stomatal term  min    0.06 median    0.88 max    1.00 mean    0.72   (1.0 = demand fully met)
  uptake/tick    min    0.01 median    3.45 max   16.17 mean    5.41
  demand/tick    min    0.01 median    9.05 max   24.58 mean   10.18

carbon book, per established plant (per organism tick):
  income         min   0.000 median   0.603 max   1.159 mean   0.563   (over a whole day, not at this instant)
  maintenance    min   0.004 median   0.860 max   1.607 mean   0.802
  bill / income  median    1.53 max   41.47   (>1 = running the stock down)
  unpaid         median   0.020 max   0.360
  cells shed to starvation, cumulative: 8208
  bill at unit price  min      1.4 median  21898.4 max  50906.9   (x MAINTENANCE_PER_NODE = the shoot bill)
  anchor reach ratio  min   0.0008 median   0.0067 max  18.9333   (anchor moment / crown moment; ANCHOR_DEMAND is set from this)
  anchor status  min    0.02 median    0.17 max    1.00   (1.0 = crown fully anchored)
  slenderness    min     2.0 median    23.4 max    63.5   (shoot height / base width)
  root soil contact  min  59.6% median  71.6% max 100.0%   (the rest earns nothing and still respires)
  support (cantilever reach from anchors): p50 19  p90 32  p99 51  max 90; 8 unreached

vein conductance (max face per cell), 1..10:
  min 1.00  p50 6.97  p90 9.98  p99 10.00  max 10.00
  9280/31229 cells still at the basal floor (30%) -- undifferentiated tissue
  differentiation: 38% undifferentiated / 23% partial / 39% vascular
  strand strength, p99 vs the basal floor: 10.00x of a possible 10x

leaf light (noon-equivalent): min 0.00  p10 0.00  p50 0.05  p90 3.26  max 4.00
  below 0.5: 9931   below 1.0: 10894   below 1.5: 11539   of 14367 leaves

max resource 4.000 / 4.0
max canopy   0.330 / 4.0
one fresh canopy deposit is 1.500 (GROW_CANOPY_DEPOSIT), decaying by half per organism tick
