plant_probe: species=tree trees=24 frames=28800 worldseed=3 width=512 soil=34 growth=1
after 28800 frames: 981 active sites, 10 awake chunks
soil: 29826 cells, min 0 median 0 max 1000, mean 255; 16785 cells at or below wilting point (56%)
chunks were awake on 28408/28800 frames (98.6%) -- the CA sweep's duty cycle for this scene

population: 34 organisms -- 16 established (>= 20 cells), 18 seeds or seedlings; 40 seeds set in total
  generations  [gen 0: 20, gen 1: 14]
  rooted above ground: 0 organisms (0 of them more than 25 rows up)
  morphs among established plants: 6 distinct of 16 plants  [foliage, angle, internode, sympodial, tropism]
    [1, 1, 1, 0, 0, 0]  x5
    [0, 1, 1, 0, 0, 0]  x3
    [0, 1, 1, 0, 0, 1]  x3
    [1, 1, 1, 0, 0, 2]  x3
    [0, 1, 1, 0, 0, 2]  x1
    [1, 1, 1, 0, 0, 1]  x1

ensemble of 16 trees, identical species and scene:
  cells     min   22  median 2138  max 3981  mean  1817.6
  leaves    min    0  median  950  max 2070  mean   848.7
  height    min   10  median  129  max  149  mean    96.0   (scene ceiling: 200 rows of sky)
  canopy top  row 69   (69 rows of clearance remain)
  thickness min    2  median   13  max   21  mean    11.5   (whole tree, incl. ground-level spread)
  stem thick min   0  median   10  max   17  mean     8.7   (above the base -- the real trunk)
  rows >1 cell wide, as % of each tree's occupied rows: min 10  median 53  max 59  mean 46
  per-tree sizes     [1688, 1303, 48, 2138, 88, 2567, 22, 3981, 79, 3588, 1919, 40, 3600, 2845, 2786, 2390]
  per-tree heights   [129, 106, 16, 141, 31, 106, 10, 146, 31, 149, 136, 14, 149, 129, 109, 134]
  per-tree thickness [10, 10, 5, 21, 8, 17, 2, 13, 4, 11, 18, 4, 17, 13, 17, 14]
  crown profile (top->bottom, % of each plant's widest band, median): [84, 100, 92, 75, 61]
  foliage centre (0 = collar, 100 = apex, median): 53
  foliage share  (% of cells that are leaf, median): 41

  per-tree genotype and outcome (variance [0.5, 0.5, 0.4, 0.18, 0.7, 0.4, 0.4, 0.5, 0.25, 0.7]):
    id  branch rootbr  plast turgor   pipe roottr  alloc  stoma penetr strain    cells leaves height   stem
     1   0.887  1.057  0.735  1.113  1.152  1.343  1.056  0.610  1.071  1.253     1688    950    129     10
     2   1.007  0.790  1.289  1.163  0.894  0.705  1.236  1.462  0.832  1.573     1303    540    106     10
     3   1.076  0.654  1.268  1.046  1.128  1.263  0.625  0.536  0.827  1.109       48      0     16      0
     4   1.062  1.242  0.941  1.037  1.386  0.732  0.949  1.382  0.827  0.451     2138    790    141     11
     5   0.872  1.118  1.208  1.178  1.244  1.275  1.261  0.965  0.931  1.391       88     22     31      4
     6   0.887  0.699  0.886  1.093  0.509  1.229  0.711  0.823  0.848  1.202     2567   1369    106     17
     8   1.478  1.006  1.167  1.161  0.914  1.064  0.980  0.967  0.964  1.297       22      0     10      0
     9   1.443  1.345  1.132  0.974  1.589  1.182  1.141  1.056  1.149  0.872     3981   2070    146     13
    10   1.344  1.233  0.882  1.177  1.160  1.261  0.889  1.330  0.766  1.480       79      0     31      0
    13   0.799  0.548  0.868  0.944  0.894  1.202  1.000  1.009  0.883  0.643     3588   1727    149     11
    15   0.599  1.008  0.881  1.026  0.719  0.905  1.131  1.000  0.842  0.352     1919    773    136     10
    17   1.311  0.574  1.218  1.079  0.712  1.221  0.626  1.491  0.772  0.340       40      0     14      0
    19   0.900  0.509  1.315  0.839  0.350  0.661  1.225  1.322  0.914  1.151     3600   1351    149     17
    21   1.116  0.556  0.871  1.115  1.334  1.235  0.748  1.069  0.756  0.433     2845   1432    129     10
    22   1.230  1.095  0.924  1.047  0.583  0.787  1.387  1.163  1.151  1.051     2786   1352    109     12
    24   1.132  1.340  0.902  0.946  0.856  1.398  1.315  0.747  1.109  0.612     2390   1203    134     14
  alleles: economy 7/9/0  angle 0/16/0  internode 0/16/0  sympody 16/0/0  tropism 16/0/0  density 8/4/4
  architecture events  [1: gen 0 seeds 2 forks 0 plag 0 rigid 179 lat 39 angle 78deg, 2: gen 0 seeds 3 forks 0 plag 0 rigid 237 lat 64 angle 77deg, 3: gen 0 seeds 1 forks 0 plag 0 rigid 208 lat 82 angle 88deg, 4: gen 0 seeds 4 forks 0 plag 0 rigid 273 lat 73 angle 76deg, 5: gen 0 seeds 0 forks 0 plag 0 rigid 26 lat 7 angle 97deg, 6: gen 0 seeds 1 forks 0 plag 0 rigid 264 lat 94 angle 93deg, 8: gen 0 seeds 0 forks 0 plag 0 rigid 166 lat 80 angle 81deg, 9: gen 0 seeds 6 forks 0 plag 0 rigid 439 lat 203 angle 82deg, 10: gen 0 seeds 0 forks 0 plag 0 rigid 194 lat 91 angle 77deg, 13: gen 0 seeds 5 forks 0 plag 0 rigid 412 lat 99 angle 82deg, 15: gen 0 seeds 1 forks 0 plag 0 rigid 220 lat 39 angle 95deg, 17: gen 0 seeds 1 forks 0 plag 0 rigid 180 lat 94 angle 84deg, 19: gen 0 seeds 8 forks 0 plag 0 rigid 540 lat 156 angle 82deg, 21: gen 0 seeds 3 forks 0 plag 0 rigid 391 lat 105 angle 82deg, 22: gen 0 seeds 4 forks 0 plag 0 rigid 334 lat 114 angle 80deg, 24: gen 0 seeds 1 forks 0 plag 0 rigid 326 lat 120 angle 83deg]

distinguishability (§Z / C4), 24 founders planted:
  canopy components at field resolution, >=  1 leaf/block:   4   largest holds  49% of canopy blocks
  canopy components at field resolution, >=  2 leaf/block:   4   largest holds  47% of canopy blocks
  canopy components at field resolution, >=  4 leaf/block:   6   largest holds  42% of canopy blocks
  canopy components at field resolution, >=  8 leaf/block:   8   largest holds  38% of canopy blocks
  interior sky gaps: 4 (a fully separate stand of 24 shows 23), widths [1, 1, 9, 9]
  founder spacing is 20 cells; gaps at least 8 cells wide: 2
  --> canopy fusion 49%, 4 raw sky gaps (2 at least 8 cells) -- so this run reads 5 distinguishable crowns of 24 founders
  (CALIBRATION FAILED against the owner's eye, 2026-08-23: on the three stands he counted,
   these read 2 / 2 / 3 where he read 2 / 4 / 3, and fusion called the 4-founder stand 100% ONE MASS
   when he counted all four. §Z is cards-only. Reports/open-bugs-handoff.md §Z has the table.
   He later said the cue IS sky gaps, read at canopy level -- so census the canopy band next, not the whole column.)

lineage turnover over 28800 frames: 64 born, 30 died (2.22 and 1.04 per 1,000 frames); 34 live in 36 slots
  germinations: 24 -- read against `seeds set in total` above
  organism slots: high-water 36 of 4095 (0.9%), 0 births refused at the ceiling
  standing seed bank: 14 seeds; 5 organisms senescent (dead, remains rotting)
  established plants carrying an inherited genome: 0 of 16 (deepest generation 0) -- at ~0 every claim from this run is about founders

29120 organism cells
  Some(DormantBud)       630
  Some(GrowingTip)        17
  Some(Leaf)           13579
  Some(MatureBody)     14861
  Some(RootTip)           19
  Some(Seed)              14
  palette bands in use (material, band -> cells):
    leaf       band  2    5961
    leaf       band  3    7618
    rootwood   band  0    2496
    seed       band  0      14
    wood       band  0    8390
    wood       band  1    4641
  bounding box x 0..=511, y 69..=233
  thickest contiguous run, above ground: 47 cells
  thickest contiguous run, below ground: 21 cells (roots spread by design)

root system (16 established plants, soil is 34 rows deep):
  root cells        min   18  median  119  max  521  mean   154.5
  root share of plant  min   2%  median   8%  max 100%  mean  31.4%
  deepest row below surface  min   3  median  26  max  34  mean  21.4
  lateral spread (cells)     min  11  median  22  max  66  mean  30.2
  median root cell sits 10 rows down; quartiles 5 / 21
  root cells with 3+ root neighbours: 57% (a 1-cell-wide run reads ~0 whichever way it points)
  depth histogram, surface->bedrock (% of all root cells): [32, 25, 15, 15, 10]
  seeds standing: 14 above the surface, 0 buried (buried can never germinate)

water balance, per established plant:
  stock          min    21.5 median   156.0 max  1061.4 mean   238.0
  stomatal term  min    0.71 median    1.00 max    1.00 mean    0.98   (1.0 = demand fully met)
  uptake/tick    min   -4.00 median    3.25 max   45.39 mean    9.19
  demand/tick    min    0.00 median    7.20 max   40.10 mean    8.72

carbon book, per established plant (per organism tick):
  income         min   0.000 median   0.746 max   1.620 mean   0.609   (over a whole day, not at this instant)
  maintenance    min   0.003 median   0.583 max   1.885 mean   0.602
  bill / income  median    1.09 max     inf   (>1 = running the stock down)
  unpaid         median   0.009 max   0.118
  cells shed to starvation, cumulative: 8461
  bill at unit price  min      0.0 median  13287.3 max  64445.4   (x MAINTENANCE_PER_NODE = the shoot bill)
  anchor reach ratio  min   0.0014 median   0.0168 max   0.0568   (anchor moment / crown moment; ANCHOR_DEMAND is set from this)
  anchor status  min    0.03 median    0.56 max    1.00   (1.0 = crown fully anchored)
  slenderness    min     0.0 median    20.0 max   106.0   (shoot height / base width)
  root soil contact  min  51.2% median  84.4% max 100.0%   (the rest earns nothing and still respires)
  support (cantilever reach from anchors): p50 17  p90 29  p99 48  max 70; 14 unreached

vein conductance (max face per cell), 1..10:
  min 1.00  p50 8.36  p90 9.99  p99 10.00  max 10.00
  6362/29120 cells still at the basal floor (22%) -- undifferentiated tissue
  differentiation: 30% undifferentiated / 25% partial / 45% vascular
  strand strength, p99 vs the basal floor: 10.00x of a possible 10x

leaf light (noon-equivalent): min 0.00  p10 0.00  p50 0.07  p90 3.28  max 4.00
  below 0.5: 9277   below 1.0: 10231   below 1.5: 10758   of 13579 leaves

max resource 4.000 / 4.0
max canopy   0.778 / 4.0
one fresh canopy deposit is 1.500 (GROW_CANOPY_DEPOSIT), decaying by half per organism tick
