plant_probe: species=tree trees=24 frames=28800 worldseed=4 width=512 soil=34 growth=1
after 28800 frames: 863 active sites, 10 awake chunks
soil: 28740 cells, min 0 median 0 max 1000, mean 260; 15690 cells at or below wilting point (55%)
chunks were awake on 28484/28800 frames (98.9%) -- the CA sweep's duty cycle for this scene

population: 34 organisms -- 11 established (>= 20 cells), 23 seeds or seedlings; 46 seeds set in total
  generations  [gen 0: 19, gen 1: 15]
  rooted above ground: 0 organisms (0 of them more than 25 rows up)
  morphs among established plants: 6 distinct of 11 plants  [foliage, angle, internode, sympodial, tropism]
    [0, 1, 1, 0, 0, 0]  x4
    [0, 1, 1, 0, 0, 2]  x2
    [1, 1, 1, 0, 0, 2]  x2
    [0, 1, 1, 0, 0, 1]  x1
    [1, 1, 1, 0, 0, 0]  x1
    [1, 1, 1, 0, 0, 1]  x1

ensemble of 11 trees, identical species and scene:
  cells     min  128  median 2851  max 4220  mean  2738.6
  leaves    min   25  median 1378  max 2523  mean  1340.5
  height    min   47  median  144  max  159  mean   135.3   (scene ceiling: 200 rows of sky)
  canopy top  row 74   (74 rows of clearance remain)
  thickness min    3  median   19  max   28  mean    17.1   (whole tree, incl. ground-level spread)
  stem thick min   3  median   11  max   24  mean    11.6   (above the base -- the real trunk)
  rows >1 cell wide, as % of each tree's occupied rows: min 25  median 55  max 65  mean 53
  per-tree sizes     [1402, 1344, 3517, 4058, 2480, 3930, 128, 4220, 2851, 2478, 3717]
  per-tree heights   [125, 132, 151, 144, 155, 136, 47, 142, 147, 150, 159]
  per-tree thickness [9, 23, 20, 17, 9, 19, 3, 24, 24, 12, 28]
  crown profile (top->bottom, % of each plant's widest band, median): [90, 94, 83, 74, 60]
  foliage centre (0 = collar, 100 = apex, median): 58
  foliage share  (% of cells that are leaf, median): 45

  per-tree genotype and outcome (variance [0.5, 0.5, 0.4, 0.18, 0.7, 0.4, 0.4, 0.5, 0.25, 0.7]):
    id  branch rootbr  plast turgor   pipe roottr  alloc  stoma penetr strain    cells leaves height   stem
     1   0.708  1.438  1.311  1.081  1.297  1.118  0.927  0.530  1.039  1.218     1402    575    125      9
     2   1.116  1.338  0.706  1.041  1.582  1.054  1.042  1.184  1.217  0.654     1344    481    132      6
     3   1.442  1.381  1.231  0.846  0.563  1.207  0.969  0.603  1.222  1.272     3517   1612    151      9
     6   1.015  0.664  0.733  0.884  1.514  1.153  0.720  0.637  0.985  1.035     4058   2523    144     11
     7   1.128  0.665  1.026  0.941  1.652  0.730  1.329  0.872  1.185  0.716     2480   1378    155      9
    10   1.380  0.530  0.608  1.037  1.446  0.892  1.346  0.618  0.852  1.258     3930   2173    136     19
    15   1.393  1.310  0.913  0.859  0.595  0.706  1.134  0.504  1.056  1.538      128     25     47      3
    17   1.252  1.385  1.084  0.858  0.771  1.218  1.046  1.002  0.834  0.925     4220   1984    142     24
    20   1.474  1.133  1.368  0.921  1.150  1.253  0.779  0.934  0.830  0.590     2851   1087    147     12
    22   0.822  1.240  0.766  0.948  1.271  0.643  1.338  1.059  1.191  1.440     2478   1218    150     12
    23   0.965  0.977  1.227  0.876  0.486  0.689  0.892  0.627  1.044  1.694     3717   1690    159     14
  alleles: economy 7/4/0  angle 0/11/0  internode 0/11/0  sympody 11/0/0  tropism 11/0/0  density 5/2/4
  architecture events  [1: gen 0 seeds 10 forks 0 plag 0 rigid 244 lat 56 angle 84deg, 2: gen 0 seeds 4 forks 0 plag 0 rigid 82 lat 28 angle 65deg, 3: gen 0 seeds 1 forks 0 plag 0 rigid 331 lat 171 angle 77deg, 6: gen 0 seeds 0 forks 0 plag 0 rigid 310 lat 143 angle 69deg, 7: gen 0 seeds 7 forks 0 plag 0 rigid 306 lat 113 angle 74deg, 10: gen 0 seeds 3 forks 0 plag 0 rigid 414 lat 148 angle 72deg, 15: gen 0 seeds 1 forks 0 plag 0 rigid 302 lat 142 angle 83deg, 17: gen 0 seeds 8 forks 0 plag 0 rigid 434 lat 144 angle 78deg, 20: gen 0 seeds 5 forks 0 plag 0 rigid 436 lat 187 angle 83deg, 22: gen 0 seeds 1 forks 0 plag 0 rigid 339 lat 103 angle 81deg, 23: gen 0 seeds 4 forks 0 plag 0 rigid 432 lat 111 angle 87deg]

distinguishability (§Z / C4), 24 founders planted:
  canopy components at field resolution, >=  1 leaf/block:   4   largest holds  54% of canopy blocks
  canopy components at field resolution, >=  2 leaf/block:   6   largest holds  52% of canopy blocks
  canopy components at field resolution, >=  4 leaf/block:   6   largest holds  48% of canopy blocks
  canopy components at field resolution, >=  8 leaf/block:   5   largest holds  45% of canopy blocks
  interior sky gaps: 2 (a fully separate stand of 24 shows 23), widths [2, 19]
  founder spacing is 20 cells; gaps at least 8 cells wide: 1
  --> canopy fusion 54%, 2 raw sky gaps (1 at least 8 cells) -- so this run reads 3 distinguishable crowns of 24 founders
  (CALIBRATION FAILED against the owner's eye, 2026-08-23: on the three stands he counted,
   these read 2 / 2 / 3 where he read 2 / 4 / 3, and fusion called the 4-founder stand 100% ONE MASS
   when he counted all four. §Z is cards-only. Reports/open-bugs-handoff.md §Z has the table.
   He later said the cue IS sky gaps, read at canopy level -- so census the canopy band next, not the whole column.)

lineage turnover over 28800 frames: 70 born, 36 died (2.43 and 1.25 per 1,000 frames); 34 live in 42 slots
  germinations: 24 -- read against `seeds set in total` above
  organism slots: high-water 42 of 4095 (1.0%), 0 births refused at the ceiling
  standing seed bank: 15 seeds; 1 organisms senescent (dead, remains rotting)
  established plants carrying an inherited genome: 0 of 11 (deepest generation 0) -- at ~0 every claim from this run is about founders

30195 organism cells
  Some(DormantBud)      1400
  Some(GrowingTip)        12
  Some(Leaf)           14755
  Some(MatureBody)     13971
  Some(RootTip)           42
  Some(Seed)              15
  palette bands in use (material, band -> cells):
    leaf       band  2   10508
    leaf       band  3    4247
    rootwood   band  0    2765
    seed       band  0      15
    wood       band  0    8354
    wood       band  1    4306
  bounding box x 0..=511, y 74..=233
  thickest contiguous run, above ground: 49 cells
  thickest contiguous run, below ground: 29 cells (roots spread by design)

root system (11 established plants, soil is 34 rows deep):
  root cells        min   59  median  259  max  499  mean   247.2
  root share of plant  min   3%  median   7%  max  46%  mean  13.2%
  deepest row below surface  min   3  median  30  max  34  mean  27.1
  lateral spread (cells)     min  12  median  28  max  99  mean  40.6
  median root cell sits 14 rows down; quartiles 6 / 24
  root cells with 3+ root neighbours: 59% (a 1-cell-wide run reads ~0 whichever way it points)
  depth histogram, surface->bedrock (% of all root cells): [24, 22, 18, 16, 18]
  seeds standing: 15 above the surface, 0 buried (buried can never germinate)

water balance, per established plant:
  stock          min     3.3 median    57.4 max   928.9 mean   157.5
  stomatal term  min    0.15 median    0.85 max    1.00 mean    0.72   (1.0 = demand fully met)
  uptake/tick    min    0.19 median   11.74 max   93.10 mean   17.53
  demand/tick    min    1.03 median   14.82 max   35.66 mean   15.79

carbon book, per established plant (per organism tick):
  income         min   0.017 median   0.552 max   1.864 mean   0.722   (over a whole day, not at this instant)
  maintenance    min   0.134 median   0.842 max   2.176 mean   0.949
  bill / income  median    1.37 max    8.06   (>1 = running the stock down)
  unpaid         median   0.100 max   0.467
  cells shed to starvation, cumulative: 6114
  bill at unit price  min   5084.9 median  23473.7 max  78400.1   (x MAINTENANCE_PER_NODE = the shoot bill)
  anchor reach ratio  min   0.0032 median   0.0145 max   0.0424   (anchor moment / crown moment; ANCHOR_DEMAND is set from this)
  anchor status  min    0.08 median    0.36 max    1.00   (1.0 = crown fully anchored)
  slenderness    min     7.9 median    30.0 max    48.5   (shoot height / base width)
  root soil contact  min  46.7% median  78.0% max  96.6%   (the rest earns nothing and still respires)
  support (cantilever reach from anchors): p50 18  p90 35  p99 53  max 81; 15 unreached

vein conductance (max face per cell), 1..10:
  min 1.00  p50 6.32  p90 9.99  p99 10.00  max 10.00
  9119/30195 cells still at the basal floor (30%) -- undifferentiated tissue
  differentiation: 40% undifferentiated / 20% partial / 40% vascular
  strand strength, p99 vs the basal floor: 10.00x of a possible 10x

leaf light (noon-equivalent): min 0.00  p10 0.00  p50 0.05  p90 3.17  max 4.00
  below 0.5: 10252   below 1.0: 11189   below 1.5: 11986   of 14755 leaves

max resource 4.000 / 4.0
max canopy   1.500 / 4.0
one fresh canopy deposit is 1.500 (GROW_CANOPY_DEPOSIT), decaying by half per organism tick
