plant_probe: species=tree trees=24 frames=28800 worldseed=8 width=512 soil=34 growth=1
after 28800 frames: 1264 active sites, 8 awake chunks
soil: 26884 cells, min 0 median 0 max 1000, mean 264; 14482 cells at or below wilting point (54%)
chunks were awake on 28497/28800 frames (98.9%) -- the CA sweep's duty cycle for this scene

population: 34 organisms -- 13 established (>= 20 cells), 21 seeds or seedlings; 48 seeds set in total
  generations  [gen 0: 16, gen 1: 18]
  rooted above ground: 0 organisms (0 of them more than 25 rows up)
  morphs among established plants: 5 distinct of 13 plants  [foliage, angle, internode, sympodial, tropism]
    [0, 1, 1, 0, 0, 0]  x6
    [0, 1, 1, 0, 0, 2]  x2
    [1, 1, 1, 0, 0, 0]  x2
    [1, 1, 1, 0, 0, 1]  x2
    [0, 1, 1, 0, 0, 1]  x1

ensemble of 13 trees, identical species and scene:
  cells     min   26  median 2738  max 4451  mean  2490.7
  leaves    min    0  median 1364  max 2319  mean  1220.0
  height    min   12  median  129  max  172  mean   112.2   (scene ceiling: 200 rows of sky)
  canopy top  row 62   (62 rows of clearance remain)
  thickness min    2  median   14  max   23  mean    12.2   (whole tree, incl. ground-level spread)
  stem thick min   0  median   11  max   14  mean     8.5   (above the base -- the real trunk)
  rows >1 cell wide, as % of each tree's occupied rows: min 13  median 50  max 60  mean 44
  per-tree sizes     [1861, 34, 4451, 2256, 3232, 2539, 4055, 63, 26, 3271, 2738, 4021, 3832]
  per-tree heights   [117, 29, 152, 101, 172, 138, 159, 35, 12, 126, 133, 155, 129]
  per-tree thickness [14, 2, 23, 7, 15, 12, 15, 4, 3, 19, 12, 17, 16]
  crown profile (top->bottom, % of each plant's widest band, median): [87, 98, 88, 69, 53]
  foliage centre (0 = collar, 100 = apex, median): 57
  foliage share  (% of cells that are leaf, median): 45

  per-tree genotype and outcome (variance [0.5, 0.5, 0.4, 0.18, 0.7, 0.4, 0.4, 0.5, 0.25, 0.7]):
    id  branch rootbr  plast turgor   pipe roottr  alloc  stoma penetr strain    cells leaves height   stem
     1   0.622  0.646  0.896  0.927  0.655  0.983  1.119  0.908  0.891  1.375     1861    988    117      6
     2   0.852  0.856  1.356  0.922  1.659  0.767  1.166  0.503  1.243  0.743       34      0     29      0
     3   1.148  1.437  0.955  0.921  1.517  0.897  0.713  1.101  0.952  1.678     4451   2062    152     14
     6   1.359  1.049  0.646  1.178  1.209  1.136  0.770  1.302  1.013  0.690     2256   1468    101      6
     8   1.485  1.042  1.239  0.821  0.526  0.712  1.076  0.749  1.223  1.131     3232   1364    172     12
     9   1.485  0.665  1.099  0.982  1.235  1.311  0.609  1.112  1.185  1.456     2539   1282    138     12
    12   1.144  1.469  0.670  0.854  1.226  1.060  0.609  1.444  1.129  1.573     4055   2319    159     11
    13   1.047  0.893  0.615  0.863  0.483  0.763  1.052  0.554  0.837  0.688       63      0     35      0
    14   1.098  0.771  0.653  0.871  1.578  0.950  0.948  1.222  1.041  0.311       26      0     12      0
    15   1.096  1.335  1.357  1.031  0.938  1.400  1.130  0.618  1.130  0.337     3271   1418    126     13
    18   1.411  0.747  1.270  0.928  0.656  0.949  1.216  1.369  0.874  1.253     2738   1200    133     12
    19   0.789  1.211  0.975  0.924  1.280  1.337  1.310  1.127  0.911  0.995     4021   2020    155     11
    23   1.248  0.750  0.899  1.151  0.711  0.923  0.686  1.342  1.089  0.619     3832   1739    129     14
  alleles: economy 9/4/0  angle 0/13/0  internode 0/13/0  sympody 13/0/0  tropism 13/0/0  density 8/3/2
  architecture events  [1: gen 0 seeds 3 forks 0 plag 0 rigid 172 lat 65 angle 66deg, 2: gen 0 seeds 0 forks 0 plag 0 rigid 59 lat 20 angle 64deg, 3: gen 0 seeds 6 forks 0 plag 0 rigid 512 lat 158 angle 81deg, 6: gen 0 seeds 1 forks 0 plag 0 rigid 195 lat 80 angle 77deg, 8: gen 0 seeds 4 forks 0 plag 0 rigid 466 lat 180 angle 80deg, 9: gen 0 seeds 3 forks 0 plag 0 rigid 347 lat 151 angle 86deg, 12: gen 0 seeds 0 forks 0 plag 0 rigid 370 lat 108 angle 72deg, 13: gen 0 seeds 0 forks 0 plag 0 rigid 85 lat 28 angle 76deg, 14: gen 0 seeds 0 forks 0 plag 0 rigid 34 lat 9 angle 68deg, 15: gen 0 seeds 8 forks 0 plag 0 rigid 501 lat 155 angle 86deg, 18: gen 0 seeds 8 forks 0 plag 0 rigid 388 lat 148 angle 88deg, 19: gen 0 seeds 5 forks 0 plag 0 rigid 388 lat 130 angle 82deg, 23: gen 0 seeds 5 forks 0 plag 0 rigid 483 lat 116 angle 74deg]

distinguishability (§Z / C4), 24 founders planted:
  canopy components at field resolution, >=  1 leaf/block:   1   largest holds 100% of canopy blocks
  canopy components at field resolution, >=  2 leaf/block:   1   largest holds  97% of canopy blocks
  canopy components at field resolution, >=  4 leaf/block:   1   largest holds  91% of canopy blocks
  canopy components at field resolution, >=  8 leaf/block:   3   largest holds  73% of canopy blocks
  interior sky gaps: 1 (a fully separate stand of 24 shows 23), widths [4]
  founder spacing is 20 cells; gaps at least 8 cells wide: 0
  --> canopy fusion 100%, 1 raw sky gaps (0 at least 8 cells) -- so this run reads 2 distinguishable crowns of 24 founders
  (CALIBRATION FAILED against the owner's eye, 2026-08-23: on the three stands he counted,
   these read 2 / 2 / 3 where he read 2 / 4 / 3, and fusion called the 4-founder stand 100% ONE MASS
   when he counted all four. §Z is cards-only. Reports/open-bugs-handoff.md §Z has the table.
   He later said the cue IS sky gaps, read at canopy level -- so census the canopy band next, not the whole column.)

lineage turnover over 28800 frames: 72 born, 38 died (2.50 and 1.32 per 1,000 frames); 34 live in 37 slots
  germinations: 24 -- read against `seeds set in total` above
  organism slots: high-water 37 of 4095 (0.9%), 0 births refused at the ceiling
  standing seed bank: 18 seeds; 4 organisms senescent (dead, remains rotting)
  established plants carrying an inherited genome: 0 of 13 (deepest generation 0) -- at ~0 every claim from this run is about founders

32430 organism cells
  Some(DormantBud)      1184
  Some(GrowingTip)        18
  Some(Leaf)           15860
  Some(MatureBody)     15308
  Some(RootTip)           42
  Some(Seed)              18
  palette bands in use (material, band -> cells):
    leaf       band  2   10334
    leaf       band  3    5526
    rootwood   band  0    2884
    seed       band  0      18
    wood       band  0   10531
    wood       band  1    3137
  bounding box x 0..=511, y 62..=233
  thickest contiguous run, above ground: 55 cells
  thickest contiguous run, below ground: 23 cells (roots spread by design)

root system (13 established plants, soil is 34 rows deep):
  root cells        min   26  median  152  max  686  mean   219.3
  root share of plant  min   3%  median   8%  max 100%  mean  28.3%
  deepest row below surface  min  11  median  30  max  34  mean  25.7
  lateral spread (cells)     min  14  median  25  max  91  mean  35.4
  median root cell sits 15 rows down; quartiles 7 / 25
  root cells with 3+ root neighbours: 62% (a 1-cell-wide run reads ~0 whichever way it points)
  depth histogram, surface->bedrock (% of all root cells): [22, 24, 16, 19, 17]
  seeds standing: 18 above the surface, 0 buried (buried can never germinate)

water balance, per established plant:
  stock          min     6.6 median   104.0 max   915.0 mean   201.1
  stomatal term  min    0.15 median    0.98 max    1.00 mean    0.80   (1.0 = demand fully met)
  uptake/tick    min   -4.00 median   12.98 max   35.68 mean   11.24
  demand/tick    min    0.00 median   12.97 max   31.07 mean   13.53

carbon book, per established plant (per organism tick):
  income         min   0.000 median   0.681 max   1.806 mean   0.663   (over a whole day, not at this instant)
  maintenance    min   0.004 median   0.936 max   2.399 mean   0.932
  bill / income  median    1.46 max     inf   (>1 = running the stock down)
  unpaid         median   0.032 max   0.742
  cells shed to starvation, cumulative: 5517
  bill at unit price  min      0.0 median  23274.3 max  89564.0   (x MAINTENANCE_PER_NODE = the shoot bill)
  anchor reach ratio  min   0.0019 median   0.0089 max 179.6067   (anchor moment / crown moment; ANCHOR_DEMAND is set from this)
  anchor status  min    0.05 median    0.30 max    1.00   (1.0 = crown fully anchored)
  slenderness    min     0.0 median    12.4 max    68.5   (shoot height / base width)
  root soil contact  min  54.9% median  71.9% max 100.0%   (the rest earns nothing and still respires)
  support (cantilever reach from anchors): p50 19  p90 36  p99 57  max 73; 18 unreached

vein conductance (max face per cell), 1..10:
  min 1.00  p50 6.80  p90 9.99  p99 10.00  max 10.00
  8839/32430 cells still at the basal floor (27%) -- undifferentiated tissue
  differentiation: 37% undifferentiated / 24% partial / 39% vascular
  strand strength, p99 vs the basal floor: 10.00x of a possible 10x

leaf light (noon-equivalent): min 0.00  p10 0.00  p50 0.04  p90 3.23  max 4.00
  below 0.5: 11084   below 1.0: 12270   below 1.5: 12890   of 15860 leaves

max resource 4.000 / 4.0
max canopy   0.375 / 4.0
one fresh canopy deposit is 1.500 (GROW_CANOPY_DEPOSIT), decaying by half per organism tick
