plant_probe: species=tree trees=8 frames=28800 worldseed=6 width=512 soil=34 growth=1
after 28800 frames: 865 active sites, 10 awake chunks
soil: 27585 cells, min 0 median 187 max 1000, mean 310; 12936 cells at or below wilting point (47%)
chunks were awake on 27387/28800 frames (95.1%) -- the CA sweep's duty cycle for this scene

population: 20 organisms -- 8 established (>= 20 cells), 12 seeds or seedlings; 38 seeds set in total
  generations  [gen 0: 8, gen 1: 12]
  rooted above ground: 0 organisms (0 of them more than 25 rows up)
  morphs among established plants: 5 distinct of 8 plants  [foliage, angle, internode, sympodial, tropism]
    [1, 1, 1, 0, 0, 2]  x3
    [1, 1, 1, 0, 0, 0]  x2
    [0, 1, 1, 0, 0, 0]  x1
    [0, 1, 1, 0, 0, 2]  x1
    [1, 1, 1, 0, 0, 1]  x1

ensemble of 8 trees, identical species and scene:
  cells     min 2579  median 4130  max 5671  mean  3911.5
  leaves    min 1224  median 1867  max 2867  mean  2015.9
  height    min  117  median  138  max  164  mean   136.5   (scene ceiling: 200 rows of sky)
  canopy top  row 70   (70 rows of clearance remain)
  thickness min   10  median   17  max   20  mean    16.0   (whole tree, incl. ground-level spread)
  stem thick min   9  median   15  max   17  mean    13.1   (above the base -- the real trunk)
  rows >1 cell wide, as % of each tree's occupied rows: min 48  median 52  max 55  mean 51
  per-tree sizes     [5671, 2698, 4130, 3019, 4962, 3166, 5067, 2579]
  per-tree heights   [148, 123, 138, 117, 162, 121, 164, 119]
  per-tree thickness [20, 17, 12, 10, 19, 19, 16, 15]
  crown profile (top->bottom, % of each plant's widest band, median): [87, 100, 88, 81, 62]
  foliage centre (0 = collar, 100 = apex, median): 56
  foliage share  (% of cells that are leaf, median): 51

  per-tree genotype and outcome (variance [0.5, 0.5, 0.4, 0.18, 0.7, 0.4, 0.4, 0.5, 0.25, 0.7]):
    id  branch rootbr  plast turgor   pipe roottr  alloc  stoma penetr strain    cells leaves height   stem
     1   0.587  0.758  0.776  0.922  0.652  0.707  0.914  1.058  0.917  1.546     5671   2863    148     15
     2   1.216  0.682  0.934  0.937  1.230  0.625  0.871  1.263  1.230  1.155     2698   1331    123     17
     3   1.268  0.676  1.311  0.895  0.996  0.870  1.303  0.510  0.897  1.392     4130   1867    138     12
     4   1.183  0.731  0.897  1.048  1.095  1.012  1.004  0.793  1.036  1.309     3019   1593    117      9
     5   0.767  1.273  0.966  0.840  1.242  1.316  0.680  0.828  1.170  0.471     4962   2579    162     15
     6   0.964  0.646  0.626  1.050  1.058  0.659  1.059  1.078  0.927  0.455     3166   1803    121     12
     7   0.613  0.718  0.780  0.852  1.589  0.718  0.781  1.137  1.206  0.382     5067   2867    164     10
     8   1.297  0.563  0.962  1.028  0.797  1.045  1.261  1.238  1.193  0.460     2579   1224    119     15
  alleles: economy 2/6/0  angle 0/8/0  internode 0/8/0  sympody 8/0/0  tropism 8/0/0  density 3/1/4
  architecture events  [1: gen 0 seeds 11 forks 0 plag 0 rigid 369 lat 107 angle 83deg, 2: gen 0 seeds 3 forks 0 plag 0 rigid 388 lat 93 angle 75deg, 3: gen 0 seeds 5 forks 0 plag 0 rigid 534 lat 193 angle 89deg, 4: gen 0 seeds 2 forks 0 plag 0 rigid 328 lat 110 angle 80deg, 5: gen 0 seeds 7 forks 0 plag 0 rigid 396 lat 138 angle 88deg, 6: gen 0 seeds 2 forks 0 plag 0 rigid 258 lat 67 angle 84deg, 7: gen 0 seeds 5 forks 0 plag 0 rigid 514 lat 125 angle 81deg, 8: gen 0 seeds 3 forks 0 plag 0 rigid 278 lat 122 angle 81deg]

distinguishability (§Z / C4), 8 founders planted:
  canopy components at field resolution, >=  1 leaf/block:   1   largest holds 100% of canopy blocks
  canopy components at field resolution, >=  2 leaf/block:   1   largest holds  97% of canopy blocks
  canopy components at field resolution, >=  4 leaf/block:   1   largest holds  93% of canopy blocks
  canopy components at field resolution, >=  8 leaf/block:   1   largest holds  85% of canopy blocks
  interior sky gaps: 0 (a fully separate stand of 8 shows 7), widths []
  founder spacing is 56 cells; gaps at least 8 cells wide: 0
  --> canopy fusion 100%, 0 raw sky gaps (0 at least 8 cells) -- so this run reads 1 distinguishable crowns of 8 founders
  (CALIBRATION FAILED against the owner's eye, 2026-08-23: on the three stands he counted,
   these read 2 / 2 / 3 where he read 2 / 4 / 3, and fusion called the 4-founder stand 100% ONE MASS
   when he counted all four. §Z is cards-only. Reports/open-bugs-handoff.md §Z has the table.
   He later said the cue IS sky gaps, read at canopy level -- so census the canopy band next, not the whole column.)

lineage turnover over 28800 frames: 46 born, 26 died (1.60 and 0.90 per 1,000 frames); 20 live in 25 slots
  germinations: 8 -- read against `seeds set in total` above
  organism slots: high-water 25 of 4095 (0.6%), 0 births refused at the ceiling
  standing seed bank: 12 seeds; 1 organisms senescent (dead, remains rotting)
  established plants carrying an inherited genome: 0 of 8 (deepest generation 0) -- at ~0 every claim from this run is about founders

31304 organism cells
  Some(DormantBud)      1689
  Some(GrowingTip)        15
  Some(Leaf)           16127
  Some(MatureBody)     13433
  Some(RootTip)           28
  Some(Seed)              12
  palette bands in use (material, band -> cells):
    leaf       band  2    5442
    leaf       band  3   10685
    rootwood   band  0    1605
    seed       band  0      12
    wood       band  0    6209
    wood       band  1    7351
  bounding box x 0..=484, y 70..=233
  thickest contiguous run, above ground: 61 cells
  thickest contiguous run, below ground: 20 cells (roots spread by design)

root system (8 established plants, soil is 34 rows deep):
  root cells        min   71  median  211  max  420  mean   200.6
  root share of plant  min   2%  median   5%  max   8%  mean   4.2%
  deepest row below surface  min   9  median  17  max  34  mean  20.4
  lateral spread (cells)     min  22  median  28  max  67  mean  35.8
  median root cell sits 8 rows down; quartiles 4 / 17
  root cells with 3+ root neighbours: 55% (a 1-cell-wide run reads ~0 whichever way it points)
  depth histogram, surface->bedrock (% of all root cells): [41, 28, 8, 10, 12]
  seeds standing: 12 above the surface, 0 buried (buried can never germinate)

water balance, per established plant:
  stock          min     4.5 median    76.8 max   473.9 mean   124.8
  stomatal term  min    0.13 median    0.89 max    1.00 mean    0.62   (1.0 = demand fully met)
  uptake/tick    min    0.84 median   13.07 max   23.83 mean   11.17
  demand/tick    min    6.10 median   12.78 max   39.69 mean   16.37

carbon book, per established plant (per organism tick):
  income         min   0.092 median   0.769 max   2.105 mean   0.817   (over a whole day, not at this instant)
  maintenance    min   0.886 median   1.415 max   2.883 mean   1.540
  bill / income  median    2.41 max   10.86   (>1 = running the stock down)
  unpaid         median   0.197 max   0.677
  cells shed to starvation, cumulative: 7594
  bill at unit price  min  24109.1 median  39858.0 max 101615.4   (x MAINTENANCE_PER_NODE = the shoot bill)
  anchor reach ratio  min   0.0022 median   0.0032 max   0.0137   (anchor moment / crown moment; ANCHOR_DEMAND is set from this)
  anchor status  min    0.05 median    0.08 max    0.34   (1.0 = crown fully anchored)
  slenderness    min     3.4 median    15.3 max    43.0   (shoot height / base width)
  root soil contact  min  56.9% median  77.5% max  87.6%   (the rest earns nothing and still respires)
  support (cantilever reach from anchors): p50 22  p90 36  p99 51  max 67; 12 unreached

vein conductance (max face per cell), 1..10:
  min 1.00  p50 4.16  p90 9.98  p99 10.00  max 10.00
  11263/31304 cells still at the basal floor (36%) -- undifferentiated tissue
  differentiation: 43% undifferentiated / 21% partial / 36% vascular
  strand strength, p99 vs the basal floor: 10.00x of a possible 10x

leaf light (noon-equivalent): min 0.00  p10 0.00  p50 0.03  p90 2.96  max 4.00
  below 0.5: 11800   below 1.0: 12719   below 1.5: 13476   of 16127 leaves

max resource 4.000 / 4.0
max canopy   1.500 / 4.0
one fresh canopy deposit is 1.500 (GROW_CANOPY_DEPOSIT), decaying by half per organism tick
