plant_probe: species=tree trees=8 frames=28800 worldseed=7 width=512 soil=34 growth=1
after 28800 frames: 504 active sites, 9 awake chunks
soil: 24326 cells, min 0 median 187 max 1000, mean 317; 11040 cells at or below wilting point (45%)
chunks were awake on 27625/28800 frames (95.9%) -- the CA sweep's duty cycle for this scene

population: 26 organisms -- 8 established (>= 20 cells), 18 seeds or seedlings; 49 seeds set in total
  generations  [gen 0: 8, gen 1: 18]
  rooted above ground: 0 organisms (0 of them more than 25 rows up)
  morphs among established plants: 5 distinct of 8 plants  [foliage, angle, internode, sympodial, tropism]
    [0, 1, 1, 0, 0, 2]  x2
    [1, 1, 1, 0, 0, 1]  x2
    [1, 1, 1, 0, 0, 2]  x2
    [0, 1, 1, 0, 0, 0]  x1
    [1, 1, 1, 0, 0, 0]  x1

ensemble of 8 trees, identical species and scene:
  cells     min  126  median 3453  max 6177  mean  3082.6
  leaves    min    0  median 1253  max 3107  mean  1348.8
  height    min   33  median  146  max  154  mean   125.1   (scene ceiling: 200 rows of sky)
  canopy top  row 69   (69 rows of clearance remain)
  thickness min    6  median   16  max   31  mean    15.4   (whole tree, incl. ground-level spread)
  stem thick min   0  median   15  max   19  mean    12.4   (above the base -- the real trunk)
  rows >1 cell wide, as % of each tree's occupied rows: min 17  median 58  max 73  mean 54
  per-tree sizes     [789, 3453, 2484, 4369, 2820, 4443, 126, 6177]
  per-tree heights   [147, 129, 122, 146, 124, 146, 33, 154]
  per-tree thickness [9, 19, 11, 16, 17, 14, 6, 31]
  crown profile (top->bottom, % of each plant's widest band, median): [88, 96, 95, 67, 45]
  foliage centre (0 = collar, 100 = apex, median): 58
  foliage share  (% of cells that are leaf, median): 47

  per-tree genotype and outcome (variance [0.5, 0.5, 0.4, 0.18, 0.7, 0.4, 0.4, 0.5, 0.25, 0.7]):
    id  branch rootbr  plast turgor   pipe roottr  alloc  stoma penetr strain    cells leaves height   stem
     1   1.011  0.701  0.688  0.877  0.557  0.606  1.112  1.114  1.125  0.489      789    184    147      8
     2   0.969  1.359  1.264  1.090  0.343  1.036  0.715  1.363  1.029  0.540     3453   1057    129     19
     3   0.724  0.557  0.976  1.121  1.477  1.109  0.736  1.440  0.966  0.329     2484   1253    122     11
     4   0.850  0.837  0.800  0.992  0.830  0.703  1.147  0.948  1.033  0.938     4369   2107    146     15
     5   0.956  0.745  1.297  1.168  0.319  0.876  0.767  1.186  0.902  0.641     2820    962    124     17
     6   1.252  1.297  1.265  0.951  1.497  1.160  0.829  1.169  1.043  0.849     4443   2120    146     14
     7   1.155  0.735  0.975  1.115  1.011  1.371  0.832  1.209  1.171  1.491      126      0     33      0
     8   0.737  1.188  1.025  0.893  1.188  0.987  0.916  0.731  0.942  1.230     6177   3107    154     15
  alleles: economy 3/5/0  angle 0/8/0  internode 0/8/0  sympody 8/0/0  tropism 8/0/0  density 2/2/4
  architecture events  [1: gen 0 seeds 1 forks 0 plag 0 rigid 22 lat 7 angle 56deg, 2: gen 0 seeds 5 forks 0 plag 0 rigid 375 lat 104 angle 81deg, 3: gen 0 seeds 3 forks 0 plag 0 rigid 321 lat 64 angle 74deg, 4: gen 0 seeds 6 forks 0 plag 0 rigid 360 lat 125 angle 83deg, 5: gen 0 seeds 7 forks 0 plag 0 rigid 289 lat 95 angle 94deg, 6: gen 0 seeds 13 forks 0 plag 0 rigid 632 lat 209 angle 83deg, 7: gen 0 seeds 1 forks 0 plag 0 rigid 193 lat 92 angle 78deg, 8: gen 0 seeds 13 forks 0 plag 0 rigid 637 lat 140 angle 84deg]

distinguishability (§Z / C4), 8 founders planted:
  canopy components at field resolution, >=  1 leaf/block:   3   largest holds  97% of canopy blocks
  canopy components at field resolution, >=  2 leaf/block:   4   largest holds  94% of canopy blocks
  canopy components at field resolution, >=  4 leaf/block:   4   largest holds  88% of canopy blocks
  canopy components at field resolution, >=  8 leaf/block:   5   largest holds  78% of canopy blocks
  interior sky gaps: 0 (a fully separate stand of 8 shows 7), widths []
  founder spacing is 56 cells; gaps at least 8 cells wide: 0
  --> canopy fusion 97%, 0 raw sky gaps (0 at least 8 cells) -- so this run reads 1 distinguishable crowns of 8 founders
  (CALIBRATION FAILED against the owner's eye, 2026-08-23: on the three stands he counted,
   these read 2 / 2 / 3 where he read 2 / 4 / 3, and fusion called the 4-founder stand 100% ONE MASS
   when he counted all four. §Z is cards-only. Reports/open-bugs-handoff.md §Z has the table.
   He later said the cue IS sky gaps, read at canopy level -- so census the canopy band next, not the whole column.)

lineage turnover over 28800 frames: 57 born, 31 died (1.98 and 1.08 per 1,000 frames); 26 live in 32 slots
  germinations: 9 -- read against `seeds set in total` above
  organism slots: high-water 32 of 4095 (0.8%), 0 births refused at the ceiling
  standing seed bank: 18 seeds; 1 organisms senescent (dead, remains rotting)
  established plants carrying an inherited genome: 0 of 8 (deepest generation 0) -- at ~0 every claim from this run is about founders

24679 organism cells
  Some(DormantBud)       568
  Some(GrowingTip)         8
  Some(Leaf)           10790
  Some(MatureBody)     13283
  Some(RootTip)           12
  Some(Seed)              18
  palette bands in use (material, band -> cells):
    leaf       band  2    5398
    leaf       band  3    5392
    rootwood   band  0    2426
    seed       band  0      18
    wood       band  0    5046
    wood       band  1    6399
  bounding box x 44..=511, y 69..=233
  thickest contiguous run, above ground: 45 cells
  thickest contiguous run, below ground: 31 cells (roots spread by design)

root system (8 established plants, soil is 34 rows deep):
  root cells        min  101  median  222  max  747  mean   303.2
  root share of plant  min   3%  median  12%  max 100%  mean  20.2%
  deepest row below surface  min  16  median  34  max  34  mean  30.8
  lateral spread (cells)     min  22  median  49  max  70  mean  43.0
  median root cell sits 16 rows down; quartiles 8 / 26
  root cells with 3+ root neighbours: 59% (a 1-cell-wide run reads ~0 whichever way it points)
  depth histogram, surface->bedrock (% of all root cells): [17, 24, 17, 20, 19]
  seeds standing: 18 above the surface, 0 buried (buried can never germinate)

water balance, per established plant:
  stock          min    74.0 median   292.5 max  1416.9 mean   376.3
  stomatal term  min    0.42 median    1.00 max    1.00 mean    0.87   (1.0 = demand fully met)
  uptake/tick    min    0.00 median   11.11 max   20.08 mean   10.12
  demand/tick    min    0.00 median   11.11 max   49.10 mean   16.92

carbon book, per established plant (per organism tick):
  income         min   0.000 median   1.050 max   2.055 mean   0.906   (over a whole day, not at this instant)
  maintenance    min   0.019 median   1.496 max   2.632 mean   1.213
  bill / income  median    1.64 max     inf   (>1 = running the stock down)
  unpaid         median   0.049 max   0.473
  cells shed to starvation, cumulative: 6514
  bill at unit price  min      0.0 median  48908.1 max  85315.6   (x MAINTENANCE_PER_NODE = the shoot bill)
  anchor reach ratio  min   0.0035 median   0.0124 max   0.0491   (anchor moment / crown moment; ANCHOR_DEMAND is set from this)
  anchor status  min    0.09 median    0.33 max    1.00   (1.0 = crown fully anchored)
  slenderness    min     0.0 median    18.5 max    31.7   (shoot height / base width)
  root soil contact  min  49.5% median  77.9% max 100.0%   (the rest earns nothing and still respires)
  support (cantilever reach from anchors): p50 23  p90 43  p99 65  max 87; 18 unreached

vein conductance (max face per cell), 1..10:
  min 1.00  p50 8.14  p90 9.99  p99 10.00  max 10.00
  6799/24679 cells still at the basal floor (28%) -- undifferentiated tissue
  differentiation: 36% undifferentiated / 20% partial / 44% vascular
  strand strength, p99 vs the basal floor: 10.00x of a possible 10x

leaf light (noon-equivalent): min 0.00  p10 0.00  p50 0.14  p90 3.39  max 4.00
  below 0.5: 6785   below 1.0: 7613   below 1.5: 8211   of 10790 leaves

max resource 4.000 / 4.0
max canopy   1.500 / 4.0
one fresh canopy deposit is 1.500 (GROW_CANOPY_DEPOSIT), decaying by half per organism tick
