plant_probe: species=tree trees=8 frames=28800 worldseed=5 width=512 soil=34 growth=1
after 28800 frames: 726 active sites, 14 awake chunks
soil: 24218 cells, min 0 median 492 max 1000, mean 341; 10428 cells at or below wilting point (43%)
chunks were awake on 27291/28800 frames (94.8%) -- the CA sweep's duty cycle for this scene

population: 17 organisms -- 8 established (>= 20 cells), 9 seeds or seedlings; 20 seeds set in total
  generations  [gen 0: 8, gen 1: 9]
  rooted above ground: 0 organisms (0 of them more than 25 rows up)
  morphs among established plants: 5 distinct of 8 plants  [foliage, angle, internode, sympodial, tropism]
    [1, 1, 1, 0, 0, 2]  x3
    [1, 1, 1, 0, 0, 0]  x2
    [0, 1, 1, 0, 0, 0]  x1
    [0, 1, 1, 0, 0, 1]  x1
    [1, 1, 1, 0, 0, 1]  x1

ensemble of 8 trees, identical species and scene:
  cells     min 1079  median 4265  max 5075  mean  3522.2
  leaves    min  378  median 2236  max 2980  mean  1901.0
  height    min  121  median  139  max  158  mean   140.6   (scene ceiling: 200 rows of sky)
  canopy top  row 76   (76 rows of clearance remain)
  thickness min    8  median   22  max   30  mean    18.5   (whole tree, incl. ground-level spread)
  stem thick min   8  median   12  max   22  mean    12.4   (above the base -- the real trunk)
  rows >1 cell wide, as % of each tree's occupied rows: min 45  median 53  max 71  mean 54
  per-tree sizes     [1079, 4535, 3327, 4265, 5075, 3177, 4814, 1906]
  per-tree heights   [121, 156, 139, 137, 135, 134, 158, 145]
  per-tree thickness [8, 24, 15, 16, 25, 30, 22, 8]
  crown profile (top->bottom, % of each plant's widest band, median): [81, 79, 80, 84, 65]
  foliage centre (0 = collar, 100 = apex, median): 58
  foliage share  (% of cells that are leaf, median): 57

  per-tree genotype and outcome (variance [0.5, 0.5, 0.4, 0.18, 0.7, 0.4, 0.4, 0.5, 0.25, 0.7]):
    id  branch rootbr  plast turgor   pipe roottr  alloc  stoma penetr strain    cells leaves height   stem
     1   1.256  0.885  0.768  1.035  0.576  0.908  0.661  0.708  1.183  0.333     1079    378    121      8
     2   1.370  1.227  0.982  0.898  1.370  0.711  0.790  0.843  1.111  0.681     4535   2236    156     12
     3   1.044  1.152  0.904  0.987  0.780  1.398  1.364  1.274  0.855  0.811     3327   1657    139     10
     4   1.339  1.362  0.745  0.979  1.025  0.840  1.011  1.267  1.123  0.466     4265   2672    137     12
     5   1.426  1.336  0.745  0.871  1.440  0.999  1.183  1.026  0.993  0.687     5075   2980    135     11
     6   1.012  1.360  0.948  1.051  0.496  1.326  0.685  0.867  1.071  1.541     3177   1323    134     16
     7   0.857  0.751  0.626  0.847  1.028  0.866  0.916  1.214  1.007  0.539     4814   2863    158     22
     8   0.818  0.816  0.740  0.998  1.696  0.847  0.855  0.596  1.196  1.670     1906   1099    145      8
  alleles: economy 2/6/0  angle 0/8/0  internode 0/8/0  sympody 8/0/0  tropism 8/0/0  density 3/2/3
  architecture events  [1: gen 0 seeds 0 forks 0 plag 0 rigid 107 lat 42 angle 86deg, 2: gen 0 seeds 8 forks 0 plag 0 rigid 461 lat 144 angle 83deg, 3: gen 0 seeds 1 forks 0 plag 0 rigid 327 lat 109 angle 81deg, 4: gen 0 seeds 0 forks 0 plag 0 rigid 259 lat 115 angle 74deg, 5: gen 0 seeds 3 forks 0 plag 0 rigid 377 lat 148 angle 75deg, 6: gen 0 seeds 5 forks 0 plag 0 rigid 263 lat 89 angle 83deg, 7: gen 0 seeds 2 forks 0 plag 0 rigid 374 lat 122 angle 71deg, 8: gen 0 seeds 1 forks 0 plag 0 rigid 182 lat 34 angle 74deg]

distinguishability (§Z / C4), 8 founders planted:
  canopy components at field resolution, >=  1 leaf/block:   2   largest holds  99% of canopy blocks
  canopy components at field resolution, >=  2 leaf/block:   2   largest holds  97% of canopy blocks
  canopy components at field resolution, >=  4 leaf/block:   3   largest holds  93% of canopy blocks
  canopy components at field resolution, >=  8 leaf/block:   5   largest holds  83% of canopy blocks
  interior sky gaps: 1 (a fully separate stand of 8 shows 7), widths [2]
  founder spacing is 56 cells; gaps at least 8 cells wide: 0
  --> canopy fusion 99%, 1 raw sky gaps (0 at least 8 cells) -- so this run reads 2 distinguishable crowns of 8 founders
  (CALIBRATION FAILED against the owner's eye, 2026-08-23: on the three stands he counted,
   these read 2 / 2 / 3 where he read 2 / 4 / 3, and fusion called the 4-founder stand 100% ONE MASS
   when he counted all four. §Z is cards-only. Reports/open-bugs-handoff.md §Z has the table.
   He later said the cue IS sky gaps, read at canopy level -- so census the canopy band next, not the whole column.)

lineage turnover over 28800 frames: 28 born, 11 died (0.97 and 0.38 per 1,000 frames); 17 live in 20 slots
  germinations: 9 -- read against `seeds set in total` above
  organism slots: high-water 20 of 4095 (0.5%), 0 births refused at the ceiling
  standing seed bank: 9 seeds; 0 organisms senescent (dead, remains rotting)
  established plants carrying an inherited genome: 0 of 8 (deepest generation 0) -- at ~0 every claim from this run is about founders

28187 organism cells
  Some(DormantBud)      1927
  Some(GrowingTip)        17
  Some(Leaf)           15208
  Some(MatureBody)     11003
  Some(RootTip)           23
  Some(Seed)               9
  palette bands in use (material, band -> cells):
    leaf       band  2    3893
    leaf       band  3   11315
    rootwood   band  0    2318
    seed       band  0       9
    wood       band  0    7573
    wood       band  1    3079
  bounding box x 44..=472, y 76..=233
  thickest contiguous run, above ground: 47 cells
  thickest contiguous run, below ground: 30 cells (roots spread by design)

root system (8 established plants, soil is 34 rows deep):
  root cells        min   61  median  319  max  489  mean   289.8
  root share of plant  min   5%  median   7%  max  15%  mean   7.8%
  deepest row below surface  min  12  median  31  max  34  mean  26.8
  lateral spread (cells)     min  17  median  40  max  72  mean  39.9
  median root cell sits 14 rows down; quartiles 6 / 25
  root cells with 3+ root neighbours: 67% (a 1-cell-wide run reads ~0 whichever way it points)
  depth histogram, surface->bedrock (% of all root cells): [25, 24, 13, 19, 17]
  seeds standing: 9 above the surface, 0 buried (buried can never germinate)

water balance, per established plant:
  stock          min    33.0 median   153.2 max   943.4 mean   253.4
  stomatal term  min    0.31 median    1.00 max    1.00 mean    0.90   (1.0 = demand fully met)
  uptake/tick    min    3.03 median   25.51 max   63.66 mean   25.76
  demand/tick    min    4.27 median   16.00 max   27.17 mean   14.07

carbon book, per established plant (per organism tick):
  income         min   0.340 median   1.019 max   2.372 mean   1.123   (over a whole day, not at this instant)
  maintenance    min   0.401 median   1.609 max   3.207 mean   1.546
  bill / income  median    1.35 max    4.74   (>1 = running the stock down)
  unpaid         median   0.263 max   1.677
  cells shed to starvation, cumulative: 5316
  bill at unit price  min  11951.7 median  48100.2 max 124300.3   (x MAINTENANCE_PER_NODE = the shoot bill)
  anchor reach ratio  min   0.0023 median   0.0071 max   0.0252   (anchor moment / crown moment; ANCHOR_DEMAND is set from this)
  anchor status  min    0.06 median    0.18 max    0.63   (1.0 = crown fully anchored)
  slenderness    min     3.9 median    18.0 max    37.7   (shoot height / base width)
  root soil contact  min  49.6% median  61.3% max  88.5%   (the rest earns nothing and still respires)
  support (cantilever reach from anchors): p50 22  p90 39  p99 54  max 70; 9 unreached

vein conductance (max face per cell), 1..10:
  min 1.00  p50 3.27  p90 9.99  p99 10.00  max 10.00
  10421/28187 cells still at the basal floor (37%) -- undifferentiated tissue
  differentiation: 46% undifferentiated / 18% partial / 36% vascular
  strand strength, p99 vs the basal floor: 10.00x of a possible 10x

leaf light (noon-equivalent): min 0.00  p10 0.00  p50 0.03  p90 3.06  max 4.00
  below 0.5: 11015   below 1.0: 11949   below 1.5: 12637   of 15208 leaves

max resource 4.000 / 4.0
max canopy   1.500 / 4.0
one fresh canopy deposit is 1.500 (GROW_CANOPY_DEPOSIT), decaying by half per organism tick
