plant_probe: species=tree trees=8 frames=28800 worldseed=8 width=512 soil=34 growth=1
after 28800 frames: 585 active sites, 8 awake chunks
soil: 24669 cells, min 0 median 566 max 1000, mean 349; 10116 cells at or below wilting point (41%)
chunks were awake on 27899/28800 frames (96.9%) -- the CA sweep's duty cycle for this scene

population: 22 organisms -- 7 established (>= 20 cells), 15 seeds or seedlings; 39 seeds set in total
  generations  [gen 0: 7, gen 1: 15]
  rooted above ground: 0 organisms (0 of them more than 25 rows up)
  morphs among established plants: 6 distinct of 7 plants  [foliage, angle, internode, sympodial, tropism]
    [0, 1, 1, 0, 0, 2]  x2
    [0, 1, 1, 0, 0, 0]  x1
    [0, 1, 1, 0, 0, 1]  x1
    [1, 1, 1, 0, 0, 0]  x1
    [1, 1, 1, 0, 0, 1]  x1
    [1, 1, 1, 0, 0, 2]  x1

ensemble of 7 trees, identical species and scene:
  cells     min 1926  median 3434  max 5454  mean  3497.0
  leaves    min  805  median 1681  max 2476  mean  1684.6
  height    min   99  median  125  max  161  mean   126.6   (scene ceiling: 200 rows of sky)
  canopy top  row 69   (69 rows of clearance remain)
  thickness min   13  median   19  max   25  mean    19.6   (whole tree, incl. ground-level spread)
  stem thick min  10  median   14  max   24  mean    15.7   (above the base -- the real trunk)
  rows >1 cell wide, as % of each tree's occupied rows: min 47  median 57  max 64  mean 56
  per-tree sizes     [1926, 3434, 2340, 4571, 4056, 2698, 5454]
  per-tree heights   [99, 125, 102, 141, 161, 110, 148]
  per-tree thickness [24, 14, 19, 13, 25, 18, 24]
  crown profile (top->bottom, % of each plant's widest band, median): [73, 97, 93, 92, 77]
  foliage centre (0 = collar, 100 = apex, median): 56
  foliage share  (% of cells that are leaf, median): 48

  per-tree genotype and outcome (variance [0.5, 0.5, 0.4, 0.18, 0.7, 0.4, 0.4, 0.5, 0.25, 0.7]):
    id  branch rootbr  plast turgor   pipe roottr  alloc  stoma penetr strain    cells leaves height   stem
     1   0.688  0.890  1.187  1.174  0.363  0.779  1.135  0.539  1.233  1.612     1926    805     99     24
     2   0.894  0.870  1.115  1.025  0.858  1.289  1.159  0.646  0.865  0.749     3434   1681    125     14
     3   1.035  1.230  1.058  1.123  0.327  1.172  1.167  1.124  1.096  0.834     2340    889    102     19
     4   1.079  1.073  1.148  1.023  1.509  1.359  0.780  1.337  1.133  0.421     4571   2428    141     13
     5   1.098  0.771  0.653  0.871  1.578  0.950  0.948  1.222  1.041  0.311     4056   2476    161     11
     6   0.747  0.513  1.112  1.095  1.430  1.065  1.388  1.311  1.110  1.591     2698   1441    110     10
     7   1.023  0.949  1.350  0.967  0.477  0.710  1.163  1.004  1.107  1.163     5454   2072    148     19
  alleles: economy 4/3/0  angle 0/7/0  internode 0/7/0  sympody 7/0/0  tropism 7/0/0  density 2/2/3
  architecture events  [1: gen 0 seeds 5 forks 0 plag 0 rigid 236 lat 46 angle 72deg, 2: gen 0 seeds 5 forks 0 plag 0 rigid 448 lat 94 angle 74deg, 3: gen 0 seeds 7 forks 0 plag 0 rigid 162 lat 67 angle 78deg, 4: gen 0 seeds 1 forks 0 plag 0 rigid 398 lat 143 angle 80deg, 5: gen 0 seeds 2 forks 0 plag 0 rigid 325 lat 128 angle 76deg, 6: gen 0 seeds 5 forks 0 plag 0 rigid 328 lat 104 angle 82deg, 7: gen 0 seeds 14 forks 0 plag 0 rigid 576 lat 179 angle 82deg]

distinguishability (§Z / C4), 8 founders planted:
  canopy components at field resolution, >=  1 leaf/block:   1   largest holds 100% of canopy blocks
  canopy components at field resolution, >=  2 leaf/block:   1   largest holds  97% of canopy blocks
  canopy components at field resolution, >=  4 leaf/block:   1   largest holds  92% of canopy blocks
  canopy components at field resolution, >=  8 leaf/block:   2   largest holds  82% of canopy blocks
  interior sky gaps: 0 (a fully separate stand of 8 shows 7), widths []
  founder spacing is 56 cells; gaps at least 8 cells wide: 0
  --> canopy fusion 100%, 0 raw sky gaps (0 at least 8 cells) -- so this run reads 1 distinguishable crowns of 8 founders
  (CALIBRATION FAILED against the owner's eye, 2026-08-23: on the three stands he counted,
   these read 2 / 2 / 3 where he read 2 / 4 / 3, and fusion called the 4-founder stand 100% ONE MASS
   when he counted all four. §Z is cards-only. Reports/open-bugs-handoff.md §Z has the table.
   He later said the cue IS sky gaps, read at canopy level -- so census the canopy band next, not the whole column.)

lineage turnover over 28800 frames: 48 born, 26 died (1.67 and 0.90 per 1,000 frames); 22 live in 26 slots
  germinations: 8 -- read against `seeds set in total` above
  organism slots: high-water 26 of 4095 (0.6%), 0 births refused at the ceiling
  standing seed bank: 15 seeds; 0 organisms senescent (dead, remains rotting)
  established plants carrying an inherited genome: 0 of 7 (deepest generation 0) -- at ~0 every claim from this run is about founders

24494 organism cells
  Some(DormantBud)      1124
  Some(GrowingTip)        13
  Some(Leaf)           11792
  Some(MatureBody)     11523
  Some(RootTip)           27
  Some(Seed)              15
  palette bands in use (material, band -> cells):
    leaf       band  2    7865
    leaf       band  3    3927
    rootwood   band  0    1501
    seed       band  0      15
    wood       band  0    6990
    wood       band  1    4196
  bounding box x 4..=450, y 69..=233
  thickest contiguous run, above ground: 37 cells
  thickest contiguous run, below ground: 25 cells (roots spread by design)

root system (7 established plants, soil is 34 rows deep):
  root cells        min   74  median  149  max  492  mean   214.4
  root share of plant  min   2%  median   5%  max   9%  mean   5.1%
  deepest row below surface  min   6  median  22  max  34  mean  21.4
  lateral spread (cells)     min  19  median  32  max  77  mean  43.4
  median root cell sits 12 rows down; quartiles 6 / 25
  root cells with 3+ root neighbours: 57% (a 1-cell-wide run reads ~0 whichever way it points)
  depth histogram, surface->bedrock (% of all root cells): [24, 28, 14, 10, 21]
  seeds standing: 15 above the surface, 0 buried (buried can never germinate)

water balance, per established plant:
  stock          min     4.5 median   113.2 max   221.7 mean   106.7
  stomatal term  min    0.09 median    0.72 max    1.00 mean    0.58   (1.0 = demand fully met)
  uptake/tick    min    0.88 median   18.26 max   33.35 mean   14.46
  demand/tick    min    6.60 median   12.68 max   36.79 mean   19.98

carbon book, per established plant (per organism tick):
  income         min   0.047 median   1.059 max   1.719 mean   0.884   (over a whole day, not at this instant)
  maintenance    min   0.791 median   1.728 max   1.995 mean   1.427
  bill / income  median    1.58 max   18.22   (>1 = running the stock down)
  unpaid         median   0.051 max   0.860
  cells shed to starvation, cumulative: 6257
  bill at unit price  min  19359.4 median  58212.4 max  65517.5   (x MAINTENANCE_PER_NODE = the shoot bill)
  anchor reach ratio  min   0.0027 median   0.0068 max   0.0211   (anchor moment / crown moment; ANCHOR_DEMAND is set from this)
  anchor status  min    0.07 median    0.17 max    0.53   (1.0 = crown fully anchored)
  slenderness    min     4.5 median    28.2 max    43.3   (shoot height / base width)
  root soil contact  min  60.8% median  67.1% max  92.0%   (the rest earns nothing and still respires)
  support (cantilever reach from anchors): p50 22  p90 39  p99 60  max 83; 15 unreached

vein conductance (max face per cell), 1..10:
  min 1.00  p50 7.61  p90 9.99  p99 10.00  max 10.00
  6375/24494 cells still at the basal floor (26%) -- undifferentiated tissue
  differentiation: 35% undifferentiated / 22% partial / 43% vascular
  strand strength, p99 vs the basal floor: 10.00x of a possible 10x

leaf light (noon-equivalent): min 0.00  p10 0.00  p50 0.07  p90 3.28  max 4.00
  below 0.5: 8066   below 1.0: 8721   below 1.5: 9394   of 11792 leaves

max resource 4.000 / 4.0
max canopy   1.500 / 4.0
one fresh canopy deposit is 1.500 (GROW_CANOPY_DEPOSIT), decaying by half per organism tick
