# The alignment census: does pointing at home give a positive reading?
# 8 seeds, gap 90, arms=hand, refill=400, RAYON_NUM_THREADS=2, 2026-09-20.
# Binned by cos(angle between the ant's heading and its exact home vector).
# THE ANSWER IS NO -- the reading is negative in every bin and pointing home
# differs from pointing away by 0.04. See Z29: the ant deposits at its own
# head cell, so `here` is the brightest cell in its neighbourhood and
# (ahead - here) is negative by construction.

=== home_bias 0 (shipped) ===
  heading vs home         n  mean along  % positive   P(move)
       -1.0..-0.6    194523     -0.1963        5.3%    0.1327
       -0.6..-0.2     15755     -0.0930        7.6%    0.2382
       -0.2..+0.2     78832     -0.2065        2.0%    0.0848
       +0.2..+0.6     19700     -0.1425        4.6%    0.1927
       +0.6..+1.0    184853     -0.1775        6.4%    0.1355   <- POINTED AT HOME

=== home_bias 0.5 ===
  heading vs home         n  mean along  % positive   P(move)
       -1.0..-0.6    103367     -0.2399        3.9%    0.0697
       -0.6..-0.2      3570     -0.2190        6.4%    0.1311
       -0.2..+0.2     48385     -0.2594        0.7%    0.0283
       +0.2..+0.6      5679     -0.2259        2.0%    0.0866
       +0.6..+1.0    190169     -0.2003        5.3%    0.0777   <- POINTED AT HOME

=== home_bias 0.5 + DEPOSIT_AT=vacated (the Z29 remedy) ===
  heading vs home         n  mean along  % positive   P(move)
       -1.0..-0.6    108711     -0.2266        3.6%    0.0802
       -0.6..-0.2      3547     -0.1327        2.8%    0.1678
       -0.2..+0.2     55938     -0.2194        1.5%    0.0365
       +0.2..+0.6      4503     -0.1507        1.4%    0.1405
       +0.6..+1.0    166731     -0.1615        7.0%    0.1069   <- POINTED AT HOME

