  diet: larder=fruit onlyfood=on
  odometer A: recur=shipped emita=shipped biasa=shipped   odometer B: charb=shipped recurb=shipped emitb=shipped biasb=shipped carryb=shipped
trailfollow: mode=gap gate=b2 frames=24000 seeds=3 seed0=1 ants=20 relay=60 near=10 food=200 refill=2000 stop=6000 homebias=shipped
  gate b2: off -45.0  on +0.5  along ±6.0
  landed 2026-09-09: units 0/1 = b2 (off -45, on +0.5, along 6); units 2/3 = saturated (off -45, on +30, along 6). See open-bugs-handoff.md Z7.

  gap seed   arm     alive     ate J  arrive@    dead@    carry    @nest  visitors  trips reach 0-25-50-75-100
----- ---- ----- --------- --------- -------- -------- -------- -------- --------- ------ ------------------
   60    1  hand  165/15     1004726      330        0   677071     1330  816/836       7      5 5 0 295 531
                founded x   12..88   (nest 48 food 108; nearest founder 20 cells out, farthest 96, nominal gap 60)  occupancy/1k [33 2 22 7 15 27 261 1615]  carry->nest    -441  born  816 died  649 (starved  105)
                own trail: route pk   60 end   43 along -0.2280  B nest->food [137,3268,7053,12563,22645]  blocked    14434  kin swaps       0  ticks    475004  tumbles    220407 (homeward        0, 0.00%)  drops    2908
                channel A: PEAK amt  14894 cells   61 (of 61 route)  POLARITY|| -0.13683 && -0.14891 SPAN -0.00304 edge   7.1  end nest->food [0,286,0,7259,799]  nest   25  AtNest  0.97%
                Carrying: laden    683624  of which SPOIL      8854 (  1.3%)
   60    2  hand    0/0         5520      150     7392    18516      654   11/25        1         5 0 3 16 1
                founded x   12..88   (nest 48 food 108; nearest founder 20 cells out, farthest 96, nominal gap 60)  occupancy/1k [33 8 21 17 6 11 12 13]  carry->nest      50  born    5 died   25 (starved   21)
                own trail: route pk   60 end    0 along +0.0000  B nest->food [137,3166,6529,10455,8318]  blocked      116  kin swaps       0  ticks     21261  tumbles      8906 (homeward        0, 0.00%)  drops      96
                channel A: PEAK amt  10373 cells   59 (of 61 route)  POLARITY|| +0.05090 && +0.03574 SPAN +0.00107 edge   9.8  end nest->food [0,0,0,0,0]  nest   25  AtNest 13.76%
                Carrying: laden     28200  of which SPOIL      9684 ( 34.3%)
   60    3  hand    0/0         3120       90     8724    13656      382   11/23        3         6 5 1 11 0
                founded x   12..88   (nest 48 food 108; nearest founder 20 cells out, farthest 96, nominal gap 60)  occupancy/1k [52 26 4 1 4 8 13 7]  carry->nest     122  born    3 died   23 (starved   20)
                own trail: route pk   60 end    0 along +0.0000  B nest->food [137,3216,6507,10072,8282]  blocked       90  kin swaps       0  ticks     19432  tumbles      8310 (homeward        0, 0.00%)  drops     108
                channel A: PEAK amt  11997 cells   58 (of 61 route)  POLARITY|| +0.02920 && -0.01054 SPAN -0.00834 edge   9.2  end nest->food [0,0,0,0,0]  nest   25  AtNest 20.96%
                Carrying: laden     17388  of which SPOIL      3732 ( 21.5%)
   90    1  hand  126/13      904047      804        0   570660     1212  678/695       2      8 0 4 243 440
                founded x   12..88   (nest 48 food 138; nearest founder 50 cells out, farthest 126, nominal gap 90)  occupancy/1k [34 7 14 23 34 59 194 1869]  carry->nest     308  born  675 died  545 (starved   36)
                own trail: route pk   88 end   51 along -0.1253  B nest->food [89,3219,6499,11854,16467]  blocked    11094  kin swaps       0  ticks    420842  tumbles    196320 (homeward        0, 0.00%)  drops    2021
                channel A: PEAK amt  13589 cells   86 (of 91 route)  POLARITY|| -0.04567 && -0.04612 SPAN -0.00188 edge  12.6  end nest->food [0,196,0,54,31]  nest   25  AtNest  0.90%
                Carrying: laden    580354  of which SPOIL     14672 (  2.5%)
   90    2  hand    0/0            0      600     7986     8022        0    4/20        0          5 5 3 6 1
                founded x   12..88   (nest 48 food 138; nearest founder 50 cells out, farthest 126, nominal gap 90)  occupancy/1k [30 32 10 18 8 10 8 8]  carry->nest      42  born    0 died   20 (starved   19)
                own trail: route pk   88 end    0 along +0.0000  B nest->food [89,3092,6331,9496,8372]  blocked       76  kin swaps       0  ticks     21400  tumbles      9097 (homeward        0, 0.00%)  drops      14
                channel A: PEAK amt  13503 cells   63 (of 91 route)  POLARITY|| +0.06513 && +0.03388 SPAN -0.00684 edge  11.5  end nest->food [0,0,0,0,0]  nest   25  AtNest 12.40%
                Carrying: laden     10674  of which SPOIL      2652 ( 24.8%)
   90    3  hand  136/17      864563      564        0   753231        0  678/689       0      7 0 1 239 442
                founded x   12..88   (nest 48 food 138; nearest founder 50 cells out, farthest 126, nominal gap 90)  occupancy/1k [50 10 1 6 16 40 147 1916]  carry->nest    -151  born  669 died  525 (starved   17)
                own trail: route pk   88 end   19 along -0.3826  B nest->food [89,3092,6363,11019,17194]  blocked    11320  kin swaps       0  ticks    403496  tumbles    186326 (homeward        0, 0.00%)  drops    2442
                channel A: PEAK amt  42508 cells   91 (of 91 route)  POLARITY|| -0.16832 && -0.19029 SPAN -0.01934 edge   6.5  end nest->food [0,0,0,0,1263]  nest   25  AtNest  0.93%
                Carrying: laden    764464  of which SPOIL     13636 (  1.8%)
  140    1  hand    0/0         2352     2532    14204    13335        0    7/22        0          6 4 1 9 2
                founded x   12..88   (nest 48 food 188; nearest founder 100 cells out, farthest 176, nominal gap 140)  occupancy/1k [41 13 22 16 5 2 11 17]  carry->nest      66  born    2 died   22 (starved   21)
                own trail: route pk  136 end    0 along +0.0000  B nest->food [56,3162,6331,9655,8423]  blocked       93  kin swaps       0  ticks     21950  tumbles      8959 (homeward        0, 0.00%)  drops      15
                channel A: PEAK amt   7733 cells  129 (of 141 route)  POLARITY|| +0.02513 && -0.01320 SPAN -0.01967 edge  17.1  end nest->food [0,0,0,0,0]  nest   25  AtNest 12.70%
                Carrying: laden     19227  of which SPOIL      5892 ( 30.6%)
  140    2  hand    0/0         5117     1680    16290    19074        0    5/24        0          4 9 3 8 0
                founded x   12..88   (nest 48 food 188; nearest founder 100 cells out, farthest 176, nominal gap 140)  occupancy/1k [56 14 21 15 7 5 16 30]  carry->nest      51  born    4 died   24 (starved   23)
                own trail: route pk  136 end    0 along +0.0000  B nest->food [56,3162,6332,9559,8340]  blocked       94  kin swaps       0  ticks     27763  tumbles     11787 (homeward        0, 0.00%)  drops      39
                channel A: PEAK amt  13503 cells   77 (of 141 route)  POLARITY|| +0.03555 && +0.02689 SPAN +0.00514 edge  10.7  end nest->food [0,0,0,0,0]  nest   25  AtNest  9.44%
                Carrying: laden     22944  of which SPOIL      4146 ( 18.1%)
  140    3  hand    0/0            0     2016     8280     1080        0    2/20        0          7 8 3 0 2
                founded x   12..88   (nest 48 food 188; nearest founder 100 cells out, farthest 176, nominal gap 140)  occupancy/1k [69 25 14 5 3 6 0 1]  carry->nest     -19  born    0 died   20 (starved   19)
                own trail: route pk  136 end    0 along +0.0000  B nest->food [56,3162,6331,9500,8437]  blocked       48  kin swaps       0  ticks     21276  tumbles      9201 (homeward        0, 0.00%)  drops       1
                channel A: PEAK amt   9745 cells   81 (of 141 route)  POLARITY|| +0.04245 && +0.01583 SPAN -0.01164 edge  10.7  end nest->food [0,0,0,0,0]  nest   25  AtNest 16.68%
                Carrying: laden      3990  of which SPOIL      2910 ( 72.9%)
  200    1  hand    0/0            0     5124     7770      570        0    1/20        0          8 5 3 3 1
                founded x   12..88   (nest 48 food 248; nearest founder 160 cells out, farthest 236, nominal gap 200)  occupancy/1k [52 23 22 6 4 8 2 1]  carry->nest       0  born    0 died   20 (starved   20)
                own trail: route pk  194 end    0 along +0.0000  B nest->food [37,3162,6331,9506,8375]  blocked       73  kin swaps       0  ticks     20383  tumbles      8237 (homeward        0, 0.00%)  drops       0
                channel A: PEAK amt   8456 cells  113 (of 201 route)  POLARITY|| +0.02313 && -0.00637 SPAN -0.01568 edge  22.7  end nest->food [0,0,0,0,0]  nest   25  AtNest 13.61%
                Carrying: laden      6612  of which SPOIL      6042 ( 91.4%)
  200    2  hand    0/0            0     3984     7692     1368        0    1/20        0         10 8 0 1 1
                founded x   12..88   (nest 48 food 248; nearest founder 160 cells out, farthest 236, nominal gap 200)  occupancy/1k [62 32 17 6 0 0 2 2]  carry->nest       0  born    0 died   20 (starved   20)
                own trail: route pk  194 end    0 along +0.0000  B nest->food [37,3162,6331,9500,8365]  blocked       71  kin swaps       0  ticks     20992  tumbles      8634 (homeward        0, 0.00%)  drops       0
                channel A: PEAK amt  13503 cells   66 (of 201 route)  POLARITY|| +0.05944 && +0.03367 SPAN +0.00069 edge  10.9  end nest->food [0,0,0,0,0]  nest   25  AtNest 12.02%
                Carrying: laden      5010  of which SPOIL      3642 ( 72.7%)
  200    3  hand    0/0            0        0     7590        0        0    0/20        0          8 8 2 2 0
                founded x   12..88   (nest 48 food 248; nearest founder 160 cells out, farthest 236, nominal gap 200)  occupancy/1k [79 19 9 12 2 1 0 0]  carry->nest       0  born    0 died   20 (starved   19)
                own trail: route pk  194 end    0 along +0.0000  B nest->food [37,3162,6331,9500,8343]  blocked       74  kin swaps       0  ticks     20786  tumbles      8713 (homeward        0, 0.00%)  drops       0
                channel A: PEAK amt  10565 cells   98 (of 201 route)  POLARITY|| +0.03784 && +0.03181 SPAN +0.01317 edge  14.1  end nest->food [0,0,0,0,0]  nest   25  AtNest 18.84%
                Carrying: laden      5610  of which SPOIL      5610 (100.0%)

  larder put out, over the whole sweep: 48000-502080 J, against a need near 46,800 J
    for 52 ants over 24,000 frames -- so these colonies are provisioned, not starved.
  intake off anything that is not the larder is ASSERTED to be 0 in every row, not printed.

  `self` vs `mute` is the real question: do the ants' OWN trails do anything?
  `visitors` is DISTINCT ants that reached the food over distinct ants that ever lived --
    recruitment, which `near` ant-ticks cannot see: 50 visitors and 1 resident read alike.
  `trips` is nest -> food -> nest, closed on the RETURN. `reach` buckets every ant by how
  `occupancy` is ant-ticks in 8 equal bands, NEST END FIRST, food end last -- a commuting
    colony is bimodal, a dispersing one slides its mass right, a homebody is a spike at 0.
  `carry->nest` is signed cells moved while holding larder, POSITIVE = homeward. Near zero
    means food is picked up and wandered with, which is a different fault from not finding it.
    far it ever got, as a share of the gap, so a commuting population is visible as a shape.
  `hand` vs `self` only says whether a laid ramp beats what they bootstrap.
  `hmute` is the DECAY BASELINE for `route pk`: our ramp laid, the ants silenced.
  `flatN`/`flatF` are the POLARITY metric's negative controls: a FLAT channel A blob over
    the nest half / the food half, ants' EmitA silenced. A field with no ramp in it at all.
    A correct metric reads 0 on both. POLARITY|| is predicted to read ~+0.12 and ~-0.12,
    which brackets every polarity figure in the report -- see `lay_flat`.
  `homeA` lays a channel A HOMING ramp and no food trail -- if laden ants only fail
    to route because they cannot find their way home, this is where their own B appears.
  `carry` is ant-ticks holding larder in the crop; `carry@nest` is those inside the +-26 nest band --
    that pair is the answer to "is food being carried back", which a cell census cannot give.
  `other J` must read 0 in every row: it is the check that `onlyfood` held.
  A gap where `alive` reaches 0 in every arm is measuring a dead colony, not a deaf one.
