  diet: larder=fruit onlyfood=on
  odometer A: recur=shipped emita=shipped biasa=shipped   odometer B: charb=shipped recurb=shipped emitb=shipped biasb=shipped carryb=shipped
trailfollow: mode=gap gate=shipped frames=24000 seeds=6 seed0=1 ants=20 relay=60 near=10 food=400 refill=400 stop=6000 homebias=1
  gate shipped: off -45.0  on +0.5  along ±6.0
  landed 2026-09-09: units 0/1 = b2 (off -45, on +0.5, along 6); units 2/3 = saturated (off -45, on +30, along 6). See open-bugs-handoff.md Z7.

  gap seed   arm     alive     ate J  arrive@    dead@    carry    @nest  visitors  trips reach 0-25-50-75-100
----- ---- ----- --------- --------- -------- -------- -------- -------- --------- ------ ------------------
   90    1  hand    0/0         4332     1146    19998    33840        0    9/20        2         6 0 2 12 0
                founded x   12..88   (nest cursor 48 MATERIAL x 26..70 11 of 20 founders born on it; food 138; nearest founder 50 cells out, farthest 126, nominal gap 90)  occupancy/1k [25 23 8 12 22 18 41 102]  carry->nest     157  born    0 died   20 (starved   19)
                own trail: route pk   64 end    0 along +0.0000  B nest->food [89,3092,6360,9522,8293]  blocked      238  kin swaps       0  ticks     42496  tumbles     18503 (homeward     1752, 9.47%)  drops       0  chew parked     19 resumed     14 (       12 J)  trips born-on-comb    2 (11 ants) / born-off    0 (9 ants)
                channel A: PEAK amt   8666 cells   83 (of 91 route)  POLARITY|| +0.01237 && -0.00282 SPAN -0.00540 edge  13.4  end nest->food [0,0,0,0,0]  nest   25  AtNest  2.72%
                Carrying: laden     37458  of which SPOIL      5358 ( 14.3%)
   90    2  hand    0/0         3980      600    20904    23039        0    9/21        1         5 0 5 11 0
                founded x   12..88   (nest cursor 48 MATERIAL x 26..70 11 of 21 founders born on it; food 138; nearest founder 50 cells out, farthest 126, nominal gap 90)  occupancy/1k [29 27 6 11 25 21 49 44]  carry->nest     157  born    1 died   21 (starved   20)
                own trail: route pk   31 end    0 along +0.0000  B nest->food [89,3092,6355,9545,8291]  blocked      194  kin swaps       0  ticks     36238  tumbles     15291 (homeward     1150, 7.52%)  drops       0  chew parked     13 resumed      6 (        8 J)  trips born-on-comb    0 (11 ants) / born-off    1 (10 ants)
                channel A: PEAK amt  13503 cells   86 (of 91 route)  POLARITY|| +0.01775 && +0.00408 SPAN -0.00664 edge  12.8  end nest->food [0,0,0,0,0]  nest   25  AtNest  4.10%
                Carrying: laden     27739  of which SPOIL      4700 ( 16.9%)
   90    3  hand    0/0         2736      564    23178    24474        0   10/20        0         6 1 2 11 0
                founded x   12..88   (nest cursor 48 MATERIAL x 26..70 11 of 20 founders born on it; food 138; nearest founder 50 cells out, farthest 126, nominal gap 90)  occupancy/1k [47 16 1 7 24 20 47 30]  carry->nest     205  born    0 died   20 (starved   18)
                own trail: route pk   42 end    0 along +0.0000  B nest->food [89,3092,6371,9814,8292]  blocked      205  kin swaps       0  ticks     32937  tumbles     13565 (homeward     1200, 8.85%)  drops       0  chew parked     12 resumed      7 (        3 J)  trips born-on-comb    0 (11 ants) / born-off    0 (9 ants)
                channel A: PEAK amt   9500 cells   86 (of 91 route)  POLARITY|| +0.01107 && -0.00822 SPAN -0.01689 edge  12.5  end nest->food [0,0,0,0,0]  nest   25  AtNest  5.29%
                Carrying: laden     28812  of which SPOIL      4338 ( 15.1%)
   90    4  hand    8/8         7028     1050        0    47628        0   14/21        1         4 2 1 14 0
                founded x   12..88   (nest cursor 48 MATERIAL x 26..70 11 of 21 founders born on it; food 138; nearest founder 50 cells out, farthest 126, nominal gap 90)  occupancy/1k [52 11 6 11 12 17 81 111]  carry->nest     280  born    1 died   13 (starved   12)
                own trail: route pk   28 end   25 along -0.0606  B nest->food [89,3092,6357,9641,8293]  blocked      303  kin swaps       0  ticks     50666  tumbles     22474 (homeward     2294, 10.21%)  drops       0  chew parked     26 resumed     15 (       11 J)  trips born-on-comb    1 (11 ants) / born-off    0 (10 ants)
                channel A: PEAK amt  11068 cells   86 (of 91 route)  POLARITY|| +0.01904 && +0.01910 SPAN +0.01007 edge  12.4  end nest->food [0,0,0,0,0]  nest   25  AtNest  2.76%
                Carrying: laden     52104  of which SPOIL      4476 (  8.6%)
   90    5  hand    0/0         2280      534    14154    19392        0    8/20        1         6 0 3 11 0
                founded x   12..88   (nest cursor 48 MATERIAL x 26..70 11 of 20 founders born on it; food 138; nearest founder 50 cells out, farthest 126, nominal gap 90)  occupancy/1k [47 12 7 13 15 30 51 11]  carry->nest     203  born    0 died   20 (starved   19)
                own trail: route pk   42 end    0 along +0.0000  B nest->food [89,3093,6375,9619,8291]  blocked      187  kin swaps       0  ticks     31677  tumbles     13187 (homeward      958, 7.26%)  drops       0  chew parked     10 resumed      5 (        2 J)  trips born-on-comb    0 (11 ants) / born-off    1 (9 ants)
                channel A: PEAK amt  10295 cells   86 (of 91 route)  POLARITY|| +0.02493 && +0.01175 SPAN +0.00167 edge  15.2  end nest->food [0,0,0,0,0]  nest   25  AtNest  4.39%
                Carrying: laden     22488  of which SPOIL      3096 ( 13.8%)
   90    6  hand    0/0          228      528     8274     3666        0    2/20        0          8 1 5 6 0
                founded x   12..88   (nest cursor 48 MATERIAL x 26..70 11 of 20 founders born on it; food 138; nearest founder 50 cells out, farthest 126, nominal gap 90)  occupancy/1k [62 23 6 10 17 6 3 1]  carry->nest      72  born    0 died   20 (starved   20)
                own trail: route pk    0 end    0 along +0.0000  B nest->food [89,3092,6360,9491,8290]  blocked      130  kin swaps       0  ticks     21930  tumbles      9094 (homeward      157, 1.73%)  drops       0  chew parked      1 resumed      1 (        0 J)  trips born-on-comb    0 (11 ants) / born-off    0 (9 ants)
                channel A: PEAK amt  12445 cells   77 (of 91 route)  POLARITY|| +0.03937 && +0.00013 SPAN -0.01455 edge  11.9  end nest->food [0,0,0,0,0]  nest   25  AtNest 13.86%
                Carrying: laden      7254  of which SPOIL      3690 ( 50.9%)
  140    1  hand    0/0         1140     2538    11148    11970        0    6/20        0          6 1 5 8 0
                founded x   12..88   (nest cursor 48 MATERIAL x 26..70 11 of 20 founders born on it; food 188; nearest founder 100 cells out, farthest 176, nominal gap 140)  occupancy/1k [33 14 24 9 15 7 15 23]  carry->nest     272  born    0 died   20 (starved   20)
                own trail: route pk   93 end    0 along +0.0000  B nest->food [56,3162,6368,9617,8325]  blocked       96  kin swaps       0  ticks     24092  tumbles      9079 (homeward      511, 5.63%)  drops       0  chew parked      5 resumed      2 (        1 J)  trips born-on-comb    0 (11 ants) / born-off    0 (9 ants)
                channel A: PEAK amt   7733 cells  123 (of 141 route)  POLARITY|| +0.01568 && -0.00341 SPAN -0.00759 edge  18.5  end nest->food [0,0,0,0,0]  nest   25  AtNest  5.22%
                Carrying: laden     13602  of which SPOIL      1632 ( 12.0%)
  140    2  hand    0/0          456     1680     8376     5490        0    3/20        0          5 7 5 3 0
                founded x   12..88   (nest cursor 48 MATERIAL x 26..70 11 of 20 founders born on it; food 188; nearest founder 100 cells out, farthest 176, nominal gap 140)  occupancy/1k [67 12 26 7 13 6 1 1]  carry->nest     220  born    0 died   20 (starved   20)
                own trail: route pk   17 end    0 along +0.0000  B nest->food [56,3181,6429,9566,8325]  blocked      105  kin swaps       0  ticks     22659  tumbles      9209 (homeward      172, 1.87%)  drops       0  chew parked      2 resumed      1 (        0 J)  trips born-on-comb    0 (11 ants) / born-off    0 (9 ants)
                channel A: PEAK amt  13503 cells   85 (of 141 route)  POLARITY|| +0.06569 && +0.04032 SPAN -0.00969 edge  14.5  end nest->food [0,0,0,0,0]  nest   25  AtNest  5.49%
                Carrying: laden      9072  of which SPOIL      4560 ( 50.3%)
  140    3  hand    0/0            0     2016     7974     2820        0    2/20        0          8 5 4 3 0
                founded x   12..88   (nest cursor 48 MATERIAL x 26..70 11 of 20 founders born on it; food 188; nearest founder 100 cells out, farthest 176, nominal gap 140)  occupancy/1k [68 21 14 2 3 8 2 0]  carry->nest      50  born    0 died   20 (starved   19)
                own trail: route pk    0 end    0 along +0.0000  B nest->food [56,3162,6331,9597,8325]  blocked      211  kin swaps       0  ticks     20369  tumbles      8549 (homeward      118, 1.38%)  drops       0  chew parked      0 resumed      0 (        0 J)  trips born-on-comb    0 (11 ants) / born-off    0 (9 ants)
                channel A: PEAK amt   9805 cells  112 (of 141 route)  POLARITY|| +0.03642 && +0.00792 SPAN +0.01083 edge  13.0  end nest->food [0,0,0,0,0]  nest   25  AtNest  9.23%
                Carrying: laden      7008  of which SPOIL      4188 ( 59.8%)
  140    4  hand    0/0            0     3000     7746     2052        0    3/20        0          5 6 5 4 0
                founded x   12..88   (nest cursor 48 MATERIAL x 26..70 11 of 20 founders born on it; food 188; nearest founder 100 cells out, farthest 176, nominal gap 140)  occupancy/1k [48 31 11 7 12 7 2 2]  carry->nest      47  born    0 died   20 (starved   20)
                own trail: route pk    0 end    0 along +0.0000  B nest->food [56,3162,6331,9520,8325]  blocked       84  kin swaps       0  ticks     20733  tumbles      8661 (homeward       58, 0.67%)  drops       0  chew parked      0 resumed      0 (        0 J)  trips born-on-comb    0 (11 ants) / born-off    0 (9 ants)
                channel A: PEAK amt  11068 cells   97 (of 141 route)  POLARITY|| +0.06748 && +0.04812 SPAN +0.00272 edge   9.9  end nest->food [0,0,0,0,0]  nest   25  AtNest 11.17%
                Carrying: laden      4500  of which SPOIL      2448 ( 54.4%)
  140    5  hand    0/0          228     4248    12678     1740        0    1/20        0          7 3 5 5 0
                founded x   12..88   (nest cursor 48 MATERIAL x 26..70 11 of 20 founders born on it; food 188; nearest founder 100 cells out, farthest 176, nominal gap 140)  occupancy/1k [35 34 15 6 10 10 3 5]  carry->nest       5  born    0 died   20 (starved   19)
                own trail: route pk    0 end    0 along +0.0000  B nest->food [56,3162,6331,9500,8324]  blocked      106  kin swaps       0  ticks     20264  tumbles      8065 (homeward      116, 1.44%)  drops       0  chew parked      1 resumed      0 (        0 J)  trips born-on-comb    0 (11 ants) / born-off    0 (9 ants)
                channel A: PEAK amt  10991 cells  120 (of 141 route)  POLARITY|| +0.02488 && +0.01068 SPAN -0.00252 edge  15.3  end nest->food [0,0,0,0,0]  nest   25  AtNest  7.64%
                Carrying: laden      4632  of which SPOIL      2892 ( 62.4%)
  140    6  hand    0/0            0        0     8118        0        0    0/20        0          9 7 2 2 0
                founded x   12..88   (nest cursor 48 MATERIAL x 26..70 11 of 20 founders born on it; food 188; nearest founder 100 cells out, farthest 176, nominal gap 140)  occupancy/1k [81 9 20 9 2 1 1 0]  carry->nest       0  born    0 died   20 (starved   20)
                own trail: route pk    0 end    0 along +0.0000  B nest->food [56,3162,6331,9500,8324]  blocked      124  kin swaps       0  ticks     20938  tumbles      8511 (homeward        0, 0.00%)  drops       0  chew parked      0 resumed      0 (        0 J)  trips born-on-comb    0 (11 ants) / born-off    0 (9 ants)
                channel A: PEAK amt  13409 cells   70 (of 141 route)  POLARITY|| +0.02882 && -0.01574 SPAN +0.00108 edge  10.2  end nest->food [0,0,0,0,0]  nest   25  AtNest 12.20%
                Carrying: laden      1650  of which SPOIL      1650 (100.0%)
  200    1  hand    0/0            0     5166     7968      768        0    1/20        0          9 3 4 4 0
                founded x   12..88   (nest cursor 48 MATERIAL x 26..70 11 of 20 founders born on it; food 248; nearest founder 160 cells out, farthest 236, nominal gap 200)  occupancy/1k [43 30 16 5 6 13 1 0]  carry->nest      47  born    0 died   20 (starved   20)
                own trail: route pk    0 end    0 along +0.0000  B nest->food [37,3162,6331,9519,8343]  blocked       80  kin swaps       0  ticks     19540  tumbles      7537 (homeward       21, 0.28%)  drops       0  chew parked      0 resumed      0 (        0 J)  trips born-on-comb    0 (11 ants) / born-off    0 (9 ants)
                channel A: PEAK amt   8456 cells  137 (of 201 route)  POLARITY|| +0.02402 && +0.00200 SPAN -0.00403 edge  22.9  end nest->food [0,0,0,0,0]  nest   25  AtNest  6.19%
                Carrying: laden      2886  of which SPOIL      2238 ( 77.5%)
  200    2  hand    0/0            0     3984     7986      942        0    1/20        0         13 4 1 2 0
                founded x   12..88   (nest cursor 48 MATERIAL x 26..70 11 of 20 founders born on it; food 248; nearest founder 160 cells out, farthest 236, nominal gap 200)  occupancy/1k [69 33 13 6 1 1 2 0]  carry->nest      34  born    0 died   20 (starved   20)
                own trail: route pk    0 end    0 along +0.0000  B nest->food [37,3162,6331,9503,8343]  blocked      106  kin swaps       0  ticks     21480  tumbles      8993 (homeward       24, 0.27%)  drops       0  chew parked      0 resumed      0 (        0 J)  trips born-on-comb    0 (11 ants) / born-off    0 (9 ants)
                channel A: PEAK amt  13906 cells   61 (of 201 route)  POLARITY|| +0.09614 && +0.06805 SPAN -0.01334 edge  10.5  end nest->food [0,0,0,0,0]  nest   25  AtNest  5.56%
                Carrying: laden      4272  of which SPOIL      3330 ( 77.9%)
  200    3  hand    0/0            0     5928     7416      168        0    1/20        0         6 11 0 3 0
                founded x   12..88   (nest cursor 48 MATERIAL x 26..70 11 of 20 founders born on it; food 248; nearest founder 160 cells out, farthest 236, nominal gap 200)  occupancy/1k [58 31 15 8 1 1 0 0]  carry->nest       1  born    0 died   20 (starved   19)
                own trail: route pk    0 end    0 along +0.0000  B nest->food [37,3162,6331,9500,8343]  blocked      112  kin swaps       0  ticks     19601  tumbles      7768 (homeward        7, 0.09%)  drops       0  chew parked      0 resumed      0 (        0 J)  trips born-on-comb    0 (11 ants) / born-off    0 (9 ants)
                channel A: PEAK amt  10565 cells  144 (of 201 route)  POLARITY|| +0.05246 && +0.04464 SPAN +0.02243 edge  10.9  end nest->food [0,0,0,0,0]  nest   25  AtNest 10.81%
                Carrying: laden      2382  of which SPOIL      2214 ( 92.9%)
  200    4  hand    0/0            0     3426     7602      252        0    1/20        0          9 6 3 2 0
                founded x   12..88   (nest cursor 48 MATERIAL x 26..70 11 of 20 founders born on it; food 248; nearest founder 160 cells out, farthest 236, nominal gap 200)  occupancy/1k [67 29 18 2 3 2 1 0]  carry->nest      11  born    0 died   20 (starved   20)
                own trail: route pk    0 end    0 along +0.0000  B nest->food [37,3162,6331,9500,8343]  blocked       69  kin swaps       0  ticks     21005  tumbles      8751 (homeward        4, 0.05%)  drops       0  chew parked      0 resumed      0 (        0 J)  trips born-on-comb    0 (11 ants) / born-off    0 (9 ants)
                channel A: PEAK amt  10708 cells  131 (of 201 route)  POLARITY|| +0.09578 && +0.09263 SPAN +0.00009 edge   9.6  end nest->food [0,0,0,0,0]  nest   25  AtNest  9.91%
                Carrying: laden      2562  of which SPOIL      2430 ( 94.8%)
  200    5  hand    0/0            0        0     6768        0        0    0/20        0          9 3 6 2 0
                founded x   12..88   (nest cursor 48 MATERIAL x 26..70 11 of 20 founders born on it; food 248; nearest founder 160 cells out, farthest 236, nominal gap 200)  occupancy/1k [49 34 5 9 7 3 0 0]  carry->nest       0  born    0 died   20 (starved   19)
                own trail: route pk    0 end    0 along +0.0000  B nest->food [37,3162,6331,9500,8343]  blocked      121  kin swaps       0  ticks     18191  tumbles      6863 (homeward        0, 0.00%)  drops       0  chew parked      0 resumed      0 (        0 J)  trips born-on-comb    0 (11 ants) / born-off    0 (9 ants)
                channel A: PEAK amt  10774 cells  148 (of 201 route)  POLARITY|| +0.02546 && -0.00822 SPAN -0.01276 edge  19.1  end nest->food [0,0,0,0,0]  nest   25  AtNest  7.76%
                Carrying: laden      2616  of which SPOIL      2616 (100.0%)
  200    6  hand    0/0            0        0     7938        0        0    0/20        0         11 7 2 0 0
                founded x   12..88   (nest cursor 48 MATERIAL x 26..70 11 of 20 founders born on it; food 248; nearest founder 160 cells out, farthest 236, nominal gap 200)  occupancy/1k [86 21 16 2 1 0 0 0]  carry->nest       0  born    0 died   20 (starved   20)
                own trail: route pk    0 end    0 along +0.0000  B nest->food [37,3162,6331,9500,8343]  blocked      100  kin swaps       0  ticks     21339  tumbles      8868 (homeward        0, 0.00%)  drops       0  chew parked      0 resumed      0 (        0 J)  trips born-on-comb    0 (11 ants) / born-off    0 (9 ants)
                channel A: PEAK amt  13601 cells   77 (of 201 route)  POLARITY|| +0.04703 && +0.01275 SPAN -0.01187 edge  10.7  end nest->food [0,0,0,0,0]  nest   25  AtNest 16.80%
                Carrying: laden      1782  of which SPOIL      1782 (100.0%)

  larder put out, over the whole sweep: 96000-103680 J, against a need near 46,800 J
    for 52 ants over 24,000 frames -- so these colonies are provisioned, not starved.
  intake off anything that is not the larder is ASSERTED to be 0 in every row, not printed.

  `self` vs `mute` is the real question: do the ants' OWN trails do anything?
  `visitors` is DISTINCT ants that reached the food over distinct ants that ever lived --
    recruitment, which `near` ant-ticks cannot see: 50 visitors and 1 resident read alike.
  `trips` is nest -> food -> nest, closed on the RETURN. `reach` buckets every ant by how
  `occupancy` is ant-ticks in 8 equal bands, NEST END FIRST, food end last -- a commuting
    colony is bimodal, a dispersing one slides its mass right, a homebody is a spike at 0.
  `carry->nest` is signed cells moved while holding larder, POSITIVE = homeward. Near zero
    means food is picked up and wandered with, which is a different fault from not finding it.
    far it ever got, as a share of the gap, so a commuting population is visible as a shape.
  `hand` vs `self` only says whether a laid ramp beats what they bootstrap.
  `hmute` is the DECAY BASELINE for `route pk`: our ramp laid, the ants silenced.
  `flatN`/`flatF` are the POLARITY metric's negative controls: a FLAT channel A blob over
    the nest half / the food half, ants' EmitA silenced. A field with no ramp in it at all.
    A correct metric reads 0 on both. POLARITY|| is predicted to read ~+0.12 and ~-0.12,
    which brackets every polarity figure in the report -- see `lay_flat`.
  `homeA` lays a channel A HOMING ramp and no food trail -- if laden ants only fail
    to route because they cannot find their way home, this is where their own B appears.
  `carry` is ant-ticks holding larder in the crop; `carry@nest` is those inside the +-26 nest band --
    that pair is the answer to "is food being carried back", which a cell census cannot give.
  `other J` must read 0 in every row: it is the check that `onlyfood` held.
  A gap where `alive` reaches 0 in every arm is measuring a dead colony, not a deaf one.
