  diet: larder=fruit onlyfood=on
  odometer A: recur=shipped emita=shipped biasa=shipped   odometer B: charb=shipped recurb=shipped emitb=shipped biasb=shipped carryb=shipped
trailfollow: mode=gap gate=shipped frames=24000 seeds=6 seed0=1 ants=20 relay=60 near=10 food=400 refill=400 stop=6000 homebias=1 cropcap=2880
  gate shipped: off -45.0  on +0.5  along ±6.0
  landed 2026-09-09: units 0/1 = b2 (off -45, on +0.5, along 6); units 2/3 = saturated (off -45, on +30, along 6). See open-bugs-handoff.md Z7.

  gap seed   arm     alive     ate J  arrive@    dead@    carry    @nest  visitors  trips reach 0-25-50-75-100
----- ---- ----- --------- --------- -------- -------- -------- -------- --------- ------ ------------------
   90    1  hand    6/6         4788     1146        0    40111        0   10/20        1         6 0 2 12 0
                founded x   12..88   (nest cursor 48 MATERIAL x 26..70 11 of 20 founders born on it; food 138; nearest founder 50 cells out, farthest 126, nominal gap 90)  occupancy/1k [25 24 7 9 13 24 107 40]  carry->nest     198  born    0 died   14 (starved   12)
                own trail: route pk   60 end   29 along +0.0090  B nest->food [89,3092,6380,9694,8291]  blocked      196  kin swaps       0  ticks     42268  tumbles     18305 (homeward     1798, 9.82%)  drops       0  chew parked     11 resumed      5 (        2 J)  trips born-on-comb    0 (11 ants) / born-off    1 (9 ants)
                channel A: PEAK amt   8666 cells   76 (of 91 route)  POLARITY|| +0.01443 && +0.00016 SPAN -0.00054 edge  13.2  end nest->food [0,0,0,59,0]  nest   25  AtNest  3.12%
                Carrying: laden     43891  of which SPOIL      5520 ( 12.6%)
   90    2  hand    0/0         1596      600    12246    14466        0    4/20        0          5 0 9 6 0
                founded x   12..88   (nest cursor 48 MATERIAL x 26..70 11 of 20 founders born on it; food 138; nearest founder 50 cells out, farthest 126, nominal gap 90)  occupancy/1k [29 27 6 31 49 18 6 1]  carry->nest     142  born    0 died   20 (starved   20)
                own trail: route pk   45 end    0 along +0.0000  B nest->food [89,3092,6490,9531,8291]  blocked      178  kin swaps       0  ticks     28684  tumbles     12010 (homeward      610, 5.08%)  drops       0  chew parked      3 resumed      1 (        0 J)  trips born-on-comb    0 (11 ants) / born-off    0 (9 ants)
                channel A: PEAK amt  15975 cells   76 (of 91 route)  POLARITY|| +0.03150 && +0.01305 SPAN +0.00278 edge  11.7  end nest->food [0,0,0,0,0]  nest   25  AtNest  5.20%
                Carrying: laden     18564  of which SPOIL      4278 ( 23.0%)
   90    3  hand    0/0         3192      564    13542    25392       78    7/20        4          7 1 3 9 0
                founded x   12..88   (nest cursor 48 MATERIAL x 26..70 11 of 20 founders born on it; food 138; nearest founder 50 cells out, farthest 126, nominal gap 90)  occupancy/1k [50 14 14 22 30 39 17 6]  carry->nest     243  born    0 died   20 (starved   18)
                own trail: route pk   56 end    0 along +0.0000  B nest->food [89,3096,6694,9642,8292]  blocked      385  kin swaps       0  ticks     32458  tumbles     13100 (homeward      921, 7.03%)  drops       0  chew parked      8 resumed      2 (        1 J)  trips born-on-comb    1 (11 ants) / born-off    3 (9 ants)
                channel A: PEAK amt  21972 cells   84 (of 91 route)  POLARITY|| +0.02766 && +0.02431 SPAN +0.01363 edge  13.8  end nest->food [0,0,0,0,0]  nest   25  AtNest  5.89%
                Carrying: laden     32874  of which SPOIL      7482 ( 22.8%)
   90    4  hand    1/1         3192     1050        0    28621     3792    7/20        1         3 1 5 11 0
                founded x   12..88   (nest cursor 48 MATERIAL x 26..70 11 of 20 founders born on it; food 138; nearest founder 50 cells out, farthest 126, nominal gap 90)  occupancy/1k [46 23 17 24 28 23 23 5]  carry->nest     240  born    0 died   19 (starved   17)
                own trail: route pk   25 end   10 along -0.0348  B nest->food [89,3142,6437,9753,8291]  blocked      187  kin swaps       0  ticks     32464  tumbles     13604 (homeward     1117, 8.21%)  drops     107  chew parked    110 resumed    103 (    61256 J)  trips born-on-comb    0 (11 ants) / born-off    1 (9 ants)
                channel A: PEAK amt  12976 cells   69 (of 91 route)  POLARITY|| +0.02007 && +0.02113 SPAN +0.01114 edge  17.4  end nest->food [0,0,0,0,0]  nest   25  AtNest 10.88%
                Carrying: laden     31663  of which SPOIL      3048 (  9.6%)
   90    5  hand    1/1         4332      534        0    35820     3786    7/20        2         6 0 3 11 0
                founded x   12..88   (nest cursor 48 MATERIAL x 26..70 11 of 20 founders born on it; food 138; nearest founder 50 cells out, farthest 126, nominal gap 90)  occupancy/1k [47 12 13 33 53 29 31 5]  carry->nest     263  born    0 died   19 (starved   17)
                own trail: route pk   57 end    0 along +0.0000  B nest->food [89,3107,6544,9721,8293]  blocked      146  kin swaps       0  ticks     37712  tumbles     16054 (homeward     1560, 9.72%)  drops      37  chew parked     25 resumed     20 (     8348 J)  trips born-on-comb    1 (11 ants) / born-off    1 (9 ants)
                channel A: PEAK amt  10295 cells   83 (of 91 route)  POLARITY|| +0.01786 && +0.00163 SPAN -0.01248 edge  12.7  end nest->food [0,456,0,0,0]  nest   25  AtNest  3.90%
                Carrying: laden     38490  of which SPOIL      2670 (  6.9%)
   90    6  hand    0/0         1368      528    11244    13218     1542    4/20        1          5 8 3 4 0
                founded x   12..88   (nest cursor 48 MATERIAL x 26..70 11 of 20 founders born on it; food 138; nearest founder 50 cells out, farthest 126, nominal gap 90)  occupancy/1k [63 30 27 20 5 4 1 0]  carry->nest     167  born    0 died   20 (starved   19)
                own trail: route pk   14 end    0 along +0.0000  B nest->food [89,3147,6372,9520,8292]  blocked      233  kin swaps       0  ticks     25648  tumbles     10614 (homeward      501, 4.72%)  drops       0  chew parked      3 resumed      0 (        0 J)  trips born-on-comb    0 (11 ants) / born-off    1 (9 ants)
                channel A: PEAK amt  22167 cells   62 (of 91 route)  POLARITY|| +0.05312 && +0.03030 SPAN -0.00508 edge  10.5  end nest->food [0,0,0,0,0]  nest   25  AtNest 14.26%
                Carrying: laden     17118  of which SPOIL      7386 ( 43.1%)
  140    1  hand    0/0          456     2538     8364     5196        0    2/20        0          6 2 8 4 0
                founded x   12..88   (nest cursor 48 MATERIAL x 26..70 11 of 20 founders born on it; food 188; nearest founder 100 cells out, farthest 176, nominal gap 140)  occupancy/1k [33 14 23 13 27 8 6 3]  carry->nest      83  born    0 died   20 (starved   20)
                own trail: route pk   10 end    0 along +0.0000  B nest->food [56,3162,6363,9523,8325]  blocked       93  kin swaps       0  ticks     21670  tumbles      8383 (homeward      170, 2.03%)  drops       0  chew parked      1 resumed      0 (        0 J)  trips born-on-comb    0 (11 ants) / born-off    0 (9 ants)
                channel A: PEAK amt   7733 cells  119 (of 141 route)  POLARITY|| +0.02073 && -0.01191 SPAN -0.01326 edge  18.3  end nest->food [0,0,0,0,0]  nest   25  AtNest  5.81%
                Carrying: laden      7158  of which SPOIL      1962 ( 27.4%)
  140    2  hand    1/1         2508     1680        0    20664        0    4/20        1          9 5 2 4 0
                founded x   12..88   (nest cursor 48 MATERIAL x 26..70 11 of 20 founders born on it; food 188; nearest founder 100 cells out, farthest 176, nominal gap 140)  occupancy/1k [70 16 40 8 6 5 9 10]  carry->nest     269  born    0 died   19 (starved   19)
                own trail: route pk   18 end   14 along -0.0008  B nest->food [56,3196,6378,9610,8325]  blocked      156  kin swaps       0  ticks     28039  tumbles     11384 (homeward      697, 6.12%)  drops       0  chew parked      7 resumed      3 (        2 J)  trips born-on-comb    0 (11 ants) / born-off    1 (9 ants)
                channel A: PEAK amt  18118 cells   97 (of 141 route)  POLARITY|| +0.02801 && +0.02592 SPAN +0.00044 edge  14.3  end nest->food [0,0,0,0,0]  nest   25  AtNest  4.43%
                Carrying: laden     24510  of which SPOIL      3846 ( 15.7%)
  140    3  hand    1/1         2568     2016        0    11328        0    3/21        1          8 6 2 5 0
                founded x   12..88   (nest cursor 48 MATERIAL x 26..70 11 of 21 founders born on it; food 188; nearest founder 100 cells out, farthest 176, nominal gap 140)  occupancy/1k [66 23 27 2 3 14 9 2]  carry->nest     139  born    1 died   20 (starved   18)
                own trail: route pk   19 end    0 along +0.0000  B nest->food [56,3350,6352,9582,8327]  blocked      297  kin swaps       0  ticks     25056  tumbles     10117 (homeward      381, 3.77%)  drops       0  chew parked      4 resumed      2 (        1 J)  trips born-on-comb    0 (11 ants) / born-off    1 (10 ants)
                channel A: PEAK amt  10266 cells  103 (of 141 route)  POLARITY|| +0.01520 && +0.01020 SPAN +0.01850 edge  12.6  end nest->food [0,0,0,0,0]  nest   25  AtNest  8.23%
                Carrying: laden     17376  of which SPOIL      6048 ( 34.8%)
  140    4  hand    0/0            0     3000     7290     3408        0    1/20        0          6 5 6 3 0
                founded x   12..88   (nest cursor 48 MATERIAL x 26..70 11 of 20 founders born on it; food 188; nearest founder 100 cells out, farthest 176, nominal gap 140)  occupancy/1k [47 32 11 8 12 7 4 2]  carry->nest      58  born    0 died   20 (starved   20)
                own trail: route pk    0 end    0 along +0.0000  B nest->food [56,3162,6333,9525,8325]  blocked       83  kin swaps       0  ticks     21112  tumbles      9002 (homeward      135, 1.50%)  drops       0  chew parked      0 resumed      0 (        0 J)  trips born-on-comb    0 (11 ants) / born-off    0 (9 ants)
                channel A: PEAK amt  11068 cells   94 (of 141 route)  POLARITY|| +0.06998 && +0.05091 SPAN +0.00494 edge   9.5  end nest->food [0,0,0,0,0]  nest   25  AtNest 11.06%
                Carrying: laden      5766  of which SPOIL      2358 ( 40.9%)
  140    5  hand    0/0          228     4248    12678     1740        0    1/20        0          7 3 5 5 0
                founded x   12..88   (nest cursor 48 MATERIAL x 26..70 11 of 20 founders born on it; food 188; nearest founder 100 cells out, farthest 176, nominal gap 140)  occupancy/1k [35 34 15 6 10 10 3 5]  carry->nest       5  born    0 died   20 (starved   19)
                own trail: route pk    0 end    0 along +0.0000  B nest->food [56,3162,6331,9500,8324]  blocked      106  kin swaps       0  ticks     20264  tumbles      8065 (homeward       46, 0.57%)  drops       0  chew parked      1 resumed      0 (        0 J)  trips born-on-comb    0 (11 ants) / born-off    0 (9 ants)
                channel A: PEAK amt  10991 cells  120 (of 141 route)  POLARITY|| +0.02488 && +0.01068 SPAN -0.00252 edge  15.3  end nest->food [0,0,0,0,0]  nest   25  AtNest  7.64%
                Carrying: laden      4632  of which SPOIL      2892 ( 62.4%)
  140    6  hand    0/0            0        0     8118        0        0    0/20        0          9 7 2 2 0
                founded x   12..88   (nest cursor 48 MATERIAL x 26..70 11 of 20 founders born on it; food 188; nearest founder 100 cells out, farthest 176, nominal gap 140)  occupancy/1k [81 9 20 9 2 1 1 0]  carry->nest       0  born    0 died   20 (starved   20)
                own trail: route pk    0 end    0 along +0.0000  B nest->food [56,3162,6331,9500,8324]  blocked      124  kin swaps       0  ticks     20938  tumbles      8511 (homeward        0, 0.00%)  drops       0  chew parked      0 resumed      0 (        0 J)  trips born-on-comb    0 (11 ants) / born-off    0 (9 ants)
                channel A: PEAK amt  13409 cells   70 (of 141 route)  POLARITY|| +0.02882 && -0.01574 SPAN +0.00108 edge  10.2  end nest->food [0,0,0,0,0]  nest   25  AtNest 12.20%
                Carrying: laden      1650  of which SPOIL      1650 (100.0%)
  200    1  hand    0/0            0     5166     7974      270        0    1/20        0          9 3 3 5 0
                founded x   12..88   (nest cursor 48 MATERIAL x 26..70 11 of 20 founders born on it; food 248; nearest founder 160 cells out, farthest 236, nominal gap 200)  occupancy/1k [43 30 16 5 6 13 1 0]  carry->nest      23  born    0 died   20 (starved   20)
                own trail: route pk    0 end    0 along +0.0000  B nest->food [37,3162,6331,9500,8343]  blocked       78  kin swaps       0  ticks     19524  tumbles      7527 (homeward        7, 0.09%)  drops       0  chew parked      0 resumed      0 (        0 J)  trips born-on-comb    0 (11 ants) / born-off    0 (9 ants)
                channel A: PEAK amt   8456 cells  137 (of 201 route)  POLARITY|| +0.02397 && +0.00010 SPAN -0.00593 edge  22.8  end nest->food [0,0,0,0,0]  nest   25  AtNest  6.19%
                Carrying: laden      2358  of which SPOIL      2088 ( 88.5%)
  200    2  hand    0/0            0     3984     7980      696        0    1/20        0         15 2 1 2 0
                founded x   12..88   (nest cursor 48 MATERIAL x 26..70 11 of 20 founders born on it; food 248; nearest founder 160 cells out, farthest 236, nominal gap 200)  occupancy/1k [69 33 13 6 1 1 2 0]  carry->nest      47  born    0 died   20 (starved   20)
                own trail: route pk    0 end    0 along +0.0000  B nest->food [37,3162,6331,9523,8343]  blocked      103  kin swaps       0  ticks     21529  tumbles      9055 (homeward       13, 0.14%)  drops       0  chew parked      0 resumed      0 (        0 J)  trips born-on-comb    0 (11 ants) / born-off    0 (9 ants)
                channel A: PEAK amt  13906 cells   54 (of 201 route)  POLARITY|| +0.09688 && +0.06876 SPAN -0.01274 edge  11.0  end nest->food [0,0,0,0,0]  nest   25  AtNest  5.54%
                Carrying: laden      4092  of which SPOIL      3396 ( 83.0%)
  200    3  hand    0/0            0     5928     7416      156        0    1/20        0         6 11 0 3 0
                founded x   12..88   (nest cursor 48 MATERIAL x 26..70 11 of 20 founders born on it; food 248; nearest founder 160 cells out, farthest 236, nominal gap 200)  occupancy/1k [58 31 15 8 1 1 0 0]  carry->nest       1  born    0 died   20 (starved   19)
                own trail: route pk    0 end    0 along +0.0000  B nest->food [37,3162,6331,9500,8343]  blocked      112  kin swaps       0  ticks     19599  tumbles      7765 (homeward        5, 0.06%)  drops       0  chew parked      0 resumed      0 (        0 J)  trips born-on-comb    0 (11 ants) / born-off    0 (9 ants)
                channel A: PEAK amt  10565 cells  144 (of 201 route)  POLARITY|| +0.05246 && +0.04464 SPAN +0.02243 edge  10.9  end nest->food [0,0,0,0,0]  nest   25  AtNest 10.81%
                Carrying: laden      2370  of which SPOIL      2214 ( 93.4%)
  200    4  hand    0/0            0     3426     7602      252        0    1/20        0          9 6 3 2 0
                founded x   12..88   (nest cursor 48 MATERIAL x 26..70 11 of 20 founders born on it; food 248; nearest founder 160 cells out, farthest 236, nominal gap 200)  occupancy/1k [67 29 18 2 3 2 1 0]  carry->nest      11  born    0 died   20 (starved   20)
                own trail: route pk    0 end    0 along +0.0000  B nest->food [37,3162,6331,9500,8343]  blocked       69  kin swaps       0  ticks     21005  tumbles      8751 (homeward        1, 0.01%)  drops       0  chew parked      0 resumed      0 (        0 J)  trips born-on-comb    0 (11 ants) / born-off    0 (9 ants)
                channel A: PEAK amt  10708 cells  131 (of 201 route)  POLARITY|| +0.09578 && +0.09263 SPAN +0.00009 edge   9.6  end nest->food [0,0,0,0,0]  nest   25  AtNest  9.91%
                Carrying: laden      2562  of which SPOIL      2430 ( 94.8%)
  200    5  hand    0/0            0        0     6768        0        0    0/20        0          9 3 6 2 0
                founded x   12..88   (nest cursor 48 MATERIAL x 26..70 11 of 20 founders born on it; food 248; nearest founder 160 cells out, farthest 236, nominal gap 200)  occupancy/1k [49 34 5 9 7 3 0 0]  carry->nest       0  born    0 died   20 (starved   19)
                own trail: route pk    0 end    0 along +0.0000  B nest->food [37,3162,6331,9500,8343]  blocked      121  kin swaps       0  ticks     18191  tumbles      6863 (homeward        0, 0.00%)  drops       0  chew parked      0 resumed      0 (        0 J)  trips born-on-comb    0 (11 ants) / born-off    0 (9 ants)
                channel A: PEAK amt  10774 cells  148 (of 201 route)  POLARITY|| +0.02546 && -0.00822 SPAN -0.01276 edge  19.1  end nest->food [0,0,0,0,0]  nest   25  AtNest  7.76%
                Carrying: laden      2616  of which SPOIL      2616 (100.0%)
  200    6  hand    0/0            0        0     7938        0        0    0/20        0         11 7 2 0 0
                founded x   12..88   (nest cursor 48 MATERIAL x 26..70 11 of 20 founders born on it; food 248; nearest founder 160 cells out, farthest 236, nominal gap 200)  occupancy/1k [86 21 16 2 1 0 0 0]  carry->nest       0  born    0 died   20 (starved   20)
                own trail: route pk    0 end    0 along +0.0000  B nest->food [37,3162,6331,9500,8343]  blocked      100  kin swaps       0  ticks     21339  tumbles      8868 (homeward        0, 0.00%)  drops       0  chew parked      0 resumed      0 (        0 J)  trips born-on-comb    0 (11 ants) / born-off    0 (9 ants)
                channel A: PEAK amt  13601 cells   77 (of 201 route)  POLARITY|| +0.04703 && +0.01275 SPAN -0.01187 edge  10.7  end nest->food [0,0,0,0,0]  nest   25  AtNest 16.80%
                Carrying: laden      1782  of which SPOIL      1782 (100.0%)

  larder put out, over the whole sweep: 96000-102240 J, against a need near 46,800 J
    for 52 ants over 24,000 frames -- so these colonies are provisioned, not starved.
  intake off anything that is not the larder is ASSERTED to be 0 in every row, not printed.

  `self` vs `mute` is the real question: do the ants' OWN trails do anything?
  `visitors` is DISTINCT ants that reached the food over distinct ants that ever lived --
    recruitment, which `near` ant-ticks cannot see: 50 visitors and 1 resident read alike.
  `trips` is nest -> food -> nest, closed on the RETURN. `reach` buckets every ant by how
  `occupancy` is ant-ticks in 8 equal bands, NEST END FIRST, food end last -- a commuting
    colony is bimodal, a dispersing one slides its mass right, a homebody is a spike at 0.
  `carry->nest` is signed cells moved while holding larder, POSITIVE = homeward. Near zero
    means food is picked up and wandered with, which is a different fault from not finding it.
    far it ever got, as a share of the gap, so a commuting population is visible as a shape.
  `hand` vs `self` only says whether a laid ramp beats what they bootstrap.
  `hmute` is the DECAY BASELINE for `route pk`: our ramp laid, the ants silenced.
  `flatN`/`flatF` are the POLARITY metric's negative controls: a FLAT channel A blob over
    the nest half / the food half, ants' EmitA silenced. A field with no ramp in it at all.
    A correct metric reads 0 on both. POLARITY|| is predicted to read ~+0.12 and ~-0.12,
    which brackets every polarity figure in the report -- see `lay_flat`.
  `homeA` lays a channel A HOMING ramp and no food trail -- if laden ants only fail
    to route because they cannot find their way home, this is where their own B appears.
  `carry` is ant-ticks holding larder in the crop; `carry@nest` is those inside the +-26 nest band --
    that pair is the answer to "is food being carried back", which a cell census cannot give.
  `other J` must read 0 in every row: it is the check that `onlyfood` held.
  A gap where `alive` reaches 0 in every arm is measuring a dead colony, not a deaf one.
