  diet: larder=fruit onlyfood=on
  odometer A: recur=shipped emita=shipped biasa=shipped   odometer B: charb=shipped recurb=shipped emitb=shipped biasb=shipped carryb=shipped
trailfollow: mode=gap gate=b2 frames=24000 seeds=6 seed0=1 ants=20 relay=60 near=10 food=200 refill=2000 stop=6000 homebias=1
  gate b2: off -45.0  on +0.5  along ±6.0
  landed 2026-09-09: units 0/1 = b2 (off -45, on +0.5, along 6); units 2/3 = saturated (off -45, on +30, along 6). See open-bugs-handoff.md Z7.

  gap seed   arm     alive     ate J  arrive@    dead@    carry    @nest  visitors  trips reach 0-25-50-75-100
----- ---- ----- --------- --------- -------- -------- -------- -------- --------- ------ ------------------
    TRACE laden ants: n 7098  mean PheroAAlong -0.20576  MEAN |PheroAAlong| 0.27725  mean P(move) 0.6957  mean trail term (h0+h1 -> Move) -0.02808  net cells homeward 193 (+0.027191/tick)
    TRACE split by the sign of `along` -- the run-and-tumble test:
      facing UP-gradient     n      906   P(move) 0.7720   cells homeward       58 (+0.064018/tick)
      facing DOWN-gradient   n     4086   P(move) 0.8104   cells homeward      131 (+0.032061/tick)
      no readable gradient   n     2106   P(move) 0.4403   cells homeward        4 (+0.001899/tick)
      => P(move) up-gradient minus down-gradient: -0.0384  (the homing drive; ~0 means the circuit is inert)
    TRACE PheroAAlong histogram (-1..+1 in ninths): [-0.89]348 [-0.67]1098 [-0.44]912 [-0.22]1206 [+0.00]2796 [+0.22]420 [+0.44]240 [+0.67]72 [+0.89]6
    TRACE homing gate: opens at Carrying >= 0.9890; OPEN on 6 of 7098 laden decisions (0.08%)
    TRACE the same split, GATE OPEN only -- the only rows where the pair can respond at all:
        facing UP-gradient   n 0
        facing DOWN-gradient n        6   P(move) 0.6716   cells homeward        0 (+0.000000/tick)
    TRACE of the 6 gate-open decisions, 6 (100.0%) are ants ALSO holding spoil -- see `tr_gate_open_spoil`
    TRACE split by whether the homing gate is OPEN -- the conversion test:
      gate OPEN              n        6   P(move) 0.6716   cells homeward        0 (+0.000000/tick)
      gate SHUT              n     7092   P(move) 0.6957   cells homeward      193 (+0.027214/tick)
      => open minus shut: P(move) -0.0241   cells homeward -0.027214/tick  (~0 on the right-hand figure means the open gate is NOT converting into motion)
    TRACE response vs crop fill -- P(home) should CLIMB with fill; a step or a flat line is the defect:
           fill          n   P(move)   P(home)   P(away)    cells/tick
        0.6-0.7       7092    0.6957    0.0415    0.0142     +0.027214
        0.9-1.0          6    0.6716    0.0000    0.0000     +0.000000   <- the gate threshold falls inside this bin
    TRACE Move pre-squash terms, mean over the decisions each one was live for:
      h2               -2.42680   (live in 7098 of 7098)
      h3               +2.40814   (live in 7098 of 7098)
      h0               -2.34812   (live in 7098 of 7098)   <- THE TRAIL. `PheroAAlong` reaches `Move` here and nowhere else.
      h1               +2.32003   (live in 7098 of 7098)   <- THE TRAIL. `PheroAAlong` reaches `Move` here and nowhere else.
      Bias             +2.00000   (live in 7098 of 7098)
      Energy           -0.88857   (live in 7098 of 7098)
      KinNeed          +0.33893   (live in 7098 of 7098)
      FoodAdjacent     -0.30201   (live in 7098 of 7098)
      Crowding         -0.06194   (live in 7098 of 7098)
      Stillness        +0.05795   (live in 7098 of 7098)
      Alarm            +0.00000   (live in 7098 of 7098)
    TRACE focal ant: 2244 decisions written to /tmp/trailfollow-focal-seed1-gap90.csv
   90    1  hand    0/0            0      804     7722     7098      444    3/20        1         7 0 3 10 0
                founded x   12..88    occupancy/1k [34 2 12 20 13 18 10 8]  carry->nest     193  born    0 died   20 (starved   20)
                own trail: route pk   88 end    0 along +0.0000  B nest->food [89,3171,6393,9725,8291]  blocked       72  kin swaps       0  ticks     20242  tumbles      8368 (homeward      226, 2.70%)
                channel A: PEAK amt  11069 cells   77 (of 91 route)  POLARITY|| +0.02759 && +0.00728 SPAN -0.00985 edge  11.7  end nest->food [0,0,0,0,0]  nest   25  AtNest 13.44%
                Carrying: laden     12828  of which SPOIL      5736 ( 44.7%)
    TRACE laden ants: n 4914  mean PheroAAlong -0.32957  MEAN |PheroAAlong| 0.37812  mean P(move) 0.7976  mean trail term (h0+h1 -> Move) -0.04358  net cells homeward 240 (+0.048840/tick)
    TRACE split by the sign of `along` -- the run-and-tumble test:
      facing UP-gradient     n      408   P(move) 0.8001   cells homeward       34 (+0.083333/tick)
      facing DOWN-gradient   n     3498   P(move) 0.8287   cells homeward      164 (+0.046884/tick)
      no readable gradient   n     1008   P(move) 0.6885   cells homeward       42 (+0.041667/tick)
      => P(move) up-gradient minus down-gradient: -0.0286  (the homing drive; ~0 means the circuit is inert)
    TRACE PheroAAlong histogram (-1..+1 in ninths): [-0.89]726 [-0.67]912 [-0.44]684 [-0.22]804 [+0.00]1458 [+0.22]186 [+0.44]90 [+0.67]30 [+0.89]24
    TRACE homing gate: opens at Carrying >= 0.9890; OPEN on 0 of 4914 laden decisions (0.00%)
    TRACE split by whether the homing gate is OPEN -- the conversion test:
      gate OPEN              n 0
      gate SHUT              n     4914   P(move) 0.7976   cells homeward      240 (+0.048840/tick)
    TRACE response vs crop fill -- P(home) should CLIMB with fill; a step or a flat line is the defect:
           fill          n   P(move)   P(home)   P(away)    cells/tick
        0.6-0.7       4914    0.7976    0.0578    0.0090     +0.048840
    TRACE Move pre-squash terms, mean over the decisions each one was live for:
      h2               -2.42594   (live in 4914 of 4914)
      h3               +2.40947   (live in 4914 of 4914)
      h0               -2.35595   (live in 4914 of 4914)   <- THE TRAIL. `PheroAAlong` reaches `Move` here and nowhere else.
      h1               +2.31237   (live in 4914 of 4914)   <- THE TRAIL. `PheroAAlong` reaches `Move` here and nowhere else.
      Bias             +2.00000   (live in 4914 of 4914)
      Energy           -0.51243   (live in 4914 of 4914)
      KinNeed          +0.42905   (live in 4914 of 4914)
      Crowding         -0.06188   (live in 4914 of 4914)
      FoodAdjacent     -0.05807   (live in 4914 of 4914)
      Stillness        +0.00302   (live in 4914 of 4914)
      Alarm            +0.00000   (live in 4914 of 4914)
    TRACE focal ant: 828 decisions written to /tmp/trailfollow-focal-seed2-gap90.csv
   90    2  hand    0/0            0      600     7266     4914      900    4/20        1          6 5 0 9 0
                founded x   12..88    occupancy/1k [35 33 10 13 9 8 9 2]  carry->nest     240  born    0 died   20 (starved   20)
                own trail: route pk   88 end    0 along +0.0000  B nest->food [89,3227,6431,9557,8291]  blocked      103  kin swaps       0  ticks     20627  tumbles      8499 (homeward      130, 1.53%)
                channel A: PEAK amt  19331 cells   86 (of 91 route)  POLARITY|| +0.04735 && +0.01399 SPAN -0.00012 edge  11.9  end nest->food [0,0,0,0,0]  nest   25  AtNest 15.89%
                Carrying: laden     10704  of which SPOIL      5790 ( 54.1%)
    TRACE laden ants: n 5046  mean PheroAAlong -0.29927  MEAN |PheroAAlong| 0.36923  mean P(move) 0.7890  mean trail term (h0+h1 -> Move) -0.04021  net cells homeward 197 (+0.039041/tick)
    TRACE split by the sign of `along` -- the run-and-tumble test:
      facing UP-gradient     n      606   P(move) 0.8073   cells homeward       43 (+0.070957/tick)
      facing DOWN-gradient   n     3294   P(move) 0.7791   cells homeward       99 (+0.030055/tick)
      no readable gradient   n     1146   P(move) 0.8081   cells homeward       55 (+0.047993/tick)
      => P(move) up-gradient minus down-gradient: +0.0282  (the homing drive; ~0 means the circuit is inert)
    TRACE PheroAAlong histogram (-1..+1 in ninths): [-0.89]870 [-0.67]804 [-0.44]504 [-0.22]480 [+0.00]2004 [+0.22]150 [+0.44]120 [+0.67]108 [+0.89]6
    TRACE homing gate: opens at Carrying >= 0.9890; OPEN on 0 of 5046 laden decisions (0.00%)
    TRACE split by whether the homing gate is OPEN -- the conversion test:
      gate OPEN              n 0
      gate SHUT              n     5046   P(move) 0.7890   cells homeward      197 (+0.039041/tick)
    TRACE response vs crop fill -- P(home) should CLIMB with fill; a step or a flat line is the defect:
           fill          n   P(move)   P(home)   P(away)    cells/tick
        0.6-0.7       5046    0.7890    0.0519    0.0129     +0.039041
    TRACE Move pre-squash terms, mean over the decisions each one was live for:
      h2               -2.42559   (live in 5046 of 5046)
      h3               +2.40993   (live in 5046 of 5046)
      h0               -2.35382   (live in 5046 of 5046)   <- THE TRAIL. `PheroAAlong` reaches `Move` here and nowhere else.
      h1               +2.31361   (live in 5046 of 5046)   <- THE TRAIL. `PheroAAlong` reaches `Move` here and nowhere else.
      Bias             +2.00000   (live in 5046 of 5046)
      Energy           -0.46191   (live in 5046 of 5046)
      KinNeed          +0.33411   (live in 5046 of 5046)
      FoodAdjacent     -0.13103   (live in 5046 of 5046)
      Crowding         -0.06164   (live in 5046 of 5046)
      Stillness        +0.01260   (live in 5046 of 5046)
      Alarm            +0.00000   (live in 5046 of 5046)
    TRACE focal ant: 186 decisions written to /tmp/trailfollow-focal-seed3-gap90.csv
   90    3  hand    0/0            0      564     8076     5046      876    5/20        1          7 2 4 7 0
                founded x   12..88    occupancy/1k [50 17 4 16 9 9 11 2]  carry->nest     197  born    0 died   20 (starved   19)
                own trail: route pk   88 end    0 along +0.0000  B nest->food [89,3197,6391,9508,8292]  blocked       38  kin swaps       0  ticks     20327  tumbles      8602 (homeward      118, 1.37%)
                channel A: PEAK amt  13120 cells   87 (of 91 route)  POLARITY|| +0.02460 && -0.00649 SPAN -0.01471 edge  12.5  end nest->food [0,0,0,0,0]  nest   25  AtNest 20.02%
                Carrying: laden     13068  of which SPOIL      8022 ( 61.4%)
    TRACE laden ants: n 7644  mean PheroAAlong -0.27602  MEAN |PheroAAlong| 0.32618  mean P(move) 0.7415  mean trail term (h0+h1 -> Move) -0.05963  net cells homeward 193 (+0.025249/tick)
    TRACE split by the sign of `along` -- the run-and-tumble test:
      facing UP-gradient     n      522   P(move) 0.8028   cells homeward       34 (+0.065134/tick)
      facing DOWN-gradient   n     4128   P(move) 0.7856   cells homeward      105 (+0.025436/tick)
      no readable gradient   n     2994   P(move) 0.6699   cells homeward       54 (+0.018036/tick)
      => P(move) up-gradient minus down-gradient: +0.0172  (the homing drive; ~0 means the circuit is inert)
    TRACE PheroAAlong histogram (-1..+1 in ninths): [-0.89]1254 [-0.67]786 [-0.44]906 [-0.22]912 [+0.00]3360 [+0.22]144 [+0.44]132 [+0.67]138 [+0.89]12
    TRACE homing gate: opens at Carrying >= 0.9890; OPEN on 42 of 7644 laden decisions (0.55%)
    TRACE the same split, GATE OPEN only -- the only rows where the pair can respond at all:
        facing UP-gradient   n 0
        facing DOWN-gradient n       42   P(move) 0.1352   cells homeward        0 (+0.000000/tick)
    TRACE of the 42 gate-open decisions, 42 (100.0%) are ants ALSO holding spoil -- see `tr_gate_open_spoil`
    TRACE split by whether the homing gate is OPEN -- the conversion test:
      gate OPEN              n       42   P(move) 0.1352   cells homeward        0 (+0.000000/tick)
      gate SHUT              n     7602   P(move) 0.7448   cells homeward      193 (+0.025388/tick)
      => open minus shut: P(move) -0.6096   cells homeward -0.025388/tick  (~0 on the right-hand figure means the open gate is NOT converting into motion)
    TRACE response vs crop fill -- P(home) should CLIMB with fill; a step or a flat line is the defect:
           fill          n   P(move)   P(home)   P(away)    cells/tick
        0.6-0.7       7602    0.7448    0.0425    0.0171     +0.025388
        0.9-1.0         42    0.1352    0.0000    0.0000     +0.000000   <- the gate threshold falls inside this bin
    TRACE Move pre-squash terms, mean over the decisions each one was live for:
      h2               -2.42576   (live in 7644 of 7644)
      h3               +2.41011   (live in 7644 of 7644)
      h0               -2.35133   (live in 7644 of 7644)   <- THE TRAIL. `PheroAAlong` reaches `Move` here and nowhere else.
      h1               +2.29170   (live in 7644 of 7644)   <- THE TRAIL. `PheroAAlong` reaches `Move` here and nowhere else.
      Bias             +2.00000   (live in 7644 of 7644)
      Energy           -0.60129   (live in 7644 of 7644)
      KinNeed          +0.24890   (live in 7644 of 7644)
      FoodAdjacent     -0.24584   (live in 7644 of 7644)
      Crowding         -0.05342   (live in 7644 of 7644)
      Stillness        +0.00567   (live in 7644 of 7644)
      Alarm            +0.00000   (live in 7644 of 7644)
    TRACE focal ant: 738 decisions written to /tmp/trailfollow-focal-seed4-gap90.csv
   90    4  hand    0/0            0     1050     7560     7644     1632    5/20        0          7 2 2 9 0
                founded x   12..88    occupancy/1k [60 10 8 6 3 22 6 3]  carry->nest     193  born    0 died   20 (starved   19)
                own trail: route pk   88 end    0 along +0.0000  B nest->food [89,3268,6391,9698,8291]  blocked       73  kin swaps       0  ticks     20283  tumbles      8642 (homeward      218, 2.52%)
                channel A: PEAK amt  15985 cells   82 (of 91 route)  POLARITY|| +0.04185 && +0.01241 SPAN +0.00073 edge  11.6  end nest->food [0,0,0,0,0]  nest   25  AtNest 14.91%
                Carrying: laden     20010  of which SPOIL     12408 ( 62.0%)
    TRACE laden ants: n 8604  mean PheroAAlong -0.25474  MEAN |PheroAAlong| 0.34013  mean P(move) 0.7531  mean trail term (h0+h1 -> Move) -0.03359  net cells homeward 237 (+0.027545/tick)
    TRACE split by the sign of `along` -- the run-and-tumble test:
      facing UP-gradient     n     1410   P(move) 0.7753   cells homeward       40 (+0.028369/tick)
      facing DOWN-gradient   n     5886   P(move) 0.7709   cells homeward      164 (+0.027863/tick)
      no readable gradient   n     1308   P(move) 0.6489   cells homeward       33 (+0.025229/tick)
      => P(move) up-gradient minus down-gradient: +0.0043  (the homing drive; ~0 means the circuit is inert)
    TRACE PheroAAlong histogram (-1..+1 in ninths): [-0.89]666 [-0.67]1728 [-0.44]918 [-0.22]1362 [+0.00]3072 [+0.22]336 [+0.44]336 [+0.67]138 [+0.89]48
    TRACE homing gate: opens at Carrying >= 0.9890; OPEN on 0 of 8604 laden decisions (0.00%)
    TRACE split by whether the homing gate is OPEN -- the conversion test:
      gate OPEN              n 0
      gate SHUT              n     8604   P(move) 0.7531   cells homeward      237 (+0.027545/tick)
    TRACE response vs crop fill -- P(home) should CLIMB with fill; a step or a flat line is the defect:
           fill          n   P(move)   P(home)   P(away)    cells/tick
        0.6-0.7       8604    0.7531    0.0444    0.0169     +0.027545
    TRACE Move pre-squash terms, mean over the decisions each one was live for:
      h2               -2.42618   (live in 8604 of 8604)
      h3               +2.40901   (live in 8604 of 8604)
      h0               -2.35188   (live in 8604 of 8604)   <- THE TRAIL. `PheroAAlong` reaches `Move` here and nowhere else.
      h1               +2.31830   (live in 8604 of 8604)   <- THE TRAIL. `PheroAAlong` reaches `Move` here and nowhere else.
      Bias             +2.00000   (live in 8604 of 8604)
      Energy           -0.60257   (live in 8604 of 8604)
      KinNeed          +0.29882   (live in 8604 of 8604)
      FoodAdjacent     -0.24834   (live in 8604 of 8604)
      Crowding         -0.05177   (live in 8604 of 8604)
      Stillness        +0.01351   (live in 8604 of 8604)
      Alarm            +0.00000   (live in 8604 of 8604)
    TRACE focal ant: 2172 decisions written to /tmp/trailfollow-focal-seed5-gap90.csv
   90    5  hand    0/0            0      534     7200     8604     1158    7/20        0          5 3 4 8 0
                founded x   12..88    occupancy/1k [33 13 23 18 11 4 6 4]  carry->nest     237  born    0 died   20 (starved   19)
                own trail: route pk   88 end    0 along +0.0000  B nest->food [89,3310,6566,9536,8292]  blocked       72  kin swaps       0  ticks     19287  tumbles      7799 (homeward      225, 2.88%)
                channel A: PEAK amt  10295 cells   87 (of 91 route)  POLARITY|| +0.04341 && +0.02345 SPAN -0.00793 edge  13.2  end nest->food [0,0,0,0,0]  nest   25  AtNest  7.59%
                Carrying: laden     10056  of which SPOIL      1452 ( 14.4%)
    TRACE laden ants: n 2412  mean PheroAAlong -0.12426  MEAN |PheroAAlong| 0.29556  mean P(move) 0.7859  mean trail term (h0+h1 -> Move) -0.05841  net cells homeward 68 (+0.028192/tick)
    TRACE split by the sign of `along` -- the run-and-tumble test:
      facing UP-gradient     n      444   P(move) 0.7995   cells homeward      -26 (-0.058559/tick)
      facing DOWN-gradient   n     1068   P(move) 0.7864   cells homeward       37 (+0.034644/tick)
      no readable gradient   n      900   P(move) 0.7786   cells homeward       57 (+0.063333/tick)
      => P(move) up-gradient minus down-gradient: +0.0131  (the homing drive; ~0 means the circuit is inert)
    TRACE PheroAAlong histogram (-1..+1 in ninths): [-0.89]348 [-0.67]66 [-0.44]102 [-0.22]348 [+0.00]1110 [+0.22]102 [+0.44]186 [+0.67]138 [+0.89]12
    TRACE homing gate: opens at Carrying >= 0.9890; OPEN on 24 of 2412 laden decisions (1.00%)
    TRACE the same split, GATE OPEN only -- the only rows where the pair can respond at all:
        facing UP-gradient   n 0
        facing DOWN-gradient n       24   P(move) 0.1986   cells homeward        0 (+0.000000/tick)
    TRACE of the 24 gate-open decisions, 24 (100.0%) are ants ALSO holding spoil -- see `tr_gate_open_spoil`
    TRACE split by whether the homing gate is OPEN -- the conversion test:
      gate OPEN              n       24   P(move) 0.1986   cells homeward        0 (+0.000000/tick)
      gate SHUT              n     2388   P(move) 0.7918   cells homeward       68 (+0.028476/tick)
      => open minus shut: P(move) -0.5932   cells homeward -0.028476/tick  (~0 on the right-hand figure means the open gate is NOT converting into motion)
    TRACE response vs crop fill -- P(home) should CLIMB with fill; a step or a flat line is the defect:
           fill          n   P(move)   P(home)   P(away)    cells/tick
        0.6-0.7       2388    0.7918    0.0549    0.0264     +0.028476
        0.9-1.0         24    0.1986    0.0000    0.0000     +0.000000   <- the gate threshold falls inside this bin
    TRACE Move pre-squash terms, mean over the decisions each one was live for:
      h2               -2.42440   (live in 2412 of 2412)
      h3               +2.41247   (live in 2412 of 2412)
      h0               -2.34102   (live in 2412 of 2412)   <- THE TRAIL. `PheroAAlong` reaches `Move` here and nowhere else.
      h1               +2.28261   (live in 2412 of 2412)   <- THE TRAIL. `PheroAAlong` reaches `Move` here and nowhere else.
      Bias             +2.00000   (live in 2412 of 2412)
      Energy           -0.58872   (live in 2412 of 2412)
      KinNeed          +0.17276   (live in 2412 of 2412)
      Crowding         -0.05544   (live in 2412 of 2412)
      FoodAdjacent     -0.03463   (live in 2412 of 2412)
      Stillness        +0.00018   (live in 2412 of 2412)
      Alarm            +0.00000   (live in 2412 of 2412)
    TRACE focal ant: 588 decisions written to /tmp/trailfollow-focal-seed6-gap90.csv
   90    6  hand    0/0            0      528     8832     2412      636    2/20        0         12 1 3 4 0
                founded x   12..88    occupancy/1k [74 26 6 14 6 5 0 0]  carry->nest      68  born    0 died   20 (starved   20)
                own trail: route pk   90 end    0 along +0.0000  B nest->food [89,3148,6356,9456,8291]  blocked       70  kin swaps       0  ticks     22439  tumbles      9738 (homeward       53, 0.54%)
                channel A: PEAK amt   8275 cells   78 (of 91 route)  POLARITY|| +0.02238 && -0.01456 SPAN -0.00263 edge  11.0  end nest->food [0,0,0,0,0]  nest   25  AtNest 20.12%
                Carrying: laden      7992  of which SPOIL      5604 ( 70.1%)

  larder put out, over the whole sweep: 48480-49440 J, against a need near 46,800 J
    for 52 ants over 24,000 frames -- so these colonies are provisioned, not starved.
  intake off anything that is not the larder is ASSERTED to be 0 in every row, not printed.

  `self` vs `mute` is the real question: do the ants' OWN trails do anything?
  `visitors` is DISTINCT ants that reached the food over distinct ants that ever lived --
    recruitment, which `near` ant-ticks cannot see: 50 visitors and 1 resident read alike.
  `trips` is nest -> food -> nest, closed on the RETURN. `reach` buckets every ant by how
  `occupancy` is ant-ticks in 8 equal bands, NEST END FIRST, food end last -- a commuting
    colony is bimodal, a dispersing one slides its mass right, a homebody is a spike at 0.
  `carry->nest` is signed cells moved while holding larder, POSITIVE = homeward. Near zero
    means food is picked up and wandered with, which is a different fault from not finding it.
    far it ever got, as a share of the gap, so a commuting population is visible as a shape.
  `hand` vs `self` only says whether a laid ramp beats what they bootstrap.
  `hmute` is the DECAY BASELINE for `route pk`: our ramp laid, the ants silenced.
  `flatN`/`flatF` are the POLARITY metric's negative controls: a FLAT channel A blob over
    the nest half / the food half, ants' EmitA silenced. A field with no ramp in it at all.
    A correct metric reads 0 on both. POLARITY|| is predicted to read ~+0.12 and ~-0.12,
    which brackets every polarity figure in the report -- see `lay_flat`.
  `homeA` lays a channel A HOMING ramp and no food trail -- if laden ants only fail
    to route because they cannot find their way home, this is where their own B appears.
  `carry` is ant-ticks holding larder in the crop; `carry@nest` is those inside the +-26 nest band --
    that pair is the answer to "is food being carried back", which a cell census cannot give.
  `other J` must read 0 in every row: it is the check that `onlyfood` held.
  A gap where `alive` reaches 0 in every arm is measuring a dead colony, not a deaf one.
