  diet: larder=fruit onlyfood=on
  odometer A: recur=shipped emita=shipped biasa=shipped   odometer B: charb=shipped recurb=shipped emitb=shipped biasb=shipped carryb=shipped
trailfollow: mode=gap gate=b2 frames=24000 seeds=6 seed0=1 ants=20 relay=60 near=10 food=200 refill=2000 stop=6000 homebias=0.25
  gate b2: off -45.0  on +0.5  along ±6.0
  landed 2026-09-09: units 0/1 = b2 (off -45, on +0.5, along 6); units 2/3 = saturated (off -45, on +30, along 6). See open-bugs-handoff.md Z7.

  gap seed   arm     alive     ate J  arrive@    dead@    carry    @nest  visitors  trips reach 0-25-50-75-100
----- ---- ----- --------- --------- -------- -------- -------- -------- --------- ------ ------------------
   90    1  hand  194/3       779056      804        0   694566      192  598/615       0      7 1 2 236 369
                founded x   12..88    occupancy/1k [34 2 13 16 11 18 215 1499]  carry->nest     412  born  595 died  403 (starved   23)
                own trail: route pk   88 end   33 along -0.3200  B nest->food [89,3117,6386,10819,13848]  blocked    13038  kin swaps       0  ticks    365015  tumbles    167074 (homeward     9153, 5.48%)
                channel A: PEAK amt  18169 cells   89 (of 91 route)  POLARITY|| -0.12685 && -0.15471 SPAN +0.00449 edge   8.2  end nest->food [0,0,0,72,120]  nest   25  AtNest  0.88%
                Carrying: laden    701282  of which SPOIL     10396 (  1.5%)
   90    2  hand  154/20      992509      600        0   473847      126  760/778       0      6 4 4 244 520
                founded x   12..88    occupancy/1k [30 33 17 15 8 19 152 1931]  carry->nest      39  born  759 died  602 (starved   22)
                own trail: route pk   88 end   38 along -0.1569  B nest->food [89,3109,6529,11174,22039]  blocked    17572  kin swaps       0  ticks    568700  tumbles    266720 (homeward     6387, 2.39%)
                channel A: PEAK amt  31060 cells   81 (of 91 route)  POLARITY|| -0.17218 && -0.19070 SPAN -0.00447 edge   8.1  end nest->food [0,0,0,0,693]  nest   25  AtNest  0.70%
                Carrying: laden    480436  of which SPOIL      7952 (  1.7%)
   90    3  hand    0/0         1200      564     7740     6891        0   10/21        0         7 0 1 12 1
                founded x   12..88    occupancy/1k [50 10 1 6 13 9 17 14]  carry->nest      51  born    1 died   21 (starved   19)
                own trail: route pk   88 end    0 along +0.0000  B nest->food [89,3092,6340,9679,8363]  blocked       72  kin swaps       0  ticks     20553  tumbles      8349 (homeward       46, 0.55%)
                channel A: PEAK amt  13178 cells   88 (of 91 route)  POLARITY|| +0.02588 && -0.00579 SPAN -0.01401 edge   9.5  end nest->food [0,0,0,0,0]  nest   25  AtNest 16.80%
                Carrying: laden     14655  of which SPOIL      7764 ( 53.0%)
   90    4  hand  174/15     1131315     1050        0   651702      140  908/926       1      4 3 4 384 531
                founded x   12..88    occupancy/1k [58 9 11 14 10 53 207 2068]  carry->nest     311  born  906 died  733 (starved   30)
                own trail: route pk   88 end   39 along -0.2952  B nest->food [89,3124,6567,12463,14678]  blocked    16853  kin swaps       0  ticks    460938  tumbles    212662 (homeward     7983, 3.75%)
                channel A: PEAK amt  24158 cells   84 (of 91 route)  POLARITY|| -0.05451 && -0.04184 SPAN +0.00784 edge   9.1  end nest->food [0,0,0,5762,969]  nest   25  AtNest  0.70%
                Carrying: laden    666788  of which SPOIL     15759 (  2.4%)
   90    5  hand    0/0         6753      534    10221    17654        0   13/26        0         4 3 5 13 1
                founded x   12..88    occupancy/1k [33 9 19 13 13 7 13 18]  carry->nest      56  born    6 died   26 (starved   21)
                own trail: route pk   88 end    0 along +0.0000  B nest->food [89,3092,6413,9650,8382]  blocked       94  kin swaps       0  ticks     21611  tumbles      8640 (homeward      127, 1.47%)
                channel A: PEAK amt  10295 cells   87 (of 91 route)  POLARITY|| +0.04215 && +0.01757 SPAN -0.01368 edge  11.9  end nest->food [0,0,0,0,0]  nest   25  AtNest  5.30%
                Carrying: laden     19052  of which SPOIL      1398 (  7.3%)
   90    6  hand    0/0            0      528     9102     3966       36    3/20        0          5 5 7 3 0
                founded x   12..88    occupancy/1k [67 24 8 16 9 4 0 1]  carry->nest      91  born    0 died   20 (starved   20)
                own trail: route pk   88 end    0 along +0.0000  B nest->food [89,3094,6448,9493,8292]  blocked       80  kin swaps       0  ticks     22335  tumbles      9716 (homeward       30, 0.31%)
                channel A: PEAK amt  12821 cells   83 (of 91 route)  POLARITY|| +0.05554 && +0.01584 SPAN -0.00773 edge  11.0  end nest->food [0,0,0,0,0]  nest   25  AtNest 13.96%
                Carrying: laden      9786  of which SPOIL      5820 ( 59.5%)

  larder put out, over the whole sweep: 48480-524400 J, against a need near 46,800 J
    for 52 ants over 24,000 frames -- so these colonies are provisioned, not starved.
  intake off anything that is not the larder is ASSERTED to be 0 in every row, not printed.

  `self` vs `mute` is the real question: do the ants' OWN trails do anything?
  `visitors` is DISTINCT ants that reached the food over distinct ants that ever lived --
    recruitment, which `near` ant-ticks cannot see: 50 visitors and 1 resident read alike.
  `trips` is nest -> food -> nest, closed on the RETURN. `reach` buckets every ant by how
  `occupancy` is ant-ticks in 8 equal bands, NEST END FIRST, food end last -- a commuting
    colony is bimodal, a dispersing one slides its mass right, a homebody is a spike at 0.
  `carry->nest` is signed cells moved while holding larder, POSITIVE = homeward. Near zero
    means food is picked up and wandered with, which is a different fault from not finding it.
    far it ever got, as a share of the gap, so a commuting population is visible as a shape.
  `hand` vs `self` only says whether a laid ramp beats what they bootstrap.
  `hmute` is the DECAY BASELINE for `route pk`: our ramp laid, the ants silenced.
  `flatN`/`flatF` are the POLARITY metric's negative controls: a FLAT channel A blob over
    the nest half / the food half, ants' EmitA silenced. A field with no ramp in it at all.
    A correct metric reads 0 on both. POLARITY|| is predicted to read ~+0.12 and ~-0.12,
    which brackets every polarity figure in the report -- see `lay_flat`.
  `homeA` lays a channel A HOMING ramp and no food trail -- if laden ants only fail
    to route because they cannot find their way home, this is where their own B appears.
  `carry` is ant-ticks holding larder in the crop; `carry@nest` is those inside the +-26 nest band --
    that pair is the answer to "is food being carried back", which a cell census cannot give.
  `other J` must read 0 in every row: it is the check that `onlyfood` held.
  A gap where `alive` reaches 0 in every arm is measuring a dead colony, not a deaf one.
