  diet: larder=fruit onlyfood=on
  odometer A: recur=shipped emita=shipped biasa=shipped   odometer B: charb=shipped recurb=shipped emitb=shipped biasb=shipped carryb=shipped
trailfollow: mode=gap gate=shipped frames=24000 seeds=8 seed0=1 ants=20 relay=60 near=10 food=400 refill=400 stop=6000 homebias=shipped cropcap=shipped hungergate=shipped arho=shipped brho=shipped adiffuse=shipped tcomp=shipped tumble=shipped persist=shipped tumblegrad=shipped homewire=0
  gate shipped: off -45.0  on +0.5  along ±6.0
  landed 2026-09-09: units 0/1 = b2 (off -45, on +0.5, along 6); units 2/3 = saturated (off -45, on +30, along 6). See open-bugs-handoff.md Z7.

  gap seed   arm     alive     ate J  arrive@    dead@    carry    @nest  visitors  trips reach 0-25-50-75-100
----- ---- ----- --------- --------- -------- -------- -------- -------- --------- ------ ------------------
    TRACE laden ants: n 78890  mean PheroAAlong -0.20282  MEAN |PheroAAlong| 0.21878  mean P(move) 0.0784  mean trail term (h0+h1 -> Move) -1.90026  net cells homeward 215 (+0.002725/tick)
    TRACE laden TICKS by what the sensor cell is -- the geometry test  [6.13 frames/tick, must equal tick_interval]:
      air (nose in open sky)             n     4975 ( 38.7% of ticks)   mean along -0.2228   usable (>= +0.02)   3.2%   frozen  79.3%
      solid (nose in ground)             n     4633 ( 36.0% of ticks)   mean along -0.2050   usable (>= +0.02)   4.7%   frozen  76.8%
      surface (a trail could be here)    n     3254 ( 25.3% of ticks)   mean along -0.1624   usable (>= +0.02)   7.4%   frozen  73.9%
      => of 9910 FROZEN laden ticks (P(move) exactly 0), 76% had the nose in sky or ground
    TRACE freeze runs: n 479   median 6 ticks   p90 50   longest 632
    TRACE split by the sign of `along` -- the run-and-tumble test:
      facing UP-gradient     n     4733   P(move) 0.5099   not resting   81.4%   P(move)|>0 0.6267   cells homeward       88 (+0.018593/tick)
      facing DOWN-gradient   n    56489   P(move) 0.0126   not resting    4.9%   P(move)|>0 0.2578   cells homeward       65 (+0.001151/tick)
      no readable gradient   n    17668   P(move) 0.1731   not resting   64.4%   P(move)|>0 0.2689   cells homeward       62 (+0.003509/tick)
      => P(move) up-gradient minus down-gradient: +0.4973  (the homing drive; ~0 means the circuit is inert)
    TRACE PheroAAlong histogram (-1..+1 in ninths): [-0.89]52 [-0.67]4534 [-0.44]18293 [-0.22]24799 [+0.00]29484 [+0.22]1108 [+0.44]538 [+0.67]69 [+0.89]13
    TRACE homing gate: opens at Carrying >= 0.9890; OPEN on 78890 of 78890 laden decisions (100.00%)
    TRACE the same split, GATE OPEN only -- the only rows where the pair can respond at all:
        facing UP-gradient   n     4733   P(move) 0.5099   not resting   81.4%   P(move)|>0 0.6267   cells homeward       88 (+0.018593/tick)
        facing DOWN-gradient n    56489   P(move) 0.0126   not resting    4.9%   P(move)|>0 0.2578   cells homeward       65 (+0.001151/tick)
      => with the gate open, P(move) up minus down: +0.4973; cells homeward up minus down: +0.017442/tick
         (positive cells-homeward means the ramp the colony built points at the NEST)
    TRACE of the 78890 gate-open decisions, 0 (0.0%) are ants ALSO holding spoil -- see `tr_gate_open_spoil`
    TRACE split by whether the homing gate is OPEN -- the conversion test:
      gate OPEN              n    78890   P(move) 0.0784   not resting   22.8%   P(move)|>0 0.3438   cells homeward      215 (+0.002725/tick)
      gate SHUT              n 0
    TRACE does pointing HOME give a POSITIVE reading? -- the three-way fix test, see `tr_align`:
      heading vs home          n  mean along % positive   P(move)
        -1.0..-0.6      31464     -0.2178       3.0%    0.0723
        -0.6..-0.2       1199     -0.2281       1.7%    0.0828
        -0.2..+0.2      14811     -0.2566       2.8%    0.0386
        +0.2..+0.6       1362     -0.1941       4.5%    0.1048
        +0.6..+1.0      29447     -0.1638      10.9%    0.1016   <- POINTED AT HOME: this row is the answer
    TRACE response vs crop fill -- P(home) should CLIMB with fill; a step or a flat line is the defect:
           fill          n   P(move)   P(home)   P(away)    cells/tick
        0.9-1.0      78890    0.0784    0.0060    0.0033     +0.002725   <- the gate threshold falls inside this bin
    TRACE Move pre-squash terms, mean over the decisions each one was live for:
      h2               -2.44885   (live in 78890 of 78890)
      h3               +2.44174   (live in 78890 of 78890)
      Bias             +2.00000   (live in 78890 of 78890)
      Energy           -1.37213   (live in 78890 of 78890)
      h1               -1.35978   (live in 78890 of 78890)   <- THE TRAIL. `PheroAAlong` reaches `Move` here and nowhere else.
      h0               -0.54048   (live in 78890 of 78890)   <- THE TRAIL. `PheroAAlong` reaches `Move` here and nowhere else.
      Stillness        +0.25131   (live in 78890 of 78890)
      FoodAdjacent     -0.22832   (live in 78890 of 78890)
      KinNeed          +0.22340   (live in 78890 of 78890)
      Crowding         -0.14124   (live in 78890 of 78890)
      PheroALateral    +0.00000   (live in 11520 of 78890)
      Alarm            +0.00000   (live in 78890 of 78890)
    TRACE focal ant: 192 decisions written to /tmp/trailfollow-focal-seed1-gap90.csv
   90    1  hand    6/5        19955      804        0    78890      252   23/32        4         7 1 0 24 0
                A READ  ant-readable homeward along >= 0.02 on  50.0% of route-cell samples | FOODWARD  22.3% | plane lit on  71.1% | peak amt  16107 cells  87
                RETURN LEDGER reached food   23 of   32 ants | came back    4 | trips laden    1 empty    3
                LEGS legs[3733,3955,4225,5006] laden[3955]
                founded x   12..88   (nest cursor 48 MATERIAL x 26..70 11 of 32 founders born on it; food 138; nearest founder 50 cells out, farthest 126, nominal gap 90)  occupancy/1k [31 7 24 26 8 20 98 83]  carry->nest     215  born   12 died   24 (starved   14)
                own trail: route pk   57 end   49 along -0.0414  B nest->food [89,3092,6403,9878,8297]  blocked      384  kin swaps       0  ticks     49590  tumbles     21249 (homeward        0, 0.00%)  drops       0  chew parked     11 resumed      7 (        7 J)  DELIVERED     0  leg home n    4 med  4225 p90  5006 (laden n    1 med  3955 p90  3955)  appetite held         0 J of     37440  trips born-on-comb    3 (11 ants) / born-off    1 (21 ants)
                channel A: PEAK amt  16107 cells   87 (of 91 route)  POLARITY|| +0.07728 && +0.07318 SPAN +0.02239 edge  11.9  end nest->food [0,3752,379,0,0]  nest   25  AtNest  1.90%
                Carrying: laden     86397  of which SPOIL      7507 (  8.7%)
    TRACE laden ants: n 24870  mean PheroAAlong -0.10039  MEAN |PheroAAlong| 0.10424  mean P(move) 0.0757  mean trail term (h0+h1 -> Move) -1.16492  net cells homeward 29 (+0.001166/tick)
    TRACE laden TICKS by what the sensor cell is -- the geometry test  [6.00 frames/tick, must equal tick_interval]:
      air (nose in open sky)             n     1314 ( 31.7% of ticks)   mean along -0.0981   usable (>= +0.02)   2.0%   frozen  63.1%
      solid (nose in ground)             n     1979 ( 47.7% of ticks)   mean along -0.1001   usable (>= +0.02)   0.1%   frozen  75.6%
      surface (a trail could be here)    n      852 ( 20.6% of ticks)   mean along -0.1044   usable (>= +0.02)   5.0%   frozen  63.8%
      => of 2870 FROZEN laden ticks (P(move) exactly 0), 81% had the nose in sky or ground
    TRACE freeze runs: n 134   median 7 ticks   p90 51   longest 203
    TRACE split by the sign of `along` -- the run-and-tumble test:
      facing UP-gradient     n      552   P(move) 0.5855   not resting   98.9%   P(move)|>0 0.5919   cells homeward        8 (+0.014493/tick)
      facing DOWN-gradient   n    16428   P(move) 0.0207   not resting   12.8%   P(move)|>0 0.1617   cells homeward       -4 (-0.000243/tick)
      no readable gradient   n     7890   P(move) 0.1546   not resting   63.3%   P(move)|>0 0.2441   cells homeward       25 (+0.003169/tick)
      => P(move) up-gradient minus down-gradient: +0.5647  (the homing drive; ~0 means the circuit is inert)
    TRACE PheroAAlong histogram (-1..+1 in ninths): [-0.89]0 [-0.67]156 [-0.44]1506 [-0.22]6798 [+0.00]16278 [+0.22]102 [+0.44]30 [+0.67]0 [+0.89]0
    TRACE homing gate: opens at Carrying >= 0.9890; OPEN on 24870 of 24870 laden decisions (100.00%)
    TRACE the same split, GATE OPEN only -- the only rows where the pair can respond at all:
        facing UP-gradient   n      552   P(move) 0.5855   not resting   98.9%   P(move)|>0 0.5919   cells homeward        8 (+0.014493/tick)
        facing DOWN-gradient n    16428   P(move) 0.0207   not resting   12.8%   P(move)|>0 0.1617   cells homeward       -4 (-0.000243/tick)
      => with the gate open, P(move) up minus down: +0.5647; cells homeward up minus down: +0.014736/tick
         (positive cells-homeward means the ramp the colony built points at the NEST)
    TRACE of the 24870 gate-open decisions, 822 (3.3%) are ants ALSO holding spoil -- see `tr_gate_open_spoil`
    TRACE split by whether the homing gate is OPEN -- the conversion test:
      gate OPEN              n    24870   P(move) 0.0757   not resting   30.8%   P(move)|>0 0.2462   cells homeward       29 (+0.001166/tick)
      gate SHUT              n 0
    TRACE does pointing HOME give a POSITIVE reading? -- the three-way fix test, see `tr_align`:
      heading vs home          n  mean along % positive   P(move)
        -1.0..-0.6      10542     -0.1168       1.8%    0.0597
        -0.2..+0.2       6084     -0.0755       0.4%    0.0648
        +0.6..+1.0       8244     -0.0977       4.1%    0.1043   <- POINTED AT HOME: this row is the answer
    TRACE response vs crop fill -- P(home) should CLIMB with fill; a step or a flat line is the defect:
           fill          n   P(move)   P(home)   P(away)    cells/tick
        0.9-1.0      24870    0.0757    0.0051    0.0039     +0.001166   <- the gate threshold falls inside this bin
    TRACE Move pre-squash terms, mean over the decisions each one was live for:
      h2               -2.44930   (live in 24870 of 24870)
      h3               +2.44114   (live in 24870 of 24870)
      Bias             +2.00000   (live in 24870 of 24870)
      Energy           -1.42973   (live in 24870 of 24870)
      h1               -1.17791   (live in 24870 of 24870)   <- THE TRAIL. `PheroAAlong` reaches `Move` here and nowhere else.
      FoodAdjacent     -0.23564   (live in 24870 of 24870)
      KinNeed          +0.12945   (live in 24870 of 24870)
      Stillness        +0.12714   (live in 24870 of 24870)
      Crowding         -0.11225   (live in 24870 of 24870)
      h0               +0.01299   (live in 24870 of 24870)   <- THE TRAIL. `PheroAAlong` reaches `Move` here and nowhere else.
      Alarm            +0.00000   (live in 24870 of 24870)
    TRACE focal ant: 306 decisions written to /tmp/trailfollow-focal-seed2-gap90.csv
   90    2  hand    0/0         2736      600    21846    24870        0    7/20        1          6 5 2 6 1
                A READ  ant-readable homeward along >= 0.02 on  55.3% of route-cell samples | FOODWARD   8.7% | plane lit on  58.1% | peak amt  15181 cells  86
                RETURN LEDGER reached food    7 of   20 ants | came back    1 | trips laden    0 empty    1
                LEGS legs[2863] laden[]
                founded x   12..88   (nest cursor 48 MATERIAL x 26..70 11 of 20 founders born on it; food 138; nearest founder 50 cells out, farthest 126, nominal gap 90)  occupancy/1k [24 46 2 4 9 20 59 27]  carry->nest      29  born    0 died   20 (starved   16)
                own trail: route pk   35 end    0 along +0.0000  B nest->food [89,3092,6331,9563,8312]  blocked      216  kin swaps       0  ticks     32536  tumbles     14269 (homeward        0, 0.00%)  drops       0  chew parked      3 resumed      2 (        2 J)  DELIVERED     0  leg home n    1 med  2863 p90  2863 (laden n    0 med     0 p90     0)  appetite held         0 J of     11520  trips born-on-comb    1 (11 ants) / born-off    0 (9 ants)
                channel A: PEAK amt  15181 cells   86 (of 91 route)  POLARITY|| +0.16045 && +0.17897 SPAN +0.00853 edge  12.6  end nest->food [709,1,0,0,0]  nest   25  AtNest 10.29%
                Carrying: laden     31980  of which SPOIL      7932 ( 24.8%)
    TRACE laden ants: n 9390  mean PheroAAlong -0.28444  MEAN |PheroAAlong| 0.30830  mean P(move) 0.1460  mean trail term (h0+h1 -> Move) -2.07232  net cells homeward 76 (+0.008094/tick)
    TRACE laden TICKS by what the sensor cell is -- the geometry test  [6.00 frames/tick, must equal tick_interval]:
      air (nose in open sky)             n      511 ( 32.7% of ticks)   mean along -0.4322   usable (>= +0.02)   6.1%   frozen  78.9%
      solid (nose in ground)             n      455 ( 29.1% of ticks)   mean along -0.3644   usable (>= +0.02)   0.7%   frozen  72.7%
      surface (a trail could be here)    n      599 ( 38.3% of ticks)   mean along -0.0977   usable (>= +0.02)   6.0%   frozen  36.1%
      => of 950 FROZEN laden ticks (P(move) exactly 0), 77% had the nose in sky or ground
    TRACE freeze runs: n 47   median 7 ticks   p90 61   longest 129
    TRACE split by the sign of `along` -- the run-and-tumble test:
      facing UP-gradient     n      444   P(move) 0.7983   not resting  100.0%   P(move)|>0 0.7983   cells homeward       40 (+0.090090/tick)
      facing DOWN-gradient   n     5988   P(move) 0.0239   not resting    7.0%   P(move)|>0 0.3408   cells homeward       21 (+0.003507/tick)
      no readable gradient   n     2958   P(move) 0.2953   not resting   95.5%   P(move)|>0 0.3091   cells homeward       15 (+0.005071/tick)
      => P(move) up-gradient minus down-gradient: +0.7744  (the homing drive; ~0 means the circuit is inert)
    TRACE PheroAAlong histogram (-1..+1 in ninths): [-0.89]156 [-0.67]1950 [-0.44]2472 [-0.22]1128 [+0.00]3378 [+0.22]150 [+0.44]138 [+0.67]18 [+0.89]0
    TRACE homing gate: opens at Carrying >= 0.9890; OPEN on 9390 of 9390 laden decisions (100.00%)
    TRACE the same split, GATE OPEN only -- the only rows where the pair can respond at all:
        facing UP-gradient   n      444   P(move) 0.7983   not resting  100.0%   P(move)|>0 0.7983   cells homeward       40 (+0.090090/tick)
        facing DOWN-gradient n     5988   P(move) 0.0239   not resting    7.0%   P(move)|>0 0.3408   cells homeward       21 (+0.003507/tick)
      => with the gate open, P(move) up minus down: +0.7744; cells homeward up minus down: +0.086583/tick
         (positive cells-homeward means the ramp the colony built points at the NEST)
    TRACE of the 9390 gate-open decisions, 0 (0.0%) are ants ALSO holding spoil -- see `tr_gate_open_spoil`
    TRACE split by whether the homing gate is OPEN -- the conversion test:
      gate OPEN              n     9390   P(move) 0.1460   not resting   39.3%   P(move)|>0 0.3716   cells homeward       76 (+0.008094/tick)
      gate SHUT              n 0
    TRACE does pointing HOME give a POSITIVE reading? -- the three-way fix test, see `tr_align`:
      heading vs home          n  mean along % positive   P(move)
        -1.0..-0.6       2982     -0.3428       1.0%    0.1099
        -0.6..-0.2        306     -0.4536       0.0%    0.1738
        -0.2..+0.2       1818     -0.3108       0.3%    0.0699
        +0.2..+0.6        420     -0.3670       0.0%    0.1349
        +0.6..+1.0       3864     -0.2046      10.6%    0.2087   <- POINTED AT HOME: this row is the answer
    TRACE response vs crop fill -- P(home) should CLIMB with fill; a step or a flat line is the defect:
           fill          n   P(move)   P(home)   P(away)    cells/tick
        0.9-1.0       9390    0.1460    0.0126    0.0045     +0.008094   <- the gate threshold falls inside this bin
    TRACE Move pre-squash terms, mean over the decisions each one was live for:
      h2               -2.11129   (live in 11772 of 9390)
      Bias             +2.00000   (live in 11772 of 9390)
      h3               +1.65376   (live in 11772 of 9390)
      h0               -1.02730   (live in 11772 of 9390)   <- THE TRAIL. `PheroAAlong` reaches `Move` here and nowhere else.
      h1               -0.62674   (live in 11772 of 9390)   <- THE TRAIL. `PheroAAlong` reaches `Move` here and nowhere else.
      Energy           -0.60271   (live in 11772 of 9390)
      KinNeed          +0.52155   (live in 11772 of 9390)
      FoodAdjacent     -0.21284   (live in 11772 of 9390)
      Crowding         -0.07517   (live in 11772 of 9390)
      Stillness        +0.04755   (live in 11772 of 9390)
      Alarm            +0.00000   (live in 11772 of 9390)
    TRACE focal ant: 7614 decisions written to /tmp/trailfollow-focal-seed3-gap90.csv
   90    3  hand    0/0          684      564     8670     9390        0    7/20        0          3 0 8 8 1
                A READ  ant-readable homeward along >= 0.02 on  64.0% of route-cell samples | FOODWARD   7.6% | plane lit on  73.2% | peak amt  15827 cells  87
                RETURN LEDGER reached food    7 of   20 ants | came back    0 | trips laden    0 empty    0
                founded x   12..88   (nest cursor 48 MATERIAL x 26..70 11 of 20 founders born on it; food 138; nearest founder 50 cells out, farthest 126, nominal gap 90)  occupancy/1k [35 18 5 15 33 11 4 4]  carry->nest      76  born    0 died   20 (starved   17)
                own trail: route pk   19 end    0 along +0.0000  B nest->food [89,3092,6386,9483,8314]  blocked      141  kin swaps       0  ticks     21675  tumbles      8951 (homeward        0, 0.00%)  drops       0  chew parked      1 resumed      0 (        0 J)  DELIVERED     0  leg home n    0 med     0 p90     0 (laden n    0 med     0 p90     0)  appetite held         0 J of      2880  trips born-on-comb    0 (11 ants) / born-off    0 (9 ants)
                channel A: PEAK amt  15827 cells   87 (of 91 route)  POLARITY|| +0.12852 && +0.11973 SPAN +0.00995 edge   5.9  end nest->food [1008,358,2,0,0]  nest   25  AtNest 16.51%
                Carrying: laden     13488  of which SPOIL      4098 ( 30.4%)
    TRACE laden ants: n 67194  mean PheroAAlong -0.17435  MEAN |PheroAAlong| 0.19019  mean P(move) 0.0670  mean trail term (h0+h1 -> Move) -1.67789  net cells homeward 151 (+0.002247/tick)
    TRACE laden TICKS by what the sensor cell is -- the geometry test  [6.02 frames/tick, must equal tick_interval]:
      air (nose in open sky)             n     3873 ( 34.7% of ticks)   mean along -0.1882   usable (>= +0.02)   3.9%   frozen  77.2%
      solid (nose in ground)             n     4978 ( 44.6% of ticks)   mean along -0.1959   usable (>= +0.02)   0.5%   frozen  81.2%
      surface (a trail could be here)    n     2317 ( 20.7% of ticks)   mean along -0.1086   usable (>= +0.02)  12.6%   frozen  64.0%
      => of 8512 FROZEN laden ticks (P(move) exactly 0), 83% had the nose in sky or ground
    TRACE freeze runs: n 512   median 6 ticks   p90 40   longest 221
    TRACE split by the sign of `along` -- the run-and-tumble test:
      facing UP-gradient     n     3556   P(move) 0.5978   not resting   92.7%   P(move)|>0 0.6450   cells homeward      107 (+0.030090/tick)
      facing DOWN-gradient   n    47987   P(move) 0.0193   not resting    8.2%   P(move)|>0 0.2342   cells homeward       57 (+0.001188/tick)
      no readable gradient   n    15651   P(move) 0.0928   not resting   56.7%   P(move)|>0 0.1637   cells homeward      -13 (-0.000831/tick)
      => P(move) up-gradient minus down-gradient: +0.5785  (the homing drive; ~0 means the circuit is inert)
    TRACE PheroAAlong histogram (-1..+1 in ninths): [-0.89]0 [-0.67]2514 [-0.44]13986 [-0.22]18030 [+0.00]31120 [+0.22]933 [+0.44]550 [+0.67]55 [+0.89]6
    TRACE homing gate: opens at Carrying >= 0.9890; OPEN on 67194 of 67194 laden decisions (100.00%)
    TRACE the same split, GATE OPEN only -- the only rows where the pair can respond at all:
        facing UP-gradient   n     3556   P(move) 0.5978   not resting   92.7%   P(move)|>0 0.6450   cells homeward      107 (+0.030090/tick)
        facing DOWN-gradient n    47987   P(move) 0.0193   not resting    8.2%   P(move)|>0 0.2342   cells homeward       57 (+0.001188/tick)
      => with the gate open, P(move) up minus down: +0.5785; cells homeward up minus down: +0.028902/tick
         (positive cells-homeward means the ramp the colony built points at the NEST)
    TRACE of the 67194 gate-open decisions, 3486 (5.2%) are ants ALSO holding spoil -- see `tr_gate_open_spoil`
    TRACE split by whether the homing gate is OPEN -- the conversion test:
      gate OPEN              n    67194   P(move) 0.0670   not resting   24.0%   P(move)|>0 0.2794   cells homeward      151 (+0.002247/tick)
      gate SHUT              n 0
    TRACE does pointing HOME give a POSITIVE reading? -- the three-way fix test, see `tr_align`:
      heading vs home          n  mean along % positive   P(move)
        -1.0..-0.6      25909     -0.1958       4.7%    0.0651
        -0.6..-0.2        614     -0.0273       2.0%    0.1798
        -0.2..+0.2      13429     -0.1924       0.4%    0.0197
        +0.2..+0.6        676     -0.0012      16.6%    0.1473
        +0.6..+1.0      26452     -0.1522       8.1%    0.0874   <- POINTED AT HOME: this row is the answer
    TRACE response vs crop fill -- P(home) should CLIMB with fill; a step or a flat line is the defect:
           fill          n   P(move)   P(home)   P(away)    cells/tick
        0.9-1.0      67194    0.0670    0.0056    0.0033     +0.002247   <- the gate threshold falls inside this bin
    TRACE Move pre-squash terms, mean over the decisions each one was live for:
      h2               -2.44864   (live in 67194 of 67194)
      h3               +2.44198   (live in 67194 of 67194)
      Bias             +2.00000   (live in 67194 of 67194)
      Energy           -1.36039   (live in 67194 of 67194)
      h1               -1.29953   (live in 67194 of 67194)   <- THE TRAIL. `PheroAAlong` reaches `Move` here and nowhere else.
      h0               -0.37836   (live in 67194 of 67194)   <- THE TRAIL. `PheroAAlong` reaches `Move` here and nowhere else.
      KinNeed          +0.22295   (live in 67194 of 67194)
      FoodAdjacent     -0.17156   (live in 67194 of 67194)
      Crowding         -0.16414   (live in 67194 of 67194)
      Stillness        +0.10861   (live in 67194 of 67194)
      Alarm            +0.00000   (live in 67194 of 67194)
    TRACE focal ant: 90 decisions written to /tmp/trailfollow-focal-seed4-gap90.csv
   90    4  hand    7/7        11260     1050        0    67194     1194   15/24        1         7 0 2 14 1
                A READ  ant-readable homeward along >= 0.02 on  56.2% of route-cell samples | FOODWARD  12.0% | plane lit on  66.8% | peak amt  13711 cells  87
                RETURN LEDGER reached food   15 of   24 ants | came back    1 | trips laden    1 empty    0
                LEGS legs[2719] laden[2719]
                founded x   12..88   (nest cursor 48 MATERIAL x 26..70 11 of 24 founders born on it; food 138; nearest founder 50 cells out, farthest 126, nominal gap 90)  occupancy/1k [37 8 18 3 11 17 86 86]  carry->nest     151  born    4 died   17 (starved   11)
                own trail: route pk   25 end   13 along +0.0059  B nest->food [89,3110,6350,9833,8418]  blocked      228  kin swaps       0  ticks     44851  tumbles     20229 (homeward        0, 0.00%)  drops       8  chew parked     20 resumed     15 (     5095 J)  DELIVERED     6  leg home n    1 med  2719 p90  2719 (laden n    1 med  2719 p90  2719)  appetite held         0 J of     32640  trips born-on-comb    0 (11 ants) / born-off    1 (13 ants)
                channel A: PEAK amt  13711 cells   87 (of 91 route)  POLARITY|| +0.12613 && +0.14802 SPAN +0.02462 edge  11.9  end nest->food [574,0,0,0,0]  nest   25  AtNest  7.70%
                Carrying: laden     71406  of which SPOIL      7698 ( 10.8%)
    TRACE laden ants: n 52415  mean PheroAAlong -0.25143  MEAN |PheroAAlong| 0.26552  mean P(move) 0.1397  mean trail term (h0+h1 -> Move) -2.14065  net cells homeward 209 (+0.003987/tick)
    TRACE laden TICKS by what the sensor cell is -- the geometry test  [6.20 frames/tick, must equal tick_interval]:
      air (nose in open sky)             n     3858 ( 45.6% of ticks)   mean along -0.3099   usable (>= +0.02)   2.2%   frozen  78.6%
      solid (nose in ground)             n     2537 ( 30.0% of ticks)   mean along -0.2617   usable (>= +0.02)   0.6%   frozen  72.6%
      surface (a trail could be here)    n     2060 ( 24.4% of ticks)   mean along -0.1376   usable (>= +0.02)  10.6%   frozen  51.4%
      => of 5934 FROZEN laden ticks (P(move) exactly 0), 82% had the nose in sky or ground
    TRACE freeze runs: n 285   median 7 ticks   p90 60   longest 205
    TRACE split by the sign of `along` -- the run-and-tumble test:
      facing UP-gradient     n     2275   P(move) 0.7181   not resting  100.0%   P(move)|>0 0.7181   cells homeward      130 (+0.057143/tick)
      facing DOWN-gradient   n    39229   P(move) 0.0308   not resting    8.8%   P(move)|>0 0.3513   cells homeward       77 (+0.001963/tick)
      no readable gradient   n    10911   P(move) 0.4106   not resting   93.5%   P(move)|>0 0.4390   cells homeward        2 (+0.000183/tick)
      => P(move) up-gradient minus down-gradient: +0.6873  (the homing drive; ~0 means the circuit is inert)
    TRACE PheroAAlong histogram (-1..+1 in ninths): [-0.89]106 [-0.67]6273 [-0.44]13713 [-0.22]14314 [+0.00]16777 [+0.22]939 [+0.44]224 [+0.67]69 [+0.89]0
    TRACE homing gate: opens at Carrying >= 0.9890; OPEN on 52415 of 52415 laden decisions (100.00%)
    TRACE the same split, GATE OPEN only -- the only rows where the pair can respond at all:
        facing UP-gradient   n     2275   P(move) 0.7181   not resting  100.0%   P(move)|>0 0.7181   cells homeward      130 (+0.057143/tick)
        facing DOWN-gradient n    39229   P(move) 0.0308   not resting    8.8%   P(move)|>0 0.3513   cells homeward       77 (+0.001963/tick)
      => with the gate open, P(move) up minus down: +0.6873; cells homeward up minus down: +0.055180/tick
         (positive cells-homeward means the ramp the colony built points at the NEST)
    TRACE of the 52415 gate-open decisions, 144 (0.3%) are ants ALSO holding spoil -- see `tr_gate_open_spoil`
    TRACE split by whether the homing gate is OPEN -- the conversion test:
      gate OPEN              n    52415   P(move) 0.1397   not resting   30.4%   P(move)|>0 0.4599   cells homeward      209 (+0.003987/tick)
      gate SHUT              n 0
    TRACE does pointing HOME give a POSITIVE reading? -- the three-way fix test, see `tr_align`:
      heading vs home          n  mean along % positive   P(move)
        -1.0..-0.6      21286     -0.2824       2.6%    0.1210
        -0.6..-0.2        504     -0.0095       5.2%    0.3317
        -0.2..+0.2       8791     -0.3324       1.1%    0.0831
        +0.2..+0.6        787     -0.0371       7.1%    0.2928
        +0.6..+1.0      20337     -0.1992       7.6%    0.1750   <- POINTED AT HOME: this row is the answer
    TRACE response vs crop fill -- P(home) should CLIMB with fill; a step or a flat line is the defect:
           fill          n   P(move)   P(home)   P(away)    cells/tick
        0.9-1.0      52415    0.1397    0.0101    0.0061     +0.003987   <- the gate threshold falls inside this bin
    TRACE Move pre-squash terms, mean over the decisions each one was live for:
      h2               -2.22444   (live in 62843 of 52415)
      Bias             +2.00000   (live in 62843 of 52415)
      h3               +1.76662   (live in 62843 of 52415)
      h0               -0.99333   (live in 62843 of 52415)   <- THE TRAIL. `PheroAAlong` reaches `Move` here and nowhere else.
      Energy           -0.89963   (live in 62843 of 52415)
      h1               -0.79263   (live in 62843 of 52415)   <- THE TRAIL. `PheroAAlong` reaches `Move` here and nowhere else.
      KinNeed          +0.46233   (live in 62843 of 52415)
      Crowding         -0.14166   (live in 62843 of 52415)
      FoodAdjacent     -0.12467   (live in 62843 of 52415)
      Stillness        +0.11204   (live in 62843 of 52415)
      MoistureFront    +0.00665   (live in 1472 of 52415)
      Alarm            +0.00000   (live in 62843 of 52415)
    TRACE focal ant: 20808 decisions written to /tmp/trailfollow-focal-seed5-gap90.csv
   90    5  hand    0/0        14611      534    23567    52415        0   20/28        0         4 1 1 21 1
                A READ  ant-readable homeward along >= 0.02 on  61.5% of route-cell samples | FOODWARD  13.5% | plane lit on  74.6% | peak amt  15483 cells  88
                RETURN LEDGER reached food   20 of   28 ants | came back    0 | trips laden    0 empty    0
                founded x   12..88   (nest cursor 48 MATERIAL x 26..70 11 of 28 founders born on it; food 138; nearest founder 50 cells out, farthest 126, nominal gap 90)  occupancy/1k [29 18 13 21 23 61 91 26]  carry->nest     209  born    8 died   27 (starved   15)
                own trail: route pk   45 end   25 along -0.1071  B nest->food [89,3092,6376,9818,8351]  blocked      260  kin swaps       0  ticks     47197  tumbles     20318 (homeward        0, 0.00%)  drops       0  chew parked     10 resumed      6 (        5 J)  DELIVERED     0  leg home n    0 med     0 p90     0 (laden n    0 med     0 p90     0)  appetite held         0 J of     23040  trips born-on-comb    0 (11 ants) / born-off    0 (17 ants)
                channel A: PEAK amt  15483 cells   88 (of 91 route)  POLARITY|| +0.11905 && +0.11752 SPAN +0.01805 edge   8.2  end nest->food [579,2,0,0,0]  nest   25  AtNest  5.13%
                Carrying: laden     57796  of which SPOIL      5525 (  9.6%)
    TRACE laden ants: n 38852  mean PheroAAlong -0.23629  MEAN |PheroAAlong| 0.24350  mean P(move) 0.0628  mean trail term (h0+h1 -> Move) -2.03646  net cells homeward 86 (+0.002214/tick)
    TRACE laden TICKS by what the sensor cell is -- the geometry test  [6.02 frames/tick, must equal tick_interval]:
      air (nose in open sky)             n     2725 ( 42.2% of ticks)   mean along -0.2660   usable (>= +0.02)   1.8%   frozen  81.2%
      solid (nose in ground)             n     1863 ( 28.9% of ticks)   mean along -0.2422   usable (>= +0.02)   0.5%   frozen  71.9%
      surface (a trail could be here)    n     1864 ( 28.9% of ticks)   mean along -0.1865   usable (>= +0.02)   6.1%   frozen  82.4%
      => of 5088 FROZEN laden ticks (P(move) exactly 0), 70% had the nose in sky or ground
    TRACE freeze runs: n 321   median 6 ticks   p90 30   longest 302
    TRACE split by the sign of `along` -- the run-and-tumble test:
      facing UP-gradient     n     1440   P(move) 0.5532   not resting  100.0%   P(move)|>0 0.5532   cells homeward       34 (+0.023611/tick)
      facing DOWN-gradient   n    29231   P(move) 0.0120   not resting    5.9%   P(move)|>0 0.2022   cells homeward       39 (+0.001334/tick)
      no readable gradient   n     8181   P(move) 0.1581   not resting   62.2%   P(move)|>0 0.2541   cells homeward       13 (+0.001589/tick)
      => P(move) up-gradient minus down-gradient: +0.5412  (the homing drive; ~0 means the circuit is inert)
    TRACE PheroAAlong histogram (-1..+1 in ninths): [-0.89]850 [-0.67]3052 [-0.44]9528 [-0.22]9879 [+0.00]15153 [+0.22]300 [+0.44]54 [+0.67]24 [+0.89]12
    TRACE homing gate: opens at Carrying >= 0.9890; OPEN on 38852 of 38852 laden decisions (100.00%)
    TRACE the same split, GATE OPEN only -- the only rows where the pair can respond at all:
        facing UP-gradient   n     1440   P(move) 0.5532   not resting  100.0%   P(move)|>0 0.5532   cells homeward       34 (+0.023611/tick)
        facing DOWN-gradient n    29231   P(move) 0.0120   not resting    5.9%   P(move)|>0 0.2022   cells homeward       39 (+0.001334/tick)
      => with the gate open, P(move) up minus down: +0.5412; cells homeward up minus down: +0.022277/tick
         (positive cells-homeward means the ramp the colony built points at the NEST)
    TRACE of the 38852 gate-open decisions, 5605 (14.4%) are ants ALSO holding spoil -- see `tr_gate_open_spoil`
    TRACE split by whether the homing gate is OPEN -- the conversion test:
      gate OPEN              n    38852   P(move) 0.0628   not resting   21.3%   P(move)|>0 0.2954   cells homeward       86 (+0.002214/tick)
      gate SHUT              n 0
    TRACE does pointing HOME give a POSITIVE reading? -- the three-way fix test, see `tr_align`:
      heading vs home          n  mean along % positive   P(move)
        -1.0..-0.6      16865     -0.2666       2.2%    0.0469
        -0.6..-0.2         47     -0.2478       0.0%    0.2613
        -0.2..+0.2       7086     -0.2700       0.0%    0.0381
        +0.2..+0.6        145     -0.7113       0.0%    0.0519
        +0.6..+1.0      14639     -0.1815       7.3%    0.0899   <- POINTED AT HOME: this row is the answer
    TRACE response vs crop fill -- P(home) should CLIMB with fill; a step or a flat line is the defect:
           fill          n   P(move)   P(home)   P(away)    cells/tick
        0.9-1.0      38852    0.0628    0.0052    0.0030     +0.002214   <- the gate threshold falls inside this bin
    TRACE Move pre-squash terms, mean over the decisions each one was live for:
      h2               -2.44863   (live in 38852 of 38852)
      h3               +2.44202   (live in 38852 of 38852)
      Bias             +2.00000   (live in 38852 of 38852)
      Energy           -1.44422   (live in 38852 of 38852)
      h1               -1.42455   (live in 38852 of 38852)   <- THE TRAIL. `PheroAAlong` reaches `Move` here and nowhere else.
      h0               -0.61191   (live in 38852 of 38852)   <- THE TRAIL. `PheroAAlong` reaches `Move` here and nowhere else.
      FoodAdjacent     -0.17547   (live in 38852 of 38852)
      Stillness        +0.14827   (live in 38852 of 38852)
      KinNeed          +0.13571   (live in 38852 of 38852)
      Crowding         -0.08693   (live in 38852 of 38852)
      PheroBAlong      +0.00900   (live in 24 of 38852)
      Alarm            +0.00000   (live in 38852 of 38852)
    TRACE focal ant: 102 decisions written to /tmp/trailfollow-focal-seed6-gap90.csv
   90    6  hand   10/1        14138      528        0    38852        0   17/29        0         5 3 3 15 3
                A READ  ant-readable homeward along >= 0.02 on  60.7% of route-cell samples | FOODWARD  17.7% | plane lit on  76.6% | peak amt  18354 cells  88
                RETURN LEDGER reached food   17 of   29 ants | came back    0 | trips laden    0 empty    0
                founded x   12..88   (nest cursor 48 MATERIAL x 26..70 11 of 29 founders born on it; food 138; nearest founder 50 cells out, farthest 126, nominal gap 90)  occupancy/1k [47 9 6 16 15 33 80 25]  carry->nest      86  born    9 died   19 (starved   15)
                own trail: route pk   30 end   12 along -0.4851  B nest->food [89,3092,6331,9631,8294]  blocked      368  kin swaps       0  ticks     39279  tumbles     16619 (homeward        0, 0.00%)  drops       0  chew parked      8 resumed      4 (        3 J)  DELIVERED     0  leg home n    0 med     0 p90     0 (laden n    0 med     0 p90     0)  appetite held         0 J of     20160  trips born-on-comb    0 (11 ants) / born-off    0 (18 ants)
                channel A: PEAK amt  18354 cells   88 (of 91 route)  POLARITY|| +0.11476 && +0.12051 SPAN +0.03287 edge  13.1  end nest->food [1786,2150,0,0,787]  nest   25  AtNest  7.35%
                Carrying: laden     47552  of which SPOIL     14305 ( 30.1%)
    TRACE laden ants: n 62626  mean PheroAAlong -0.20679  MEAN |PheroAAlong| 0.21464  mean P(move) 0.1150  mean trail term (h0+h1 -> Move) -1.75916  net cells homeward 153 (+0.002443/tick)
    TRACE laden TICKS by what the sensor cell is -- the geometry test  [5.63 frames/tick, must equal tick_interval]:
      air (nose in open sky)             n     3530 ( 31.7% of ticks)   mean along -0.1947   usable (>= +0.02)   1.8%   frozen  67.6%
      solid (nose in ground)             n     4583 ( 41.2% of ticks)   mean along -0.2408   usable (>= +0.02)   1.8%   frozen  71.9%
      surface (a trail could be here)    n     3008 ( 27.0% of ticks)   mean along -0.1581   usable (>= +0.02)   6.3%   frozen  63.6%
      => of 7596 FROZEN laden ticks (P(move) exactly 0), 75% had the nose in sky or ground
    TRACE freeze runs: n 330   median 6 ticks   p90 52   longest 470
    TRACE split by the sign of `along` -- the run-and-tumble test:
      facing UP-gradient     n     2403   P(move) 0.5767   not resting   92.1%   P(move)|>0 0.6265   cells homeward       93 (+0.038702/tick)
      facing DOWN-gradient   n    42583   P(move) 0.0364   not resting   11.4%   P(move)|>0 0.3178   cells homeward       77 (+0.001808/tick)
      no readable gradient   n    17640   P(move) 0.2420   not resting   69.6%   P(move)|>0 0.3479   cells homeward      -17 (-0.000964/tick)
      => P(move) up-gradient minus down-gradient: +0.5404  (the homing drive; ~0 means the circuit is inert)
    TRACE PheroAAlong histogram (-1..+1 in ninths): [-0.89]750 [-0.67]6324 [-0.44]10733 [-0.22]14222 [+0.00]29848 [+0.22]622 [+0.44]109 [+0.67]18 [+0.89]0
    TRACE homing gate: opens at Carrying >= 0.9890; OPEN on 62626 of 62626 laden decisions (100.00%)
    TRACE the same split, GATE OPEN only -- the only rows where the pair can respond at all:
        facing UP-gradient   n     2403   P(move) 0.5767   not resting   92.1%   P(move)|>0 0.6265   cells homeward       93 (+0.038702/tick)
        facing DOWN-gradient n    42583   P(move) 0.0364   not resting   11.4%   P(move)|>0 0.3178   cells homeward       77 (+0.001808/tick)
      => with the gate open, P(move) up minus down: +0.5404; cells homeward up minus down: +0.036893/tick
         (positive cells-homeward means the ramp the colony built points at the NEST)
    TRACE of the 62626 gate-open decisions, 0 (0.0%) are ants ALSO holding spoil -- see `tr_gate_open_spoil`
    TRACE split by whether the homing gate is OPEN -- the conversion test:
      gate OPEN              n    62626   P(move) 0.1150   not resting   30.9%   P(move)|>0 0.3721   cells homeward      153 (+0.002443/tick)
      gate SHUT              n 0
    TRACE does pointing HOME give a POSITIVE reading? -- the three-way fix test, see `tr_align`:
      heading vs home          n  mean along % positive   P(move)
        -1.0..-0.6      23194     -0.2288       2.3%    0.1112
        -0.6..-0.2       1571     -0.0613       5.9%    0.2385
        -0.2..+0.2      11934     -0.2264       2.8%    0.0680
        +0.2..+0.6       2011     -0.0308       4.0%    0.2378
        +0.6..+1.0      21734     -0.1831       5.8%    0.1289   <- POINTED AT HOME: this row is the answer
    TRACE response vs crop fill -- P(home) should CLIMB with fill; a step or a flat line is the defect:
           fill          n   P(move)   P(home)   P(away)    cells/tick
        0.9-1.0      62626    0.1150    0.0088    0.0063     +0.002443   <- the gate threshold falls inside this bin
    TRACE Move pre-squash terms, mean over the decisions each one was live for:
      h2               -2.44903   (live in 62626 of 62626)
      h3               +2.44148   (live in 62626 of 62626)
      Bias             +2.00000   (live in 62626 of 62626)
      h1               -1.34128   (live in 62626 of 62626)   <- THE TRAIL. `PheroAAlong` reaches `Move` here and nowhere else.
      Energy           -1.18396   (live in 62626 of 62626)
      h0               -0.41788   (live in 62626 of 62626)   <- THE TRAIL. `PheroAAlong` reaches `Move` here and nowhere else.
      KinNeed          +0.34498   (live in 62626 of 62626)
      Stillness        +0.25481   (live in 62626 of 62626)
      FoodAdjacent     -0.20938   (live in 62626 of 62626)
      Crowding         -0.13486   (live in 62626 of 62626)
      MoistureFront    +0.00783   (live in 3608 of 62626)
      MoistureLateral  +0.00216   (live in 290 of 62626)
      Alarm            +0.00000   (live in 62626 of 62626)
      PreyNear         +0.00000   (live in 810 of 62626)
      h7               +0.00000   (live in 192 of 62626)
    TRACE focal ant: 60 decisions written to /tmp/trailfollow-focal-seed7-gap90.csv
   90    7  hand    3/3        29771      576        0    62626     5888   31/42        2        6 1 4 18 13
                A READ  ant-readable homeward along >= 0.02 on  53.4% of route-cell samples | FOODWARD  16.5% | plane lit on  68.6% | peak amt  14230 cells  89
                RETURN LEDGER reached food   31 of   42 ants | came back    2 | trips laden    2 empty    0
                LEGS legs[2623,606] laden[2623,606]
                founded x   12..88   (nest cursor 48 MATERIAL x 26..70 11 of 42 founders born on it; food 138; nearest founder 50 cells out, farthest 126, nominal gap 90)  occupancy/1k [32 21 14 17 8 16 74 52]  carry->nest     153  born   22 died   38 (starved   15)
                own trail: route pk   73 end   20 along -0.0031  B nest->food [89,3128,6370,9770,8791]  blocked      232  kin swaps       0  ticks     40704  tumbles     17750 (homeward        0, 0.00%)  drops     161  chew parked    122 resumed    119 (    54271 J)  DELIVERED   161  leg home n    2 med  2623 p90  2623 (laden n    2 med  2623 p90  2623)  appetite held         0 J of     28800  trips born-on-comb    0 (11 ants) / born-off    2 (31 ants)
                channel A: PEAK amt  14230 cells   89 (of 91 route)  POLARITY|| +0.12234 && +0.11867 SPAN +0.02809 edge   8.7  end nest->food [907,286,0,16,0]  nest   25  AtNest  7.44%
                Carrying: laden     66283  of which SPOIL      3657 (  5.5%)
    TRACE laden ants: n 60580  mean PheroAAlong -0.25724  MEAN |PheroAAlong| 0.27583  mean P(move) 0.0648  mean trail term (h0+h1 -> Move) -2.27466  net cells homeward 407 (+0.006718/tick)
    TRACE laden TICKS by what the sensor cell is -- the geometry test  [6.14 frames/tick, must equal tick_interval]:
      air (nose in open sky)             n     3617 ( 36.7% of ticks)   mean along -0.3060   usable (>= +0.02)   3.2%   frozen  88.9%
      solid (nose in ground)             n     3141 ( 31.9% of ticks)   mean along -0.2965   usable (>= +0.02)   0.5%   frozen  90.4%
      surface (a trail could be here)    n     3102 ( 31.5% of ticks)   mean along -0.1651   usable (>= +0.02)  12.8%   frozen  72.2%
      => of 8298 FROZEN laden ticks (P(move) exactly 0), 73% had the nose in sky or ground
    TRACE freeze runs: n 388   median 7 ticks   p90 59   longest 344
    TRACE split by the sign of `along` -- the run-and-tumble test:
      facing UP-gradient     n     3893   P(move) 0.6374   not resting   99.7%   P(move)|>0 0.6392   cells homeward      260 (+0.066787/tick)
      facing DOWN-gradient   n    49634   P(move) 0.0124   not resting    5.5%   P(move)|>0 0.2249   cells homeward      140 (+0.002821/tick)
      no readable gradient   n     7053   P(move) 0.1179   not resting   43.0%   P(move)|>0 0.2742   cells homeward        7 (+0.000992/tick)
      => P(move) up-gradient minus down-gradient: +0.6250  (the homing drive; ~0 means the circuit is inert)
    TRACE PheroAAlong histogram (-1..+1 in ninths): [-0.89]444 [-0.67]5957 [-0.44]16145 [-0.22]20611 [+0.00]15750 [+0.22]1178 [+0.44]435 [+0.67]36 [+0.89]24
    TRACE homing gate: opens at Carrying >= 0.9890; OPEN on 60580 of 60580 laden decisions (100.00%)
    TRACE the same split, GATE OPEN only -- the only rows where the pair can respond at all:
        facing UP-gradient   n     3893   P(move) 0.6374   not resting   99.7%   P(move)|>0 0.6392   cells homeward      260 (+0.066787/tick)
        facing DOWN-gradient n    49634   P(move) 0.0124   not resting    5.5%   P(move)|>0 0.2249   cells homeward      140 (+0.002821/tick)
      => with the gate open, P(move) up minus down: +0.6250; cells homeward up minus down: +0.063966/tick
         (positive cells-homeward means the ramp the colony built points at the NEST)
    TRACE of the 60580 gate-open decisions, 126 (0.2%) are ants ALSO holding spoil -- see `tr_gate_open_spoil`
    TRACE split by whether the homing gate is OPEN -- the conversion test:
      gate OPEN              n    60580   P(move) 0.0648   not resting   15.9%   P(move)|>0 0.4071   cells homeward      407 (+0.006718/tick)
      gate SHUT              n 0
    TRACE does pointing HOME give a POSITIVE reading? -- the three-way fix test, see `tr_align`:
      heading vs home          n  mean along % positive   P(move)
        -1.0..-0.6      24745     -0.2966       5.6%    0.0572
        -0.6..-0.2        636     -0.2516       3.3%    0.0473
        -0.2..+0.2      11677     -0.2641       0.3%    0.0146
        +0.2..+0.6        695     -0.3624       0.0%    0.0060
        +0.6..+1.0      22160     -0.2021      10.9%    0.1026   <- POINTED AT HOME: this row is the answer
    TRACE response vs crop fill -- P(home) should CLIMB with fill; a step or a flat line is the defect:
           fill          n   P(move)   P(home)   P(away)    cells/tick
        0.9-1.0      60580    0.0648    0.0081    0.0013     +0.006718   <- the gate threshold falls inside this bin
    TRACE Move pre-squash terms, mean over the decisions each one was live for:
      h2               -2.44871   (live in 60580 of 60580)
      h3               +2.44191   (live in 60580 of 60580)
      Bias             +2.00000   (live in 60580 of 60580)
      h1               -1.46438   (live in 60580 of 60580)   <- THE TRAIL. `PheroAAlong` reaches `Move` here and nowhere else.
      Energy           -1.23299   (live in 60580 of 60580)
      h0               -0.81028   (live in 60580 of 60580)   <- THE TRAIL. `PheroAAlong` reaches `Move` here and nowhere else.
      KinNeed          +0.28591   (live in 60580 of 60580)
      Stillness        +0.20567   (live in 60580 of 60580)
      FoodAdjacent     -0.12420   (live in 60580 of 60580)
      Crowding         -0.11135   (live in 60580 of 60580)
      MoistureGrad     +0.00186   (live in 2877 of 60580)
      Alarm            +0.00000   (live in 60580 of 60580)
    TRACE focal ant: 420 decisions written to /tmp/trailfollow-focal-seed8-gap90.csv
   90    8  hand    7/7        10400      726        0    60580    12989   13/23        7         5 1 2 15 0
                A READ  ant-readable homeward along >= 0.02 on  56.9% of route-cell samples | FOODWARD  19.2% | plane lit on  76.0% | peak amt  21099 cells  89
                RETURN LEDGER reached food   13 of   23 ants | came back    7 | trips laden    5 empty    2
                LEGS legs[697,2171,2413,5521,3592,5323,11791] laden[697,2171,2413,5521,3592]
                founded x   12..88   (nest cursor 48 MATERIAL x 26..70 11 of 23 founders born on it; food 138; nearest founder 50 cells out, farthest 126, nominal gap 90)  occupancy/1k [28 32 66 15 31 18 56 22]  carry->nest     407  born    3 died   16 (starved    7)
                own trail: route pk   69 end    0 along +0.0000  B nest->food [89,3203,6430,9605,8299]  blocked      187  kin swaps       0  ticks     44710  tumbles     19804 (homeward        0, 0.00%)  drops      40  chew parked     49 resumed     39 (    18630 J)  DELIVERED    40  leg home n    7 med  3592 p90  5521 (laden n    5 med  2413 p90  5521)  appetite held         0 J of     30720  trips born-on-comb    3 (11 ants) / born-off    4 (12 ants)
                channel A: PEAK amt  21099 cells   89 (of 91 route)  POLARITY|| +0.11640 && +0.11502 SPAN +0.02492 edge  10.2  end nest->food [1194,7801,0,7,0]  nest   25  AtNest  8.73%
                Carrying: laden     64840  of which SPOIL      4386 (  6.8%)

  larder put out, over the whole sweep: 99120-133920 J, against a need near 46,800 J
    for 52 ants over 24,000 frames -- so these colonies are provisioned, not starved.
  intake off anything that is not the larder is ASSERTED to be 0 in every row, not printed.

  `self` vs `mute` is the real question: do the ants' OWN trails do anything?
  `visitors` is DISTINCT ants that reached the food over distinct ants that ever lived --
    recruitment, which `near` ant-ticks cannot see: 50 visitors and 1 resident read alike.
  `trips` is nest -> food -> nest, closed on the RETURN. `reach` buckets every ant by how
  `occupancy` is ant-ticks in 8 equal bands, NEST END FIRST, food end last -- a commuting
    colony is bimodal, a dispersing one slides its mass right, a homebody is a spike at 0.
  `carry->nest` is signed cells moved while holding larder, POSITIVE = homeward. Near zero
    means food is picked up and wandered with, which is a different fault from not finding it.
    far it ever got, as a share of the gap, so a commuting population is visible as a shape.
  `hand` vs `self` only says whether a laid ramp beats what they bootstrap.
  `hmute` is the DECAY BASELINE for `route pk`: our ramp laid, the ants silenced.
  `flatN`/`flatF` are the POLARITY metric's negative controls: a FLAT channel A blob over
    the nest half / the food half, ants' EmitA silenced. A field with no ramp in it at all.
    A correct metric reads 0 on both. POLARITY|| is predicted to read ~+0.12 and ~-0.12,
    which brackets every polarity figure in the report -- see `lay_flat`.
  `homeA` lays a channel A HOMING ramp and no food trail -- if laden ants only fail
    to route because they cannot find their way home, this is where their own B appears.
  `carry` is ant-ticks holding larder in the crop; `carry@nest` is those inside the +-26 nest band --
    that pair is the answer to "is food being carried back", which a cell census cannot give.
  `other J` must read 0 in every row: it is the check that `onlyfood` held.
  A gap where `alive` reaches 0 in every arm is measuring a dead colony, not a deaf one.
