  diet: larder=fruit onlyfood=on
  odometer A: recur=shipped emita=shipped biasa=shipped   odometer B: charb=shipped recurb=shipped emitb=shipped biasb=shipped carryb=shipped
trailfollow: mode=gap gate=shipped frames=100000 seeds=8 seed0=1 ants=20 relay=60 near=10 food=400 refill=400 stop=6000 homebias=shipped cropcap=shipped hungergate=shipped arho=shipped brho=shipped adiffuse=shipped tcomp=shipped tumble=shipped persist=shipped tumblegrad=shipped homewire=0
  gate shipped: off -45.0  on +0.5  along ±6.0
  landed 2026-09-09: units 0/1 = b2 (off -45, on +0.5, along 6); units 2/3 = saturated (off -45, on +30, along 6). See open-bugs-handoff.md Z7.

  gap seed   arm     alive     ate J  arrive@    dead@    carry    @nest  visitors  trips reach 0-25-50-75-100
----- ---- ----- --------- --------- -------- -------- -------- -------- --------- ------ ------------------
    TRACE laden ants: n 99154  mean PheroAAlong -0.16169  MEAN |PheroAAlong| 0.17441  mean P(move) 0.1059  mean trail term (h0+h1 -> Move) -1.51490  net cells homeward 249 (+0.002511/tick)
    TRACE laden TICKS by what the sensor cell is -- the geometry test  [6.13 frames/tick, must equal tick_interval]:
      air (nose in open sky)             n     6027 ( 37.3% of ticks)   mean along -0.1845   usable (>= +0.02)   2.6%   frozen  69.0%
      solid (nose in ground)             n     5907 ( 36.5% of ticks)   mean along -0.1610   usable (>= +0.02)   3.7%   frozen  64.9%
      surface (a trail could be here)    n     4239 ( 26.2% of ticks)   mean along -0.1249   usable (>= +0.02)   5.7%   frozen  59.0%
      => of 10496 FROZEN laden ticks (P(move) exactly 0), 76% had the nose in sky or ground
    TRACE freeze runs: n 493   median 6 ticks   p90 53   longest 632
    TRACE split by the sign of `along` -- the run-and-tumble test:
      facing UP-gradient     n     4738   P(move) 0.5102   not resting   81.4%   P(move)|>0 0.6269   cells homeward       88 (+0.018573/tick)
      facing DOWN-gradient   n    56591   P(move) 0.0126   not resting    4.9%   P(move)|>0 0.2584   cells homeward       66 (+0.001166/tick)
      no readable gradient   n    37825   P(move) 0.1948   not resting   73.9%   P(move)|>0 0.2637   cells homeward       95 (+0.002512/tick)
      => P(move) up-gradient minus down-gradient: +0.4976  (the homing drive; ~0 means the circuit is inert)
    TRACE PheroAAlong histogram (-1..+1 in ninths): [-0.89]52 [-0.67]4534 [-0.44]18341 [-0.22]24847 [+0.00]49647 [+0.22]1113 [+0.44]538 [+0.67]69 [+0.89]13
    TRACE homing gate: opens at Carrying >= 0.9890; OPEN on 99154 of 99154 laden decisions (100.00%)
    TRACE the same split, GATE OPEN only -- the only rows where the pair can respond at all:
        facing UP-gradient   n     4738   P(move) 0.5102   not resting   81.4%   P(move)|>0 0.6269   cells homeward       88 (+0.018573/tick)
        facing DOWN-gradient n    56591   P(move) 0.0126   not resting    4.9%   P(move)|>0 0.2584   cells homeward       66 (+0.001166/tick)
      => with the gate open, P(move) up minus down: +0.4976; cells homeward up minus down: +0.017407/tick
         (positive cells-homeward means the ramp the colony built points at the NEST)
    TRACE of the 99154 gate-open decisions, 0 (0.0%) are ants ALSO holding spoil -- see `tr_gate_open_spoil`
    TRACE split by whether the homing gate is OPEN -- the conversion test:
      gate OPEN              n    99154   P(move) 0.1059   not resting   34.9%   P(move)|>0 0.3038   cells homeward      249 (+0.002511/tick)
      gate SHUT              n 0
    TRACE does pointing HOME give a POSITIVE reading? -- the three-way fix test, see `tr_align`:
      heading vs home          n  mean along % positive   P(move)
        -1.0..-0.6      38951     -0.1766       2.4%    0.0972
        -0.6..-0.2       2327     -0.1175       0.9%    0.2030
        -0.2..+0.2      18921     -0.2008       2.2%    0.0697
        +0.2..+0.6       2321     -0.1145       2.6%    0.1868
        +0.6..+1.0      36004     -0.1341       9.0%    0.1215   <- POINTED AT HOME: this row is the answer
    TRACE response vs crop fill -- P(home) should CLIMB with fill; a step or a flat line is the defect:
           fill          n   P(move)   P(home)   P(away)    cells/tick
        0.9-1.0      99154    0.1059    0.0074    0.0049     +0.002511   <- the gate threshold falls inside this bin
    TRACE Move pre-squash terms, mean over the decisions each one was live for:
      h2               -2.44910   (live in 99154 of 99154)
      h3               +2.44141   (live in 99154 of 99154)
      Bias             +2.00000   (live in 99154 of 99154)
      Energy           -1.37533   (live in 99154 of 99154)
      h1               -1.25302   (live in 99154 of 99154)   <- THE TRAIL. `PheroAAlong` reaches `Move` here and nowhere else.
      h0               -0.26188   (live in 99154 of 99154)   <- THE TRAIL. `PheroAAlong` reaches `Move` here and nowhere else.
      FoodAdjacent     -0.26076   (live in 99154 of 99154)
      Stillness        +0.20813   (live in 99154 of 99154)
      KinNeed          +0.18910   (live in 99154 of 99154)
      Crowding         -0.11493   (live in 99154 of 99154)
      PheroALateral    +0.00000   (live in 11520 of 99154)
      Alarm            +0.00000   (live in 99154 of 99154)
    TRACE focal ant: 192 decisions written to /tmp/trailfollow-focal-seed1-gap90.csv
   90    1  hand    0/0        24153      804    46423    99154      252   25/35        5         7 1 1 24 2
                A READ  ant-readable homeward along >= 0.02 on  16.0% of route-cell samples | FOODWARD   8.8% | plane lit on  23.9% | peak amt  16107 cells  87
                RETURN LEDGER reached food   25 of   35 ants | came back    5 | trips laden    1 empty    4
                LEGS legs[3733,3955,4225,5006,17635] laden[3955]
                founded x   12..88   (nest cursor 48 MATERIAL x 26..70 11 of 35 founders born on it; food 138; nearest founder 50 cells out, farthest 126, nominal gap 90)  occupancy/1k [31 7 29 31 10 24 108 90]  carry->nest     249  born   15 died   33 (starved   20)
                own trail: route pk   58 end    0 along +0.0000  B nest->food [21,742,1539,2407,2008]  blocked      414  kin swaps       0  ticks     54885  tumbles     23411 (homeward        0, 0.00%)  drops       0  chew parked     13 resumed      9 (       10 J)  DELIVERED     0  leg home n    5 med  4225 p90 17635 (laden n    1 med  3955 p90  3955)  appetite held         0 J of     47040  trips born-on-comb    3 (11 ants) / born-off    2 (24 ants)
                channel A: PEAK amt  16107 cells   87 (of 91 route)  POLARITY|| +0.04520 && +0.04495 SPAN +0.01612 edge  11.4  end nest->food [0,0,0,0,0]  nest   25  AtNest  1.71%
                Carrying: laden    106973  of which SPOIL      7819 (  7.3%)
    TRACE laden ants: n 24870  mean PheroAAlong -0.10039  MEAN |PheroAAlong| 0.10424  mean P(move) 0.0757  mean trail term (h0+h1 -> Move) -1.16492  net cells homeward 29 (+0.001166/tick)
    TRACE laden TICKS by what the sensor cell is -- the geometry test  [6.00 frames/tick, must equal tick_interval]:
      air (nose in open sky)             n     1314 ( 31.7% of ticks)   mean along -0.0981   usable (>= +0.02)   2.0%   frozen  63.1%
      solid (nose in ground)             n     1979 ( 47.7% of ticks)   mean along -0.1001   usable (>= +0.02)   0.1%   frozen  75.6%
      surface (a trail could be here)    n      852 ( 20.6% of ticks)   mean along -0.1044   usable (>= +0.02)   5.0%   frozen  63.8%
      => of 2870 FROZEN laden ticks (P(move) exactly 0), 81% had the nose in sky or ground
    TRACE freeze runs: n 134   median 7 ticks   p90 51   longest 203
    TRACE split by the sign of `along` -- the run-and-tumble test:
      facing UP-gradient     n      552   P(move) 0.5855   not resting   98.9%   P(move)|>0 0.5919   cells homeward        8 (+0.014493/tick)
      facing DOWN-gradient   n    16428   P(move) 0.0207   not resting   12.8%   P(move)|>0 0.1617   cells homeward       -4 (-0.000243/tick)
      no readable gradient   n     7890   P(move) 0.1546   not resting   63.3%   P(move)|>0 0.2441   cells homeward       25 (+0.003169/tick)
      => P(move) up-gradient minus down-gradient: +0.5647  (the homing drive; ~0 means the circuit is inert)
    TRACE PheroAAlong histogram (-1..+1 in ninths): [-0.89]0 [-0.67]156 [-0.44]1506 [-0.22]6798 [+0.00]16278 [+0.22]102 [+0.44]30 [+0.67]0 [+0.89]0
    TRACE homing gate: opens at Carrying >= 0.9890; OPEN on 24870 of 24870 laden decisions (100.00%)
    TRACE the same split, GATE OPEN only -- the only rows where the pair can respond at all:
        facing UP-gradient   n      552   P(move) 0.5855   not resting   98.9%   P(move)|>0 0.5919   cells homeward        8 (+0.014493/tick)
        facing DOWN-gradient n    16428   P(move) 0.0207   not resting   12.8%   P(move)|>0 0.1617   cells homeward       -4 (-0.000243/tick)
      => with the gate open, P(move) up minus down: +0.5647; cells homeward up minus down: +0.014736/tick
         (positive cells-homeward means the ramp the colony built points at the NEST)
    TRACE of the 24870 gate-open decisions, 822 (3.3%) are ants ALSO holding spoil -- see `tr_gate_open_spoil`
    TRACE split by whether the homing gate is OPEN -- the conversion test:
      gate OPEN              n    24870   P(move) 0.0757   not resting   30.8%   P(move)|>0 0.2462   cells homeward       29 (+0.001166/tick)
      gate SHUT              n 0
    TRACE does pointing HOME give a POSITIVE reading? -- the three-way fix test, see `tr_align`:
      heading vs home          n  mean along % positive   P(move)
        -1.0..-0.6      10542     -0.1168       1.8%    0.0597
        -0.2..+0.2       6084     -0.0755       0.4%    0.0648
        +0.6..+1.0       8244     -0.0977       4.1%    0.1043   <- POINTED AT HOME: this row is the answer
    TRACE response vs crop fill -- P(home) should CLIMB with fill; a step or a flat line is the defect:
           fill          n   P(move)   P(home)   P(away)    cells/tick
        0.9-1.0      24870    0.0757    0.0051    0.0039     +0.001166   <- the gate threshold falls inside this bin
    TRACE Move pre-squash terms, mean over the decisions each one was live for:
      h2               -2.44930   (live in 24870 of 24870)
      h3               +2.44114   (live in 24870 of 24870)
      Bias             +2.00000   (live in 24870 of 24870)
      Energy           -1.42973   (live in 24870 of 24870)
      h1               -1.17791   (live in 24870 of 24870)   <- THE TRAIL. `PheroAAlong` reaches `Move` here and nowhere else.
      FoodAdjacent     -0.23564   (live in 24870 of 24870)
      KinNeed          +0.12945   (live in 24870 of 24870)
      Stillness        +0.12714   (live in 24870 of 24870)
      Crowding         -0.11225   (live in 24870 of 24870)
      h0               +0.01299   (live in 24870 of 24870)   <- THE TRAIL. `PheroAAlong` reaches `Move` here and nowhere else.
      Alarm            +0.00000   (live in 24870 of 24870)
    TRACE focal ant: 306 decisions written to /tmp/trailfollow-focal-seed2-gap90.csv
   90    2  hand    0/0         2736      600    21846    24870        0    7/20        1          6 5 2 6 1
                A READ  ant-readable homeward along >= 0.02 on  14.8% of route-cell samples | FOODWARD   2.1% | plane lit on  15.0% | peak amt  15181 cells  86
                RETURN LEDGER reached food    7 of   20 ants | came back    1 | trips laden    0 empty    1
                LEGS legs[2863] laden[]
                founded x   12..88   (nest cursor 48 MATERIAL x 26..70 11 of 20 founders born on it; food 138; nearest founder 50 cells out, farthest 126, nominal gap 90)  occupancy/1k [24 46 2 4 9 20 59 27]  carry->nest      29  born    0 died   20 (starved   16)
                own trail: route pk   35 end    0 along +0.0000  B nest->food [21,742,1519,2295,1995]  blocked      216  kin swaps       0  ticks     32536  tumbles     14269 (homeward        0, 0.00%)  drops       0  chew parked      3 resumed      2 (        2 J)  DELIVERED     0  leg home n    1 med  2863 p90  2863 (laden n    0 med     0 p90     0)  appetite held         0 J of     11520  trips born-on-comb    1 (11 ants) / born-off    0 (9 ants)
                channel A: PEAK amt  15181 cells   86 (of 91 route)  POLARITY|| +0.16863 && +0.19802 SPAN +0.00652 edge  11.0  end nest->food [0,0,0,0,0]  nest   25  AtNest 10.29%
                Carrying: laden     31980  of which SPOIL      7932 ( 24.8%)
    TRACE laden ants: n 9390  mean PheroAAlong -0.28444  MEAN |PheroAAlong| 0.30830  mean P(move) 0.1460  mean trail term (h0+h1 -> Move) -2.07232  net cells homeward 76 (+0.008094/tick)
    TRACE laden TICKS by what the sensor cell is -- the geometry test  [6.00 frames/tick, must equal tick_interval]:
      air (nose in open sky)             n      511 ( 32.7% of ticks)   mean along -0.4322   usable (>= +0.02)   6.1%   frozen  78.9%
      solid (nose in ground)             n      455 ( 29.1% of ticks)   mean along -0.3644   usable (>= +0.02)   0.7%   frozen  72.7%
      surface (a trail could be here)    n      599 ( 38.3% of ticks)   mean along -0.0977   usable (>= +0.02)   6.0%   frozen  36.1%
      => of 950 FROZEN laden ticks (P(move) exactly 0), 77% had the nose in sky or ground
    TRACE freeze runs: n 47   median 7 ticks   p90 61   longest 129
    TRACE split by the sign of `along` -- the run-and-tumble test:
      facing UP-gradient     n      444   P(move) 0.7983   not resting  100.0%   P(move)|>0 0.7983   cells homeward       40 (+0.090090/tick)
      facing DOWN-gradient   n     5988   P(move) 0.0239   not resting    7.0%   P(move)|>0 0.3408   cells homeward       21 (+0.003507/tick)
      no readable gradient   n     2958   P(move) 0.2953   not resting   95.5%   P(move)|>0 0.3091   cells homeward       15 (+0.005071/tick)
      => P(move) up-gradient minus down-gradient: +0.7744  (the homing drive; ~0 means the circuit is inert)
    TRACE PheroAAlong histogram (-1..+1 in ninths): [-0.89]156 [-0.67]1950 [-0.44]2472 [-0.22]1128 [+0.00]3378 [+0.22]150 [+0.44]138 [+0.67]18 [+0.89]0
    TRACE homing gate: opens at Carrying >= 0.9890; OPEN on 9390 of 9390 laden decisions (100.00%)
    TRACE the same split, GATE OPEN only -- the only rows where the pair can respond at all:
        facing UP-gradient   n      444   P(move) 0.7983   not resting  100.0%   P(move)|>0 0.7983   cells homeward       40 (+0.090090/tick)
        facing DOWN-gradient n     5988   P(move) 0.0239   not resting    7.0%   P(move)|>0 0.3408   cells homeward       21 (+0.003507/tick)
      => with the gate open, P(move) up minus down: +0.7744; cells homeward up minus down: +0.086583/tick
         (positive cells-homeward means the ramp the colony built points at the NEST)
    TRACE of the 9390 gate-open decisions, 0 (0.0%) are ants ALSO holding spoil -- see `tr_gate_open_spoil`
    TRACE split by whether the homing gate is OPEN -- the conversion test:
      gate OPEN              n     9390   P(move) 0.1460   not resting   39.3%   P(move)|>0 0.3716   cells homeward       76 (+0.008094/tick)
      gate SHUT              n 0
    TRACE does pointing HOME give a POSITIVE reading? -- the three-way fix test, see `tr_align`:
      heading vs home          n  mean along % positive   P(move)
        -1.0..-0.6       2982     -0.3428       1.0%    0.1099
        -0.6..-0.2        306     -0.4536       0.0%    0.1738
        -0.2..+0.2       1818     -0.3108       0.3%    0.0699
        +0.2..+0.6        420     -0.3670       0.0%    0.1349
        +0.6..+1.0       3864     -0.2046      10.6%    0.2087   <- POINTED AT HOME: this row is the answer
    TRACE response vs crop fill -- P(home) should CLIMB with fill; a step or a flat line is the defect:
           fill          n   P(move)   P(home)   P(away)    cells/tick
        0.9-1.0       9390    0.1460    0.0126    0.0045     +0.008094   <- the gate threshold falls inside this bin
    TRACE Move pre-squash terms, mean over the decisions each one was live for:
      h2               -2.11129   (live in 11772 of 9390)
      Bias             +2.00000   (live in 11772 of 9390)
      h3               +1.65376   (live in 11772 of 9390)
      h0               -1.02730   (live in 11772 of 9390)   <- THE TRAIL. `PheroAAlong` reaches `Move` here and nowhere else.
      h1               -0.62674   (live in 11772 of 9390)   <- THE TRAIL. `PheroAAlong` reaches `Move` here and nowhere else.
      Energy           -0.60271   (live in 11772 of 9390)
      KinNeed          +0.52155   (live in 11772 of 9390)
      FoodAdjacent     -0.21284   (live in 11772 of 9390)
      Crowding         -0.07517   (live in 11772 of 9390)
      Stillness        +0.04755   (live in 11772 of 9390)
      Alarm            +0.00000   (live in 11772 of 9390)
    TRACE focal ant: 7614 decisions written to /tmp/trailfollow-focal-seed3-gap90.csv
   90    3  hand    0/0          684      564     8670     9390        0    7/20        0          3 0 8 8 1
                A READ  ant-readable homeward along >= 0.02 on  18.4% of route-cell samples | FOODWARD   1.8% | plane lit on  19.9% | peak amt  15827 cells  87
                RETURN LEDGER reached food    7 of   20 ants | came back    0 | trips laden    0 empty    0
                founded x   12..88   (nest cursor 48 MATERIAL x 26..70 11 of 20 founders born on it; food 138; nearest founder 50 cells out, farthest 126, nominal gap 90)  occupancy/1k [35 18 5 15 33 11 4 4]  carry->nest      76  born    0 died   20 (starved   17)
                own trail: route pk   19 end    0 along +0.0000  B nest->food [21,742,1532,2276,1995]  blocked      141  kin swaps       0  ticks     21675  tumbles      8951 (homeward        0, 0.00%)  drops       0  chew parked      1 resumed      0 (        0 J)  DELIVERED     0  leg home n    0 med     0 p90     0 (laden n    0 med     0 p90     0)  appetite held         0 J of      2880  trips born-on-comb    0 (11 ants) / born-off    0 (9 ants)
                channel A: PEAK amt  15827 cells   87 (of 91 route)  POLARITY|| +0.14056 && +0.14524 SPAN +0.00801 edge   5.8  end nest->food [0,0,0,0,0]  nest   25  AtNest 16.51%
                Carrying: laden     13488  of which SPOIL      4098 ( 30.4%)
    TRACE laden ants: n 90661  mean PheroAAlong -0.12989  MEAN |PheroAAlong| 0.14207  mean P(move) 0.0933  mean trail term (h0+h1 -> Move) -1.25352  net cells homeward 191 (+0.002107/tick)
    TRACE laden TICKS by what the sensor cell is -- the geometry test  [6.14 frames/tick, must equal tick_interval]:
      air (nose in open sky)             n     4938 ( 33.4% of ticks)   mean along -0.1481   usable (>= +0.02)   3.2%   frozen  67.1%
      solid (nose in ground)             n     6795 ( 46.0% of ticks)   mean along -0.1442   usable (>= +0.02)   0.4%   frozen  73.9%
      surface (a trail could be here)    n     3039 ( 20.6% of ticks)   mean along -0.0837   usable (>= +0.02)  10.4%   frozen  53.9%
      => of 9972 FROZEN laden ticks (P(move) exactly 0), 84% had the nose in sky or ground
    TRACE freeze runs: n 547   median 6 ticks   p90 48   longest 221
    TRACE split by the sign of `along` -- the run-and-tumble test:
      facing UP-gradient     n     3886   P(move) 0.5812   not resting   90.4%   P(move)|>0 0.6431   cells homeward       94 (+0.024189/tick)
      facing DOWN-gradient   n    49594   P(move) 0.0252   not resting    9.7%   P(move)|>0 0.2598   cells homeward       51 (+0.001028/tick)
      no readable gradient   n    37181   P(move) 0.1331   not resting   58.6%   P(move)|>0 0.2273   cells homeward       46 (+0.001237/tick)
      => P(move) up-gradient minus down-gradient: +0.5560  (the homing drive; ~0 means the circuit is inert)
    TRACE PheroAAlong histogram (-1..+1 in ninths): [-0.89]0 [-0.67]2514 [-0.44]13986 [-0.22]18294 [+0.00]54263 [+0.22]993 [+0.44]550 [+0.67]55 [+0.89]6
    TRACE homing gate: opens at Carrying >= 0.9890; OPEN on 90661 of 90661 laden decisions (100.00%)
    TRACE the same split, GATE OPEN only -- the only rows where the pair can respond at all:
        facing UP-gradient   n     3886   P(move) 0.5812   not resting   90.4%   P(move)|>0 0.6431   cells homeward       94 (+0.024189/tick)
        facing DOWN-gradient n    49594   P(move) 0.0252   not resting    9.7%   P(move)|>0 0.2598   cells homeward       51 (+0.001028/tick)
      => with the gate open, P(move) up minus down: +0.5560; cells homeward up minus down: +0.023161/tick
         (positive cells-homeward means the ramp the colony built points at the NEST)
    TRACE of the 90661 gate-open decisions, 9150 (10.1%) are ants ALSO holding spoil -- see `tr_gate_open_spoil`
    TRACE split by whether the homing gate is OPEN -- the conversion test:
      gate OPEN              n    90661   P(move) 0.0933   not resting   33.2%   P(move)|>0 0.2810   cells homeward      191 (+0.002107/tick)
      gate SHUT              n 0
    TRACE does pointing HOME give a POSITIVE reading? -- the three-way fix test, see `tr_align`:
      heading vs home          n  mean along % positive   P(move)
        -1.0..-0.6      33420     -0.1520       3.7%    0.0981
        -0.6..-0.2       1587     -0.0119       4.9%    0.1310
        -0.2..+0.2      17782     -0.1468       0.3%    0.0588
        +0.2..+0.6       1670     -0.0015       6.7%    0.1262
        +0.6..+1.0      36074     -0.1123       6.6%    0.1019   <- POINTED AT HOME: this row is the answer
    TRACE response vs crop fill -- P(home) should CLIMB with fill; a step or a flat line is the defect:
           fill          n   P(move)   P(home)   P(away)    cells/tick
        0.9-1.0      90661    0.0933    0.0067    0.0046     +0.002107   <- the gate threshold falls inside this bin
    TRACE Move pre-squash terms, mean over the decisions each one was live for:
      h2               -2.44865   (live in 90661 of 90661)
      h3               +2.44196   (live in 90661 of 90661)
      Bias             +2.00000   (live in 90661 of 90661)
      Energy           -1.38609   (live in 90661 of 90661)
      h1               -1.18123   (live in 90661 of 90661)   <- THE TRAIL. `PheroAAlong` reaches `Move` here and nowhere else.
      FoodAdjacent     -0.26358   (live in 90661 of 90661)
      KinNeed          +0.17948   (live in 90661 of 90661)
      Crowding         -0.12924   (live in 90661 of 90661)
      Stillness        +0.10399   (live in 90661 of 90661)
      h0               -0.07229   (live in 90661 of 90661)   <- THE TRAIL. `PheroAAlong` reaches `Move` here and nowhere else.
      Alarm            +0.00000   (live in 90661 of 90661)
    TRACE focal ant: 90 decisions written to /tmp/trailfollow-focal-seed4-gap90.csv
   90    4  hand    0/0        14848     1050    47657    90661     1392   16/26        2         7 0 2 16 1
                A READ  ant-readable homeward along >= 0.02 on  14.9% of route-cell samples | FOODWARD   3.2% | plane lit on  17.2% | peak amt  13711 cells  87
                RETURN LEDGER reached food   16 of   26 ants | came back    2 | trips laden    2 empty    0
                LEGS legs[2719,3439] laden[2719,3439]
                founded x   12..88   (nest cursor 48 MATERIAL x 26..70 11 of 26 founders born on it; food 138; nearest founder 50 cells out, farthest 126, nominal gap 90)  occupancy/1k [37 8 22 5 20 40 111 101]  carry->nest     191  born    6 died   26 (starved   15)
                own trail: route pk   60 end    0 along +0.0000  B nest->food [21,752,1550,2447,2020]  blocked      336  kin swaps       0  ticks     57097  tumbles     25211 (homeward        0, 0.00%)  drops       8  chew parked     24 resumed     18 (     5098 J)  DELIVERED     6  leg home n    2 med  3439 p90  3439 (laden n    2 med  3439 p90  3439)  appetite held         0 J of     44160  trips born-on-comb    0 (11 ants) / born-off    2 (15 ants)
                channel A: PEAK amt  13711 cells   87 (of 91 route)  POLARITY|| +0.11720 && +0.17035 SPAN +0.01847 edge  12.1  end nest->food [0,0,0,0,0]  nest   25  AtNest  5.99%
                Carrying: laden     96911  of which SPOIL     15400 ( 15.9%)
    TRACE laden ants: n 52415  mean PheroAAlong -0.25143  MEAN |PheroAAlong| 0.26552  mean P(move) 0.1397  mean trail term (h0+h1 -> Move) -2.14065  net cells homeward 209 (+0.003987/tick)
    TRACE laden TICKS by what the sensor cell is -- the geometry test  [6.20 frames/tick, must equal tick_interval]:
      air (nose in open sky)             n     3858 ( 45.6% of ticks)   mean along -0.3099   usable (>= +0.02)   2.2%   frozen  78.6%
      solid (nose in ground)             n     2537 ( 30.0% of ticks)   mean along -0.2617   usable (>= +0.02)   0.6%   frozen  72.6%
      surface (a trail could be here)    n     2060 ( 24.4% of ticks)   mean along -0.1376   usable (>= +0.02)  10.6%   frozen  51.4%
      => of 5934 FROZEN laden ticks (P(move) exactly 0), 82% had the nose in sky or ground
    TRACE freeze runs: n 285   median 7 ticks   p90 60   longest 205
    TRACE split by the sign of `along` -- the run-and-tumble test:
      facing UP-gradient     n     2275   P(move) 0.7181   not resting  100.0%   P(move)|>0 0.7181   cells homeward      130 (+0.057143/tick)
      facing DOWN-gradient   n    39229   P(move) 0.0308   not resting    8.8%   P(move)|>0 0.3513   cells homeward       77 (+0.001963/tick)
      no readable gradient   n    10911   P(move) 0.4106   not resting   93.5%   P(move)|>0 0.4390   cells homeward        2 (+0.000183/tick)
      => P(move) up-gradient minus down-gradient: +0.6873  (the homing drive; ~0 means the circuit is inert)
    TRACE PheroAAlong histogram (-1..+1 in ninths): [-0.89]106 [-0.67]6273 [-0.44]13713 [-0.22]14314 [+0.00]16777 [+0.22]939 [+0.44]224 [+0.67]69 [+0.89]0
    TRACE homing gate: opens at Carrying >= 0.9890; OPEN on 52415 of 52415 laden decisions (100.00%)
    TRACE the same split, GATE OPEN only -- the only rows where the pair can respond at all:
        facing UP-gradient   n     2275   P(move) 0.7181   not resting  100.0%   P(move)|>0 0.7181   cells homeward      130 (+0.057143/tick)
        facing DOWN-gradient n    39229   P(move) 0.0308   not resting    8.8%   P(move)|>0 0.3513   cells homeward       77 (+0.001963/tick)
      => with the gate open, P(move) up minus down: +0.6873; cells homeward up minus down: +0.055180/tick
         (positive cells-homeward means the ramp the colony built points at the NEST)
    TRACE of the 52415 gate-open decisions, 144 (0.3%) are ants ALSO holding spoil -- see `tr_gate_open_spoil`
    TRACE split by whether the homing gate is OPEN -- the conversion test:
      gate OPEN              n    52415   P(move) 0.1397   not resting   30.4%   P(move)|>0 0.4599   cells homeward      209 (+0.003987/tick)
      gate SHUT              n 0
    TRACE does pointing HOME give a POSITIVE reading? -- the three-way fix test, see `tr_align`:
      heading vs home          n  mean along % positive   P(move)
        -1.0..-0.6      21286     -0.2824       2.6%    0.1210
        -0.6..-0.2        504     -0.0095       5.2%    0.3317
        -0.2..+0.2       8791     -0.3324       1.1%    0.0831
        +0.2..+0.6        787     -0.0371       7.1%    0.2928
        +0.6..+1.0      20337     -0.1992       7.6%    0.1750   <- POINTED AT HOME: this row is the answer
    TRACE response vs crop fill -- P(home) should CLIMB with fill; a step or a flat line is the defect:
           fill          n   P(move)   P(home)   P(away)    cells/tick
        0.9-1.0      52415    0.1397    0.0101    0.0061     +0.003987   <- the gate threshold falls inside this bin
    TRACE Move pre-squash terms, mean over the decisions each one was live for:
      h2               -2.22444   (live in 62843 of 52415)
      Bias             +2.00000   (live in 62843 of 52415)
      h3               +1.76662   (live in 62843 of 52415)
      h0               -0.99333   (live in 62843 of 52415)   <- THE TRAIL. `PheroAAlong` reaches `Move` here and nowhere else.
      Energy           -0.89963   (live in 62843 of 52415)
      h1               -0.79263   (live in 62843 of 52415)   <- THE TRAIL. `PheroAAlong` reaches `Move` here and nowhere else.
      KinNeed          +0.46233   (live in 62843 of 52415)
      Crowding         -0.14166   (live in 62843 of 52415)
      FoodAdjacent     -0.12467   (live in 62843 of 52415)
      Stillness        +0.11204   (live in 62843 of 52415)
      MoistureFront    +0.00665   (live in 1472 of 52415)
      Alarm            +0.00000   (live in 62843 of 52415)
    TRACE focal ant: 20808 decisions written to /tmp/trailfollow-focal-seed5-gap90.csv
   90    5  hand    0/0        14611      534    23567    52415        0   20/28        0         4 1 1 21 1
                A READ  ant-readable homeward along >= 0.02 on  16.0% of route-cell samples | FOODWARD   3.2% | plane lit on  18.7% | peak amt  15483 cells  88
                RETURN LEDGER reached food   20 of   28 ants | came back    0 | trips laden    0 empty    0
                founded x   12..88   (nest cursor 48 MATERIAL x 26..70 11 of 28 founders born on it; food 138; nearest founder 50 cells out, farthest 126, nominal gap 90)  occupancy/1k [29 18 13 21 23 61 91 26]  carry->nest     209  born    8 died   27 (starved   15)
                own trail: route pk   45 end    0 along +0.0000  B nest->food [21,742,1530,2356,2004]  blocked      260  kin swaps       0  ticks     47197  tumbles     20318 (homeward        0, 0.00%)  drops       0  chew parked     10 resumed      6 (        5 J)  DELIVERED     0  leg home n    0 med     0 p90     0 (laden n    0 med     0 p90     0)  appetite held         0 J of     23040  trips born-on-comb    0 (11 ants) / born-off    0 (17 ants)
                channel A: PEAK amt  15483 cells   88 (of 91 route)  POLARITY|| +0.13302 && +0.14845 SPAN +0.01453 edge   7.6  end nest->food [0,0,0,0,0]  nest   25  AtNest  5.13%
                Carrying: laden     57796  of which SPOIL      5525 (  9.6%)
    TRACE laden ants: n 42545  mean PheroAAlong -0.24874  MEAN |PheroAAlong| 0.25533  mean P(move) 0.0575  mean trail term (h0+h1 -> Move) -2.12673  net cells homeward 84 (+0.001974/tick)
    TRACE laden TICKS by what the sensor cell is -- the geometry test  [6.01 frames/tick, must equal tick_interval]:
      air (nose in open sky)             n     2737 ( 38.7% of ticks)   mean along -0.2666   usable (>= +0.02)   1.8%   frozen  81.3%
      solid (nose in ground)             n     1933 ( 27.3% of ticks)   mean along -0.2470   usable (>= +0.02)   0.6%   frozen  72.8%
      surface (a trail could be here)    n     2406 ( 34.0% of ticks)   mean along -0.2297   usable (>= +0.02)   4.7%   frozen  86.3%
      => of 5708 FROZEN laden ticks (P(move) exactly 0), 64% had the nose in sky or ground
    TRACE freeze runs: n 326   median 6 ticks   p90 33   longest 543
    TRACE split by the sign of `along` -- the run-and-tumble test:
      facing UP-gradient     n     1445   P(move) 0.5535   not resting  100.0%   P(move)|>0 0.5535   cells homeward       34 (+0.023529/tick)
      facing DOWN-gradient   n    32911   P(move) 0.0107   not resting    5.3%   P(move)|>0 0.2024   cells homeward       37 (+0.001124/tick)
      no readable gradient   n     8189   P(move) 0.1579   not resting   62.1%   P(move)|>0 0.2541   cells homeward       13 (+0.001587/tick)
      => P(move) up-gradient minus down-gradient: +0.5428  (the homing drive; ~0 means the circuit is inert)
    TRACE PheroAAlong histogram (-1..+1 in ninths): [-0.89]1096 [-0.67]3566 [-0.44]10966 [-0.22]10949 [+0.00]15578 [+0.22]300 [+0.44]54 [+0.67]24 [+0.89]12
    TRACE homing gate: opens at Carrying >= 0.9890; OPEN on 42545 of 42545 laden decisions (100.00%)
    TRACE the same split, GATE OPEN only -- the only rows where the pair can respond at all:
        facing UP-gradient   n     1445   P(move) 0.5535   not resting  100.0%   P(move)|>0 0.5535   cells homeward       34 (+0.023529/tick)
        facing DOWN-gradient n    32911   P(move) 0.0107   not resting    5.3%   P(move)|>0 0.2024   cells homeward       37 (+0.001124/tick)
      => with the gate open, P(move) up minus down: +0.5428; cells homeward up minus down: +0.022405/tick
         (positive cells-homeward means the ramp the colony built points at the NEST)
    TRACE of the 42545 gate-open decisions, 8808 (20.7%) are ants ALSO holding spoil -- see `tr_gate_open_spoil`
    TRACE split by whether the homing gate is OPEN -- the conversion test:
      gate OPEN              n    42545   P(move) 0.0575   not resting   19.5%   P(move)|>0 0.2955   cells homeward       84 (+0.001974/tick)
      gate SHUT              n 0
    TRACE does pointing HOME give a POSITIVE reading? -- the three-way fix test, see `tr_align`:
      heading vs home          n  mean along % positive   P(move)
        -1.0..-0.6      18445     -0.2624       2.0%    0.0430
        -0.6..-0.2         47     -0.2478       0.0%    0.2613
        -0.2..+0.2       7202     -0.2732       0.0%    0.0375
        +0.2..+0.6        153     -0.7199       0.0%    0.0492
        +0.6..+1.0      16553     -0.2199       6.5%    0.0795   <- POINTED AT HOME: this row is the answer
    TRACE response vs crop fill -- P(home) should CLIMB with fill; a step or a flat line is the defect:
           fill          n   P(move)   P(home)   P(away)    cells/tick
        0.9-1.0      42545    0.0575    0.0048    0.0028     +0.001974   <- the gate threshold falls inside this bin
    TRACE Move pre-squash terms, mean over the decisions each one was live for:
      h2               -2.44850   (live in 42545 of 42545)
      h3               +2.44218   (live in 42545 of 42545)
      Bias             +2.00000   (live in 42545 of 42545)
      h1               -1.45249   (live in 42545 of 42545)   <- THE TRAIL. `PheroAAlong` reaches `Move` here and nowhere else.
      Energy           -1.42971   (live in 42545 of 42545)
      h0               -0.67424   (live in 42545 of 42545)   <- THE TRAIL. `PheroAAlong` reaches `Move` here and nowhere else.
      FoodAdjacent     -0.25711   (live in 42545 of 42545)
      Stillness        +0.22765   (live in 42545 of 42545)
      KinNeed          +0.12649   (live in 42545 of 42545)
      Crowding         -0.07983   (live in 42545 of 42545)
      PheroBAlong      +0.00900   (live in 24 of 42545)
      Alarm            +0.00000   (live in 42545 of 42545)
    TRACE focal ant: 102 decisions written to /tmp/trailfollow-focal-seed6-gap90.csv
   90    6  hand    0/0        16274      528    27601    42545        0   19/31        0         5 3 3 17 3
                A READ  ant-readable homeward along >= 0.02 on  20.7% of route-cell samples | FOODWARD   5.5% | plane lit on  25.0% | peak amt  18354 cells  88
                RETURN LEDGER reached food   19 of   31 ants | came back    0 | trips laden    0 empty    0
                founded x   12..88   (nest cursor 48 MATERIAL x 26..70 11 of 31 founders born on it; food 138; nearest founder 50 cells out, farthest 126, nominal gap 90)  occupancy/1k [47 9 6 16 15 33 80 29]  carry->nest      84  born   11 died   31 (starved   15)
                own trail: route pk   30 end    0 along +0.0000  B nest->food [21,742,1519,2311,1993]  blocked      368  kin swaps       0  ticks     39931  tumbles     16937 (homeward        0, 0.00%)  drops       0  chew parked      8 resumed      4 (        3 J)  DELIVERED     0  leg home n    0 med     0 p90     0 (laden n    0 med     0 p90     0)  appetite held         0 J of     22080  trips born-on-comb    0 (11 ants) / born-off    0 (20 ants)
                channel A: PEAK amt  18354 cells   88 (of 91 route)  POLARITY|| +0.12334 && +0.13875 SPAN +0.02175 edge  10.8  end nest->food [0,0,0,0,0]  nest   25  AtNest  7.23%
                Carrying: laden     51245  of which SPOIL     17508 ( 34.2%)
    TRACE laden ants: n 105724  mean PheroAAlong -0.19505  MEAN |PheroAAlong| 0.21367  mean P(move) 0.1829  mean trail term (h0+h1 -> Move) -1.56974  net cells homeward 127 (+0.001201/tick)
    TRACE laden TICKS by what the sensor cell is -- the geometry test  [5.90 frames/tick, must equal tick_interval]:
      air (nose in open sky)             n     5502 ( 30.7% of ticks)   mean along -0.1846   usable (>= +0.02)   4.4%   frozen  58.8%
      solid (nose in ground)             n     7657 ( 42.7% of ticks)   mean along -0.2257   usable (>= +0.02)   2.4%   frozen  65.4%
      surface (a trail could be here)    n     4774 ( 26.6% of ticks)   mean along -0.1430   usable (>= +0.02)   6.8%   frozen  54.5%
      => of 10842 FROZEN laden ticks (P(move) exactly 0), 76% had the nose in sky or ground
    TRACE freeze runs: n 571   median 6 ticks   p90 40   longest 470
    TRACE split by the sign of `along` -- the run-and-tumble test:
      facing UP-gradient     n     5372   P(move) 0.6544   not resting   96.0%   P(move)|>0 0.6814   cells homeward       56 (+0.010424/tick)
      facing DOWN-gradient   n    62987   P(move) 0.0418   not resting   11.9%   P(move)|>0 0.3506   cells homeward       83 (+0.001318/tick)
      no readable gradient   n    37365   P(move) 0.3530   not resting   77.2%   P(move)|>0 0.4573   cells homeward      -12 (-0.000321/tick)
      => P(move) up-gradient minus down-gradient: +0.6126  (the homing drive; ~0 means the circuit is inert)
    TRACE PheroAAlong histogram (-1..+1 in ninths): [-0.89]1682 [-0.67]12194 [-0.44]16351 [-0.22]19188 [+0.00]53818 [+0.22]1487 [+0.44]517 [+0.67]383 [+0.89]104
    TRACE homing gate: opens at Carrying >= 0.9890; OPEN on 105724 of 105724 laden decisions (100.00%)
    TRACE the same split, GATE OPEN only -- the only rows where the pair can respond at all:
        facing UP-gradient   n     5372   P(move) 0.6544   not resting   96.0%   P(move)|>0 0.6814   cells homeward       56 (+0.010424/tick)
        facing DOWN-gradient n    62987   P(move) 0.0418   not resting   11.9%   P(move)|>0 0.3506   cells homeward       83 (+0.001318/tick)
      => with the gate open, P(move) up minus down: +0.6126; cells homeward up minus down: +0.009107/tick
         (positive cells-homeward means the ramp the colony built points at the NEST)
    TRACE of the 105724 gate-open decisions, 0 (0.0%) are ants ALSO holding spoil -- see `tr_gate_open_spoil`
    TRACE split by whether the homing gate is OPEN -- the conversion test:
      gate OPEN              n   105724   P(move) 0.1829   not resting   39.3%   P(move)|>0 0.4658   cells homeward      127 (+0.001201/tick)
      gate SHUT              n 0
    TRACE does pointing HOME give a POSITIVE reading? -- the three-way fix test, see `tr_align`:
      heading vs home          n  mean along % positive   P(move)
        -1.0..-0.6      37489     -0.1878       3.0%    0.1929
        -0.6..-0.2       3776     -0.0937       5.3%    0.2997
        -0.2..+0.2      17117     -0.2037       3.9%    0.1343
        +0.2..+0.6       5239     -0.1157       5.9%    0.2556
        +0.6..+1.0      34133     -0.1743       8.2%    0.1959   <- POINTED AT HOME: this row is the answer
    TRACE response vs crop fill -- P(home) should CLIMB with fill; a step or a flat line is the defect:
           fill          n   P(move)   P(home)   P(away)    cells/tick
        0.9-1.0     105724    0.1829    0.0106    0.0094     +0.001201   <- the gate threshold falls inside this bin
    TRACE Move pre-squash terms, mean over the decisions each one was live for:
      h2               -2.44892   (live in 105724 of 105724)
      h3               +2.44082   (live in 105724 of 105724)
      Bias             +2.00337   (live in 105724 of 105724)
      h1               -1.26976   (live in 105724 of 105724)   <- THE TRAIL. `PheroAAlong` reaches `Move` here and nowhere else.
      Energy           -1.09195   (live in 105724 of 105724)
      KinNeed          +0.41610   (live in 105724 of 105724)
      h0               -0.29998   (live in 105724 of 105724)   <- THE TRAIL. `PheroAAlong` reaches `Move` here and nowhere else.
      FoodAdjacent     -0.24563   (live in 105724 of 105724)
      Stillness        +0.16193   (live in 105724 of 105724)
      Crowding         -0.15475   (live in 105724 of 105724)
      CarryingFood     +0.02327   (live in 462 of 105724)
      MoistureFront    +0.00783   (live in 3608 of 105724)
      LightHere        +0.00750   (live in 791 of 105724)
      KinBearing       +0.00361   (live in 4456 of 105724)
      MoistureLateral  +0.00216   (live in 290 of 105724)
      HomeAligned      +0.00141   (live in 1049 of 105724)
      PheroAFront      -0.00001   (live in 905 of 105724)
      Alarm            +0.00000   (live in 105724 of 105724)
      Made             +0.00000   (live in 4507 of 105724)
      PreyBearing      +0.00000   (live in 29881 of 105724)
      PreyNear         +0.00000   (live in 810 of 105724)
      h7               +0.00000   (live in 192 of 105724)
    TRACE focal ant: 60 decisions written to /tmp/trailfollow-focal-seed7-gap90.csv
   90    7  hand    0/0       178321      576    50095   105724     6172  166/177       2       6 1 4 41 125
                A READ  ant-readable homeward along >= 0.02 on  22.3% of route-cell samples | FOODWARD  10.0% | plane lit on  31.0% | peak amt  14230 cells  89
                RETURN LEDGER reached food  166 of  177 ants | came back    2 | trips laden    2 empty    0
                LEGS legs[2623,606] laden[2623,606]
                founded x   12..88   (nest cursor 48 MATERIAL x 26..70 11 of 177 founders born on it; food 138; nearest founder 50 cells out, farthest 126, nominal gap 90)  occupancy/1k [32 46 16 17 8 16 75 105]  carry->nest     127  born  157 died  172 (starved   20)
                own trail: route pk   73 end    0 along +0.0000  B nest->food [21,750,1528,2372,2582]  blocked      369  kin swaps       0  ticks     54544  tumbles     23486 (homeward        0, 0.00%)  drops     161  chew parked    123 resumed    119 (    54271 J)  DELIVERED   161  leg home n    2 med  2623 p90  2623 (laden n    2 med  2623 p90  2623)  appetite held         0 J of     30720  trips born-on-comb    0 (11 ants) / born-off    2 (166 ants)
                channel A: PEAK amt  14230 cells   89 (of 91 route)  POLARITY|| +0.07616 && +0.06711 SPAN +0.01945 edge   8.2  end nest->food [0,0,0,0,0]  nest   25  AtNest 13.27%
                Carrying: laden    109381  of which SPOIL      3657 (  3.3%)
    TRACE laden ants: n 63010  mean PheroAAlong -0.25068  MEAN |PheroAAlong| 0.26855  mean P(move) 0.0706  mean trail term (h0+h1 -> Move) -2.23427  net cells homeward 418 (+0.006634/tick)
    TRACE laden TICKS by what the sensor cell is -- the geometry test  [6.14 frames/tick, must equal tick_interval]:
      air (nose in open sky)             n     3824 ( 37.3% of ticks)   mean along -0.2942   usable (>= +0.02)   3.0%   frozen  86.7%
      solid (nose in ground)             n     3257 ( 31.7% of ticks)   mean along -0.2873   usable (>= +0.02)   0.5%   frozen  88.5%
      surface (a trail could be here)    n     3184 ( 31.0% of ticks)   mean along -0.1647   usable (>= +0.02)  12.5%   frozen  72.5%
      => of 8506 FROZEN laden ticks (P(move) exactly 0), 73% had the nose in sky or ground
    TRACE freeze runs: n 435   median 6 ticks   p90 55   longest 344
    TRACE split by the sign of `along` -- the run-and-tumble test:
      facing UP-gradient     n     3893   P(move) 0.6374   not resting   99.7%   P(move)|>0 0.6392   cells homeward      260 (+0.066787/tick)
      facing DOWN-gradient   n    51320   P(move) 0.0151   not resting    6.4%   P(move)|>0 0.2358   cells homeward      135 (+0.002631/tick)
      no readable gradient   n     7797   P(move) 0.1524   not resting   46.8%   P(move)|>0 0.3254   cells homeward       23 (+0.002950/tick)
      => P(move) up-gradient minus down-gradient: +0.6223  (the homing drive; ~0 means the circuit is inert)
    TRACE PheroAAlong histogram (-1..+1 in ninths): [-0.89]444 [-0.67]5957 [-0.44]16145 [-0.22]21541 [+0.00]17250 [+0.22]1178 [+0.44]435 [+0.67]36 [+0.89]24
    TRACE homing gate: opens at Carrying >= 0.9890; OPEN on 63010 of 63010 laden decisions (100.00%)
    TRACE the same split, GATE OPEN only -- the only rows where the pair can respond at all:
        facing UP-gradient   n     3893   P(move) 0.6374   not resting   99.7%   P(move)|>0 0.6392   cells homeward      260 (+0.066787/tick)
        facing DOWN-gradient n    51320   P(move) 0.0151   not resting    6.4%   P(move)|>0 0.2358   cells homeward      135 (+0.002631/tick)
      => with the gate open, P(move) up minus down: +0.6223; cells homeward up minus down: +0.064156/tick
         (positive cells-homeward means the ramp the colony built points at the NEST)
    TRACE of the 63010 gate-open decisions, 126 (0.2%) are ants ALSO holding spoil -- see `tr_gate_open_spoil`
    TRACE split by whether the homing gate is OPEN -- the conversion test:
      gate OPEN              n    63010   P(move) 0.0706   not resting   17.2%   P(move)|>0 0.4106   cells homeward      418 (+0.006634/tick)
      gate SHUT              n 0
    TRACE does pointing HOME give a POSITIVE reading? -- the three-way fix test, see `tr_align`:
      heading vs home          n  mean along % positive   P(move)
        -1.0..-0.6      25993     -0.2873       5.3%    0.0618
        -0.6..-0.2        636     -0.2516       3.3%    0.0473
        -0.2..+0.2      11953     -0.2593       0.3%    0.0190
        +0.2..+0.6        695     -0.3624       0.0%    0.0060
        +0.6..+1.0      23066     -0.1971      10.5%    0.1104   <- POINTED AT HOME: this row is the answer
    TRACE response vs crop fill -- P(home) should CLIMB with fill; a step or a flat line is the defect:
           fill          n   P(move)   P(home)   P(away)    cells/tick
        0.9-1.0      63010    0.0706    0.0083    0.0017     +0.006634   <- the gate threshold falls inside this bin
    TRACE Move pre-squash terms, mean over the decisions each one was live for:
      h2               -2.44874   (live in 63010 of 63010)
      h3               +2.44187   (live in 63010 of 63010)
      Bias             +2.00000   (live in 63010 of 63010)
      h1               -1.45435   (live in 63010 of 63010)   <- THE TRAIL. `PheroAAlong` reaches `Move` here and nowhere else.
      Energy           -1.20690   (live in 63010 of 63010)
      h0               -0.77991   (live in 63010 of 63010)   <- THE TRAIL. `PheroAAlong` reaches `Move` here and nowhere else.
      KinNeed          +0.27489   (live in 63010 of 63010)
      Stillness        +0.19780   (live in 63010 of 63010)
      FoodAdjacent     -0.12405   (live in 63010 of 63010)
      Crowding         -0.10705   (live in 63010 of 63010)
      MoistureGrad     +0.00186   (live in 2877 of 63010)
      Alarm            +0.00000   (live in 63010 of 63010)
    TRACE focal ant: 420 decisions written to /tmp/trailfollow-focal-seed8-gap90.csv
   90    8  hand    0/0        10628      726    34404    63010    12989   14/23        7         5 1 2 15 0
                A READ  ant-readable homeward along >= 0.02 on  26.5% of route-cell samples | FOODWARD  11.5% | plane lit on  38.7% | peak amt  29604 cells  89
                RETURN LEDGER reached food   14 of   23 ants | came back    7 | trips laden    5 empty    2
                LEGS legs[697,2171,2413,5521,3592,5323,11791] laden[697,2171,2413,5521,3592]
                founded x   12..88   (nest cursor 48 MATERIAL x 26..70 11 of 23 founders born on it; food 138; nearest founder 50 cells out, farthest 126, nominal gap 90)  occupancy/1k [29 40 74 25 40 19 60 23]  carry->nest     418  born    3 died   23 (starved   12)
                own trail: route pk   69 end    0 along +0.0000  B nest->food [21,768,1543,2306,1991]  blocked      297  kin swaps       0  ticks     51495  tumbles     22070 (homeward        0, 0.00%)  drops      40  chew parked     50 resumed     42 (    18633 J)  DELIVERED    40  leg home n    7 med  3592 p90  5521 (laden n    5 med  2413 p90  5521)  appetite held         0 J of     31680  trips born-on-comb    3 (11 ants) / born-off    4 (12 ants)
                channel A: PEAK amt  29604 cells   89 (of 91 route)  POLARITY|| +0.09908 && +0.09474 SPAN +0.00778 edge   8.8  end nest->food [0,0,0,0,0]  nest   25  AtNest  8.89%
                Carrying: laden     69372  of which SPOIL      6488 (  9.4%)

  larder put out, over the whole sweep: 99120-293520 J, against a need near 46,800 J
    for 52 ants over 24,000 frames -- so these colonies are provisioned, not starved.
  intake off anything that is not the larder is ASSERTED to be 0 in every row, not printed.

  `self` vs `mute` is the real question: do the ants' OWN trails do anything?
  `visitors` is DISTINCT ants that reached the food over distinct ants that ever lived --
    recruitment, which `near` ant-ticks cannot see: 50 visitors and 1 resident read alike.
  `trips` is nest -> food -> nest, closed on the RETURN. `reach` buckets every ant by how
  `occupancy` is ant-ticks in 8 equal bands, NEST END FIRST, food end last -- a commuting
    colony is bimodal, a dispersing one slides its mass right, a homebody is a spike at 0.
  `carry->nest` is signed cells moved while holding larder, POSITIVE = homeward. Near zero
    means food is picked up and wandered with, which is a different fault from not finding it.
    far it ever got, as a share of the gap, so a commuting population is visible as a shape.
  `hand` vs `self` only says whether a laid ramp beats what they bootstrap.
  `hmute` is the DECAY BASELINE for `route pk`: our ramp laid, the ants silenced.
  `flatN`/`flatF` are the POLARITY metric's negative controls: a FLAT channel A blob over
    the nest half / the food half, ants' EmitA silenced. A field with no ramp in it at all.
    A correct metric reads 0 on both. POLARITY|| is predicted to read ~+0.12 and ~-0.12,
    which brackets every polarity figure in the report -- see `lay_flat`.
  `homeA` lays a channel A HOMING ramp and no food trail -- if laden ants only fail
    to route because they cannot find their way home, this is where their own B appears.
  `carry` is ant-ticks holding larder in the crop; `carry@nest` is those inside the +-26 nest band --
    that pair is the answer to "is food being carried back", which a cell census cannot give.
  `other J` must read 0 in every row: it is the check that `onlyfood` held.
  A gap where `alive` reaches 0 in every arm is measuring a dead colony, not a deaf one.
