  diet: larder=fruit onlyfood=on
  odometer A: recur=shipped emita=shipped biasa=shipped   odometer B: charb=shipped recurb=shipped emitb=shipped biasb=shipped carryb=shipped
trailfollow: mode=gap gate=shipped frames=24000 seeds=8 seed0=1 ants=20 relay=60 near=10 food=400 refill=400 stop=6000 homebias=shipped cropcap=shipped hungergate=shipped arho=shipped brho=shipped adiffuse=shipped tcomp=shipped tumble=shipped persist=shipped tumblegrad=shipped homewire=0
  gate shipped: off -45.0  on +0.5  along ±6.0
  landed 2026-09-09: units 0/1 = b2 (off -45, on +0.5, along 6); units 2/3 = saturated (off -45, on +30, along 6). See open-bugs-handoff.md Z7.

  gap seed   arm     alive     ate J  arrive@    dead@    carry    @nest  visitors  trips reach 0-25-50-75-100
----- ---- ----- --------- --------- -------- -------- -------- -------- --------- ------ ------------------
    TRACE laden ants: n 59043  mean PheroAAlong -0.14415  MEAN |PheroAAlong| 0.15283  mean P(move) 0.0785  mean trail term (h0+h1 -> Move) -1.48658  net cells homeward 87 (+0.001474/tick)
    TRACE laden TICKS by what the sensor cell is -- the geometry test  [5.92 frames/tick, must equal tick_interval]:
      air (nose in open sky)             n     4085 ( 41.0% of ticks)   mean along -0.1585   usable (>= +0.02)   4.0%   frozen  71.0%
      solid (nose in ground)             n     3765 ( 37.8% of ticks)   mean along -0.1450   usable (>= +0.02)   0.5%   frozen  72.4%
      surface (a trail could be here)    n     2122 ( 21.3% of ticks)   mean along -0.1063   usable (>= +0.02)   5.7%   frozen  72.1%
      => of 7155 FROZEN laden ticks (P(move) exactly 0), 79% had the nose in sky or ground
    TRACE freeze runs: n 324   median 7 ticks   p90 64   longest 324
    TRACE split by the sign of `along` -- the run-and-tumble test:
      facing UP-gradient     n     2482   P(move) 0.5271   not resting   93.0%   P(move)|>0 0.5668   cells homeward       65 (+0.026189/tick)
      facing DOWN-gradient   n    43391   P(move) 0.0260   not resting   13.4%   P(move)|>0 0.1942   cells homeward       27 (+0.000622/tick)
      no readable gradient   n    13170   P(move) 0.1670   not resting   62.7%   P(move)|>0 0.2665   cells homeward       -5 (-0.000380/tick)
      => P(move) up-gradient minus down-gradient: +0.5010  (the homing drive; ~0 means the circuit is inert)
    TRACE PheroAAlong histogram (-1..+1 in ninths): [-0.89]18 [-0.67]1404 [-0.44]8220 [-0.22]17192 [+0.00]31472 [+0.22]551 [+0.44]162 [+0.67]18 [+0.89]6
    TRACE homing gate: opens at Carrying >= 0.9890; OPEN on 59043 of 59043 laden decisions (100.00%)
    TRACE the same split, GATE OPEN only -- the only rows where the pair can respond at all:
        facing UP-gradient   n     2482   P(move) 0.5271   not resting   93.0%   P(move)|>0 0.5668   cells homeward       65 (+0.026189/tick)
        facing DOWN-gradient n    43391   P(move) 0.0260   not resting   13.4%   P(move)|>0 0.1942   cells homeward       27 (+0.000622/tick)
      => with the gate open, P(move) up minus down: +0.5010; cells homeward up minus down: +0.025566/tick
         (positive cells-homeward means the ramp the colony built points at the NEST)
    TRACE of the 59043 gate-open decisions, 0 (0.0%) are ants ALSO holding spoil -- see `tr_gate_open_spoil`
    TRACE split by whether the homing gate is OPEN -- the conversion test:
      gate OPEN              n    59043   P(move) 0.0785   not resting   27.7%   P(move)|>0 0.2831   cells homeward       87 (+0.001474/tick)
      gate SHUT              n 0
    TRACE does pointing HOME give a POSITIVE reading? -- the three-way fix test, see `tr_align`:
      heading vs home          n  mean along % positive   P(move)
        -1.0..-0.6      22962     -0.1560       2.2%    0.0749
        -0.6..-0.2        293     -0.0009      15.4%    0.3040
        -0.2..+0.2      14002     -0.1629       0.5%    0.0387
        +0.2..+0.6        261     -0.0074       5.7%    0.2624
        +0.6..+1.0      21519     -0.1230       8.6%    0.1029   <- POINTED AT HOME: this row is the answer
    TRACE response vs crop fill -- P(home) should CLIMB with fill; a step or a flat line is the defect:
           fill          n   P(move)   P(home)   P(away)    cells/tick
        0.9-1.0      59043    0.0785    0.0059    0.0045     +0.001474   <- the gate threshold falls inside this bin
    TRACE Move pre-squash terms, mean over the decisions each one was live for:
      h2               -2.44880   (live in 59043 of 59043)
      h3               +2.44181   (live in 59043 of 59043)
      Bias             +2.00000   (live in 59043 of 59043)
      Energy           -1.42251   (live in 59043 of 59043)
      h1               -1.26046   (live in 59043 of 59043)   <- THE TRAIL. `PheroAAlong` reaches `Move` here and nowhere else.
      h0               -0.22611   (live in 59043 of 59043)   <- THE TRAIL. `PheroAAlong` reaches `Move` here and nowhere else.
      KinNeed          +0.19317   (live in 59043 of 59043)
      Stillness        +0.17662   (live in 59043 of 59043)
      FoodAdjacent     -0.15224   (live in 59043 of 59043)
      Crowding         -0.14681   (live in 59043 of 59043)
      Alarm            +0.00000   (live in 59043 of 59043)
    TRACE focal ant: 192 decisions written to /tmp/trailfollow-focal-seed1-gap90.csv
   90    1  hand    8/7         8965      804        0    59043        0   12/22        0         8 0 1 12 1
                A READ  ant-readable homeward along >= 0.02 on  52.5% of route-cell samples | FOODWARD  13.2% | plane lit on  61.5% | peak amt  10969 cells  88
                RETURN LEDGER reached food   12 of   22 ants | came back    0 | trips laden    0 empty    0 | LOOPERS    0 of   22 ants ( 0.0% of those that reached food), repeat    0, most loops by one ant   0
                founded x   12..88   (nest cursor 48 MATERIAL x 26..70 11 of 22 founders born on it; food 138; nearest founder 50 cells out, farthest 126, nominal gap 90)  occupancy/1k [36 4 6 21 2 13 136 40]  carry->nest      87  born    2 died   14 (starved   10)
                own trail: route pk   33 end   30 along +0.0207  B nest->food [89,3092,6331,9849,8304]  blocked      309  kin swaps       0  ticks     43764  tumbles     19530 (homeward        0, 0.00%)  drops       0  chew parked     11 resumed      7 (        4 J)  DELIVERED     0  leg home n    0 med     0 p90     0 (laden n    0 med     0 p90     0)  appetite held         0 J of     29760  trips born-on-comb    0 (11 ants) / born-off    0 (11 ants)
                channel A: PEAK amt  10969 cells   88 (of 91 route)  POLARITY|| +0.13850 && +0.18304 SPAN +0.03248 edge  13.2  end nest->food [821,0,0,0,0]  nest   25  AtNest  2.14%
                Carrying: laden     67395  of which SPOIL      8352 ( 12.4%)
    TRACE laden ants: n 35058  mean PheroAAlong -0.23259  MEAN |PheroAAlong| 0.25872  mean P(move) 0.1211  mean trail term (h0+h1 -> Move) -2.07066  net cells homeward 231 (+0.006589/tick)
    TRACE laden TICKS by what the sensor cell is -- the geometry test  [6.00 frames/tick, must equal tick_interval]:
      air (nose in open sky)             n     2337 ( 40.0% of ticks)   mean along -0.2323   usable (>= +0.02)   4.6%   frozen  74.9%
      solid (nose in ground)             n     2144 ( 36.7% of ticks)   mean along -0.2407   usable (>= +0.02)   2.5%   frozen  78.5%
      surface (a trail could be here)    n     1362 ( 23.3% of ticks)   mean along -0.2203   usable (>= +0.02)  14.9%   frozen  75.5%
      => of 4462 FROZEN laden ticks (P(move) exactly 0), 77% had the nose in sky or ground
    TRACE freeze runs: n 133   median 7 ticks   p90 105   longest 364
    TRACE split by the sign of `along` -- the run-and-tumble test:
      facing UP-gradient     n     2466   P(move) 0.7003   not resting   99.8%   P(move)|>0 0.7021   cells homeward      173 (+0.070154/tick)
      facing DOWN-gradient   n    26790   P(move) 0.0220   not resting    6.6%   P(move)|>0 0.3324   cells homeward       27 (+0.001008/tick)
      no readable gradient   n     5802   P(move) 0.3324   not resting   69.8%   P(move)|>0 0.4761   cells homeward       31 (+0.005343/tick)
      => P(move) up-gradient minus down-gradient: +0.6783  (the homing drive; ~0 means the circuit is inert)
    TRACE PheroAAlong histogram (-1..+1 in ninths): [-0.89]66 [-0.67]2880 [-0.44]8964 [-0.22]11574 [+0.00]10050 [+0.22]1110 [+0.44]324 [+0.67]84 [+0.89]6
    TRACE homing gate: opens at Carrying >= 0.9890; OPEN on 35058 of 35058 laden decisions (100.00%)
    TRACE the same split, GATE OPEN only -- the only rows where the pair can respond at all:
        facing UP-gradient   n     2466   P(move) 0.7003   not resting   99.8%   P(move)|>0 0.7021   cells homeward      173 (+0.070154/tick)
        facing DOWN-gradient n    26790   P(move) 0.0220   not resting    6.6%   P(move)|>0 0.3324   cells homeward       27 (+0.001008/tick)
      => with the gate open, P(move) up minus down: +0.6783; cells homeward up minus down: +0.069146/tick
         (positive cells-homeward means the ramp the colony built points at the NEST)
    TRACE of the 35058 gate-open decisions, 0 (0.0%) are ants ALSO holding spoil -- see `tr_gate_open_spoil`
    TRACE split by whether the homing gate is OPEN -- the conversion test:
      gate OPEN              n    35058   P(move) 0.1211   not resting   23.6%   P(move)|>0 0.5124   cells homeward      231 (+0.006589/tick)
      gate SHUT              n 0
    TRACE does pointing HOME give a POSITIVE reading? -- the three-way fix test, see `tr_align`:
      heading vs home          n  mean along % positive   P(move)
        -1.0..-0.6      14730     -0.2613       5.3%    0.0960
        -0.6..-0.2        108     -0.0230      33.3%    0.5526
        -0.2..+0.2       6690     -0.2311       0.2%    0.0868
        +0.2..+0.6        882     -0.2691       0.0%    0.0448
        +0.6..+1.0      11430     -0.1966      13.9%    0.1851   <- POINTED AT HOME: this row is the answer
    TRACE response vs crop fill -- P(home) should CLIMB with fill; a step or a flat line is the defect:
           fill          n   P(move)   P(home)   P(away)    cells/tick
        0.9-1.0      35058    0.1211    0.0105    0.0039     +0.006589   <- the gate threshold falls inside this bin
    TRACE Move pre-squash terms, mean over the decisions each one was live for:
      h2               -2.44824   (live in 35058 of 35058)
      h3               +2.44251   (live in 35058 of 35058)
      Bias             +2.00000   (live in 35058 of 35058)
      h1               -1.38758   (live in 35058 of 35058)   <- THE TRAIL. `PheroAAlong` reaches `Move` here and nowhere else.
      Energy           -1.28483   (live in 35058 of 35058)
      h0               -0.68308   (live in 35058 of 35058)   <- THE TRAIL. `PheroAAlong` reaches `Move` here and nowhere else.
      KinNeed          +0.23386   (live in 35058 of 35058)
      Stillness        +0.23216   (live in 35058 of 35058)
      Crowding         -0.11051   (live in 35058 of 35058)
      FoodAdjacent     -0.09490   (live in 35058 of 35058)
      Alarm            +0.00000   (live in 35058 of 35058)
    TRACE focal ant: 306 decisions written to /tmp/trailfollow-focal-seed2-gap90.csv
   90    2  hand    0/0         5171      600    22614    35058     3666    8/21        5         4 3 4 10 0
                A READ  ant-readable homeward along >= 0.02 on  57.3% of route-cell samples | FOODWARD  20.4% | plane lit on  77.9% | peak amt  32035 cells  87
                RETURN LEDGER reached food    8 of   21 ants | came back    5 | trips laden    3 empty    2 | LOOPERS    3 of   21 ants (37.5% of those that reached food), repeat    0, most loops by one ant   1
                LEGS legs[2299,9349,3151,4573,6475] laden[2299,3151,4573]
                founded x   12..88   (nest cursor 48 MATERIAL x 26..70 11 of 21 founders born on it; food 138; nearest founder 50 cells out, farthest 126, nominal gap 90)  occupancy/1k [25 44 20 11 19 31 60 14]  carry->nest     231  born    1 died   21 (starved   18)
                own trail: route pk   61 end    0 along +0.0000  B nest->food [89,3134,6389,9899,8292]  blocked      236  kin swaps       0  ticks     37977  tumbles     15797 (homeward        0, 0.00%)  drops      91  chew parked     91 resumed     86 (    35047 J)  DELIVERED    91  leg home n    5 med  4573 p90  9349 (laden n    3 med  3151 p90  4573)  appetite held         0 J of     18240  trips born-on-comb    2 (11 ants) / born-off    3 (10 ants)
                channel A: PEAK amt  32035 cells   87 (of 91 route)  POLARITY|| +0.12604 && +0.11398 SPAN +0.00640 edge   6.6  end nest->food [5859,12585,721,311,0]  nest   25  AtNest 12.56%
                Carrying: laden     40320  of which SPOIL      5262 ( 13.1%)
    TRACE laden ants: n 39054  mean PheroAAlong -0.18989  MEAN |PheroAAlong| 0.20364  mean P(move) 0.1293  mean trail term (h0+h1 -> Move) -1.87804  net cells homeward 142 (+0.003636/tick)
    TRACE laden TICKS by what the sensor cell is -- the geometry test  [6.00 frames/tick, must equal tick_interval]:
      air (nose in open sky)             n     3019 ( 46.4% of ticks)   mean along -0.2532   usable (>= +0.02)   2.7%   frozen  80.1%
      solid (nose in ground)             n     1796 ( 27.6% of ticks)   mean along -0.1868   usable (>= +0.02)   1.1%   frozen  63.6%
      surface (a trail could be here)    n     1694 ( 26.0% of ticks)   mean along -0.0803   usable (>= +0.02)   9.0%   frozen  56.1%
      => of 4512 FROZEN laden ticks (P(move) exactly 0), 79% had the nose in sky or ground
    TRACE freeze runs: n 223   median 6 ticks   p90 68   longest 286
    TRACE split by the sign of `along` -- the run-and-tumble test:
      facing UP-gradient     n     1890   P(move) 0.6700   not resting  100.0%   P(move)|>0 0.6700   cells homeward      101 (+0.053439/tick)
      facing DOWN-gradient   n    29526   P(move) 0.0277   not resting    9.8%   P(move)|>0 0.2821   cells homeward       35 (+0.001185/tick)
      no readable gradient   n     7638   P(move) 0.3885   not resting   94.2%   P(move)|>0 0.4125   cells homeward        6 (+0.000786/tick)
      => P(move) up-gradient minus down-gradient: +0.6424  (the homing drive; ~0 means the circuit is inert)
    TRACE PheroAAlong histogram (-1..+1 in ninths): [-0.89]0 [-0.67]1746 [-0.44]7110 [-0.22]14964 [+0.00]14400 [+0.22]612 [+0.44]180 [+0.67]42 [+0.89]0
    TRACE homing gate: opens at Carrying >= 0.9890; OPEN on 39054 of 39054 laden decisions (100.00%)
    TRACE the same split, GATE OPEN only -- the only rows where the pair can respond at all:
        facing UP-gradient   n     1890   P(move) 0.6700   not resting  100.0%   P(move)|>0 0.6700   cells homeward      101 (+0.053439/tick)
        facing DOWN-gradient n    29526   P(move) 0.0277   not resting    9.8%   P(move)|>0 0.2821   cells homeward       35 (+0.001185/tick)
      => with the gate open, P(move) up minus down: +0.6424; cells homeward up minus down: +0.052254/tick
         (positive cells-homeward means the ramp the colony built points at the NEST)
    TRACE of the 39054 gate-open decisions, 354 (0.9%) are ants ALSO holding spoil -- see `tr_gate_open_spoil`
    TRACE split by whether the homing gate is OPEN -- the conversion test:
      gate OPEN              n    39054   P(move) 0.1293   not resting   30.7%   P(move)|>0 0.4215   cells homeward      142 (+0.003636/tick)
      gate SHUT              n 0
    TRACE does pointing HOME give a POSITIVE reading? -- the three-way fix test, see `tr_align`:
      heading vs home          n  mean along % positive   P(move)
        -1.0..-0.6      14532     -0.1946       4.1%    0.1192
        -0.6..-0.2        216     -0.1974       0.0%    0.1931
        -0.2..+0.2       9450     -0.2016       2.0%    0.0972
        +0.2..+0.6        174     -0.2606       0.0%    0.1993
        +0.6..+1.0      14664     -0.1770       7.6%    0.1581   <- POINTED AT HOME: this row is the answer
    TRACE response vs crop fill -- P(home) should CLIMB with fill; a step or a flat line is the defect:
           fill          n   P(move)   P(home)   P(away)    cells/tick
        0.9-1.0      39054    0.1293    0.0093    0.0057     +0.003636   <- the gate threshold falls inside this bin
    TRACE Move pre-squash terms, mean over the decisions each one was live for:
      h2               -2.44867   (live in 39054 of 39054)
      h3               +2.44196   (live in 39054 of 39054)
      Bias             +2.00000   (live in 39054 of 39054)
      h1               -1.35660   (live in 39054 of 39054)   <- THE TRAIL. `PheroAAlong` reaches `Move` here and nowhere else.
      Energy           -1.01297   (live in 39054 of 39054)
      h0               -0.52144   (live in 39054 of 39054)   <- THE TRAIL. `PheroAAlong` reaches `Move` here and nowhere else.
      KinNeed          +0.35163   (live in 39054 of 39054)
      Stillness        +0.14247   (live in 39054 of 39054)
      Crowding         -0.13150   (live in 39054 of 39054)
      FoodAdjacent     -0.12802   (live in 39054 of 39054)
      Alarm            +0.00000   (live in 39054 of 39054)
    TRACE focal ant: 1080 decisions written to /tmp/trailfollow-focal-seed3-gap90.csv
   90    3  hand    1/1         7844      564        0    39054        0   11/23        0         4 4 3 12 0
                A READ  ant-readable homeward along >= 0.02 on  63.2% of route-cell samples | FOODWARD  11.6% | plane lit on  70.5% | peak amt  14798 cells  87
                RETURN LEDGER reached food   11 of   23 ants | came back    0 | trips laden    0 empty    0 | LOOPERS    0 of   23 ants ( 0.0% of those that reached food), repeat    0, most loops by one ant   0
                founded x   12..88   (nest cursor 48 MATERIAL x 26..70 11 of 23 founders born on it; food 138; nearest founder 50 cells out, farthest 126, nominal gap 90)  occupancy/1k [39 27 6 15 12 68 53 12]  carry->nest     142  born    3 died   22 (starved   16)
                own trail: route pk   35 end   29 along -0.0008  B nest->food [89,3092,6331,9789,8320]  blocked      353  kin swaps       0  ticks     39257  tumbles     16391 (homeward        0, 0.00%)  drops       0  chew parked      8 resumed      4 (        4 J)  DELIVERED     0  leg home n    0 med     0 p90     0 (laden n    0 med     0 p90     0)  appetite held         0 J of     19200  trips born-on-comb    0 (11 ants) / born-off    0 (12 ants)
                channel A: PEAK amt  14798 cells   87 (of 91 route)  POLARITY|| +0.13912 && +0.14540 SPAN +0.01029 edge  10.7  end nest->food [1238,292,0,0,0]  nest   25  AtNest 10.31%
                Carrying: laden     48865  of which SPOIL     10165 ( 20.8%)
    TRACE laden ants: n 75983  mean PheroAAlong -0.30299  MEAN |PheroAAlong| 0.31699  mean P(move) 0.0730  mean trail term (h0+h1 -> Move) -2.48374  net cells homeward 208 (+0.002737/tick)
    TRACE laden TICKS by what the sensor cell is -- the geometry test  [6.08 frames/tick, must equal tick_interval]:
      air (nose in open sky)             n     3900 ( 31.2% of ticks)   mean along -0.3059   usable (>= +0.02)   4.1%   frozen  86.3%
      solid (nose in ground)             n     5278 ( 42.2% of ticks)   mean along -0.3836   usable (>= +0.02)   0.9%   frozen  88.6%
      surface (a trail could be here)    n     3321 ( 26.6% of ticks)   mean along -0.1681   usable (>= +0.02)   9.0%   frozen  71.5%
      => of 10415 FROZEN laden ticks (P(move) exactly 0), 77% had the nose in sky or ground
    TRACE freeze runs: n 388   median 7 ticks   p90 71   longest 521
    TRACE split by the sign of `along` -- the run-and-tumble test:
      facing UP-gradient     n     3589   P(move) 0.6736   not resting   94.3%   P(move)|>0 0.7142   cells homeward      174 (+0.048481/tick)
      facing DOWN-gradient   n    64092   P(move) 0.0223   not resting    7.7%   P(move)|>0 0.2896   cells homeward       73 (+0.001139/tick)
      no readable gradient   n     8302   P(move) 0.2048   not resting   51.4%   P(move)|>0 0.3984   cells homeward      -39 (-0.004698/tick)
      => P(move) up-gradient minus down-gradient: +0.6513  (the homing drive; ~0 means the circuit is inert)
    TRACE PheroAAlong histogram (-1..+1 in ninths): [-0.89]1456 [-0.67]11617 [-0.44]21879 [-0.22]21614 [+0.00]17740 [+0.22]1296 [+0.44]311 [+0.67]50 [+0.89]20
    TRACE homing gate: opens at Carrying >= 0.9890; OPEN on 75983 of 75983 laden decisions (100.00%)
    TRACE the same split, GATE OPEN only -- the only rows where the pair can respond at all:
        facing UP-gradient   n     3589   P(move) 0.6736   not resting   94.3%   P(move)|>0 0.7142   cells homeward      174 (+0.048481/tick)
        facing DOWN-gradient n    64092   P(move) 0.0223   not resting    7.7%   P(move)|>0 0.2896   cells homeward       73 (+0.001139/tick)
      => with the gate open, P(move) up minus down: +0.6513; cells homeward up minus down: +0.047342/tick
         (positive cells-homeward means the ramp the colony built points at the NEST)
    TRACE of the 75983 gate-open decisions, 12 (0.0%) are ants ALSO holding spoil -- see `tr_gate_open_spoil`
    TRACE split by whether the homing gate is OPEN -- the conversion test:
      gate OPEN              n    75983   P(move) 0.0730   not resting   16.6%   P(move)|>0 0.4406   cells homeward      208 (+0.002737/tick)
      gate SHUT              n 0
    TRACE does pointing HOME give a POSITIVE reading? -- the three-way fix test, see `tr_align`:
      heading vs home          n  mean along % positive   P(move)
        -1.0..-0.6      29962     -0.2856       5.2%    0.0769
        -0.6..-0.2        856     -0.2641       0.7%    0.1213
        -0.2..+0.2      14803     -0.3837       0.5%    0.0224
        +0.2..+0.6       2005     -0.4430       1.5%    0.0682
        +0.6..+1.0      26905     -0.2846       5.9%    0.0937   <- POINTED AT HOME: this row is the answer
    TRACE response vs crop fill -- P(home) should CLIMB with fill; a step or a flat line is the defect:
           fill          n   P(move)   P(home)   P(away)    cells/tick
        0.9-1.0      75983    0.0730    0.0059    0.0031     +0.002737   <- the gate threshold falls inside this bin
    TRACE Move pre-squash terms, mean over the decisions each one was live for:
      h2               -2.44885   (live in 75983 of 75983)
      h3               +2.44176   (live in 75983 of 75983)
      Bias             +2.00000   (live in 75983 of 75983)
      h1               -1.53938   (live in 75983 of 75983)   <- THE TRAIL. `PheroAAlong` reaches `Move` here and nowhere else.
      Energy           -1.04217   (live in 75983 of 75983)
      h0               -0.94436   (live in 75983 of 75983)   <- THE TRAIL. `PheroAAlong` reaches `Move` here and nowhere else.
      KinNeed          +0.47269   (live in 75983 of 75983)
      Stillness        +0.34652   (live in 75983 of 75983)
      FoodAdjacent     -0.31083   (live in 75983 of 75983)
      Crowding         -0.16592   (live in 75983 of 75983)
      MoistureGrad     -0.00795   (live in 13971 of 75983)
      Alarm            +0.00000   (live in 75983 of 75983)
      PreyNear         +0.00000   (live in 387 of 75983)
    TRACE focal ant: 90 decisions written to /tmp/trailfollow-focal-seed4-gap90.csv
   90    4  hand    6/6        26632     1050        0    75983        0   32/38        2         4 0 1 29 4
                A READ  ant-readable homeward along >= 0.02 on  58.2% of route-cell samples | FOODWARD  20.5% | plane lit on  91.4% | peak amt  24598 cells  91
                RETURN LEDGER reached food   32 of   38 ants | came back    2 | trips laden    0 empty    2 | LOOPERS    0 of   38 ants ( 0.0% of those that reached food), repeat    0, most loops by one ant   0
                LEGS legs[6415,4327] laden[]
                founded x   12..88   (nest cursor 48 MATERIAL x 26..70 11 of 38 founders born on it; food 138; nearest founder 50 cells out, farthest 126, nominal gap 90)  occupancy/1k [33 10 19 10 22 41 81 85]  carry->nest     208  born   18 died   31 (starved   10)
                own trail: route pk   53 end   21 along -0.0799  B nest->food [89,3092,6378,9584,8311]  blocked      295  kin swaps       0  ticks     50279  tumbles     21593 (homeward        0, 0.00%)  drops       0  chew parked     12 resumed      6 (        6 J)  DELIVERED     0  leg home n    2 med  6415 p90  6415 (laden n    0 med     0 p90     0)  appetite held         0 J of     35520  trips born-on-comb    1 (11 ants) / born-off    1 (27 ants)
                channel A: PEAK amt  24598 cells   91 (of 91 route)  POLARITY|| +0.09904 && +0.09324 SPAN +0.00796 edge   4.2  end nest->food [1220,1425,221,0,0]  nest   25  AtNest  8.23%
                Carrying: laden     80687  of which SPOIL      4716 (  5.8%)
    TRACE laden ants: n 20856  mean PheroAAlong -0.13594  MEAN |PheroAAlong| 0.14884  mean P(move) 0.0866  mean trail term (h0+h1 -> Move) -1.19594  net cells homeward 76 (+0.003644/tick)
    TRACE laden TICKS by what the sensor cell is -- the geometry test  [6.00 frames/tick, must equal tick_interval]:
      air (nose in open sky)             n      832 ( 23.9% of ticks)   mean along -0.2452   usable (>= +0.02)   2.2%   frozen  83.4%
      solid (nose in ground)             n     1110 ( 31.9% of ticks)   mean along -0.1913   usable (>= +0.02)   0.2%   frozen  79.0%
      surface (a trail could be here)    n     1534 ( 44.1% of ticks)   mean along -0.0366   usable (>= +0.02)   4.2%   frozen  67.1%
      => of 2601 FROZEN laden ticks (P(move) exactly 0), 60% had the nose in sky or ground
    TRACE freeze runs: n 73   median 10 ticks   p90 106   longest 194
    TRACE split by the sign of `along` -- the run-and-tumble test:
      facing UP-gradient     n      636   P(move) 0.7071   not resting  100.0%   P(move)|>0 0.7071   cells homeward       41 (+0.064465/tick)
      facing DOWN-gradient   n    10518   P(move) 0.0202   not resting    8.4%   P(move)|>0 0.2396   cells homeward       18 (+0.001711/tick)
      no readable gradient   n     9702   P(move) 0.1179   not resting   38.4%   P(move)|>0 0.3070   cells homeward       17 (+0.001752/tick)
      => P(move) up-gradient minus down-gradient: +0.6869  (the homing drive; ~0 means the circuit is inert)
    TRACE PheroAAlong histogram (-1..+1 in ninths): [-0.89]78 [-0.67]1170 [-0.44]2886 [-0.22]3306 [+0.00]13086 [+0.22]168 [+0.44]108 [+0.67]36 [+0.89]18
    TRACE homing gate: opens at Carrying >= 0.9890; OPEN on 20856 of 20856 laden decisions (100.00%)
    TRACE the same split, GATE OPEN only -- the only rows where the pair can respond at all:
        facing UP-gradient   n      636   P(move) 0.7071   not resting  100.0%   P(move)|>0 0.7071   cells homeward       41 (+0.064465/tick)
        facing DOWN-gradient n    10518   P(move) 0.0202   not resting    8.4%   P(move)|>0 0.2396   cells homeward       18 (+0.001711/tick)
      => with the gate open, P(move) up minus down: +0.6869; cells homeward up minus down: +0.062754/tick
         (positive cells-homeward means the ramp the colony built points at the NEST)
    TRACE of the 20856 gate-open decisions, 0 (0.0%) are ants ALSO holding spoil -- see `tr_gate_open_spoil`
    TRACE split by whether the homing gate is OPEN -- the conversion test:
      gate OPEN              n    20856   P(move) 0.0866   not resting   25.2%   P(move)|>0 0.3441   cells homeward       76 (+0.003644/tick)
      gate SHUT              n 0
    TRACE does pointing HOME give a POSITIVE reading? -- the three-way fix test, see `tr_align`:
      heading vs home          n  mean along % positive   P(move)
        -1.0..-0.6       6732     -0.2033       2.9%    0.0682
        -0.6..-0.2        450     -0.1668       0.0%    0.2227
        -0.2..+0.2       5502     -0.1238       0.0%    0.0603
        +0.2..+0.6        276     -0.0072       0.0%    0.3308
        +0.6..+1.0       7854     -0.0898       5.5%    0.1039   <- POINTED AT HOME: this row is the answer
    TRACE response vs crop fill -- P(home) should CLIMB with fill; a step or a flat line is the defect:
           fill          n   P(move)   P(home)   P(away)    cells/tick
        0.9-1.0      20856    0.0866    0.0063    0.0026     +0.003644   <- the gate threshold falls inside this bin
    TRACE Move pre-squash terms, mean over the decisions each one was live for:
      h2               -2.27696   (live in 23292 of 20856)
      h3               +2.02963   (live in 23292 of 20856)
      Bias             +2.00000   (live in 23292 of 20856)
      Energy           -1.11023   (live in 23292 of 20856)
      h1               -0.79095   (live in 23292 of 20856)   <- THE TRAIL. `PheroAAlong` reaches `Move` here and nowhere else.
      FoodAdjacent     -0.49972   (live in 23292 of 20856)
      h0               -0.28058   (live in 23292 of 20856)   <- THE TRAIL. `PheroAAlong` reaches `Move` here and nowhere else.
      KinNeed          +0.23934   (live in 23292 of 20856)
      Stillness        +0.17398   (live in 23292 of 20856)
      Crowding         -0.04921   (live in 23292 of 20856)
      Alarm            +0.00000   (live in 23292 of 20856)
    TRACE focal ant: 7668 decisions written to /tmp/trailfollow-focal-seed5-gap90.csv
   90    5  hand    0/0         4378      534    11286    20856       54   11/23        1         4 1 5 13 0
                A READ  ant-readable homeward along >= 0.02 on  57.4% of route-cell samples | FOODWARD   7.1% | plane lit on  63.1% | peak amt  11418 cells  86
                RETURN LEDGER reached food   11 of   23 ants | came back    1 | trips laden    1 empty    0 | LOOPERS    1 of   23 ants ( 9.1% of those that reached food), repeat    0, most loops by one ant   1
                LEGS legs[4813] laden[4813]
                founded x   12..88   (nest cursor 48 MATERIAL x 26..70 11 of 23 founders born on it; food 138; nearest founder 50 cells out, farthest 126, nominal gap 90)  occupancy/1k [27 22 15 22 25 3 8 15]  carry->nest      76  born    3 died   23 (starved   17)
                own trail: route pk   35 end    0 along +0.0000  B nest->food [89,3093,6378,9472,8294]  blocked      114  kin swaps       0  ticks     23706  tumbles     10060 (homeward        0, 0.00%)  drops       0  chew parked      1 resumed      0 (        0 J)  DELIVERED     0  leg home n    1 med  4813 p90  4813 (laden n    1 med  4813 p90  4813)  appetite held         0 J of      9600  trips born-on-comb    0 (11 ants) / born-off    1 (12 ants)
                channel A: PEAK amt  11418 cells   86 (of 91 route)  POLARITY|| +0.16027 && +0.15833 SPAN +0.02146 edge   6.6  end nest->food [1507,186,0,0,0]  nest   25  AtNest 15.34%
                Carrying: laden     23268  of which SPOIL      2412 ( 10.4%)
    TRACE laden ants: n 50557  mean PheroAAlong -0.25268  MEAN |PheroAAlong| 0.27732  mean P(move) 0.0790  mean trail term (h0+h1 -> Move) -2.32241  net cells homeward 477 (+0.009435/tick)
    TRACE laden TICKS by what the sensor cell is -- the geometry test  [5.99 frames/tick, must equal tick_interval]:
      air (nose in open sky)             n     3219 ( 38.1% of ticks)   mean along -0.2562   usable (>= +0.02)   6.4%   frozen  86.6%
      solid (nose in ground)             n     2518 ( 29.8% of ticks)   mean along -0.3026   usable (>= +0.02)   2.1%   frozen  91.9%
      surface (a trail could be here)    n     2703 ( 32.0% of ticks)   mean along -0.2008   usable (>= +0.02)  14.6%   frozen  76.8%
      => of 7179 FROZEN laden ticks (P(move) exactly 0), 71% had the nose in sky or ground
    TRACE freeze runs: n 334   median 6 ticks   p90 62   longest 393
    TRACE split by the sign of `along` -- the run-and-tumble test:
      facing UP-gradient     n     4317   P(move) 0.7077   not resting   99.0%   P(move)|>0 0.7147   cells homeward      362 (+0.083855/tick)
      facing DOWN-gradient   n    45440   P(move) 0.0160   not resting    6.0%   P(move)|>0 0.2652   cells homeward      117 (+0.002575/tick)
      no readable gradient   n      800   P(move) 0.2621   not resting   65.0%   P(move)|>0 0.4032   cells homeward       -2 (-0.002500/tick)
      => P(move) up-gradient minus down-gradient: +0.6917  (the homing drive; ~0 means the circuit is inert)
    TRACE PheroAAlong histogram (-1..+1 in ninths): [-0.89]90 [-0.67]3690 [-0.44]15117 [-0.22]18163 [+0.00]11178 [+0.22]1947 [+0.44]324 [+0.67]48 [+0.89]0
    TRACE homing gate: opens at Carrying >= 0.9890; OPEN on 50557 of 50557 laden decisions (100.00%)
    TRACE the same split, GATE OPEN only -- the only rows where the pair can respond at all:
        facing UP-gradient   n     4317   P(move) 0.7077   not resting   99.0%   P(move)|>0 0.7147   cells homeward      362 (+0.083855/tick)
        facing DOWN-gradient n    45440   P(move) 0.0160   not resting    6.0%   P(move)|>0 0.2652   cells homeward      117 (+0.002575/tick)
      => with the gate open, P(move) up minus down: +0.6917; cells homeward up minus down: +0.081280/tick
         (positive cells-homeward means the ramp the colony built points at the NEST)
    TRACE of the 50557 gate-open decisions, 0 (0.0%) are ants ALSO holding spoil -- see `tr_gate_open_spoil`
    TRACE split by whether the homing gate is OPEN -- the conversion test:
      gate OPEN              n    50557   P(move) 0.0790   not resting   14.9%   P(move)|>0 0.5295   cells homeward      477 (+0.009435/tick)
      gate SHUT              n 0
    TRACE does pointing HOME give a POSITIVE reading? -- the three-way fix test, see `tr_align`:
      heading vs home          n  mean along % positive   P(move)
        -1.0..-0.6      20298     -0.3050       5.7%    0.0565
        -0.6..-0.2        768     -0.2928       0.8%    0.0136
        -0.2..+0.2       8199     -0.3131       0.1%    0.0071
        +0.2..+0.6        738     -0.3954       0.0%    0.0015
        +0.6..+1.0      19068     -0.1710      16.5%    0.1442   <- POINTED AT HOME: this row is the answer
    TRACE response vs crop fill -- P(home) should CLIMB with fill; a step or a flat line is the defect:
           fill          n   P(move)   P(home)   P(away)    cells/tick
        0.9-1.0      50557    0.0790    0.0107    0.0013     +0.009435   <- the gate threshold falls inside this bin
    TRACE Move pre-squash terms, mean over the decisions each one was live for:
      h2               -2.44832   (live in 50557 of 50557)
      h3               +2.44242   (live in 50557 of 50557)
      Bias             +2.00000   (live in 50557 of 50557)
      h1               -1.46132   (live in 50557 of 50557)   <- THE TRAIL. `PheroAAlong` reaches `Move` here and nowhere else.
      Energy           -1.16459   (live in 50557 of 50557)
      h0               -0.86109   (live in 50557 of 50557)   <- THE TRAIL. `PheroAAlong` reaches `Move` here and nowhere else.
      KinNeed          +0.32759   (live in 50557 of 50557)
      Stillness        +0.19771   (live in 50557 of 50557)
      Crowding         -0.12528   (live in 50557 of 50557)
      FoodAdjacent     -0.02987   (live in 50557 of 50557)
      Alarm            +0.00000   (live in 50557 of 50557)
    TRACE focal ant: 102 decisions written to /tmp/trailfollow-focal-seed6-gap90.csv
   90    6  hand    6/6        11018      528        0    50557    11454   14/25        6         3 2 4 16 0
                A READ  ant-readable homeward along >= 0.02 on  60.4% of route-cell samples | FOODWARD  19.3% | plane lit on  81.5% | peak amt  28978 cells  89
                RETURN LEDGER reached food   14 of   25 ants | came back    5 | trips laden    5 empty    1 | LOOPERS    5 of   25 ants (35.7% of those that reached food), repeat    0, most loops by one ant   1
                LEGS legs[3541,1969,2647,2125,4735,1039] laden[3541,1969,2647,2125,1039]
                founded x   12..88   (nest cursor 48 MATERIAL x 26..70 11 of 25 founders born on it; food 138; nearest founder 50 cells out, farthest 126, nominal gap 90)  occupancy/1k [45 18 48 30 36 30 53 14]  carry->nest     477  born    5 died   19 (starved   15)
                own trail: route pk   74 end    0 along +0.0000  B nest->food [89,3175,6541,9665,8293]  blocked      287  kin swaps       0  ticks     46429  tumbles     19908 (homeward        0, 0.00%)  drops      81  chew parked     71 resumed     63 (    14120 J)  DELIVERED    81  leg home n    6 med  2647 p90  4735 (laden n    5 med  2125 p90  3541)  appetite held         0 J of     24960  trips born-on-comb    2 (12 ants) / born-off    4 (13 ants)
                channel A: PEAK amt  28978 cells   89 (of 91 route)  POLARITY|| +0.11054 && +0.09922 SPAN +0.02773 edge   5.3  end nest->food [1173,20107,5036,0,0]  nest   25  AtNest  9.45%
                Carrying: laden     57476  of which SPOIL      6919 ( 12.0%)
    TRACE laden ants: n 27018  mean PheroAAlong -0.25684  MEAN |PheroAAlong| 0.27750  mean P(move) 0.0945  mean trail term (h0+h1 -> Move) -2.19269  net cells homeward 145 (+0.005367/tick)
    TRACE laden TICKS by what the sensor cell is -- the geometry test  [6.00 frames/tick, must equal tick_interval]:
      air (nose in open sky)             n     1965 ( 43.6% of ticks)   mean along -0.3366   usable (>= +0.02)   2.4%   frozen  86.7%
      solid (nose in ground)             n     1281 ( 28.4% of ticks)   mean along -0.2815   usable (>= +0.02)   0.7%   frozen  82.9%
      surface (a trail could be here)    n     1257 ( 27.9% of ticks)   mean along -0.1070   usable (>= +0.02)  10.9%   frozen  56.3%
      => of 3474 FROZEN laden ticks (P(move) exactly 0), 80% had the nose in sky or ground
    TRACE freeze runs: n 188   median 6 ticks   p90 60   longest 156
    TRACE split by the sign of `along` -- the run-and-tumble test:
      facing UP-gradient     n     1218   P(move) 0.7535   not resting  100.0%   P(move)|>0 0.7535   cells homeward      103 (+0.084565/tick)
      facing DOWN-gradient   n    22530   P(move) 0.0169   not resting    7.7%   P(move)|>0 0.2192   cells homeward       38 (+0.001687/tick)
      no readable gradient   n     3270   P(move) 0.3836   not resting   98.5%   P(move)|>0 0.3893   cells homeward        4 (+0.001223/tick)
      => P(move) up-gradient minus down-gradient: +0.7366  (the homing drive; ~0 means the circuit is inert)
    TRACE PheroAAlong histogram (-1..+1 in ninths): [-0.89]288 [-0.67]3930 [-0.44]5544 [-0.22]7908 [+0.00]8556 [+0.22]468 [+0.44]252 [+0.67]72 [+0.89]0
    TRACE homing gate: opens at Carrying >= 0.9890; OPEN on 27018 of 27018 laden decisions (100.00%)
    TRACE the same split, GATE OPEN only -- the only rows where the pair can respond at all:
        facing UP-gradient   n     1218   P(move) 0.7535   not resting  100.0%   P(move)|>0 0.7535   cells homeward      103 (+0.084565/tick)
        facing DOWN-gradient n    22530   P(move) 0.0169   not resting    7.7%   P(move)|>0 0.2192   cells homeward       38 (+0.001687/tick)
      => with the gate open, P(move) up minus down: +0.7366; cells homeward up minus down: +0.082878/tick
         (positive cells-homeward means the ramp the colony built points at the NEST)
    TRACE of the 27018 gate-open decisions, 42 (0.2%) are ants ALSO holding spoil -- see `tr_gate_open_spoil`
    TRACE split by whether the homing gate is OPEN -- the conversion test:
      gate OPEN              n    27018   P(move) 0.0945   not resting   22.9%   P(move)|>0 0.4134   cells homeward      145 (+0.005367/tick)
      gate SHUT              n 0
    TRACE does pointing HOME give a POSITIVE reading? -- the three-way fix test, see `tr_align`:
      heading vs home          n  mean along % positive   P(move)
        -1.0..-0.6      11082     -0.3030       1.2%    0.0673
        -0.2..+0.2       6318     -0.2822       0.1%    0.0315
        +0.6..+1.0       9336     -0.1855      11.2%    0.1686   <- POINTED AT HOME: this row is the answer
    TRACE response vs crop fill -- P(home) should CLIMB with fill; a step or a flat line is the defect:
           fill          n   P(move)   P(home)   P(away)    cells/tick
        0.9-1.0      27018    0.0945    0.0092    0.0038     +0.005367   <- the gate threshold falls inside this bin
    TRACE Move pre-squash terms, mean over the decisions each one was live for:
      h2               -2.44866   (live in 27018 of 27018)
      h3               +2.44203   (live in 27018 of 27018)
      Bias             +2.00000   (live in 27018 of 27018)
      h1               -1.44766   (live in 27018 of 27018)   <- THE TRAIL. `PheroAAlong` reaches `Move` here and nowhere else.
      Energy           -0.90165   (live in 27018 of 27018)
      h0               -0.74503   (live in 27018 of 27018)   <- THE TRAIL. `PheroAAlong` reaches `Move` here and nowhere else.
      KinNeed          +0.35722   (live in 27018 of 27018)
      FoodAdjacent     -0.15954   (live in 27018 of 27018)
      Stillness        +0.10947   (live in 27018 of 27018)
      Crowding         -0.08667   (live in 27018 of 27018)
      Alarm            +0.00000   (live in 27018 of 27018)
    TRACE focal ant: 60 decisions written to /tmp/trailfollow-focal-seed7-gap90.csv
   90    7  hand    3/3         3192      576        0    27018     1416   10/20        1         5 3 1 10 1
                A READ  ant-readable homeward along >= 0.02 on  58.1% of route-cell samples | FOODWARD  18.1% | plane lit on  73.5% | peak amt  10969 cells  88
                RETURN LEDGER reached food   10 of   20 ants | came back    1 | trips laden    1 empty    0 | LOOPERS    1 of   20 ants (10.0% of those that reached food), repeat    0, most loops by one ant   1
                LEGS legs[1495] laden[1495]
                founded x   12..88   (nest cursor 48 MATERIAL x 26..70 11 of 20 founders born on it; food 138; nearest founder 50 cells out, farthest 126, nominal gap 90)  occupancy/1k [34 24 11 21 4 31 61 9]  carry->nest     145  born    0 died   17 (starved   14)
                own trail: route pk   27 end    0 along +0.0000  B nest->food [89,3126,6352,9639,8389]  blocked      300  kin swaps       0  ticks     33276  tumbles     14143 (homeward        0, 0.00%)  drops      27  chew parked     33 resumed     23 (     4640 J)  DELIVERED    27  leg home n    1 med  1495 p90  1495 (laden n    1 med  1495 p90  1495)  appetite held         0 J of     13440  trips born-on-comb    0 (11 ants) / born-off    1 (9 ants)
                channel A: PEAK amt  10969 cells   88 (of 91 route)  POLARITY|| +0.11918 && +0.12482 SPAN +0.02076 edge  10.3  end nest->food [877,3,0,45,0]  nest   25  AtNest  5.43%
                Carrying: laden     36204  of which SPOIL      9228 ( 25.5%)
    TRACE laden ants: n 38295  mean PheroAAlong -0.14332  MEAN |PheroAAlong| 0.15671  mean P(move) 0.0851  mean trail term (h0+h1 -> Move) -1.31799  net cells homeward 118 (+0.003081/tick)
    TRACE laden TICKS by what the sensor cell is -- the geometry test  [6.00 frames/tick, must equal tick_interval]:
      air (nose in open sky)             n     2052 ( 32.1% of ticks)   mean along -0.1879   usable (>= +0.02)   3.1%   frozen  70.5%
      solid (nose in ground)             n     2412 ( 37.8% of ticks)   mean along -0.1620   usable (>= +0.02)   0.5%   frozen  78.2%
      surface (a trail could be here)    n     1919 ( 30.1% of ticks)   mean along -0.0723   usable (>= +0.02)   7.1%   frozen  64.8%
      => of 4575 FROZEN laden ticks (P(move) exactly 0), 73% had the nose in sky or ground
    TRACE freeze runs: n 194   median 9 ticks   p90 79   longest 180
    TRACE split by the sign of `along` -- the run-and-tumble test:
      facing UP-gradient     n     1482   P(move) 0.6395   not resting   93.9%   P(move)|>0 0.6808   cells homeward       61 (+0.041161/tick)
      facing DOWN-gradient   n    23161   P(move) 0.0233   not resting   11.3%   P(move)|>0 0.2061   cells homeward       24 (+0.001036/tick)
      no readable gradient   n    13652   P(move) 0.1296   not resting   50.0%   P(move)|>0 0.2592   cells homeward       33 (+0.002417/tick)
      => P(move) up-gradient minus down-gradient: +0.6161  (the homing drive; ~0 means the circuit is inert)
    TRACE PheroAAlong histogram (-1..+1 in ninths): [-0.89]654 [-0.67]1572 [-0.44]4836 [-0.22]8119 [+0.00]22400 [+0.22]462 [+0.44]168 [+0.67]72 [+0.89]12
    TRACE homing gate: opens at Carrying >= 0.9890; OPEN on 38295 of 38295 laden decisions (100.00%)
    TRACE the same split, GATE OPEN only -- the only rows where the pair can respond at all:
        facing UP-gradient   n     1482   P(move) 0.6395   not resting   93.9%   P(move)|>0 0.6808   cells homeward       61 (+0.041161/tick)
        facing DOWN-gradient n    23161   P(move) 0.0233   not resting   11.3%   P(move)|>0 0.2061   cells homeward       24 (+0.001036/tick)
      => with the gate open, P(move) up minus down: +0.6161; cells homeward up minus down: +0.040124/tick
         (positive cells-homeward means the ramp the colony built points at the NEST)
    TRACE of the 38295 gate-open decisions, 1794 (4.7%) are ants ALSO holding spoil -- see `tr_gate_open_spoil`
    TRACE split by whether the homing gate is OPEN -- the conversion test:
      gate OPEN              n    38295   P(move) 0.0851   not resting   28.3%   P(move)|>0 0.3005   cells homeward      118 (+0.003081/tick)
      gate SHUT              n 0
    TRACE does pointing HOME give a POSITIVE reading? -- the three-way fix test, see `tr_align`:
      heading vs home          n  mean along % positive   P(move)
        -1.0..-0.6      15511     -0.1705       2.1%    0.0707
        -0.6..-0.2         42     -0.5492       0.0%    0.0000
        -0.2..+0.2       9224     -0.1127       0.0%    0.0446
        +0.2..+0.6        108     -0.4654       0.0%    0.0000
        +0.6..+1.0      13104     -0.1229       8.7%    0.1331   <- POINTED AT HOME: this row is the answer
    TRACE response vs crop fill -- P(home) should CLIMB with fill; a step or a flat line is the defect:
           fill          n   P(move)   P(home)   P(away)    cells/tick
        0.9-1.0      38295    0.0851    0.0068    0.0038     +0.003081   <- the gate threshold falls inside this bin
    TRACE Move pre-squash terms, mean over the decisions each one was live for:
      h2               -2.44840   (live in 38295 of 38295)
      h3               +2.44232   (live in 38295 of 38295)
      Bias             +2.00000   (live in 38295 of 38295)
      Energy           -1.24538   (live in 38295 of 38295)
      h1               -1.20304   (live in 38295 of 38295)   <- THE TRAIL. `PheroAAlong` reaches `Move` here and nowhere else.
      FoodAdjacent     -0.25941   (live in 38295 of 38295)
      KinNeed          +0.25067   (live in 38295 of 38295)
      Crowding         -0.11567   (live in 38295 of 38295)
      h0               -0.11495   (live in 38295 of 38295)   <- THE TRAIL. `PheroAAlong` reaches `Move` here and nowhere else.
      Stillness        +0.11067   (live in 38295 of 38295)
      Alarm            +0.00000   (live in 38295 of 38295)
      ThreatBearing    +0.00000   (live in 14 of 38295)
    TRACE focal ant: 420 decisions written to /tmp/trailfollow-focal-seed8-gap90.csv
   90    8  hand    3/3         4824      726        0    38295     2910    8/21        1         7 2 2 10 0
                A READ  ant-readable homeward along >= 0.02 on  52.6% of route-cell samples | FOODWARD  12.5% | plane lit on  60.0% | peak amt  11920 cells  85
                RETURN LEDGER reached food    8 of   21 ants | came back    1 | trips laden    1 empty    0 | LOOPERS    1 of   21 ants (12.5% of those that reached food), repeat    0, most loops by one ant   1
                LEGS legs[3061] laden[3061]
                founded x   12..88   (nest cursor 48 MATERIAL x 26..70 11 of 21 founders born on it; food 138; nearest founder 50 cells out, farthest 126, nominal gap 90)  occupancy/1k [31 29 22 13 10 13 64 30]  carry->nest     118  born    1 died   18 (starved   10)
                own trail: route pk   37 end   28 along +0.0277  B nest->food [89,3116,6355,9654,8293]  blocked      176  kin swaps       0  ticks     36115  tumbles     16171 (homeward        0, 0.00%)  drops      24  chew parked     28 resumed     26 (    17738 J)  DELIVERED    24  leg home n    1 med  3061 p90  3061 (laden n    1 med  3061 p90  3061)  appetite held         0 J of     17280  trips born-on-comb    0 (11 ants) / born-off    1 (10 ants)
                channel A: PEAK amt  11920 cells   85 (of 91 route)  POLARITY|| +0.13852 && +0.15095 SPAN +0.02413 edge  13.1  end nest->food [646,0,0,6,0]  nest   25  AtNest  4.16%
                Carrying: laden     41872  of which SPOIL      5371 ( 12.8%)

  larder put out, over the whole sweep: 100800-132960 J, against a need near 46,800 J
    for 52 ants over 24,000 frames -- so these colonies are provisioned, not starved.
  intake off anything that is not the larder is ASSERTED to be 0 in every row, not printed.

  `self` vs `mute` is the real question: do the ants' OWN trails do anything?
  `visitors` is DISTINCT ants that reached the food over distinct ants that ever lived --
    recruitment, which `near` ant-ticks cannot see: 50 visitors and 1 resident read alike.
  `trips` is nest -> food -> nest, closed on the RETURN. `reach` buckets every ant by how
  `occupancy` is ant-ticks in 8 equal bands, NEST END FIRST, food end last -- a commuting
    colony is bimodal, a dispersing one slides its mass right, a homebody is a spike at 0.
  `carry->nest` is signed cells moved while holding larder, POSITIVE = homeward. Near zero
    means food is picked up and wandered with, which is a different fault from not finding it.
    far it ever got, as a share of the gap, so a commuting population is visible as a shape.
  `hand` vs `self` only says whether a laid ramp beats what they bootstrap.
  `hmute` is the DECAY BASELINE for `route pk`: our ramp laid, the ants silenced.
  `flatN`/`flatF` are the POLARITY metric's negative controls: a FLAT channel A blob over
    the nest half / the food half, ants' EmitA silenced. A field with no ramp in it at all.
    A correct metric reads 0 on both. POLARITY|| is predicted to read ~+0.12 and ~-0.12,
    which brackets every polarity figure in the report -- see `lay_flat`.
  `homeA` lays a channel A HOMING ramp and no food trail -- if laden ants only fail
    to route because they cannot find their way home, this is where their own B appears.
  `carry` is ant-ticks holding larder in the crop; `carry@nest` is those inside the +-26 nest band --
    that pair is the answer to "is food being carried back", which a cell census cannot give.
  `other J` must read 0 in every row: it is the check that `onlyfood` held.
  A gap where `alive` reaches 0 in every arm is measuring a dead colony, not a deaf one.
