  diet: larder=fruit onlyfood=on
  odometer A: recur=shipped emita=shipped biasa=shipped   odometer B: charb=shipped recurb=shipped emitb=shipped biasb=shipped carryb=shipped
trailfollow: mode=gap gate=b2 frames=24000 seeds=6 seed0=1 ants=20 relay=60 near=10 food=200 refill=2000 stop=6000 homebias=1
  gate b2: off -45.0  on +0.5  along ±6.0
  landed 2026-09-09: units 0/1 = b2 (off -45, on +0.5, along 6); units 2/3 = saturated (off -45, on +30, along 6). See open-bugs-handoff.md Z7.

  gap seed   arm     alive     ate J  arrive@    dead@    carry    @nest  visitors  trips reach 0-25-50-75-100
----- ---- ----- --------- --------- -------- -------- -------- -------- --------- ------ ------------------
   90    1  hand    0/0            0      804     7722     7098      444    3/20        1         7 0 3 10 0
                founded x   12..88    occupancy/1k [34 2 12 20 13 18 10 8]  carry->nest     193  born    0 died   20 (starved   20)
                own trail: route pk   88 end    0 along +0.0000  B nest->food [89,3171,6393,9725,8291]  blocked       72  kin swaps       0  ticks     20242  tumbles      8368 (homeward      226, 2.70%)  drops      35
                channel A: PEAK amt  11069 cells   77 (of 91 route)  POLARITY|| +0.02759 && +0.00728 SPAN -0.00985 edge  11.7  end nest->food [0,0,0,0,0]  nest   25  AtNest 13.44%
                Carrying: laden     12828  of which SPOIL      5736 ( 44.7%)
   90    2  hand    0/0            0      600     7266     4914      900    4/20        1          6 5 0 9 0
                founded x   12..88    occupancy/1k [35 33 10 13 9 8 9 2]  carry->nest     240  born    0 died   20 (starved   20)
                own trail: route pk   88 end    0 along +0.0000  B nest->food [89,3227,6431,9557,8291]  blocked      103  kin swaps       0  ticks     20627  tumbles      8499 (homeward      130, 1.53%)  drops      36
                channel A: PEAK amt  19331 cells   86 (of 91 route)  POLARITY|| +0.04735 && +0.01399 SPAN -0.00012 edge  11.9  end nest->food [0,0,0,0,0]  nest   25  AtNest 15.89%
                Carrying: laden     10704  of which SPOIL      5790 ( 54.1%)
   90    3  hand    0/0            0      564     8076     5046      876    5/20        1          7 2 4 7 0
                founded x   12..88    occupancy/1k [50 17 4 16 9 9 11 2]  carry->nest     197  born    0 died   20 (starved   19)
                own trail: route pk   88 end    0 along +0.0000  B nest->food [89,3197,6391,9508,8292]  blocked       38  kin swaps       0  ticks     20327  tumbles      8602 (homeward      118, 1.37%)  drops      53
                channel A: PEAK amt  13120 cells   87 (of 91 route)  POLARITY|| +0.02460 && -0.00649 SPAN -0.01471 edge  12.5  end nest->food [0,0,0,0,0]  nest   25  AtNest 20.02%
                Carrying: laden     13068  of which SPOIL      8022 ( 61.4%)
   90    4  hand    0/0            0     1050     7560     7644     1632    5/20        0          7 2 2 9 0
                founded x   12..88    occupancy/1k [60 10 8 6 3 22 6 3]  carry->nest     193  born    0 died   20 (starved   19)
                own trail: route pk   88 end    0 along +0.0000  B nest->food [89,3268,6391,9698,8291]  blocked       73  kin swaps       0  ticks     20283  tumbles      8642 (homeward      218, 2.52%)  drops      79
                channel A: PEAK amt  15985 cells   82 (of 91 route)  POLARITY|| +0.04185 && +0.01241 SPAN +0.00073 edge  11.6  end nest->food [0,0,0,0,0]  nest   25  AtNest 14.91%
                Carrying: laden     20010  of which SPOIL     12408 ( 62.0%)
   90    5  hand    0/0            0      534     7200     8604     1158    7/20        0          5 3 4 8 0
                founded x   12..88    occupancy/1k [33 13 23 18 11 4 6 4]  carry->nest     237  born    0 died   20 (starved   19)
                own trail: route pk   88 end    0 along +0.0000  B nest->food [89,3310,6566,9536,8292]  blocked       72  kin swaps       0  ticks     19287  tumbles      7799 (homeward      225, 2.88%)  drops      56
                channel A: PEAK amt  10295 cells   87 (of 91 route)  POLARITY|| +0.04341 && +0.02345 SPAN -0.00793 edge  13.2  end nest->food [0,0,0,0,0]  nest   25  AtNest  7.59%
                Carrying: laden     10056  of which SPOIL      1452 ( 14.4%)
   90    6  hand    0/0            0      528     8832     2412      636    2/20        0         12 1 3 4 0
                founded x   12..88    occupancy/1k [74 26 6 14 6 5 0 0]  carry->nest      68  born    0 died   20 (starved   20)
                own trail: route pk   90 end    0 along +0.0000  B nest->food [89,3148,6356,9456,8291]  blocked       70  kin swaps       0  ticks     22439  tumbles      9738 (homeward       53, 0.54%)  drops      26
                channel A: PEAK amt   8275 cells   78 (of 91 route)  POLARITY|| +0.02238 && -0.01456 SPAN -0.00263 edge  11.0  end nest->food [0,0,0,0,0]  nest   25  AtNest 20.12%
                Carrying: laden      7992  of which SPOIL      5604 ( 70.1%)

  larder put out, over the whole sweep: 48480-49440 J, against a need near 46,800 J
    for 52 ants over 24,000 frames -- so these colonies are provisioned, not starved.
  intake off anything that is not the larder is ASSERTED to be 0 in every row, not printed.

  `self` vs `mute` is the real question: do the ants' OWN trails do anything?
  `visitors` is DISTINCT ants that reached the food over distinct ants that ever lived --
    recruitment, which `near` ant-ticks cannot see: 50 visitors and 1 resident read alike.
  `trips` is nest -> food -> nest, closed on the RETURN. `reach` buckets every ant by how
  `occupancy` is ant-ticks in 8 equal bands, NEST END FIRST, food end last -- a commuting
    colony is bimodal, a dispersing one slides its mass right, a homebody is a spike at 0.
  `carry->nest` is signed cells moved while holding larder, POSITIVE = homeward. Near zero
    means food is picked up and wandered with, which is a different fault from not finding it.
    far it ever got, as a share of the gap, so a commuting population is visible as a shape.
  `hand` vs `self` only says whether a laid ramp beats what they bootstrap.
  `hmute` is the DECAY BASELINE for `route pk`: our ramp laid, the ants silenced.
  `flatN`/`flatF` are the POLARITY metric's negative controls: a FLAT channel A blob over
    the nest half / the food half, ants' EmitA silenced. A field with no ramp in it at all.
    A correct metric reads 0 on both. POLARITY|| is predicted to read ~+0.12 and ~-0.12,
    which brackets every polarity figure in the report -- see `lay_flat`.
  `homeA` lays a channel A HOMING ramp and no food trail -- if laden ants only fail
    to route because they cannot find their way home, this is where their own B appears.
  `carry` is ant-ticks holding larder in the crop; `carry@nest` is those inside the +-26 nest band --
    that pair is the answer to "is food being carried back", which a cell census cannot give.
  `other J` must read 0 in every row: it is the check that `onlyfood` held.
  A gap where `alive` reaches 0 in every arm is measuring a dead colony, not a deaf one.
