# Channel-A decay sweep, 36 seeds, gap 90 unless noted, 2026-09-19.
# Behind Reports/pheromone-trail-direction-2026-09-16.md 7.46.

## gap 90, all arms, paired against shipped
baseline: shipped

arm              seeds  reach/seed  back/seed  HOMING RATE  sign b/w/t    med d  alive med  born med
rho0                36         9.5        1.0     14.84%    23/ 6/ 7   +8.37        0.0       2.0
rho0_t035_novac     36        10.0        1.0      6.80%    21/ 6/ 9   +3.73        1.0       2.5
shipped             36        11.0        0.0      0.88%     0/ 0/36   +0.00        1.0       2.0
t035                36        10.0        0.0      1.16%     9/11/16   +0.00        2.0       3.0
vac_rho0005_t035    36        10.0        1.0      1.51%    16/ 8/12   +0.00        2.5       2.0
vac_rho001_t035     36        10.0        0.0      1.02%    12/ 8/16   +0.00        0.0       2.0
vac_rho0_t020       36         7.0        1.0     12.09%    20/ 5/11   +3.29        0.0       1.5
vac_rho0_t035       36         9.0        1.0      7.41%    24/ 5/ 7  +11.81        0.0       2.0

HOMING RATE is pooled `came back / reached food`; `sign` and `med d` are
per-seed against shipped, on the same rate.

## gaps 140 and 200, plus the both-plane arms
baseline: g140_shipped

arm              seeds  reach/seed  back/seed  HOMING RATE  sign b/w/t    med d  alive med  born med
g140_rho0           36         2.0        0.0      0.00%     0/ 1/34   +0.00        0.0       0.0
g140_shipped        36         2.5        0.0      0.02%     0/ 0/35   +0.00        0.0       0.0
g200_rho0           36         1.0        0.0      0.00%     0/ 1/18   +0.00        0.0       0.0
g200_shipped        36         1.0        0.0      0.00%     0/ 1/19   +0.00        0.0       0.0
g90_bothrho0        36         3.0        0.0     10.45%    11/ 1/22   +0.00        0.0       0.0
g90_brho0           36         3.0        0.0      2.46%     7/ 1/25   +0.00        0.0       0.0

HOMING RATE is pooled `came back / reached food`; `sign` and `med d` are
per-seed against g140_shipped, on the same rate.

## second bed: refill=2000, old (arho 0.03) against new (rho 0)
baseline: old

arm              seeds  reach/seed  back/seed  HOMING RATE  sign b/w/t    med d  alive med  born med
new                 36        11.5        1.0      2.92%    20/10/ 6   +6.12        1.0       3.5
old                 36        15.0        1.0      0.88%     0/ 0/36   +0.00        4.0       6.5

HOMING RATE is pooled `came back / reached food`; `sign` and `med d` are
per-seed against old, on the same rate.
