  diet: larder=fruit onlyfood=on
  odometer A: recur=shipped emita=shipped biasa=shipped   odometer B: charb=shipped recurb=shipped emitb=shipped biasb=shipped carryb=shipped
trailfollow: mode=gap gate=shipped frames=24000 seeds=6 seed0=1 ants=20 relay=60 near=10 food=400 refill=400 stop=6000 homebias=1
  gate shipped: off -45.0  on +0.5  along ±6.0
  landed 2026-09-09: units 0/1 = b2 (off -45, on +0.5, along 6); units 2/3 = saturated (off -45, on +30, along 6). See open-bugs-handoff.md Z7.

  gap seed   arm     alive     ate J  arrive@    dead@    carry    @nest  visitors  trips reach 0-25-50-75-100
----- ---- ----- --------- --------- -------- -------- -------- -------- --------- ------ ------------------
   90    1  hand    0/0         1140     1146    12024    35328        6    5/20        1         6 0 3 11 0
                founded x   12..88   (nest 48 food 138; nearest founder 50 cells out, farthest 126, nominal gap 90)  occupancy/1k [24 23 6 10 7 23 56 12]  carry->nest     187  born    0 died   20 (starved   20)
                own trail: route pk   57 end    0 along +0.0000  B nest->food [89,3093,6435,9555,8292]  blocked      139  kin swaps       0  ticks     27579  tumbles     12056 (homeward     1866, 15.48%)  drops     170
                channel A: PEAK amt   8666 cells   83 (of 91 route)  POLARITY|| +0.01878 && -0.00097 SPAN -0.01182 edge  14.4  end nest->food [0,0,0,0,0]  nest   25  AtNest  4.68%
                Carrying: laden     37302  of which SPOIL      2286 (  6.1%)
   90    2  hand    0/0         1428      600     9342    23004        0    7/21        0         5 0 6 10 0
                founded x   12..88   (nest 48 food 138; nearest founder 50 cells out, farthest 126, nominal gap 90)  occupancy/1k [28 36 5 12 12 23 13 8]  carry->nest     188  born    1 died   21 (starved   21)
                own trail: route pk   39 end    0 along +0.0000  B nest->food [89,3092,6403,9667,8296]  blocked      203  kin swaps       0  ticks     23568  tumbles     10010 (homeward     1100, 10.99%)  drops      69
                channel A: PEAK amt  13503 cells   86 (of 91 route)  POLARITY|| +0.03593 && +0.01433 SPAN -0.00462 edge  10.6  end nest->food [0,0,0,0,0]  nest   25  AtNest  6.06%
                Carrying: laden     27876  of which SPOIL      5058 ( 18.1%)
   90    3  hand    0/0         1368      564    15258    27972        0    5/20        1          7 0 4 8 1
                founded x   12..88   (nest 48 food 138; nearest founder 50 cells out, farthest 126, nominal gap 90)  occupancy/1k [51 16 3 11 22 27 19 3]  carry->nest     210  born    0 died   20 (starved   19)
                own trail: route pk   37 end    0 along +0.0000  B nest->food [89,3092,6407,9709,8310]  blocked      212  kin swaps       0  ticks     26152  tumbles     10874 (homeward     1463, 13.45%)  drops      57
                channel A: PEAK amt  10905 cells   79 (of 91 route)  POLARITY|| +0.03146 && +0.02586 SPAN +0.00947 edge  13.8  end nest->food [0,0,0,0,0]  nest   25  AtNest  8.28%
                Carrying: laden     33102  of which SPOIL      6204 ( 18.7%)
   90    4  hand    0/0          684     1050    12084    27894        0    8/20        0          4 3 4 9 0
                founded x   12..88   (nest 48 food 138; nearest founder 50 cells out, farthest 126, nominal gap 90)  occupancy/1k [49 10 11 21 11 16 17 6]  carry->nest     214  born    0 died   20 (starved   19)
                own trail: route pk   20 end    0 along +0.0000  B nest->food [89,3093,6477,9933,8292]  blocked      150  kin swaps       0  ticks     24182  tumbles     10462 (homeward     1387, 13.26%)  drops      78
                channel A: PEAK amt  11068 cells   84 (of 91 route)  POLARITY|| +0.03478 && +0.02324 SPAN -0.00073 edge  12.6  end nest->food [0,0,0,0,0]  nest   25  AtNest  6.10%
                Carrying: laden     30492  of which SPOIL      2598 (  8.5%)
   90    5  hand    0/0            0      534     6798    14904        0    4/20        0          5 3 5 7 0
                founded x   12..88   (nest 48 food 138; nearest founder 50 cells out, farthest 126, nominal gap 90)  occupancy/1k [33 7 15 27 9 6 11 4]  carry->nest     136  born    0 died   20 (starved   19)
                own trail: route pk    0 end    0 along +0.0000  B nest->food [89,3092,6390,9567,8291]  blocked      136  kin swaps       0  ticks     19317  tumbles      7915 (homeward      799, 10.09%)  drops      58
                channel A: PEAK amt  10295 cells   86 (of 91 route)  POLARITY|| +0.03687 && +0.00077 SPAN -0.01084 edge  11.3  end nest->food [0,0,0,0,0]  nest   25  AtNest  6.88%
                Carrying: laden     16782  of which SPOIL      1878 ( 11.2%)
   90    6  hand    0/0          228      528     8748     5196        0    3/20        0          6 7 1 6 0
                founded x   12..88   (nest 48 food 138; nearest founder 50 cells out, farthest 126, nominal gap 90)  occupancy/1k [63 23 9 28 4 5 1 0]  carry->nest      85  born    0 died   20 (starved   20)
                own trail: route pk   15 end    0 along +0.0000  B nest->food [89,3092,6392,9487,8295]  blocked      105  kin swaps       0  ticks     23054  tumbles      9751 (homeward      234, 2.40%)  drops      18
                channel A: PEAK amt  13402 cells   69 (of 91 route)  POLARITY|| +0.04969 && +0.00103 SPAN -0.01821 edge  13.9  end nest->food [0,0,0,0,0]  nest   25  AtNest 11.50%
                Carrying: laden      6684  of which SPOIL      1488 ( 22.3%)
  140    1  hand    0/0          228     2532     8850    14142        0    4/20        0          6 6 2 6 0
                founded x   12..88   (nest 48 food 188; nearest founder 100 cells out, farthest 176, nominal gap 140)  occupancy/1k [33 14 27 16 10 6 7 9]  carry->nest     152  born    0 died   20 (starved   20)
                own trail: route pk   31 end    0 along +0.0000  B nest->food [56,3162,6357,9530,8325]  blocked       84  kin swaps       0  ticks     20899  tumbles      8236 (homeward      695, 8.44%)  drops      22
                channel A: PEAK amt   7733 cells  113 (of 141 route)  POLARITY|| +0.02059 && -0.01404 SPAN -0.01760 edge  21.4  end nest->food [0,0,0,0,0]  nest   25  AtNest  5.95%
                Carrying: laden     15744  of which SPOIL      1602 ( 10.2%)
  140    2  hand    0/0          228     1680     8100     5304        0    2/20        0          8 5 4 3 0
                founded x   12..88   (nest 48 food 188; nearest founder 100 cells out, farthest 176, nominal gap 140)  occupancy/1k [68 11 22 8 11 9 1 0]  carry->nest     169  born    0 died   20 (starved   20)
                own trail: route pk    0 end    0 along +0.0000  B nest->food [56,3169,6428,9546,8325]  blocked      179  kin swaps       0  ticks     22360  tumbles      9408 (homeward      194, 2.06%)  drops       2
                channel A: PEAK amt  13503 cells  103 (of 141 route)  POLARITY|| +0.05018 && +0.02901 SPAN -0.00112 edge  13.5  end nest->food [0,0,0,0,0]  nest   25  AtNest  6.77%
                Carrying: laden     10098  of which SPOIL      4794 ( 47.5%)
  140    3  hand    0/0            0     2016     7854      504        0    1/20        0          6 9 3 2 0
                founded x   12..88   (nest 48 food 188; nearest founder 100 cells out, farthest 176, nominal gap 140)  occupancy/1k [67 25 19 1 2 6 2 0]  carry->nest      32  born    0 died   20 (starved   19)
                own trail: route pk    0 end    0 along +0.0000  B nest->food [56,3162,6331,9593,8325]  blocked       98  kin swaps       0  ticks     21042  tumbles      9050 (homeward       14, 0.15%)  drops       1
                channel A: PEAK amt   9425 cells   76 (of 141 route)  POLARITY|| +0.08408 && +0.08712 SPAN -0.00347 edge  10.1  end nest->food [0,0,0,0,0]  nest   25  AtNest 11.66%
                Carrying: laden      3780  of which SPOIL      3276 ( 86.7%)
  140    4  hand    0/0            0     3006     8076     2400        0    3/20        0          8 7 2 3 0
                founded x   12..88   (nest 48 food 188; nearest founder 100 cells out, farthest 176, nominal gap 140)  occupancy/1k [52 27 15 14 6 4 2 1]  carry->nest     125  born    0 died   20 (starved   20)
                own trail: route pk    0 end    0 along +0.0000  B nest->food [56,3181,6356,9522,8325]  blocked      119  kin swaps       0  ticks     20756  tumbles      8773 (homeward       72, 0.82%)  drops       3
                channel A: PEAK amt  11068 cells   66 (of 141 route)  POLARITY|| +0.04701 && +0.02281 SPAN -0.00337 edge  11.2  end nest->food [0,0,0,0,0]  nest   25  AtNest  7.94%
                Carrying: laden      5538  of which SPOIL      3138 ( 56.7%)
  140    5  hand    0/0            0     4248     7662     3834        0    3/20        0          6 9 0 5 0
                founded x   12..88   (nest 48 food 188; nearest founder 100 cells out, farthest 176, nominal gap 140)  occupancy/1k [37 33 26 2 6 2 2 5]  carry->nest      49  born    0 died   20 (starved   18)
                own trail: route pk    0 end    0 along +0.0000  B nest->food [56,3162,6331,9519,8324]  blocked      149  kin swaps       0  ticks     19651  tumbles      8037 (homeward      208, 2.59%)  drops       6
                channel A: PEAK amt  10295 cells  131 (of 141 route)  POLARITY|| +0.03288 && +0.00413 SPAN -0.00454 edge  16.2  end nest->food [0,0,0,0,0]  nest   25  AtNest  5.65%
                Carrying: laden      6342  of which SPOIL      2508 ( 39.5%)
  140    6  hand    0/0            0     2586     8214     2280        0    1/20        0         10 4 4 2 0
                founded x   12..88   (nest 48 food 188; nearest founder 100 cells out, farthest 176, nominal gap 140)  occupancy/1k [82 14 12 2 8 1 1 0]  carry->nest      63  born    0 died   20 (starved   20)
                own trail: route pk    0 end    0 along +0.0000  B nest->food [56,3162,6384,9543,8324]  blocked      110  kin swaps       0  ticks     20827  tumbles      8637 (homeward       87, 1.01%)  drops       5
                channel A: PEAK amt  12216 cells   52 (of 141 route)  POLARITY|| +0.05128 && +0.01714 SPAN -0.01929 edge  10.9  end nest->food [0,0,0,0,0]  nest   25  AtNest 13.30%
                Carrying: laden      5262  of which SPOIL      2982 ( 56.7%)
  200    1  hand    0/0            0     5124     7914      462        0    1/20        0          8 4 4 4 0
                founded x   12..88   (nest 48 food 248; nearest founder 160 cells out, farthest 236, nominal gap 200)  occupancy/1k [42 30 17 6 6 7 2 1]  carry->nest      31  born    0 died   20 (starved   20)
                own trail: route pk    0 end    0 along +0.0000  B nest->food [37,3162,6331,9500,8343]  blocked       80  kin swaps       0  ticks     19245  tumbles      7339 (homeward       12, 0.16%)  drops       0
                channel A: PEAK amt   8456 cells  145 (of 201 route)  POLARITY|| +0.02429 && -0.00563 SPAN -0.01197 edge  23.3  end nest->food [0,0,0,0,0]  nest   25  AtNest  6.10%
                Carrying: laden      2442  of which SPOIL      1980 ( 81.1%)
  200    2  hand    0/0            0     3984     7920      942        0    1/20        0         11 6 1 2 0
                founded x   12..88   (nest 48 food 248; nearest founder 160 cells out, farthest 236, nominal gap 200)  occupancy/1k [75 27 13 6 1 1 2 0]  carry->nest      77  born    0 died   20 (starved   20)
                own trail: route pk    0 end    0 along +0.0000  B nest->food [37,3162,6331,9521,8343]  blocked      171  kin swaps       0  ticks     21797  tumbles      9265 (homeward       26, 0.28%)  drops       1
                channel A: PEAK amt  13503 cells   62 (of 201 route)  POLARITY|| +0.07122 && +0.03811 SPAN -0.00746 edge  10.3  end nest->food [0,0,0,0,0]  nest   25  AtNest  5.53%
                Carrying: laden      5616  of which SPOIL      4674 ( 83.2%)
  200    3  hand    0/0            0        0     7710        0        0    0/20        0         12 3 3 2 0
                founded x   12..88   (nest 48 food 248; nearest founder 160 cells out, farthest 236, nominal gap 200)  occupancy/1k [71 30 5 10 2 2 0 0]  carry->nest       0  born    0 died   20 (starved   19)
                own trail: route pk    0 end    0 along +0.0000  B nest->food [37,3162,6331,9500,8343]  blocked       61  kin swaps       0  ticks     20622  tumbles      8603 (homeward        0, 0.00%)  drops       0
                channel A: PEAK amt  16824 cells   95 (of 201 route)  POLARITY|| +0.06725 && +0.05407 SPAN +0.01609 edge  11.7  end nest->food [0,0,0,0,0]  nest   25  AtNest 12.55%
                Carrying: laden      1806  of which SPOIL      1806 (100.0%)
  200    4  hand    0/0            0     3426     7734      408        0    1/20        0         11 4 3 2 0
                founded x   12..88   (nest 48 food 248; nearest founder 160 cells out, farthest 236, nominal gap 200)  occupancy/1k [72 26 10 6 2 1 1 0]  carry->nest      43  born    0 died   20 (starved   20)
                own trail: route pk    0 end    0 along +0.0000  B nest->food [37,3162,6331,9520,8343]  blocked      118  kin swaps       0  ticks     20524  tumbles      8471 (homeward       10, 0.12%)  drops       0
                channel A: PEAK amt   9479 cells   98 (of 201 route)  POLARITY|| +0.08816 && +0.07454 SPAN -0.00781 edge   9.9  end nest->food [0,0,0,0,0]  nest   25  AtNest 10.72%
                Carrying: laden      3600  of which SPOIL      3480 ( 96.7%)
  200    5  hand    0/0            0        0     7644        0        0    0/20        0          8 5 6 1 0
                founded x   12..88   (nest 48 food 248; nearest founder 160 cells out, farthest 236, nominal gap 200)  occupancy/1k [45 38 7 10 7 3 0 0]  carry->nest       0  born    0 died   20 (starved   19)
                own trail: route pk    0 end    0 along +0.0000  B nest->food [37,3162,6331,9500,8343]  blocked      127  kin swaps       0  ticks     18842  tumbles      7352 (homeward        0, 0.00%)  drops       0
                channel A: PEAK amt  10295 cells  139 (of 201 route)  POLARITY|| +0.02750 && -0.00105 SPAN -0.00518 edge  15.6  end nest->food [0,0,0,0,0]  nest   25  AtNest  6.88%
                Carrying: laden      2400  of which SPOIL      2400 (100.0%)
  200    6  hand    0/0            0        0     7884        0        0    0/20        0         10 8 2 0 0
                founded x   12..88   (nest 48 food 248; nearest founder 160 cells out, farthest 236, nominal gap 200)  occupancy/1k [79 21 13 6 1 0 0 0]  carry->nest       0  born    0 died   20 (starved   20)
                own trail: route pk    0 end    0 along +0.0000  B nest->food [37,3162,6331,9500,8343]  blocked       98  kin swaps       0  ticks     20502  tumbles      8268 (homeward        0, 0.00%)  drops       0
                channel A: PEAK amt  13574 cells   93 (of 201 route)  POLARITY|| +0.03465 && +0.00544 SPAN -0.00996 edge  11.5  end nest->food [0,0,0,0,0]  nest   25  AtNest 16.80%
                Carrying: laden      2058  of which SPOIL      2058 (100.0%)

  larder put out, over the whole sweep: 96000-99360 J, against a need near 46,800 J
    for 52 ants over 24,000 frames -- so these colonies are provisioned, not starved.
  intake off anything that is not the larder is ASSERTED to be 0 in every row, not printed.

  `self` vs `mute` is the real question: do the ants' OWN trails do anything?
  `visitors` is DISTINCT ants that reached the food over distinct ants that ever lived --
    recruitment, which `near` ant-ticks cannot see: 50 visitors and 1 resident read alike.
  `trips` is nest -> food -> nest, closed on the RETURN. `reach` buckets every ant by how
  `occupancy` is ant-ticks in 8 equal bands, NEST END FIRST, food end last -- a commuting
    colony is bimodal, a dispersing one slides its mass right, a homebody is a spike at 0.
  `carry->nest` is signed cells moved while holding larder, POSITIVE = homeward. Near zero
    means food is picked up and wandered with, which is a different fault from not finding it.
    far it ever got, as a share of the gap, so a commuting population is visible as a shape.
  `hand` vs `self` only says whether a laid ramp beats what they bootstrap.
  `hmute` is the DECAY BASELINE for `route pk`: our ramp laid, the ants silenced.
  `flatN`/`flatF` are the POLARITY metric's negative controls: a FLAT channel A blob over
    the nest half / the food half, ants' EmitA silenced. A field with no ramp in it at all.
    A correct metric reads 0 on both. POLARITY|| is predicted to read ~+0.12 and ~-0.12,
    which brackets every polarity figure in the report -- see `lay_flat`.
  `homeA` lays a channel A HOMING ramp and no food trail -- if laden ants only fail
    to route because they cannot find their way home, this is where their own B appears.
  `carry` is ant-ticks holding larder in the crop; `carry@nest` is those inside the +-26 nest band --
    that pair is the answer to "is food being carried back", which a cell census cannot give.
  `other J` must read 0 in every row: it is the check that `onlyfood` held.
  A gap where `alive` reaches 0 in every arm is measuring a dead colony, not a deaf one.
