# Run-length sweep, 12 seeds, gap 90, arms=hand, 2026-09-19.
# Behind Reports/pheromone-trail-direction-2026-09-16.md 7.45.

baseline: shipped

arm              seeds  reach/seed  back/seed  HOMING RATE  sign b/w/t    med d  alive med  born med
shipped             12         9.0        1.0      6.61%     0/ 0/12   +0.00        0.0       1.5
vac                 12        10.0        0.0      3.68%     2/ 7/ 3   -2.09        0.0       2.5
vac_p050            12        10.5        0.0      0.21%     3/ 6/ 3   -2.50        0.5       3.0
vac_p150            12        11.5        0.5      6.47%     4/ 5/ 3   +0.00        0.0       2.5
vac_t010            12         7.5        0.0      9.62%     4/ 5/ 3   +0.00        0.0       2.0
vac_t020            12        11.5        1.0      7.19%     5/ 4/ 3   +0.00        2.0       4.0
vac_t035            12        13.0        0.0      3.14%     3/ 6/ 3   -0.97        2.5       3.5
vac_t035_p150       12        10.0        1.0      0.99%     5/ 4/ 3   +0.00        2.0       1.5
vac_tg              12        12.0        0.0      2.96%     3/ 6/ 3   -2.50        4.0       2.5

HOMING RATE is pooled `came back / reached food`; `sign` and `med d` are
per-seed against shipped, on the same rate.

arm               READ%      up     down    d:u  restU%  restD%  P|>0 U  P|>0 D  reach  back  laden  alive  born  starv
shipped            14.2   11255   169037   15.0    90.8    16.4  0.6360  0.0456    121     8      6     11    37    207
vac                12.8   12521   173300   13.8    88.3    22.0  0.5590  0.0548    136     5      2     26    45    190
vac_p050           11.1  609365  2090263    3.4    95.1    51.0  0.7582  0.3527   6615    14     12    788  6638    223
vac_p150           16.1   16209   273610   16.9    98.2    21.0  0.7036  0.0579    139     9      2     17    33    200
vac_t010           11.2    3504    56224   16.0   100.0    25.9  0.7104  0.0770    104    10      3      7    51    235
vac_t020           14.2   11121   185206   16.7    92.6    26.2  0.5891  0.0691    153    11      6     34    74    194
vac_t035           16.5   19158   387647   20.2    91.3    12.1  0.5701  0.0304    223     7      2     90   127    190
vac_t035_p150      16.4  366335  1388923    3.8    98.0    55.5  0.7700  0.3152   4936    49     40    605  4897    258
vac_tg             12.4   20816   317097   15.2    91.6    22.9  0.6028  0.0599    169     5      1     56    63    181
