scenes: scene=s3 seeds=24 seed0=1 frames=24000 gap=90 energies=[1.0, 0.5] DROP_REACH=shipped
  REVERSE=off

S3 U-bend
  seed decisions  arrived    step  tumble    idle blocked   peak atwall   still@x
     1      4000        -    0.0%   48.6%   51.3%    0.0%      0      0         -
     2      4000        -    0.0%   51.0%   48.9%    0.0%      0      0         -
     3      4000        -    0.0%   49.4%   50.6%    0.0%      0      0         -
     4      4000        -    0.0%   49.9%   50.1%    0.0%      0      0         -
     5      4000        -    0.0%   48.9%   51.0%    0.0%      0      0         -
     6      4000        -    0.0%   49.9%   50.1%    0.0%      0      0         -
     7      4000        -    0.0%   49.6%   50.4%    0.0%      0      0         -
     8      4000        -    0.0%   49.9%   50.1%    0.0%      0      0         -
     9      4000        -    0.0%   50.4%   49.6%    0.0%      0      0         -
    10      4000        -    0.0%   48.4%   51.6%    0.0%      0      0         -
    11      4000        -    0.0%   50.3%   49.6%    0.0%      0      0         -
    12      4000        -    0.0%   50.4%   49.6%    0.0%      0      0         -
    13      4000        -    0.0%   48.9%   51.1%    0.0%      0      0         -
    14      4000        -    0.0%   50.8%   49.2%    0.0%      0      0         -
    15      4000        -    0.0%   49.0%   51.0%    0.0%      0      0         -
    16      4000        -    0.0%   49.0%   50.9%    0.0%      0      0         -
    17      4000        -    0.0%   48.1%   51.8%    0.0%      0      0         -
    18      4000        -    0.0%   51.2%   48.8%    0.0%      0      0         -
    19      4000        -    0.0%   50.1%   49.9%    0.0%      0      0         -
    20      4000        -    0.0%   50.1%   49.9%    0.0%      0      0         -
    21      4000        -    0.0%   51.9%   48.1%    0.0%      0      0         -
    22      4000        -    0.0%   49.2%   50.7%    0.0%      0      0         -
    23      4000        -    0.0%   52.1%   47.9%    0.0%      0      0         -
    24      4000        -    0.0%   51.0%   49.0%    0.0%      0      0         -
  S3 U-bend: arrived 0 of 24 (median - decisions) | step 0.0%  tumble 49.9%  idle 50.1%  blocked 0.0% | facing home 0.0% (p_move 0.76), away 100.0% (p_move 0.00) | re-roll fired 47944, 47944 of them pointing away
