scenes: scene=s5 seeds=24 seed0=1 frames=24000 gap=90 energies=[1.0, 0.5] DROP_REACH=shipped
  REVERSE=shipped CHOOSER=trail

S5 lattice, home 60 east
  seed decisions  arrived    step  tumble    idle blocked   peak atwall   still@x  frozen
     1        75       75   82.7%    0.0%   17.3%    0.0%      3      0         -       2
     2        96       96   76.0%    0.0%   24.0%    0.0%      7      0         -       3
     3        80       80   81.2%    0.0%   18.8%    0.0%      5      0         -       2
     4        80       80   77.5%    0.0%   22.5%    0.0%      4      0         -       2
     5        94       94   77.7%    0.0%   22.3%    0.0%      8      0         -       3
     6        85       85   76.5%    0.0%   23.5%    0.0%      7      0         -       2
     7        83       83   80.7%    0.0%   19.3%    0.0%      9      0         -       3
     8        86       86   83.7%    0.0%   16.3%    0.0%      6      0         -       2
     9       100      100   77.0%    0.0%   23.0%    0.0%     10      0         -       3
    10        88       88   78.4%    0.0%   21.6%    0.0%     10      0         -       2
    11        82       82   81.7%    0.0%   18.3%    0.0%      9      0         -       2
    12        74       74   83.8%    0.0%   16.2%    0.0%     10      0         -       2
    13        81       81   85.2%    0.0%   14.8%    0.0%      3      0         -       2
    14       121      121   67.8%    0.0%   32.2%    0.0%      7      0         -       7
    15        93       93   71.0%    0.0%   29.0%    0.0%      4      0         -       3
    16        86       86   75.6%    0.0%   24.4%    0.0%     13      0         -       3
    17        97       97   68.0%    0.0%   32.0%    0.0%      5      0         -       3
    18        77       77   84.4%    0.0%   15.6%    0.0%     10      0         -       2
    19       117      117   74.4%    0.0%   25.6%    0.0%     13      0         -       3
    20        99       99   69.7%    0.0%   30.3%    0.0%      4      0         -       2
    21       110      110   67.3%    0.0%   32.7%    0.0%     11      0         -       5
    22        84       84   76.2%    0.0%   23.8%    0.0%      5      0         -       2
    23        86       86   79.1%    0.0%   20.9%    0.0%      6      0         -       2
    24        96       96   70.8%    0.0%   29.2%    0.0%      4      0         -       3
  S5 lattice, home 60 east: arrived 24 of 24 (median 86 decisions) | step 76.4%  tumble 0.0%  idle 23.6%  blocked 0.0% | facing home 83.8% (p_move 0.76), away 1.0% (p_move 0.76) | re-roll fired 0, 0 of them pointing away | longest stand-still 7 decisions | chooser stepped 1657, 101 of them pointing away, patience fell to 0.513
