scenes: scene=s3 seeds=24 seed0=1 frames=24000 gap=90 energies=[1.0, 0.5] DROP_REACH=shipped
  REVERSE=shipped CHOOSER=nopatience

S3 U-bend
  seed decisions  arrived    step  tumble    idle blocked   peak atwall   still@x  frozen
     1      4000        -   34.6%    0.0%   65.4%    0.0%      3      0         -      24
     2      4000        -   34.0%    0.0%   66.0%    0.0%      2      0         -      31
     3      4000        -   34.5%    0.0%   65.5%    0.0%      2      0         -      36
     4      4000        -   34.4%    0.0%   65.6%    0.0%      2      0         -      20
     5      4000        -   36.4%    0.0%   63.6%    0.0%      3      0         -      26
     6      4000        -   33.5%    0.0%   66.5%    0.0%      3      0         -      37
     7      4000        -   33.6%    0.0%   66.3%    0.0%      2      0         -      23
     8      4000        -   33.2%    0.0%   66.8%    0.0%      2      0         -      31
     9      4000        -   35.4%    0.0%   64.6%    0.0%      2      0         -      31
    10      4000        -   35.0%    0.0%   65.0%    0.0%      2      0         -      23
    11      4000        -   35.4%    0.0%   64.6%    0.0%      2      0         -      20
    12      4000        -   33.8%    0.0%   66.2%    0.0%      2      0         -      42
    13      4000        -   34.8%    0.0%   65.2%    0.0%      2      0         -      29
    14      4000        -   34.6%    0.0%   65.4%    0.0%      2      0         -      37
    15      4000        -   35.8%    0.0%   64.2%    0.0%      2      0         -      31
    16      4000        -   33.7%    0.0%   66.3%    0.0%      2      0         -      23
    17      4000        -   34.5%    0.0%   65.5%    0.0%      2      0         -      20
    18      4000        -   34.6%    0.0%   65.3%    0.0%      2      0         -      24
    19      4000        -   35.2%    0.0%   64.8%    0.0%      2      0         -      24
    20      4000        -   35.3%    0.0%   64.7%    0.0%      2      0         -      25
    21      4000        -   35.5%    0.0%   64.5%    0.0%      3      0         -      21
    22      4000        -   36.7%    0.0%   63.3%    0.0%      2      0         -      26
    23      4000        -   35.8%    0.0%   64.2%    0.0%      2      0         -      24
    24      4000        -   35.8%    0.0%   64.2%    0.0%      2      0         -      22
  S3 U-bend: arrived 0 of 24 (median - decisions) | step 34.8%  tumble 0.0%  idle 65.2%  blocked 0.0% | facing home 22.9% (p_move 0.76), away 77.1% (p_move 0.22) | re-roll fired 0, 0 of them pointing away | longest stand-still 42 decisions | chooser stepped 33452, 16734 of them pointing away, patience fell to 1.000
