scenes: scene=s5 seeds=24 seed0=1 frames=24000 gap=90 energies=[1.0, 0.5] DROP_REACH=shipped
  REVERSE=shipped CHOOSER=off

S5 lattice, home 60 east
  seed decisions  arrived    step  tumble    idle blocked   peak atwall   still@x  frozen
     1       100      100   67.0%   14.0%   19.0%    0.0%     13      0         -       5
     2       100      100   65.0%   22.0%   13.0%    0.0%      5      0         -       4
     3        98       98   65.3%   17.3%   17.3%    0.0%      6      0         -       3
     4        85       85   72.9%   16.5%   10.6%    0.0%      7      0         -       2
     5        93       93   67.7%   11.8%   20.4%    0.0%     10      0         -       6
     6        84       84   71.4%   14.3%   14.3%    0.0%      8      0         -       4
     7       116      116   65.5%   13.8%   20.7%    0.0%     11      0         -       4
     8       101      101   68.3%   14.9%   16.8%    0.0%     12      0         -       4
     9       107      107   63.6%   20.6%   15.9%    0.0%      9      0         -       5
    10       101      101   65.3%   14.9%   19.8%    0.0%      6      0         -       4
    11        92       92   71.7%   14.1%   14.1%    0.0%      9      0         -       3
    12        86       86   73.3%   14.0%   12.8%    0.0%      5      0         -       3
    13        97       97   71.1%   10.3%   18.6%    0.0%      8      0         -       6
    14       121      121   56.2%   21.5%   22.3%    0.0%     16      0         -       8
    15       112      112   61.6%   20.5%   17.9%    0.0%      7      0         -       6
    16       112      112   59.8%   17.9%   22.3%    0.0%      7      0         -       8
    17       107      107   61.7%   20.6%   17.8%    0.0%      4      0         -       4
    18       106      106   65.1%   17.9%   17.0%    0.0%      8      0         -       6
    19       112      112   61.6%   17.9%   20.5%    0.0%      8      0         -       3
    20       134      134   56.0%   22.4%   21.6%    0.0%      6      0         -       6
    21       120      120   59.2%   15.8%   25.0%    0.0%      9      0         -       5
    22        97       97   67.0%   18.6%   14.4%    0.0%      4      0         -       3
    23       103      103   67.0%   24.3%    8.7%    0.0%      7      0         -       3
    24       106      106   61.3%   18.9%   19.8%    0.0%      9      0         -       3
  S5 lattice, home 60 east: arrived 24 of 24 (median 103 decisions) | step 64.7%  tumble 17.5%  idle 17.8%  blocked 0.0% | facing home 82.9% (p_move 0.73), away 0.7% (p_move 0.00) | re-roll fired 435, 0 of them pointing away | longest stand-still 8 decisions | chooser stepped 0, 0 of them pointing away, patience fell to -
