scenes: scene=s3 seeds=24 seed0=1 frames=24000 gap=90 energies=[1.0, 0.5] DROP_REACH=shipped
  REVERSE=shipped CHOOSER=trail

S3 U-bend
  seed decisions  arrived    step  tumble    idle blocked   peak atwall   still@x  frozen
     1       633      633   78.4%    0.0%   21.6%    0.0%     70      0         -       4
     2       256      256   78.9%    0.0%   21.1%    0.0%     70      0         -       3
     3       912      912   75.2%    0.0%   24.8%    0.0%     70      0         -       4
     4       761      761   75.8%    0.0%   24.2%    0.0%     70      0         -       5
     5       279      279   74.6%    0.0%   25.4%    0.0%     70      0         -       3
     6       370      370   76.5%    0.0%   23.5%    0.0%     70      0         -       4
     7       254      254   78.3%    0.0%   21.7%    0.0%     70      0         -       3
     8       368      368   82.3%    0.0%   17.7%    0.0%     70      0         -       3
     9       363      363   75.8%    0.0%   24.2%    0.0%     70      0         -       5
    10      3070     3070   76.4%    0.0%   23.6%    0.0%     70      0         -       5
    11       670      670   76.6%    0.0%   23.4%    0.0%     70      0         -       5
    12       287      287   78.4%    0.0%   21.6%    0.0%     70      0         -       6
    13       268      268   81.3%    0.0%   18.7%    0.0%     70      0         -       3
    14       265      265   75.1%    0.0%   24.9%    0.0%     70      0         -       7
    15       849      849   75.9%    0.0%   24.1%    0.0%     70      0         -       5
    16       371      371   72.5%    0.0%   27.5%    0.0%     70      0         -       4
    17       280      280   74.6%    0.0%   25.4%    0.0%     70      0         -       3
    18      1388     1388   76.9%    0.0%   23.1%    0.0%     70      0         -       5
    19       282      282   70.9%    0.0%   29.1%    0.0%     70      0         -       4
    20       521      521   76.6%    0.0%   23.4%    0.0%     70      0         -       4
    21       653      653   78.7%    0.0%   21.3%    0.0%     70      0         -       5
    22       262      262   75.6%    0.0%   24.4%    0.0%     70      0         -       4
    23       927      927   75.7%    0.0%   24.3%    0.0%     70      0         -       4
    24       727      727   76.6%    0.0%   23.4%    0.0%     70      0         -       4
  S3 U-bend: arrived 24 of 24 (median 371 decisions) | step 76.5%  tumble 0.0%  idle 23.5%  blocked 0.0% | facing home 51.8% (p_move 0.76), away 42.9% (p_move 0.76) | re-roll fired 0, 0 of them pointing away | longest stand-still 7 decisions | chooser stepped 11489, 5107 of them pointing away, patience fell to 0.000
