scenes: scene=s5trail seeds=24 seed0=1 frames=24000 gap=90 energies=[1.0, 0.5] DROP_REACH=shipped
  REVERSE=shipped CHOOSER=trail

S5 (empty): an empty ant in an open lattice, trail B along one row (24000 frames; prediction in this file's header)
  seed decisions  reach  60 east @  on row  longest still
     1      4000     99       3338    5.8%             11
     2      4000     57          -    7.6%             10
     3      4000     64       1547    4.5%             17
     4      4000    121       2593    2.5%             10
     5      4000     37          -    4.8%             10
     6      4000     58          -   13.5%             12
     7      4000     46          -    3.5%             10
     8      4000    118       1838    7.8%             10
     9      4000     76       3725    3.3%             10
    10      4000    124       3408    6.5%              9
    11      4000     95       2183    8.2%             11
    12      4000     75        588    3.5%             11
    13      4000    142       3265    4.2%             13
    14      4000     37          -    4.8%             16
    15      4000     49          -    3.7%              9
    16      4000    139        693    4.7%             12
    17      4000     39          -    5.3%              9
    18      4000     55          -    3.3%             11
    19      4000    100       3416   11.1%              9
    20      4000    144       1032    5.2%              9
    21      4000     72        207    3.0%              9
    22      4000     92       3581    7.8%             10
    23      4000     66        844    3.6%             11
    24      4000     76       1615    3.5%             10
  S5 trail=none: got 60 cells east in 16 of 24 (median decision 2183) | furthest east, median 76 | within a row of the trail row 5.5% of decisions | longest stand-still median 10, max 17; runs standing 100+ 0
  seed decisions  reach  60 east @  on row  longest still
     1      4000     91       1726   21.0%             11
     2      4000    103        906   32.0%             10
     3      4000    133       1548   21.8%             17
     4      4000    118       3078   22.6%             10
     5      4000     61       2235   15.1%             10
     6      4000     51          -   26.4%             12
     7      4000     40          -   18.0%             10
     8      4000    119       1640   34.3%             10
     9      4000     62        848   25.4%             10
    10      4000    124        573   30.8%              9
    11      4000     97        319   25.4%             11
    12      4000     67        924   23.4%             11
    13      4000     70       3392   18.7%             13
    14      4000    106        590   25.6%             16
    15      4000     40          -   19.2%              9
    16      4000    128        484   20.3%             12
    17      4000     66       3952   23.0%              9
    18      4000    131       2232   35.2%             11
    19      4000     69        652   20.6%              9
    20      4000    118       1189   28.8%              9
    21      4000     95        611   29.2%              9
    22      4000    103       3488   18.1%             10
    23      4000     65       3059   18.0%             11
    24      4000    110        635   11.0%             10
  S5 trail=row: got 60 cells east in 21 of 24 (median decision 1189) | furthest east, median 97 | within a row of the trail row 23.5% of decisions | longest stand-still median 10, max 17; runs standing 100+ 0
