scenes: scene=s0 seeds=24 seed0=1 frames=24000 gap=90 energies=[1.0, 0.5] DROP_REACH=shipped
  REVERSE=shipped CHOOSER=trail

S0: an empty ant on a bare slab, no trail, food 90 cells away (prediction in this file's header)
  seed energy decisions     step  reverse  re-roll  nothing  cells/d     run  reach  found@
     1   1.00       753    17.9%     0.1%     0.0%    82.1%    0.179    67.5     89    753W
     2   1.00       419    21.2%     0.2%     0.0%    78.8%    0.212    44.5     89    419W
     3   1.00       399    22.3%     0.0%     0.0%    77.7%    0.223    89.0     89    399E
     4   1.00       984    20.6%     0.2%     0.0%    79.4%    0.206    67.7     89    984E
     5   1.00      1355    19.4%     0.2%     0.0%    80.6%    0.194    65.8     89   1355W
     6   1.00      3378    20.3%     0.2%     0.0%    79.7%    0.203    85.6     89   3378W
     7   1.00      1285    19.8%     0.2%     0.0%    80.2%    0.198    63.8     89   1285W
     8   1.00       490    18.2%     0.0%     0.0%    81.8%    0.182    89.0     89    490E
     9   1.00      1227    20.5%     0.2%     0.0%    79.5%    0.205    83.7     89   1227E
    10   1.00      1443    20.3%     0.4%     0.0%    79.7%    0.203    41.9     89   1443E
    11   1.00       556    18.5%     0.4%     0.0%    81.5%    0.185    34.3     89    556E
    12   1.00       443    20.1%     0.0%     0.0%    79.9%    0.201    89.0     89    443E
    13   1.00      1265    19.8%     0.2%     0.0%    80.2%    0.198    62.8     89   1265W
    14   1.00      1607    20.3%     0.1%     0.0%    79.7%    0.203   109.0     89   1607E
    15   1.00      1272    19.6%     0.3%     0.0%    80.4%    0.196    49.8     89   1272E
    16   1.00       947    20.6%     0.1%     0.0%    79.4%    0.206    97.5     89    947W
    17   1.00      1189    20.9%     0.1%     0.0%    79.1%    0.209   124.5     89   1189W
    18   1.00       504    17.7%     0.0%     0.0%    82.3%    0.177    89.0     89    504E
    19   1.00       691    20.4%     0.1%     0.0%    79.6%    0.204    70.5     89    691W
    20   1.00       475    18.7%     0.0%     0.0%    81.3%    0.187    89.0     89    475E
    21   1.00      1046    19.2%     0.2%     0.0%    80.8%    0.192    67.0     89   1046E
    22   1.00       392    22.7%     0.0%     0.0%    77.3%    0.227    89.0     89    392E
    23   1.00      2259    20.5%     0.3%     0.0%    79.5%    0.205    66.1     89   2259E
    24   1.00       436    20.4%     0.0%     0.0%    79.6%    0.204    89.0     89    436E
     1   0.50       422    49.5%     0.2%     0.0%    50.5%    0.495   104.5     89    422W
     2   0.50       271    52.8%     0.7%     0.0%    47.2%    0.528    47.7     89    271E
     3   0.50       161    55.3%     0.0%     0.0%    44.7%    0.553    89.0     89    161E
     4   0.50       444    54.7%     0.7%     0.0%    45.3%    0.547    60.8     89    444W
     5   0.50       194    45.9%     0.0%     0.0%    54.1%    0.459    89.0     89    194E
     6   0.50       163    54.6%     0.0%     0.0%    45.4%    0.546    89.0     89    163E
     7   0.50       237    52.7%     0.4%     0.0%    47.3%    0.527    62.5     89    237W
     8   0.50       171    52.0%     0.0%     0.0%    48.0%    0.520    89.0     89    171E
     9   0.50       176    50.6%     0.0%     0.0%    49.4%    0.506    89.0     89    176E
    10   0.50       229    54.6%     0.9%     0.0%    45.4%    0.546    41.7     89    229E
    11   0.50       334    54.8%     0.9%     0.0%    45.2%    0.548    45.8     89    334W
    12   0.50       196    48.5%     1.0%     0.0%    51.5%    0.485    31.7     89    196E
    13   0.50       190    46.8%     0.0%     0.0%    53.2%    0.468    89.0     89    190E
    14   0.50       292    45.5%     0.3%     0.0%    54.5%    0.455    66.5     89    292W
    15   0.50       320    52.2%     0.6%     0.0%    47.8%    0.522    55.7     89    320E
    16   0.50       190    46.8%     0.0%     0.0%    53.2%    0.468    89.0     89    190E
    17   0.50       293    50.9%     0.7%     0.0%    49.1%    0.509    49.7     89    293E
    18   0.50       189    47.1%     0.0%     0.0%    52.9%    0.471    89.0     89    189E
    19   0.50       404    52.7%     0.7%     0.0%    47.3%    0.527    53.2     89    404W
    20   0.50       535    51.8%     0.7%     0.0%    48.2%    0.518    55.4     89    535E
    21   0.50       202    44.1%     0.0%     0.0%    55.9%    0.441    89.0     89    202E
    22   0.50       177    50.3%     0.0%     0.0%    49.7%    0.503    89.0     89    177E
    23   0.50       711    51.6%     1.0%     0.0%    48.4%    0.516    45.9     89    711W
    24   0.50       239    54.0%     0.4%     0.0%    46.0%    0.540    64.5     89    239W

  SUMMARY (pooled shares over decisions; medians over runs; key cardinality 48 runs = 2 energies x 24 seeds)
  energy 1.00: step 20.1%  reverse 0.2%  re-roll 0.0%  nothing 79.9% | steps between reversals, median 83.7 | furthest from the start, median 89 cells | found food in 24 of 24 runs, east side 15 (median decisions to find it: 984)
  energy 0.50: step 51.2%  reverse 0.5%  re-roll 0.0%  nothing 48.8% | steps between reversals, median 66.5 | furthest from the start, median 89 cells | found food in 24 of 24 runs, east side 16 (median decisions to find it: 237)
