scenes: scene=s2 seeds=24 seed0=1 frames=24000 gap=90 energies=[1.0, 0.5] DROP_REACH=shipped
  REVERSE=shipped CHOOSER=nopatience

S2 wall of height 1
  seed decisions  arrived    step  tumble    idle blocked   peak atwall   still@x  frozen
     1        46       46   84.8%    0.0%   15.2%    0.0%      1      5      0.00       2
     2        65       65   63.1%    0.0%   36.9%    0.0%      1      5      0.00       6
     3        50       50   82.0%    0.0%   18.0%    0.0%      1      6      0.00       2
     4        54       54   72.2%    0.0%   27.8%    0.0%      1      7      0.00       2
     5        66       66   59.1%    0.0%   40.9%    0.0%      1      5      0.00      16
     6        64       64   60.9%    0.0%   39.1%    0.0%      1      7      0.00      12
     7        52       52   75.0%    0.0%   25.0%    0.0%      1      6      0.00       3
     8        47       47   83.0%    0.0%   17.0%    0.0%      1      5      0.00       2
     9        55       55   70.9%    0.0%   29.1%    0.0%      1      6      0.00       6
    10        63       63   65.1%    0.0%   34.9%    0.0%      1      8      0.00       8
    11        47       47   83.0%    0.0%   17.0%    0.0%      1      5      0.00       3
    12        50       50   78.0%    0.0%   22.0%    0.0%      1      6      0.00       3
    13        51       51   76.5%    0.0%   23.5%    0.0%      1      6      0.00       4
    14        59       59   66.1%    0.0%   33.9%    0.0%      1      5      0.00       7
    15        68       68   60.3%    0.0%   39.7%    0.0%      1      8      0.00       8
    16        53       53   73.6%    0.0%   26.4%    0.0%      1      5      0.00       8
    17        66       66   60.6%    0.0%   39.4%    0.0%      1     12      0.00       3
    18        57       57   70.2%    0.0%   29.8%    0.0%      1      7      0.00      10
    19        55       55   70.9%    0.0%   29.1%    0.0%      1      6      0.00       3
    20        55       55   70.9%    0.0%   29.1%    0.0%      1      5      0.00       3
    21        65       65   60.0%    0.0%   40.0%    0.0%      1      5      0.00       5
    22        57       57   68.4%    0.0%   31.6%    0.0%      1      8      0.00       6
    23        54       54   72.2%    0.0%   27.8%    0.0%      1      5      0.00       2
    24        53       53   73.6%    0.0%   26.4%    0.0%      1      6      0.00       3
  S2 wall of height 1: arrived 24 of 24 (median 55 decisions) | step 70.0%  tumble 0.0%  idle 30.0%  blocked 0.0% | facing home 88.8% (p_move 0.76), away 11.0% (p_move 0.20) | re-roll fired 0, 0 of them pointing away | longest stand-still 16 decisions | chooser stepped 946, 4 of them pointing away, patience fell to 1.000

S2 wall of height 2
  seed decisions  arrived    step  tumble    idle blocked   peak atwall   still@x  frozen
     1        48       48   85.4%    0.0%   14.6%    0.0%      2      8      0.00       2
     2        68       68   63.2%    0.0%   36.8%    0.0%      2      7      0.00       6
     3        51       51   82.4%    0.0%   17.6%    0.0%      2      7      0.00       2
     4        55       55   72.7%    0.0%   27.3%    0.0%      2      9      0.00       2
     5        70       70   58.6%    0.0%   41.4%    0.0%      2     10      0.00      16
     6        64       64   60.9%    0.0%   39.1%    0.0%      2      7      0.00      12
     7        57       57   71.9%    0.0%   28.1%    0.0%      2     12      0.00       3
     8        50       50   82.0%    0.0%   18.0%    0.0%      2     10      0.00       2
     9        56       56   71.4%    0.0%   28.6%    0.0%      2      7      0.00       6
    10        68       68   63.2%    0.0%   36.8%    0.0%      2     13      0.00       8
    11        52       52   80.8%    0.0%   19.2%    0.0%      2      9      0.00       3
    12        53       53   77.4%    0.0%   22.6%    0.0%      2      9      0.00       3
    13        55       55   76.4%    0.0%   23.6%    0.0%      2      9      0.00       4
    14        63       63   65.1%    0.0%   34.9%    0.0%      2      8      0.00       7
    15        70       70   61.4%    0.0%   38.6%    0.0%      2     15      0.00       8
    16        55       55   72.7%    0.0%   27.3%    0.0%      2      6      0.00       8
    17        69       69   60.9%    0.0%   39.1%    0.0%      2     15      0.00       3
    18        61       61   68.9%    0.0%   31.1%    0.0%      2     11      0.00      10
    19        61       61   67.2%    0.0%   32.8%    0.0%      2     11      0.00       3
    20        59       59   71.2%    0.0%   28.8%    0.0%      2      8      0.00       3
    21        65       65   60.0%    0.0%   40.0%    0.0%      2      5      0.00       5
    22        61       61   67.2%    0.0%   32.8%    0.0%      2     10      0.00       6
    23        55       55   72.7%    0.0%   27.3%    0.0%      2      6      0.00       2
    24        57       57   70.2%    0.0%   29.8%    0.0%      2      7      0.00       3
  S2 wall of height 2: arrived 24 of 24 (median 59 decisions) | step 69.4%  tumble 0.0%  idle 30.6%  blocked 0.0% | facing home 84.8% (p_move 0.76), away 10.5% (p_move 0.20) | re-roll fired 0, 0 of them pointing away | longest stand-still 16 decisions | chooser stepped 987, 10 of them pointing away, patience fell to 1.000

S2 wall of height 3
  seed decisions  arrived    step  tumble    idle blocked   peak atwall   still@x  frozen
     1        52       52   82.7%    0.0%   17.3%    0.0%      3     11      0.00       2
     2        71       71   64.8%    0.0%   35.2%    0.0%      3     10      0.00       6
     3        52       52   84.6%    0.0%   15.4%    0.0%      3      9      0.00       2
     4        61       61   70.5%    0.0%   29.5%    0.0%      3     12      0.00       2
     5        74       74   58.1%    0.0%   41.9%    0.0%      3     14      0.00      16
     6        67       67   62.7%    0.0%   37.3%    0.0%      3     10      0.00      12
     7        69       69   72.5%    0.0%   27.5%    0.0%      3     24      0.00       3
     8        54       54   79.6%    0.0%   20.4%    0.0%      3     15      0.00       2
     9        61       61   70.5%    0.0%   29.5%    0.0%      3     11      0.00       6
    10        68       68   63.2%    0.0%   36.8%    0.0%      3     13      0.00       8
    11        52       52   82.7%    0.0%   17.3%    0.0%      3      9      0.00       3
    12        54       54   77.8%    0.0%   22.2%    0.0%      3     10      0.00       3
    13        63       63   71.4%    0.0%   28.6%    0.0%      3     17      0.00       4
    14        67       67   64.2%    0.0%   35.8%    0.0%      3     18      0.00       7
    15        72       72   62.5%    0.0%   37.5%    0.0%      3     19      0.00       8
    16        68       68   61.8%    0.0%   38.2%    0.0%      3     11      0.00       8
    17        70       70   61.4%    0.0%   38.6%    0.0%      3     16      0.00       3
    18        63       63   69.8%    0.0%   30.2%    0.0%      3     13      0.00      10
    19        61       61   70.5%    0.0%   29.5%    0.0%      3     11      0.00       3
    20        59       59   71.2%    0.0%   28.8%    0.0%      3      8      0.00       3
    21        70       70   60.0%    0.0%   40.0%    0.0%      3     10      0.00       5
    22        66       66   66.7%    0.0%   33.3%    0.0%      3     17      0.00       6
    23        58       58   74.1%    0.0%   25.9%    0.0%      3     10      0.00       2
    24        59       59   71.2%    0.0%   28.8%    0.0%      3      9      0.00       3
  S2 wall of height 3: arrived 24 of 24 (median 63 decisions) | step 69.0%  tumble 0.0%  idle 31.0%  blocked 0.0% | facing home 79.9% (p_move 0.76), away 9.9% (p_move 0.20) | re-roll fired 0, 0 of them pointing away | longest stand-still 16 decisions | chooser stepped 1043, 37 of them pointing away, patience fell to 1.000

S2 wall of height 6
  seed decisions  arrived    step  tumble    idle blocked   peak atwall   still@x  frozen
     1        60       60   80.0%    0.0%   20.0%    0.0%      6     19      0.00       3
     2        83       83   61.4%    0.0%   38.6%    0.0%      6     25      0.00       6
     3        69       69   72.5%    0.0%   27.5%    0.0%      6     22      0.00       4
     4        70       70   70.0%    0.0%   30.0%    0.0%      6     22      0.00       2
     5        81       81   59.3%    0.0%   40.7%    0.0%      6     24      0.00      16
     6        76       76   63.2%    0.0%   36.8%    0.0%      6     24      0.00      12
     7        79       79   69.6%    0.0%   30.4%    0.0%      6     32      0.00       3
     8        64       64   78.1%    0.0%   21.9%    0.0%      6     25      0.00       3
     9        70       70   70.0%    0.0%   30.0%    0.0%      6     20      0.00       6
    10        77       77   66.2%    0.0%   33.8%    0.0%      6     22      0.00       8
    11        73       73   69.9%    0.0%   30.1%    0.0%      6     29      0.00       6
    12        70       70   74.3%    0.0%   25.7%    0.0%      6     28      0.00       3
    13        66       66   72.7%    0.0%   27.3%    0.0%      6     20      0.00       4
    14        91       91   63.7%    0.0%   36.3%    0.0%      6     44      0.00       7
    15        80       80   67.5%    0.0%   32.5%    0.0%      6     43      0.00       6
    16        75       75   64.0%    0.0%   36.0%    0.0%      6     18      0.00       8
    17        84       84   58.3%    0.0%   41.7%    0.0%      6     26      0.00       3
    18        68       68   72.1%    0.0%   27.9%    0.0%      6     18      0.00      10
    19       110      110   64.5%    0.0%   35.5%    0.0%      6     67      0.00       3
    20        72       72   68.1%    0.0%   31.9%    0.0%      6     25      0.00       5
    21        81       81   60.5%    0.0%   39.5%    0.0%      6     24      0.00       6
    22        73       73   65.8%    0.0%   34.2%    0.0%      6     23      0.00       6
    23        67       67   73.1%    0.0%   26.9%    0.0%      6     22      0.00       2
    24        73       73   67.1%    0.0%   32.9%    0.0%      6     18      0.00       3
  S2 wall of height 6: arrived 24 of 24 (median 73 decisions) | step 67.5%  tumble 0.0%  idle 32.5%  blocked 0.0% | facing home 64.8% (p_move 0.76), away 8.4% (p_move 0.20) | re-roll fired 0, 0 of them pointing away | longest stand-still 16 decisions | chooser stepped 1223, 127 of them pointing away, patience fell to 1.000

S2 wall of height 12
  seed decisions  arrived    step  tumble    idle blocked   peak atwall   still@x  frozen
     1       379      379   63.6%    0.0%   36.4%    0.0%     12    337      0.00       8
     2       107      107   58.9%    0.0%   41.1%    0.0%     12     45      0.00       6
     3       164      164   65.9%    0.0%   34.1%    0.0%     12    119      0.00       4
     4       234      234   67.1%    0.0%   32.9%    0.0%     12    186      0.00       6
     5       217      217   61.8%    0.0%   38.2%    0.0%     12    155      0.00      16
     6       336      336   58.9%    0.0%   41.1%    0.0%     12    276      0.00      15
     7       195      195   62.1%    0.0%   37.9%    0.0%     12    143      0.00       7
     8       236      236   65.7%    0.0%   34.3%    0.0%     12    195      0.00       9
     9       785      785   60.5%    0.0%   39.5%    0.0%     12    734      0.00       6
    10       276      276   59.8%    0.0%   40.2%    0.0%     12    217      0.00       8
    11       167      167   68.9%    0.0%   31.1%    0.0%     12    127      0.00       5
    12        78       78   75.6%    0.0%   24.4%    0.0%     12     36      0.00       3
    13       336      336   67.0%    0.0%   33.0%    0.0%     12    282      0.00       4
    14       305      305   61.0%    0.0%   39.0%    0.0%     12    258      0.00       7
    15       198      198   59.1%    0.0%   40.9%    0.0%     12    154      0.00      11
    16       606      606   60.6%    0.0%   39.4%    0.0%     12    557      0.00       8
    17        97       97   62.9%    0.0%   37.1%    0.0%     12     48      0.00       3
    18       136      136   68.4%    0.0%   31.6%    0.0%     12     84      0.00      10
    19       355      355   58.0%    0.0%   42.0%    0.0%     12    307      0.00       7
    20       276      276   59.1%    0.0%   40.9%    0.0%     12    225      0.00       7
    21       159      159   56.0%    0.0%   44.0%    0.0%     12    105      0.00      13
    22       193      193   64.2%    0.0%   35.8%    0.0%     12    145      0.00       6
    23        87       87   70.1%    0.0%   29.9%    0.0%     12     40      0.00       3
    24       225      225   60.4%    0.0%   39.6%    0.0%     12    180      0.00      18
  S2 wall of height 12: arrived 24 of 24 (median 225 decisions) | step 62.1%  tumble 0.0%  idle 37.9%  blocked 0.0% | facing home 21.6% (p_move 0.76), away 8.2% (p_move 0.22) | re-roll fired 0, 0 of them pointing away | longest stand-still 18 decisions | chooser stepped 3819, 1289 of them pointing away, patience fell to 1.000
