scenes: scene=s5 seeds=24 seed0=1 frames=24000 gap=90 energies=[1.0, 0.5] DROP_REACH=shipped
  REVERSE=shipped CHOOSER=on

S5 lattice, home 60 east
  seed decisions  arrived    step  tumble    idle blocked   peak atwall   still@x  frozen
     1        77       77   81.8%    0.0%   18.2%    0.0%      3      0         -       3
     2       103      103   67.0%    0.0%   33.0%    0.0%      9      0         -       3
     3        92       92   75.0%    0.0%   25.0%    0.0%      5      0         -       2
     4        80       80   77.5%    0.0%   22.5%    0.0%      4      0         -       2
     5       103      103   68.9%    0.0%   31.1%    0.0%      6      0         -       3
     6        88       88   75.0%    0.0%   25.0%    0.0%      6      0         -       3
     7        85       85   76.5%    0.0%   23.5%    0.0%     11      0         -       3
     8        89       89   77.5%    0.0%   22.5%    0.0%      7      0         -       4
     9       103      103   72.8%    0.0%   27.2%    0.0%     15      0         -       4
    10        82       82   76.8%    0.0%   23.2%    0.0%      6      0         -       2
    11        78       78   82.1%    0.0%   17.9%    0.0%     10      0         -       2
    12        81       81   80.2%    0.0%   19.8%    0.0%     10      0         -       2
    13        81       81   85.2%    0.0%   14.8%    0.0%      3      0         -       2
    14       102      102   65.7%    0.0%   34.3%    0.0%      4      0         -       7
    15        97       97   68.0%    0.0%   32.0%    0.0%      7      0         -       4
    16       112      112   65.2%    0.0%   34.8%    0.0%     12      0         -       3
    17       129      129   63.6%    0.0%   36.4%    0.0%      9      0         -       4
    18        84       84   79.8%    0.0%   20.2%    0.0%      8      0         -       4
    19       134      134   68.7%    0.0%   31.3%    0.0%     13      0         -       3
    20       109      109   64.2%    0.0%   35.8%    0.0%      8      0         -       5
    21       115      115   64.3%    0.0%   35.7%    0.0%     14      0         -       6
    22        84       84   76.2%    0.0%   23.8%    0.0%      5      0         -       2
    23        86       86   74.4%    0.0%   25.6%    0.0%      6      0         -       2
    24       109      109   63.3%    0.0%   36.7%    0.0%      6      0         -       4
  S5 lattice, home 60 east: arrived 24 of 24 (median 92 decisions) | step 72.0%  tumble 0.0%  idle 28.0%  blocked 0.0% | facing home 80.1% (p_move 0.75), away 1.7% (p_move 0.34) | re-roll fired 0, 0 of them pointing away | longest stand-still 7 decisions | chooser stepped 1658, 88 of them pointing away, patience fell to 0.245
