scenes: scene=s0 seeds=24 seed0=1 frames=24000 gap=90 energies=[1.0, 0.5] DROP_REACH=shipped

S0: an empty ant on a bare slab, no trail, food 90 cells away (prediction in this file's header)
  seed energy decisions     step  reverse  re-roll  nothing  cells/d     run  reach  found@
     1   1.00      2602    19.8%    20.9%    19.3%    40.0%    0.198     0.9     89   2602W
     2   1.00      2787    19.5%    20.6%    21.2%    38.7%    0.195     0.9     89   2787E
     3   1.00      4000    19.1%    21.4%    19.8%    39.8%    0.191     0.9     37       -
     4   1.00      4000    19.7%    19.5%    20.0%    40.9%    0.197     1.0     31       -
     5   1.00      4000    19.3%    19.7%    21.0%    40.0%    0.193     1.0     63       -
     6   1.00      4000    20.1%    19.8%    19.5%    40.6%    0.201     1.0     32       -
     7   1.00      4000    19.8%    20.2%    19.1%    40.8%    0.198     1.0     50       -
     8   1.00      4000    19.4%    20.9%    19.1%    40.6%    0.194     0.9     48       -
     9   1.00      4000    20.6%    19.8%    20.5%    39.1%    0.206     1.0     78       -
    10   1.00      4000    19.4%    20.4%    19.1%    41.1%    0.194     0.9     68       -
    11   1.00      4000    19.0%    21.1%    19.7%    40.3%    0.190     0.9     67       -
    12   1.00      4000    20.2%    19.7%    19.9%    40.2%    0.203     1.0     22       -
    13   1.00      4000    20.4%    19.4%    20.7%    39.6%    0.203     1.1     46       -
    14   1.00      4000    20.3%    19.1%    19.9%    40.6%    0.203     1.1     39       -
    15   1.00      4000    19.4%    20.4%    19.5%    40.6%    0.195     1.0     33       -
    16   1.00      4000    19.6%    19.1%    19.8%    41.6%    0.196     1.0     40       -
    17   1.00      4000    19.9%    21.1%    19.6%    39.4%    0.199     0.9     55       -
    18   1.00      4000    20.8%    20.1%    19.3%    39.9%    0.208     1.0     73       -
    19   1.00      4000    19.6%    20.2%    19.8%    40.5%    0.196     1.0     48       -
    20   1.00      4000    20.8%    19.8%    18.9%    40.5%    0.208     1.1     34       -
    21   1.00      4000    20.1%    21.9%    19.5%    38.5%    0.201     0.9     71       -
    22   1.00      4000    19.4%    20.8%    20.4%    39.4%    0.194     0.9     66       -
    23   1.00      4000    20.2%    19.5%    20.2%    40.0%    0.202     1.0     65       -
    24   1.00      4000    20.2%    19.8%    20.6%    39.4%    0.202     1.0     44       -
     1   0.50       730    51.1%    12.1%    14.1%    22.7%    0.511     4.2     89    730W
     2   0.50      2976    52.2%    12.4%    12.0%    23.4%    0.522     4.2     89   2976E
     3   0.50       944    53.9%    11.9%    12.1%    22.1%    0.539     4.5     89    944E
     4   0.50       366    51.6%    11.5%    12.0%    24.9%    0.516     4.4     89    366E
     5   0.50      1678    52.7%    11.3%    11.4%    24.5%    0.527     4.6     89   1678E
     6   0.50      4000    52.5%    12.2%    11.4%    23.8%    0.525     4.3     62       -
     7   0.50      4000    52.9%    12.1%    11.7%    23.2%    0.529     4.4     88       -
     8   0.50      2550    54.0%    12.8%    10.7%    22.5%    0.540     4.2     89   2550W
     9   0.50      3966    52.8%    11.4%    12.2%    23.6%    0.528     4.6     89   3966E
    10   0.50       756    52.8%    13.2%    11.8%    22.2%    0.528     4.0     89    756E
    11   0.50      1688    51.0%    13.4%    12.5%    23.0%    0.510     3.8     89   1688W
    12   0.50      4000    53.2%    11.3%    11.8%    23.7%    0.532     4.7     80       -
    13   0.50      1335    53.3%    10.8%    13.4%    22.5%    0.533     4.9     89   1335E
    14   0.50      1747    53.7%    11.0%    10.5%    24.7%    0.537     4.9     89   1747E
    15   0.50      1208    51.6%    10.7%    12.3%    25.4%    0.516     4.8     89   1208W
    16   0.50      1087    54.6%     9.6%    10.8%    25.1%    0.546     5.6     89   1087E
    17   0.50      4000    53.2%    12.5%    11.1%    23.1%    0.532     4.3     81       -
    18   0.50      1441    52.1%    12.1%    11.6%    24.2%    0.521     4.3     89   1441W
    19   0.50      4000    52.8%    11.8%    11.8%    23.6%    0.528     4.5     76       -
    20   0.50       976    54.4%    12.2%    11.2%    22.2%    0.544     4.4     89    976E
    21   0.50      1270    51.4%    12.0%    12.3%    24.3%    0.514     4.2     89   1270W
    22   0.50      1030    52.3%    13.0%    10.6%    24.1%    0.523     4.0     89   1030E
    23   0.50      2122    51.4%    11.6%    11.8%    25.2%    0.514     4.4     89   2122E
    24   0.50      2196    53.2%    11.2%    11.7%    23.9%    0.532     4.8     89   2196W

  SUMMARY (pooled shares over decisions; medians over runs; key cardinality 48 runs = 2 energies x 24 seeds)
  energy 1.00: step 19.9%  reverse 20.2%  re-roll 19.8%  nothing 40.1% | steps between reversals, median 1.0 | furthest from the start, median 50 cells | found food in 2 of 24 runs, east side 1 (median decisions to find it: 2787)
  energy 0.50: step 52.8%  reverse 11.9%  re-roll 11.7%  nothing 23.6% | steps between reversals, median 4.4 | furthest from the start, median 89 cells | found food in 19 of 24 runs, east side 12 (median decisions to find it: 1335)
