scenes: scene=s3 seeds=24 seed0=1 frames=24000 gap=90 energies=[1.0, 0.5] DROP_REACH=shipped
  REVERSE=shipped CHOOSER=trail

S3 U-bend
  seed decisions  arrived    step  tumble    idle blocked   peak atwall   still@x  frozen
     1       725      725   38.8%    0.0%   61.2%    0.0%     70      0         -      17
     2      2223     2223   33.2%    0.0%   66.8%    0.0%     70      0         -      30
     3      1508     1508   34.5%    0.0%   65.5%    0.0%     70      0         -      22
     4       800      800   37.5%    0.0%   62.5%    0.0%     70      0         -      19
     5      2962     2962   34.6%    0.0%   65.4%    0.0%     70      0         -      26
     6       519      519   39.3%    0.0%   60.7%    0.0%     70      0         -      15
     7      1190     1190   37.0%    0.0%   63.0%    0.0%     70      0         -      23
     8       731      731   35.8%    0.0%   64.2%    0.0%     70      0         -      32
     9      2080     2080   36.8%    0.0%   63.2%    0.0%     70      0         -      24
    10      1188     1188   37.0%    0.0%   63.0%    0.0%     70      0         -      24
    11       903      903   36.9%    0.0%   63.1%    0.0%     70      0         -      24
    12       533      533   41.3%    0.0%   58.7%    0.0%     70      0         -      15
    13      2665     2665   34.2%    0.0%   65.8%    0.0%     70      0         -      19
    14      1143     1143   37.7%    0.0%   62.3%    0.0%     70      0         -      22
    15       849      849   35.3%    0.0%   64.7%    0.0%     70      0         -      24
    16       534      534   38.2%    0.0%   61.8%    0.0%     70      0         -      23
    17       565      565   35.8%    0.0%   64.2%    0.0%     70      0         -      18
    18      1396     1396   37.2%    0.0%   62.8%    0.0%     70      0         -      15
    19      1023     1023   39.5%    0.0%   60.5%    0.0%     70      0         -      19
    20       561      561   37.8%    0.0%   62.2%    0.0%     70      0         -      20
    21       623      623   40.8%    0.0%   59.2%    0.0%     70      0         -      15
    22       515      515   40.4%    0.0%   59.6%    0.0%     70      0         -      25
    23       533      533   39.4%    0.0%   60.6%    0.0%     70      0         -      20
    24       477      477   45.1%    0.0%   54.9%    0.0%     70      0         -      18
  S3 U-bend: arrived 24 of 24 (median 849 decisions) | step 36.6%  tumble 0.0%  idle 63.4%  blocked 0.0% | facing home 25.1% (p_move 0.76), away 72.4% (p_move 0.21) | re-roll fired 0, 0 of them pointing away | longest stand-still 32 decisions | chooser stepped 9600, 4186 of them pointing away, patience fell to 0.000
