  diet: larder=fruit onlyfood=on
  odometer: recur=0.98 emita=shipped biasa=shipped
trailfollow: mode=gap gate=b2 frames=24000 seeds=12 seed0=1 ants=20 relay=60 near=10 food=200 refill=2000
  gate b2: off -45.0  on +0.5  along ±6.0
  landed 2026-09-09: units 0/1 = b2 (off -45, on +0.5, along 6); units 2/3 = saturated (off -45, on +30, along 6). See open-bugs-handoff.md Z7.

  gap seed   arm     alive     ate J  arrive@    dead@    carry    @nest  visitors  trips reach 0-25-50-75-100
----- ---- ----- --------- --------- -------- -------- -------- -------- --------- ------ ------------------
   90    1  hand  152/10      784854      804        0   549992      194  669/695       1      5 1 5 270 414
                founded x   12..88    occupancy/1k [30 2 19 18 11 69 269 1593]  carry->nest       5  born  676 died  513 (starved   69)
                own trail: route pk    0 end   91 along -0.1249   blocked    12063  kin swaps       0  ticks    243284
                channel A: PEAK amt  14603 cells   65 (of 91 route)  POLARITY -0.07601  end nest->food [0,0,173,5368,306]  nest   25  AtNest  0.60%
                Carrying: laden    561189  of which SPOIL     12428 (  2.2%)
   90    2  hand  171/2       754136      600        0   641213     1486  563/592       2      4 5 7 227 349
                founded x   12..88    occupancy/1k [33 34 26 18 28 98 342 1443]  carry->nest     883  born  572 died  412 (starved   60)
                own trail: route pk    0 end   91 along -0.1179   blocked    12630  kin swaps       0  ticks    436835
                channel A: PEAK amt  39358 cells   69 (of 91 route)  POLARITY -0.06332  end nest->food [0,0,0,9367,549]  nest   25  AtNest  0.81%
                Carrying: laden    648841  of which SPOIL      8583 (  1.3%)
   90    3  hand  168/14     1085174      564        0   606515      186  876/904       2      7 0 1 430 466
                founded x   12..88    occupancy/1k [48 10 1 10 31 96 283 1803]  carry->nest     745  born  885 died  715 (starved  124)
                own trail: route pk    0 end   91 along -0.1204   blocked    13756  kin swaps       0  ticks    497434
                channel A: PEAK amt  13062 cells   89 (of 91 route)  POLARITY -0.08869  end nest->food [0,9,41,26,384]  nest   25  AtNest  0.86%
                Carrying: laden    622208  of which SPOIL     22523 (  3.6%)
   90    4  hand  223/7       692968     1050        0   626306      308  562/593       2      5 9 8 217 354
                founded x   12..88    occupancy/1k [58 9 20 37 22 74 314 1300]  carry->nest     418  born  573 died  357 (starved   34)
                own trail: route pk    0 end   91 along -0.1237   blocked    10521  kin swaps       0  ticks    285345
                channel A: PEAK amt  11007 cells   70 (of 91 route)  POLARITY -0.02510  end nest->food [0,100,0,188,576]  nest   25  AtNest  1.03%
                Carrying: laden    643812  of which SPOIL     20019 (  3.1%)
   90    5  hand  189/16      999077      534        0   597930        0  793/816       0      5 2 2 335 472
                founded x   12..88    occupancy/1k [35 6 18 15 15 59 288 1414]  carry->nest     149  born  796 died  611 (starved   35)
                own trail: route pk    0 end   91 along -0.1162   blocked     6998  kin swaps       0  ticks    333621
                channel A: PEAK amt  46114 cells   85 (of 91 route)  POLARITY -0.09941  end nest->food [0,0,64,1449,2458]  nest   25  AtNest  0.44%
                Carrying: laden    605961  of which SPOIL     11057 (  1.8%)
   90    6  hand    0/0         1428      528    11808    10392        0    5/21        0          8 4 1 6 2
                founded x   12..88    occupancy/1k [67 22 4 20 2 3 9 12]  carry->nest     -13  born    1 died   21 (starved   20)
                own trail: route pk    0 end   91 along -0.1152   blocked       93  kin swaps       0  ticks     24005
                channel A: PEAK amt   8233 cells   74 (of 91 route)  POLARITY +0.04176  end nest->food [0,0,0,0,0]  nest   25  AtNest 15.77%
                Carrying: laden     13464  of which SPOIL      3606 ( 26.8%)
   90    7  hand    0/0            0      540     8016    10716        0    5/20        0          6 1 4 8 1
                founded x   12..88    occupancy/1k [53 29 8 8 3 4 6 9]  carry->nest     -10  born    0 died   20 (starved   19)
                own trail: route pk    0 end   91 along -0.1152   blocked       70  kin swaps       0  ticks     20767
                channel A: PEAK amt   9212 cells   75 (of 91 route)  POLARITY +0.06416  end nest->food [0,0,0,0,0]  nest   25  AtNest 28.21%
                Carrying: laden     16428  of which SPOIL      5982 ( 36.4%)
   90    8  hand  159/1       438323      576        0   289364      246  373/391       1      2 6 5 171 207
                founded x   12..88    occupancy/1k [25 38 12 20 7 35 116 772]  carry->nest       4  born  371 died  226 (starved   30)
                own trail: route pk    0 end   91 along -0.1238   blocked     4631  kin swaps       0  ticks    175092
                channel A: PEAK amt  10939 cells   73 (of 91 route)  POLARITY +0.04231  end nest->food [0,0,0,1261,6]  nest   25  AtNest  1.57%
                Carrying: laden    293349  of which SPOIL      4069 (  1.4%)
   90    9  hand    0/0         6424      660    18848    41764      108   11/25        0         7 3 2 10 3
                founded x   12..88    occupancy/1k [64 8 15 8 4 4 12 41]  carry->nest     134  born    5 died   24 (starved   23)
                own trail: route pk    0 end   91 along -0.1152   blocked      123  kin swaps       0  ticks     26778
                channel A: PEAK amt   9275 cells   64 (of 91 route)  POLARITY +0.02224  end nest->food [0,0,0,0,0]  nest   25  AtNest  6.96%
                Carrying: laden     43894  of which SPOIL      2130 (  4.9%)
   90   10  hand    0/0            0      696     8550     4614        0    4/20        0          8 3 3 4 2
                founded x   12..88    occupancy/1k [71 4 8 18 13 2 6 3]  carry->nest     -18  born    0 died   20 (starved   20)
                own trail: route pk    0 end   91 along -0.1152   blocked       79  kin swaps       0  ticks     21533
                channel A: PEAK amt  11607 cells   39 (of 91 route)  POLARITY +0.08865  end nest->food [0,0,0,0,0]  nest   25  AtNest 15.51%
                Carrying: laden     12330  of which SPOIL      7716 ( 62.6%)
   90   11  hand    0/0          228      756     7182    13026        0    7/20        0          4 4 3 8 1
                founded x   12..88    occupancy/1k [34 14 15 21 6 5 6 14]  carry->nest      56  born    0 died   20 (starved   18)
                own trail: route pk    0 end   91 along -0.1152   blocked       74  kin swaps       0  ticks     19683
                channel A: PEAK amt   9916 cells   65 (of 91 route)  POLARITY +0.06956  end nest->food [0,0,0,0,0]  nest   25  AtNest 13.16%
                Carrying: laden     18036  of which SPOIL      5556 ( 30.8%)
   90   12  hand    0/0            0      630     8682     4014        0    5/20        0          8 2 3 7 0
                founded x   12..88    occupancy/1k [82 14 1 8 3 15 2 5]  carry->nest      13  born    0 died   20 (starved   19)
                own trail: route pk    0 end   91 along -0.1152   blocked       73  kin swaps       0  ticks     22350
                channel A: PEAK amt   8054 cells   71 (of 91 route)  POLARITY +0.04412  end nest->food [0,0,0,0,0]  nest   25  AtNest  9.56%
                Carrying: laden      8334  of which SPOIL      4320 ( 51.8%)

  larder put out, over the whole sweep: 48720-469200 J, against a need near 46,800 J
    for 52 ants over 24,000 frames -- so these colonies are provisioned, not starved.
  intake off anything that is not the larder is ASSERTED to be 0 in every row, not printed.

  `self` vs `mute` is the real question: do the ants' OWN trails do anything?
  `visitors` is DISTINCT ants that reached the food over distinct ants that ever lived --
    recruitment, which `near` ant-ticks cannot see: 50 visitors and 1 resident read alike.
  `trips` is nest -> food -> nest, closed on the RETURN. `reach` buckets every ant by how
  `occupancy` is ant-ticks in 8 equal bands, NEST END FIRST, food end last -- a commuting
    colony is bimodal, a dispersing one slides its mass right, a homebody is a spike at 0.
  `carry->nest` is signed cells moved while holding larder, POSITIVE = homeward. Near zero
    means food is picked up and wandered with, which is a different fault from not finding it.
    far it ever got, as a share of the gap, so a commuting population is visible as a shape.
  `hand` vs `self` only says whether a laid ramp beats what they bootstrap.
  `hmute` is the DECAY BASELINE for `route pk`: our ramp laid, the ants silenced.
  `homeA` lays a channel A HOMING ramp and no food trail -- if laden ants only fail
    to route because they cannot find their way home, this is where their own B appears.
  `carry` is ant-ticks holding larder in the crop; `carry@nest` is those inside the +-26 nest band --
    that pair is the answer to "is food being carried back", which a cell census cannot give.
  `other J` must read 0 in every row: it is the check that `onlyfood` held.
  A gap where `alive` reaches 0 in every arm is measuring a dead colony, not a deaf one.
