  diet: larder=fruit onlyfood=on
  odometer: recur=shipped emita=shipped biasa=-0.05
trailfollow: mode=gap gate=b2 frames=24000 seeds=12 seed0=1 ants=20 relay=60 near=10 food=200 refill=2000
  gate b2: off -45.0  on +0.5  along ±6.0
  landed 2026-09-09: units 0/1 = b2 (off -45, on +0.5, along 6); units 2/3 = saturated (off -45, on +30, along 6). See open-bugs-handoff.md Z7.

  gap seed   arm     alive     ate J  arrive@    dead@    carry    @nest  visitors  trips reach 0-25-50-75-100
----- ---- ----- --------- --------- -------- -------- -------- -------- --------- ------ ------------------
   90    1  hand  201/12      974808      804        0   877050        0  747/764       0      5 1 3 313 442
                founded x   12..88    occupancy/1k [28 2 16 22 41 139 474 1852]  carry->nest     220  born  744 died  531 (starved   26)
                own trail: route pk    0 end   91 along -0.1166   blocked     8558  kin swaps       0  ticks    358923
                channel A: PEAK amt  10855 cells   76 (of 91 route)  POLARITY -0.00091  end nest->food [0,0,0,23,0]  nest   25  AtNest  0.37%
                Carrying: laden    884065  of which SPOIL     10549 (  1.2%)
   90    2  hand  119/20     1252750      600        0   632447       16  996/1024      1      6 2 9 379 628
                founded x   12..88    occupancy/1k [35 35 5 19 23 77 344 2329]  carry->nest    -253  born 1005 died  886 (starved  114)
                own trail: route pk    0 end   91 along -0.1178   blocked    19247  kin swaps       0  ticks    584331
                channel A: PEAK amt  53653 cells   78 (of 91 route)  POLARITY -0.10834  end nest->food [0,0,0,435,861]  nest   25  AtNest  0.60%
                Carrying: laden    644911  of which SPOIL     14985 (  2.3%)
   90    3  hand  152/19     1143174      564        0   840507      220  867/889       4      7 0 5 304 573
                founded x   12..88    occupancy/1k [49 10 5 17 24 64 343 1905]  carry->nest    -157  born  870 died  710 (starved   51)
                own trail: route pk    0 end   91 along -0.1195   blocked    10788  kin swaps       0  ticks    462123
                channel A: PEAK amt  65535 cells   91 (of 91 route)  POLARITY -0.18068  end nest->food [0,0,780,12706,8153]  nest   25  AtNest  0.85%
                Carrying: laden    855748  of which SPOIL     16577 (  1.9%)
   90    4  hand  176/13      909717     1050        0   707033      125  699/716       1      7 3 4 316 386
                founded x   12..88    occupancy/1k [60 10 11 17 24 110 464 1509]  carry->nest     261  born  696 died  512 (starved   40)
                own trail: route pk    0 end   91 along -0.1172   blocked     7709  kin swaps       0  ticks    434348
                channel A: PEAK amt  11050 cells   61 (of 91 route)  POLARITY -0.03745  end nest->food [0,0,0,0,1458]  nest   25  AtNest  0.91%
                Carrying: laden    723187  of which SPOIL     21504 (  3.0%)
   90    5  hand  166/4       796236      534        0   508462      402  593/619       1      4 3 1 257 354
                founded x   12..88    occupancy/1k [35 9 17 13 12 49 334 1220]  carry->nest     -27  born  599 died  435 (starved   20)
                own trail: route pk    0 end   91 along -0.1172   blocked     7516  kin swaps       0  ticks    333478
                channel A: PEAK amt  11175 cells   87 (of 91 route)  POLARITY +0.00074  end nest->food [0,0,0,123,9]  nest   25  AtNest  0.40%
                Carrying: laden    514199  of which SPOIL      6618 (  1.3%)
   90    6  hand    0/0         1428      528     9192    10490        0    6/21        0          7 5 1 6 2
                founded x   12..88    occupancy/1k [71 28 5 19 2 4 4 11]  carry->nest      59  born    1 died   21 (starved   19)
                own trail: route pk    0 end   91 along -0.1152   blocked       72  kin swaps       0  ticks     24439
                channel A: PEAK amt   8409 cells   82 (of 91 route)  POLARITY +0.08868  end nest->food [0,0,0,0,0]  nest   25  AtNest 20.21%
                Carrying: laden     21872  of which SPOIL     11916 ( 54.5%)
   90    7  hand   84/1       279131      540        0   324202     1265  239/258       3       6 5 3 79 165
                founded x   12..88    occupancy/1k [59 35 14 9 7 28 158 478]  carry->nest    -172  born  238 died  170 (starved   68)
                own trail: route pk    0 end   91 along -0.1256   blocked     3105  kin swaps       0  ticks    156031
                channel A: PEAK amt  17699 cells   75 (of 91 route)  POLARITY -0.02767  end nest->food [0,0,0,3449,6149]  nest   25  AtNest  5.27%
                Carrying: laden    331671  of which SPOIL      7914 (  2.4%)
   90    8  hand    0/0         3629      576     8982    16404        0   11/23        0         7 1 4 11 0
                founded x   12..88    occupancy/1k [34 32 6 15 7 2 16 20]  carry->nest     137  born    3 died   23 (starved   21)
                own trail: route pk    0 end   91 along -0.1152   blocked       97  kin swaps       0  ticks     22748
                channel A: PEAK amt   9824 cells   72 (of 91 route)  POLARITY +0.03042  end nest->food [0,0,0,0,0]  nest   25  AtNest 14.02%
                Carrying: laden     21042  of which SPOIL      4818 ( 22.9%)
   90    9  hand    0/0         7307      660    12241    21650        0   13/26        0         7 2 2 11 4
                founded x   12..88    occupancy/1k [62 6 13 8 4 5 16 21]  carry->nest      40  born    6 died   26 (starved   19)
                own trail: route pk    0 end   91 along -0.1152   blocked       78  kin swaps       0  ticks     23390
                channel A: PEAK amt  10032 cells   67 (of 91 route)  POLARITY +0.06823  end nest->food [0,0,0,0,0]  nest   25  AtNest 10.52%
                Carrying: laden     24632  of which SPOIL      2982 ( 12.1%)
   90   10  hand    0/0          960      696     7818     6900      246    7/21        0          6 3 5 7 0
                founded x   12..88    occupancy/1k [63 4 10 11 11 4 4 4]  carry->nest      34  born    1 died   21 (starved   20)
                own trail: route pk    0 end   91 along -0.1152   blocked      100  kin swaps       0  ticks     19502
                channel A: PEAK amt  12418 cells   49 (of 91 route)  POLARITY +0.08709  end nest->food [0,0,0,0,0]  nest   25  AtNest 10.77%
                Carrying: laden      9750  of which SPOIL      2850 ( 29.2%)
   90   11  hand    0/0         8034      756    13824    31379       54   14/27        1         5 1 4 15 2
                founded x   12..88    occupancy/1k [38 11 11 16 10 11 12 30]  carry->nest     107  born    7 died   27 (starved   24)
                own trail: route pk    0 end   91 along -0.1152   blocked      129  kin swaps       0  ticks     23817
                channel A: PEAK amt   9926 cells   77 (of 91 route)  POLARITY +0.04835  end nest->food [0,0,0,0,0]  nest   25  AtNest 13.05%
                Carrying: laden     39119  of which SPOIL      8910 ( 22.8%)
   90   12  hand    0/0            0      630     8556     3684        0    4/20        0          8 5 0 6 1
                founded x   12..88    occupancy/1k [78 16 1 8 2 13 6 5]  carry->nest       1  born    0 died   20 (starved   19)
                own trail: route pk    0 end   91 along -0.1152   blocked       98  kin swaps       0  ticks     21932
                channel A: PEAK amt  13459 cells   72 (of 91 route)  POLARITY +0.03738  end nest->food [0,0,0,0,0]  nest   25  AtNest 11.03%
                Carrying: laden      8514  of which SPOIL      4830 ( 56.7%)

  larder put out, over the whole sweep: 48720-538800 J, against a need near 46,800 J
    for 52 ants over 24,000 frames -- so these colonies are provisioned, not starved.
  intake off anything that is not the larder is ASSERTED to be 0 in every row, not printed.

  `self` vs `mute` is the real question: do the ants' OWN trails do anything?
  `visitors` is DISTINCT ants that reached the food over distinct ants that ever lived --
    recruitment, which `near` ant-ticks cannot see: 50 visitors and 1 resident read alike.
  `trips` is nest -> food -> nest, closed on the RETURN. `reach` buckets every ant by how
  `occupancy` is ant-ticks in 8 equal bands, NEST END FIRST, food end last -- a commuting
    colony is bimodal, a dispersing one slides its mass right, a homebody is a spike at 0.
  `carry->nest` is signed cells moved while holding larder, POSITIVE = homeward. Near zero
    means food is picked up and wandered with, which is a different fault from not finding it.
    far it ever got, as a share of the gap, so a commuting population is visible as a shape.
  `hand` vs `self` only says whether a laid ramp beats what they bootstrap.
  `hmute` is the DECAY BASELINE for `route pk`: our ramp laid, the ants silenced.
  `homeA` lays a channel A HOMING ramp and no food trail -- if laden ants only fail
    to route because they cannot find their way home, this is where their own B appears.
  `carry` is ant-ticks holding larder in the crop; `carry@nest` is those inside the +-26 nest band --
    that pair is the answer to "is food being carried back", which a cell census cannot give.
  `other J` must read 0 in every row: it is the check that `onlyfood` held.
  A gap where `alive` reaches 0 in every arm is measuring a dead colony, not a deaf one.
