  diet: larder=fruit onlyfood=on
  odometer: recur=shipped emita=shipped biasa=-0.18
trailfollow: mode=gap gate=b2 frames=24000 seeds=12 seed0=1 ants=20 relay=60 near=10 food=200 refill=2000
  gate b2: off -45.0  on +0.5  along ±6.0
  landed 2026-09-09: units 0/1 = b2 (off -45, on +0.5, along 6); units 2/3 = saturated (off -45, on +30, along 6). See open-bugs-handoff.md Z7.

  gap seed   arm     alive     ate J  arrive@    dead@    carry    @nest  visitors  trips reach 0-25-50-75-100
----- ---- ----- --------- --------- -------- -------- -------- -------- --------- ------ ------------------
   90    1  hand    0/0         4320      804     9264    16896        0   13/24        0         4 3 3 11 3
                founded x   12..88    occupancy/1k [28 2 12 22 13 9 14 19]  carry->nest      10  born    4 died   24 (starved   21)
                own trail: route pk    0 end   91 along -0.1152   blocked       94  kin swaps       0  ticks     20238
                channel A: PEAK amt  10214 cells   45 (of 91 route)  POLARITY +0.07255  end nest->food [0,0,0,0,0]  nest   25  AtNest  7.46%
                Carrying: laden     20040  of which SPOIL      3144 ( 15.7%)
   90    2  hand    0/0         3440      600     7608    12210        0    8/23        0          6 4 3 8 2
                founded x   12..88    occupancy/1k [36 35 6 16 7 6 3 12]  carry->nest       8  born    3 died   23 (starved   18)
                own trail: route pk    0 end   91 along -0.1152   blocked       88  kin swaps       0  ticks     20729
                channel A: PEAK amt  13380 cells   46 (of 91 route)  POLARITY +0.08171  end nest->food [0,0,0,0,0]  nest   25  AtNest 13.74%
                Carrying: laden     16920  of which SPOIL      4710 ( 27.8%)
   90    3  hand  162/19     1115195      564        0   820853      345  899/926       1      7 1 8 339 571
                founded x   12..88    occupancy/1k [49 10 2 22 40 128 319 1902]  carry->nest     173  born  906 died  730 (starved  108)
                own trail: route pk    0 end   91 along -0.1202   blocked    11466  kin swaps       0  ticks    393496
                channel A: PEAK amt  20826 cells   91 (of 91 route)  POLARITY -0.09725  end nest->food [0,1335,1691,5280,909]  nest   25  AtNest  0.82%
                Carrying: laden    842583  of which SPOIL     24879 (  3.0%)
   90    4  hand  203/8       909042     1050        0   563206       98  752/780       2      5 3 3 300 469
                founded x   12..88    occupancy/1k [58 8 13 17 15 62 302 1840]  carry->nest    -606  born  760 died  558 (starved   97)
                own trail: route pk    0 end   91 along -0.1256   blocked    20752  kin swaps       0  ticks    433888
                channel A: PEAK amt  11005 cells   67 (of 91 route)  POLARITY -0.11715  end nest->food [0,0,0,247,132]  nest   25  AtNest  0.81%
                Carrying: laden    576081  of which SPOIL     17186 (  3.0%)
   90    5  hand  209/13      960264      534        0   812833      212  789/818       1      6 1 5 319 487
                founded x   12..88    occupancy/1k [40 6 18 16 31 106 312 2137]  carry->nest    -125  born  798 died  580 (starved   44)
                own trail: route pk    0 end   91 along -0.1204   blocked    14363  kin swaps       0  ticks    378613
                channel A: PEAK amt  18458 cells   73 (of 91 route)  POLARITY -0.09269  end nest->food [0,0,66,2462,2865]  nest   25  AtNest  0.41%
                Carrying: laden    826898  of which SPOIL     17709 (  2.1%)
   90    6  hand    0/0         1428      528     9174    11330        6    5/21        0          8 4 2 5 2
                founded x   12..88    occupancy/1k [71 24 5 19 2 4 4 11]  carry->nest      61  born    1 died   21 (starved   19)
                own trail: route pk    0 end   91 along -0.1152   blocked       73  kin swaps       0  ticks     23852
                channel A: PEAK amt   8231 cells   80 (of 91 route)  POLARITY +0.09655  end nest->food [0,0,0,0,0]  nest   25  AtNest 19.93%
                Carrying: laden     21224  of which SPOIL     10428 ( 49.1%)
   90    7  hand  195/1       490168      540        0   433563     4274  377/411       6     6 5 10 145 245
                founded x   12..88    occupancy/1k [59 31 18 11 15 43 180 850]  carry->nest     388  born  391 died  211 (starved   72)
                own trail: route pk    0 end   91 along -0.1222   blocked     8765  kin swaps       0  ticks    265507
                channel A: PEAK amt  18404 cells   73 (of 91 route)  POLARITY -0.03073  end nest->food [0,0,0,191,1307]  nest   25  AtNest  3.15%
                Carrying: laden    441719  of which SPOIL      8648 (  2.0%)
   90    8  hand    0/0         7140      576    14982    22926        0   13/26        0          7 0 3 8 8
                founded x   12..88    occupancy/1k [34 32 6 12 9 2 16 26]  carry->nest      21  born    6 died   26 (starved   17)
                own trail: route pk    0 end   91 along -0.1152   blocked       85  kin swaps       0  ticks     23304
                channel A: PEAK amt   9787 cells   50 (of 91 route)  POLARITY +0.05171  end nest->food [0,0,0,0,0]  nest   25  AtNest 12.57%
                Carrying: laden     28320  of which SPOIL      5394 ( 19.0%)
   90    9  hand    3/1        38916      660        0    85401      114   40/53        0       10 1 2 15 25
                founded x   12..88    occupancy/1k [68 10 12 7 4 4 24 87]  carry->nest     243  born   33 died   49 (starved   30)
                own trail: route pk    0 end   91 along -0.1153   blocked      186  kin swaps       0  ticks     38282
                channel A: PEAK amt   8272 cells   51 (of 91 route)  POLARITY +0.05275  end nest->food [0,0,0,0,0]  nest   25  AtNest  5.34%
                Carrying: laden     87807  of which SPOIL      2766 (  3.2%)
   90   10  hand    0/0          960      696     8178     6234        0    6/21        0          7 3 4 7 0
                founded x   12..88    occupancy/1k [67 2 9 17 13 5 2 3]  carry->nest      10  born    1 died   21 (starved   21)
                own trail: route pk    0 end   91 along -0.1152   blocked      125  kin swaps       0  ticks     20402
                channel A: PEAK amt  11605 cells   47 (of 91 route)  POLARITY +0.04566  end nest->food [0,0,0,0,0]  nest   25  AtNest  7.67%
                Carrying: laden      8178  of which SPOIL      2004 ( 24.5%)
   90   11  hand    0/0         1188      756     8052    12635        0    8/21        0          5 1 7 6 2
                founded x   12..88    occupancy/1k [35 12 15 25 8 1 3 19]  carry->nest     -21  born    1 died   21 (starved   19)
                own trail: route pk    0 end   91 along -0.1152   blocked       51  kin swaps       0  ticks     20428
                channel A: PEAK amt   9854 cells   44 (of 91 route)  POLARITY +0.06946  end nest->food [0,0,0,0,0]  nest   25  AtNest 14.92%
                Carrying: laden     17501  of which SPOIL      4866 ( 27.8%)
   90   12  hand    0/0            0      630     8652     3810        0    5/20        0          7 4 2 7 0
                founded x   12..88    occupancy/1k [84 13 1 7 2 15 2 5]  carry->nest      33  born    0 died   20 (starved   19)
                own trail: route pk    0 end   91 along -0.1152   blocked       63  kin swaps       0  ticks     22383
                channel A: PEAK amt   9357 cells   63 (of 91 route)  POLARITY +0.03696  end nest->food [0,0,0,0,0]  nest   25  AtNest 15.15%
                Carrying: laden     11682  of which SPOIL      7872 ( 67.4%)

  larder put out, over the whole sweep: 48720-518640 J, against a need near 46,800 J
    for 52 ants over 24,000 frames -- so these colonies are provisioned, not starved.
  intake off anything that is not the larder is ASSERTED to be 0 in every row, not printed.

  `self` vs `mute` is the real question: do the ants' OWN trails do anything?
  `visitors` is DISTINCT ants that reached the food over distinct ants that ever lived --
    recruitment, which `near` ant-ticks cannot see: 50 visitors and 1 resident read alike.
  `trips` is nest -> food -> nest, closed on the RETURN. `reach` buckets every ant by how
  `occupancy` is ant-ticks in 8 equal bands, NEST END FIRST, food end last -- a commuting
    colony is bimodal, a dispersing one slides its mass right, a homebody is a spike at 0.
  `carry->nest` is signed cells moved while holding larder, POSITIVE = homeward. Near zero
    means food is picked up and wandered with, which is a different fault from not finding it.
    far it ever got, as a share of the gap, so a commuting population is visible as a shape.
  `hand` vs `self` only says whether a laid ramp beats what they bootstrap.
  `hmute` is the DECAY BASELINE for `route pk`: our ramp laid, the ants silenced.
  `homeA` lays a channel A HOMING ramp and no food trail -- if laden ants only fail
    to route because they cannot find their way home, this is where their own B appears.
  `carry` is ant-ticks holding larder in the crop; `carry@nest` is those inside the +-26 nest band --
    that pair is the answer to "is food being carried back", which a cell census cannot give.
  `other J` must read 0 in every row: it is the check that `onlyfood` held.
  A gap where `alive` reaches 0 in every arm is measuring a dead colony, not a deaf one.
