  diet: larder=fruit onlyfood=on
  odometer A: recur=shipped emita=shipped biasa=shipped   odometer B: charb=shipped recurb=shipped emitb=shipped biasb=shipped carryb=shipped
trailfollow: mode=gap gate=shipped frames=24000 seeds=36 seed0=1 ants=20 relay=60 near=10 food=400 refill=400 stop=6000 homebias=shipped cropcap=shipped hungergate=shipped arho=0.02 adiffuse=shipped
  gate shipped: off -45.0  on +0.5  along ±6.0
  landed 2026-09-09: units 0/1 = b2 (off -45, on +0.5, along 6); units 2/3 = saturated (off -45, on +30, along 6). See open-bugs-handoff.md Z7.

  gap seed   arm     alive     ate J  arrive@    dead@    carry    @nest  visitors  trips reach 0-25-50-75-100
----- ---- ----- --------- --------- -------- -------- -------- -------- --------- ------ ------------------
   90    1  hand   11/11       13434     1146        0    77192        0   15/25        0         6 1 1 17 0
                A READ  ant-readable homeward along >= 0.02 on  13.5% of route-cell samples | plane lit on  25.9% | peak amt   7036 cells  87
                RETURN LEDGER reached food   15 of   25 ants | came back    0 | trips laden    0 empty    0
                founded x   12..88   (nest cursor 48 MATERIAL x 26..70 11 of 25 founders born on it; food 138; nearest founder 50 cells out, farthest 126, nominal gap 90)  occupancy/1k [24 18 9 10 3 6 117 119]  carry->nest      83  born    5 died   14 (starved    8)
                own trail: route pk   41 end   32 along -0.0955  B nest->food [89,3092,6331,9870,8294]  blocked      175  kin swaps       0  ticks     51625  tumbles     23568 (homeward        0, 0.00%)  drops       0  chew parked     10 resumed      5 (        5 J)  DELIVERED     0  leg home n    0 med     0 p90     0 (laden n    0 med     0 p90     0)  appetite held         0 J of     38400  trips born-on-comb    0 (11 ants) / born-off    0 (14 ants)
                channel A: PEAK amt   7036 cells   87 (of 91 route)  POLARITY|| +0.01696 && +0.02572 SPAN +0.00779 edge  10.7  end nest->food [0,0,0,0,0]  nest   25  AtNest  1.68%
                Carrying: laden     79274  of which SPOIL      2082 (  2.6%)
   90    2  hand    0/0         4822      600    13303    20034        0    7/24        0          6 7 1 9 1
                A READ  ant-readable homeward along >= 0.02 on   9.1% of route-cell samples | plane lit on  14.0% | peak amt  12966 cells  66
                RETURN LEDGER reached food    7 of   24 ants | came back    0 | trips laden    0 empty    0
                founded x   12..88   (nest cursor 48 MATERIAL x 26..70 11 of 24 founders born on it; food 138; nearest founder 50 cells out, farthest 126, nominal gap 90)  occupancy/1k [35 45 6 17 1 12 2 18]  carry->nest     -64  born    4 died   23 (starved   19)
                own trail: route pk   31 end    0 along +0.0000  B nest->food [89,3092,6331,9487,8325]  blocked      110  kin swaps       0  ticks     23946  tumbles     10543 (homeward        0, 0.00%)  drops       0  chew parked      0 resumed      0 (        0 J)  DELIVERED     0  leg home n    0 med     0 p90     0 (laden n    0 med     0 p90     0)  appetite held         0 J of     10560  trips born-on-comb    0 (11 ants) / born-off    0 (13 ants)
                channel A: PEAK amt  12966 cells   66 (of 91 route)  POLARITY|| +0.05023 && +0.04091 SPAN +0.01189 edge  11.0  end nest->food [0,0,0,0,0]  nest   25  AtNest  5.11%
                Carrying: laden     24126  of which SPOIL      4092 ( 17.0%)
   90    3  hand    0/0         1596      564    11196    14916        0    5/20        1          7 1 4 8 0
                A READ  ant-readable homeward along >= 0.02 on  18.5% of route-cell samples | plane lit on  32.6% | peak amt   8729 cells  80
                RETURN LEDGER reached food    5 of   20 ants | came back    1 | trips laden    0 empty    1
                LEGS legs[5047] laden[]
                founded x   12..88   (nest cursor 48 MATERIAL x 26..70 11 of 20 founders born on it; food 138; nearest founder 50 cells out, farthest 126, nominal gap 90)  occupancy/1k [51 15 3 12 31 26 12 3]  carry->nest      96  born    0 died   20 (starved   17)
                own trail: route pk   39 end    0 along +0.0000  B nest->food [89,3092,6498,9614,8314]  blocked      191  kin swaps       0  ticks     26179  tumbles     10587 (homeward        0, 0.00%)  drops       0  chew parked      3 resumed      1 (        1 J)  DELIVERED     0  leg home n    1 med  5047 p90  5047 (laden n    0 med     0 p90     0)  appetite held         0 J of      6720  trips born-on-comb    0 (11 ants) / born-off    1 (9 ants)
                channel A: PEAK amt   8729 cells   80 (of 91 route)  POLARITY|| +0.03895 && +0.01688 SPAN +0.01028 edge  12.9  end nest->food [0,0,0,0,0]  nest   25  AtNest  5.51%
                Carrying: laden     17856  of which SPOIL      2940 ( 16.5%)
   90    4  hand    0/0         1140     1050    12324    14112     2562    6/20        1          4 3 4 8 1
                A READ  ant-readable homeward along >= 0.02 on  15.9% of route-cell samples | plane lit on  25.2% | peak amt   7164 cells  82
                RETURN LEDGER reached food    6 of   20 ants | came back    1 | trips laden    1 empty    0
                LEGS legs[1903] laden[1903]
                founded x   12..88   (nest cursor 48 MATERIAL x 26..70 11 of 20 founders born on it; food 138; nearest founder 50 cells out, farthest 126, nominal gap 90)  occupancy/1k [52 13 26 16 20 19 3 5]  carry->nest      89  born    0 died   20 (starved   19)
                own trail: route pk   28 end    0 along +0.0000  B nest->food [89,3138,6401,9577,8361]  blocked      145  kin swaps       0  ticks     26026  tumbles     11073 (homeward        0, 0.00%)  drops      27  chew parked     29 resumed     26 (    14819 J)  DELIVERED    27  leg home n    1 med  1903 p90  1903 (laden n    1 med  1903 p90  1903)  appetite held         0 J of      4800  trips born-on-comb    0 (11 ants) / born-off    1 (9 ants)
                channel A: PEAK amt   7164 cells   82 (of 91 route)  POLARITY|| +0.05514 && +0.04095 SPAN +0.00881 edge  10.7  end nest->food [0,0,0,0,0]  nest   25  AtNest  5.80%
                Carrying: laden     16878  of which SPOIL      3540 ( 21.0%)
   90    5  hand    0/0         7272      534    23760    35269        0   13/24        1         6 3 1 10 4
                A READ  ant-readable homeward along >= 0.02 on  19.7% of route-cell samples | plane lit on  35.4% | peak amt  10954 cells  87
                RETURN LEDGER reached food   13 of   24 ants | came back    1 | trips laden    0 empty    1
                LEGS legs[10993] laden[]
                founded x   12..88   (nest cursor 48 MATERIAL x 26..70 11 of 24 founders born on it; food 138; nearest founder 50 cells out, farthest 126, nominal gap 90)  occupancy/1k [45 13 14 19 18 12 63 35]  carry->nest     121  born    4 died   24 (starved   21)
                own trail: route pk   48 end   18 along -0.1588  B nest->food [89,3092,6371,9553,8586]  blocked      163  kin swaps       0  ticks     37105  tumbles     16254 (homeward        0, 0.00%)  drops       0  chew parked      7 resumed      3 (        1 J)  DELIVERED     0  leg home n    1 med 10993 p90 10993 (laden n    0 med     0 p90     0)  appetite held         0 J of     16320  trips born-on-comb    1 (11 ants) / born-off    0 (13 ants)
                channel A: PEAK amt  10954 cells   87 (of 91 route)  POLARITY|| +0.01929 && +0.01965 SPAN +0.00253 edge  15.2  end nest->food [0,0,0,0,0]  nest   25  AtNest  3.93%
                Carrying: laden     37489  of which SPOIL      2220 (  5.9%)
   90    6  hand    0/0            0      528     8196     2940        0    4/20        0          5 5 5 5 0
                A READ  ant-readable homeward along >= 0.02 on   9.2% of route-cell samples | plane lit on  14.4% | peak amt  10968 cells  61
                RETURN LEDGER reached food    4 of   20 ants | came back    0 | trips laden    0 empty    0
                founded x   12..88   (nest cursor 48 MATERIAL x 26..70 11 of 20 founders born on it; food 138; nearest founder 50 cells out, farthest 126, nominal gap 90)  occupancy/1k [62 24 7 18 3 1 3 1]  carry->nest      30  born    0 died   20 (starved   19)
                own trail: route pk   17 end    0 along +0.0000  B nest->food [89,3092,6349,9492,8293]  blocked      123  kin swaps       0  ticks     20395  tumbles      8552 (homeward        0, 0.00%)  drops       0  chew parked      0 resumed      0 (        0 J)  DELIVERED     0  leg home n    0 med     0 p90     0 (laden n    0 med     0 p90     0)  appetite held         0 J of         0  trips born-on-comb    0 (11 ants) / born-off    0 (9 ants)
                channel A: PEAK amt  10968 cells   61 (of 91 route)  POLARITY|| +0.11991 && +0.08791 SPAN +0.00163 edge   8.0  end nest->food [0,0,0,0,0]  nest   25  AtNest 13.43%
                Carrying: laden      4608  of which SPOIL      1668 ( 36.2%)
   90    7  hand    0/0         3708      540    14922    22920      288    8/21        1         4 6 1 10 0
                A READ  ant-readable homeward along >= 0.02 on  16.2% of route-cell samples | plane lit on  28.2% | peak amt   9515 cells  86
                RETURN LEDGER reached food    8 of   21 ants | came back    1 | trips laden    1 empty    0
                LEGS legs[4897] laden[4897]
                founded x   12..88   (nest cursor 48 MATERIAL x 26..70 11 of 21 founders born on it; food 138; nearest founder 50 cells out, farthest 126, nominal gap 90)  occupancy/1k [42 23 14 17 9 26 22 8]  carry->nest     153  born    1 died   21 (starved   16)
                own trail: route pk   56 end    0 along +0.0000  B nest->food [89,3102,6422,9804,8294]  blocked      118  kin swaps       0  ticks     27467  tumbles     11726 (homeward        0, 0.00%)  drops       2  chew parked      7 resumed      4 (     1672 J)  DELIVERED     2  leg home n    1 med  4897 p90  4897 (laden n    1 med  4897 p90  4897)  appetite held         0 J of     10560  trips born-on-comb    0 (11 ants) / born-off    1 (10 ants)
                channel A: PEAK amt   9515 cells   86 (of 91 route)  POLARITY|| +0.04075 && +0.03128 SPAN -0.00873 edge  14.9  end nest->food [0,0,0,0,0]  nest   25  AtNest 12.45%
                Carrying: laden     25506  of which SPOIL      2586 ( 10.1%)
   90    8  hand    2/2         6755      576        0    32350        0   10/23        1         4 4 4 11 0
                A READ  ant-readable homeward along >= 0.02 on  14.9% of route-cell samples | plane lit on  24.4% | peak amt  12998 cells  73
                RETURN LEDGER reached food   10 of   23 ants | came back    1 | trips laden    0 empty    1
                LEGS legs[12907] laden[]
                founded x   12..88   (nest cursor 48 MATERIAL x 26..70 11 of 23 founders born on it; food 138; nearest founder 50 cells out, farthest 126, nominal gap 90)  occupancy/1k [25 35 13 11 7 29 53 27]  carry->nest      70  born    3 died   21 (starved   13)
                own trail: route pk   33 end   33 along -0.0479  B nest->food [89,3092,6331,9712,8293]  blocked      389  kin swaps       0  ticks     34126  tumbles     15067 (homeward        0, 0.00%)  drops       0  chew parked      5 resumed      3 (        2 J)  DELIVERED     0  leg home n    1 med 12907 p90 12907 (laden n    0 med     0 p90     0)  appetite held         0 J of     16320  trips born-on-comb    0 (11 ants) / born-off    1 (12 ants)
                channel A: PEAK amt  12998 cells   73 (of 91 route)  POLARITY|| +0.03267 && +0.03316 SPAN -0.00440 edge  12.3  end nest->food [0,0,0,7,0]  nest   25  AtNest  3.43%
                Carrying: laden     42766  of which SPOIL     10416 ( 24.4%)
   90    9  hand    5/5        17362      660        0    46269        0   21/32        0         7 1 1 22 1
                A READ  ant-readable homeward along >= 0.02 on  19.6% of route-cell samples | plane lit on  32.9% | peak amt  11828 cells  79
                RETURN LEDGER reached food   21 of   32 ants | came back    0 | trips laden    0 empty    0
                founded x   12..88   (nest cursor 48 MATERIAL x 26..70 11 of 32 founders born on it; food 138; nearest founder 50 cells out, farthest 126, nominal gap 90)  occupancy/1k [57 9 13 11 6 30 60 52]  carry->nest     105  born   12 died   27 (starved   13)
                own trail: route pk   39 end   38 along -0.0857  B nest->food [89,3092,6331,9801,8347]  blocked      334  kin swaps       0  ticks     40481  tumbles     17102 (homeward        0, 0.00%)  drops       0  chew parked      6 resumed      4 (        4 J)  DELIVERED     0  leg home n    0 med     0 p90     0 (laden n    0 med     0 p90     0)  appetite held         0 J of     23040  trips born-on-comb    0 (11 ants) / born-off    0 (21 ants)
                channel A: PEAK amt  11828 cells   79 (of 91 route)  POLARITY|| +0.02639 && +0.01681 SPAN +0.00302 edge  13.7  end nest->food [0,0,0,0,0]  nest   25  AtNest  3.69%
                Carrying: laden     50890  of which SPOIL      4621 (  9.1%)
   90   10  hand    0/0         1200      696     8004     7321        0    6/21        0          2 4 7 8 0
                A READ  ant-readable homeward along >= 0.02 on  14.0% of route-cell samples | plane lit on  24.5% | peak amt  10789 cells  85
                RETURN LEDGER reached food    6 of   21 ants | came back    0 | trips laden    0 empty    0
                founded x   12..88   (nest cursor 48 MATERIAL x 26..70 11 of 21 founders born on it; food 138; nearest founder 50 cells out, farthest 126, nominal gap 90)  occupancy/1k [64 5 10 10 10 13 5 3]  carry->nest      59  born    1 died   21 (starved   19)
                own trail: route pk    0 end    0 along +0.0000  B nest->food [89,3092,6354,9687,8308]  blocked       94  kin swaps       0  ticks     20670  tumbles      8687 (homeward        0, 0.00%)  drops       0  chew parked      0 resumed      0 (        0 J)  DELIVERED     0  leg home n    0 med     0 p90     0 (laden n    0 med     0 p90     0)  appetite held         0 J of         0  trips born-on-comb    0 (11 ants) / born-off    0 (10 ants)
                channel A: PEAK amt  10789 cells   85 (of 91 route)  POLARITY|| +0.05997 && +0.04451 SPAN +0.00626 edge  10.6  end nest->food [0,0,0,0,0]  nest   25  AtNest  8.77%
                Carrying: laden      9811  of which SPOIL      2688 ( 27.4%)
   90   11  hand    0/0         2964      756    15318    23058        0    5/20        1         3 5 1 11 0
                A READ  ant-readable homeward along >= 0.02 on  21.2% of route-cell samples | plane lit on  35.5% | peak amt  12629 cells  82
                RETURN LEDGER reached food    5 of   20 ants | came back    1 | trips laden    0 empty    1
                LEGS legs[7639] laden[]
                founded x   12..88   (nest cursor 48 MATERIAL x 26..70 11 of 20 founders born on it; food 138; nearest founder 50 cells out, farthest 126, nominal gap 90)  occupancy/1k [39 25 10 13 15 64 17 11]  carry->nest      73  born    0 died   20 (starved   17)
                own trail: route pk   25 end    0 along +0.0000  B nest->food [89,3092,6331,9618,8292]  blocked      305  kin swaps       0  ticks     33071  tumbles     14095 (homeward        0, 0.00%)  drops       0  chew parked      4 resumed      1 (        1 J)  DELIVERED     0  leg home n    1 med  7639 p90  7639 (laden n    0 med     0 p90     0)  appetite held         0 J of     12480  trips born-on-comb    1 (11 ants) / born-off    0 (9 ants)
                channel A: PEAK amt  12629 cells   82 (of 91 route)  POLARITY|| +0.05121 && +0.05052 SPAN +0.01593 edge  11.5  end nest->food [0,0,0,0,0]  nest   25  AtNest  6.54%
                Carrying: laden     29298  of which SPOIL      6240 ( 21.3%)
   90   12  hand    0/0         6296      630    13794    17354        0   12/24        0         3 3 3 15 0
                A READ  ant-readable homeward along >= 0.02 on  19.0% of route-cell samples | plane lit on  33.9% | peak amt  17702 cells  87
                RETURN LEDGER reached food   12 of   24 ants | came back    0 | trips laden    0 empty    0
                founded x   12..88   (nest cursor 48 MATERIAL x 26..70 11 of 24 founders born on it; food 138; nearest founder 50 cells out, farthest 126, nominal gap 90)  occupancy/1k [63 7 5 15 17 48 16 5]  carry->nest     105  born    4 died   24 (starved   17)
                own trail: route pk   34 end    0 along +0.0000  B nest->food [89,3093,6376,9566,8295]  blocked      188  kin swaps       0  ticks     30064  tumbles     12683 (homeward        0, 0.00%)  drops       0  chew parked      3 resumed      1 (        3 J)  DELIVERED     0  leg home n    0 med     0 p90     0 (laden n    0 med     0 p90     0)  appetite held         0 J of      7680  trips born-on-comb    0 (11 ants) / born-off    0 (13 ants)
                channel A: PEAK amt  17702 cells   87 (of 91 route)  POLARITY|| +0.03750 && +0.03830 SPAN +0.00773 edge  11.8  end nest->food [0,0,0,0,0]  nest   25  AtNest  7.79%
                Carrying: laden     21338  of which SPOIL      3984 ( 18.7%)
   90   13  hand    4/4         5988      588        0    39930        0   11/21        0         5 1 3 11 1
                A READ  ant-readable homeward along >= 0.02 on  14.6% of route-cell samples | plane lit on  28.5% | peak amt  10708 cells  87
                RETURN LEDGER reached food   11 of   21 ants | came back    0 | trips laden    0 empty    0
                founded x   12..88   (nest cursor 48 MATERIAL x 26..70 11 of 21 founders born on it; food 138; nearest founder 50 cells out, farthest 126, nominal gap 90)  occupancy/1k [35 7 6 11 19 15 114 42]  carry->nest      66  born    1 died   17 (starved   10)
                own trail: route pk   26 end   26 along -0.0521  B nest->food [89,3092,6331,9753,8340]  blocked      309  kin swaps       0  ticks     42222  tumbles     18837 (homeward        0, 0.00%)  drops       0  chew parked      7 resumed      3 (        2 J)  DELIVERED     0  leg home n    0 med     0 p90     0 (laden n    0 med     0 p90     0)  appetite held         0 J of     20160  trips born-on-comb    0 (11 ants) / born-off    0 (10 ants)
                channel A: PEAK amt  10708 cells   87 (of 91 route)  POLARITY|| +0.01371 && +0.00576 SPAN -0.00283 edge   9.7  end nest->food [0,0,0,0,0]  nest   25  AtNest  5.18%
                Carrying: laden     46818  of which SPOIL      6888 ( 14.7%)
   90   14  hand    0/0          912      564    12822    10740        0    8/20        0          5 3 3 9 0
                A READ  ant-readable homeward along >= 0.02 on  15.2% of route-cell samples | plane lit on  29.1% | peak amt  10637 cells  86
                RETURN LEDGER reached food    8 of   20 ants | came back    0 | trips laden    0 empty    0
                founded x   12..88   (nest cursor 48 MATERIAL x 26..70 11 of 20 founders born on it; food 138; nearest founder 50 cells out, farthest 126, nominal gap 90)  occupancy/1k [39 17 16 13 5 22 19 9]  carry->nest      39  born    0 died   20 (starved   18)
                own trail: route pk   24 end    0 along +0.0000  B nest->food [89,3092,6331,9482,8293]  blocked      225  kin swaps       0  ticks     24103  tumbles     10029 (homeward        0, 0.00%)  drops       0  chew parked      2 resumed      1 (        1 J)  DELIVERED     0  leg home n    0 med     0 p90     0 (laden n    0 med     0 p90     0)  appetite held         0 J of      3840  trips born-on-comb    0 (11 ants) / born-off    0 (9 ants)
                channel A: PEAK amt  10637 cells   86 (of 91 route)  POLARITY|| +0.03293 && +0.01747 SPAN +0.00536 edge  12.3  end nest->food [0,0,0,0,0]  nest   25  AtNest 10.58%
                Carrying: laden     15522  of which SPOIL      4782 ( 30.8%)
   90   15  hand  111/12      762683     1086        0   564797        0  604/619       3      5 4 2 196 412
                A READ  ant-readable homeward along >= 0.02 on  21.7% of route-cell samples | plane lit on  39.5% | peak amt  13395 cells  73
                RETURN LEDGER reached food  604 of  619 ants | came back    3 | trips laden    0 empty    3
                LEGS legs[10828,13891,16301] laden[]
                founded x   12..88   (nest cursor 48 MATERIAL x 26..70 11 of 619 founders born on it; food 138; nearest founder 50 cells out, farthest 126, nominal gap 90)  occupancy/1k [45 27 5 33 131 7 18 1384]  carry->nest      57  born  599 died  488 (starved   31)
                own trail: route pk   59 end   11 along -0.0227  B nest->food [89,3092,6516,9766,9470]  blocked     2370  kin swaps       0  ticks    226462  tumbles    104745 (homeward        0, 0.00%)  drops       8  chew parked     73 resumed     31 (       64 J)  DELIVERED     0  leg home n    3 med 13891 p90 16301 (laden n    0 med     0 p90     0)  appetite held         0 J of    155520  trips born-on-comb    0 (11 ants) / born-off    3 (608 ants)
                channel A: PEAK amt  13395 cells   73 (of 91 route)  POLARITY|| -0.00324 && +0.00799 SPAN +0.01670 edge  14.2  end nest->food [0,655,3326,0,0]  nest   25  AtNest  0.38%
                Carrying: laden    572829  of which SPOIL      9271 (  1.6%)
   90   16  hand    0/0         3891      828    15588    21866        0   11/22        0         3 0 5 14 0
                A READ  ant-readable homeward along >= 0.02 on  15.7% of route-cell samples | plane lit on  30.2% | peak amt   9998 cells  86
                RETURN LEDGER reached food   11 of   22 ants | came back    0 | trips laden    0 empty    0
                founded x   12..88   (nest cursor 48 MATERIAL x 26..70 11 of 22 founders born on it; food 138; nearest founder 50 cells out, farthest 126, nominal gap 90)  occupancy/1k [36 17 13 8 21 53 12 8]  carry->nest      99  born    2 died   22 (starved   19)
                own trail: route pk   26 end    0 along +0.0000  B nest->food [89,3092,6331,9694,8316]  blocked      240  kin swaps       0  ticks     28554  tumbles     11931 (homeward        0, 0.00%)  drops       0  chew parked      5 resumed      2 (        1 J)  DELIVERED     0  leg home n    0 med     0 p90     0 (laden n    0 med     0 p90     0)  appetite held         0 J of      7680  trips born-on-comb    0 (11 ants) / born-off    0 (11 ants)
                channel A: PEAK amt   9998 cells   86 (of 91 route)  POLARITY|| +0.04277 && +0.03552 SPAN -0.00181 edge   8.8  end nest->food [0,0,0,0,0]  nest   25  AtNest 12.04%
                Carrying: laden     27896  of which SPOIL      7062 ( 25.3%)
   90   17  hand    6/5         9929      480        0    60726        0   12/24        1         5 4 2 12 1
                A READ  ant-readable homeward along >= 0.02 on  14.8% of route-cell samples | plane lit on  26.9% | peak amt   9635 cells  82
                RETURN LEDGER reached food   12 of   24 ants | came back    1 | trips laden    0 empty    1
                LEGS legs[2785] laden[]
                founded x   12..88   (nest cursor 48 MATERIAL x 26..70 11 of 24 founders born on it; food 138; nearest founder 50 cells out, farthest 126, nominal gap 90)  occupancy/1k [58 13 15 4 7 6 37 96]  carry->nest      13  born    4 died   18 (starved   13)
                own trail: route pk   24 end   14 along -0.0612  B nest->food [89,3092,6331,9439,8358]  blocked      138  kin swaps       0  ticks     39791  tumbles     18043 (homeward        0, 0.00%)  drops       0  chew parked      5 resumed      1 (        1 J)  DELIVERED     0  leg home n    1 med  2785 p90  2785 (laden n    0 med     0 p90     0)  appetite held         0 J of     29760  trips born-on-comb    0 (11 ants) / born-off    1 (13 ants)
                channel A: PEAK amt   9635 cells   82 (of 91 route)  POLARITY|| +0.02402 && +0.01090 SPAN -0.00427 edge  12.9  end nest->food [0,0,0,0,0]  nest   25  AtNest  3.72%
                Carrying: laden     62526  of which SPOIL      1902 (  3.0%)
   90   18  hand    1/1         4104      816        0    33306     2322   11/20        2         3 2 4 10 1
                A READ  ant-readable homeward along >= 0.02 on  24.8% of route-cell samples | plane lit on  43.7% | peak amt  10641 cells  87
                RETURN LEDGER reached food   11 of   20 ants | came back    2 | trips laden    1 empty    1
                LEGS legs[3265,1897] laden[1897]
                founded x   12..88   (nest cursor 48 MATERIAL x 26..70 11 of 20 founders born on it; food 138; nearest founder 50 cells out, farthest 126, nominal gap 90)  occupancy/1k [24 20 21 15 16 36 64 22]  carry->nest     114  born    0 died   19 (starved   16)
                own trail: route pk   59 end    0 along +0.0000  B nest->food [89,3098,6371,10351,8364]  blocked      206  kin swaps       0  ticks     36846  tumbles     15455 (homeward        0, 0.00%)  drops      21  chew parked     28 resumed     22 (    13926 J)  DELIVERED    21  leg home n    2 med  3265 p90  3265 (laden n    1 med  1897 p90  1897)  appetite held         0 J of     17280  trips born-on-comb    2 (11 ants) / born-off    0 (9 ants)
                channel A: PEAK amt  10641 cells   87 (of 91 route)  POLARITY|| +0.01907 && +0.02196 SPAN +0.00830 edge  13.1  end nest->food [0,2,0,0,0]  nest   25  AtNest  9.04%
                Carrying: laden     36624  of which SPOIL      3318 (  9.1%)
   90   19  hand    0/0         2052      828    14802    18414        0    9/20        0         3 1 3 13 0
                A READ  ant-readable homeward along >= 0.02 on  13.9% of route-cell samples | plane lit on  26.9% | peak amt   9945 cells  83
                RETURN LEDGER reached food    9 of   20 ants | came back    0 | trips laden    0 empty    0
                founded x   12..88   (nest cursor 48 MATERIAL x 26..70 11 of 20 founders born on it; food 138; nearest founder 50 cells out, farthest 126, nominal gap 90)  occupancy/1k [43 4 8 13 24 34 39 14]  carry->nest      87  born    0 died   20 (starved   18)
                own trail: route pk   32 end    0 along +0.0000  B nest->food [89,3092,6410,9783,8292]  blocked      165  kin swaps       0  ticks     30512  tumbles     12927 (homeward        0, 0.00%)  drops       0  chew parked      3 resumed      1 (        1 J)  DELIVERED     0  leg home n    0 med     0 p90     0 (laden n    0 med     0 p90     0)  appetite held         0 J of      8640  trips born-on-comb    0 (11 ants) / born-off    0 (9 ants)
                channel A: PEAK amt   9945 cells   83 (of 91 route)  POLARITY|| +0.03472 && +0.02224 SPAN +0.00066 edge   9.7  end nest->food [0,0,0,0,0]  nest   25  AtNest  5.27%
                Carrying: laden     20490  of which SPOIL      2076 ( 10.1%)
   90   20  hand    0/0         4620      660    18444    29668        0   11/21        0         6 2 0 13 0
                A READ  ant-readable homeward along >= 0.02 on  18.8% of route-cell samples | plane lit on  36.1% | peak amt   8957 cells  86
                RETURN LEDGER reached food   11 of   21 ants | came back    0 | trips laden    0 empty    0
                founded x   12..88   (nest cursor 48 MATERIAL x 26..70 11 of 21 founders born on it; food 138; nearest founder 50 cells out, farthest 126, nominal gap 90)  occupancy/1k [53 14 4 9 11 34 62 35]  carry->nest      79  born    1 died   21 (starved   18)
                own trail: route pk   35 end    0 along +0.0000  B nest->food [89,3092,6331,9592,8305]  blocked      223  kin swaps       0  ticks     37584  tumbles     16046 (homeward        0, 0.00%)  drops       0  chew parked      7 resumed      4 (        2 J)  DELIVERED     0  leg home n    0 med     0 p90     0 (laden n    0 med     0 p90     0)  appetite held         0 J of     14400  trips born-on-comb    0 (11 ants) / born-off    0 (10 ants)
                channel A: PEAK amt   8957 cells   86 (of 91 route)  POLARITY|| +0.01620 && +0.00662 SPAN +0.00680 edge  11.9  end nest->food [0,0,0,0,0]  nest   25  AtNest  4.81%
                Carrying: laden     33568  of which SPOIL      3948 ( 11.8%)
   90   21  hand    0/0         4620     1962    16416    26946        0    9/21        2         4 2 1 14 0
                A READ  ant-readable homeward along >= 0.02 on  19.2% of route-cell samples | plane lit on  35.4% | peak amt  15941 cells  85
                RETURN LEDGER reached food    9 of   21 ants | came back    2 | trips laden    0 empty    2
                LEGS legs[6859,7429] laden[]
                founded x   12..88   (nest cursor 48 MATERIAL x 26..70 11 of 21 founders born on it; food 138; nearest founder 50 cells out, farthest 126, nominal gap 90)  occupancy/1k [38 20 13 17 31 33 61 9]  carry->nest      83  born    1 died   21 (starved   17)
                own trail: route pk   39 end    0 along +0.0000  B nest->food [89,3092,6331,9825,8296]  blocked      215  kin swaps       0  ticks     37417  tumbles     16082 (homeward        0, 0.00%)  drops       0  chew parked      6 resumed      3 (        2 J)  DELIVERED     0  leg home n    2 med  7429 p90  7429 (laden n    0 med     0 p90     0)  appetite held         0 J of     14400  trips born-on-comb    0 (11 ants) / born-off    2 (10 ants)
                channel A: PEAK amt  15941 cells   85 (of 91 route)  POLARITY|| +0.03657 && +0.03200 SPAN +0.01644 edge  11.6  end nest->food [0,0,0,0,0]  nest   25  AtNest 10.06%
                Carrying: laden     30714  of which SPOIL      3768 ( 12.3%)
   90   22  hand    0/0         7878      666    22002    32378        0   12/25        0         7 1 4 13 0
                A READ  ant-readable homeward along >= 0.02 on  13.5% of route-cell samples | plane lit on  26.2% | peak amt  16223 cells  82
                RETURN LEDGER reached food   12 of   25 ants | came back    0 | trips laden    0 empty    0
                founded x   12..88   (nest cursor 48 MATERIAL x 26..70 11 of 25 founders born on it; food 138; nearest founder 50 cells out, farthest 126, nominal gap 90)  occupancy/1k [47 15 4 20 3 9 33 64]  carry->nest      67  born    5 died   24 (starved   19)
                own trail: route pk   56 end    0 along +0.0000  B nest->food [89,3092,6378,9837,8291]  blocked      145  kin swaps       0  ticks     32989  tumbles     14669 (homeward        0, 0.00%)  drops       0  chew parked      5 resumed      3 (        1 J)  DELIVERED     0  leg home n    0 med     0 p90     0 (laden n    0 med     0 p90     0)  appetite held         0 J of     14400  trips born-on-comb    0 (11 ants) / born-off    0 (14 ants)
                channel A: PEAK amt  16223 cells   82 (of 91 route)  POLARITY|| +0.01500 && +0.00204 SPAN -0.00090 edge  12.4  end nest->food [0,0,0,0,0]  nest   25  AtNest  6.44%
                Carrying: laden     36278  of which SPOIL      4230 ( 11.7%)
   90   23  hand    5/5         5065      546        0    34149        0    8/21        0          4 7 2 8 0
                A READ  ant-readable homeward along >= 0.02 on  12.5% of route-cell samples | plane lit on  20.5% | peak amt  12540 cells  80
                RETURN LEDGER reached food    8 of   21 ants | came back    0 | trips laden    0 empty    0
                founded x   12..88   (nest cursor 48 MATERIAL x 26..70 11 of 21 founders born on it; food 138; nearest founder 50 cells out, farthest 126, nominal gap 90)  occupancy/1k [55 4 30 15 9 12 43 44]  carry->nest      99  born    1 died   16 (starved   13)
                own trail: route pk   62 end   36 along -0.0262  B nest->food [89,3092,6358,9902,8291]  blocked      109  kin swaps       0  ticks     35865  tumbles     16095 (homeward        0, 0.00%)  drops       0  chew parked      3 resumed      1 (        0 J)  DELIVERED     0  leg home n    0 med     0 p90     0 (laden n    0 med     0 p90     0)  appetite held         0 J of     17280  trips born-on-comb    0 (11 ants) / born-off    0 (10 ants)
                channel A: PEAK amt  12540 cells   80 (of 91 route)  POLARITY|| +0.04503 && +0.07579 SPAN -0.00184 edge  10.9  end nest->food [0,0,0,20,0]  nest   25  AtNest  5.84%
                Carrying: laden     35427  of which SPOIL      1278 (  3.6%)
   90   24  hand    0/0        10188      990    17444    23992        0   15/28        0         6 0 6 16 0
                A READ  ant-readable homeward along >= 0.02 on  10.0% of route-cell samples | plane lit on  16.2% | peak amt   9774 cells  65
                RETURN LEDGER reached food   15 of   28 ants | came back    0 | trips laden    0 empty    0
                founded x   12..88   (nest cursor 48 MATERIAL x 26..70 11 of 28 founders born on it; food 138; nearest founder 50 cells out, farthest 126, nominal gap 90)  occupancy/1k [21 30 17 16 17 3 11 45]  carry->nest      29  born    8 died   28 (starved   17)
                own trail: route pk   46 end    0 along +0.0000  B nest->food [89,3092,6331,9568,8303]  blocked      106  kin swaps       0  ticks     26966  tumbles     11438 (homeward        0, 0.00%)  drops       0  chew parked      0 resumed      0 (        0 J)  DELIVERED     0  leg home n    0 med     0 p90     0 (laden n    0 med     0 p90     0)  appetite held         0 J of      7680  trips born-on-comb    0 (11 ants) / born-off    0 (17 ants)
                channel A: PEAK amt   9774 cells   65 (of 91 route)  POLARITY|| +0.03183 && +0.02849 SPAN +0.00150 edge  11.6  end nest->food [0,0,0,0,0]  nest   25  AtNest  5.64%
                Carrying: laden     25666  of which SPOIL      1674 (  6.5%)
   90   25  hand    0/0         6426      804    22110    37293        0   12/22        0         5 2 3 12 0
                A READ  ant-readable homeward along >= 0.02 on  17.8% of route-cell samples | plane lit on  34.3% | peak amt  10893 cells  86
                RETURN LEDGER reached food   12 of   22 ants | came back    0 | trips laden    0 empty    0
                founded x   12..88   (nest cursor 48 MATERIAL x 26..70 11 of 22 founders born on it; food 138; nearest founder 50 cells out, farthest 126, nominal gap 90)  occupancy/1k [24 10 21 14 12 47 65 33]  carry->nest      91  born    2 died   21 (starved   16)
                own trail: route pk   29 end    0 along +0.0000  B nest->food [89,3092,6331,9750,8293]  blocked      255  kin swaps       0  ticks     38186  tumbles     16744 (homeward        0, 0.00%)  drops       0  chew parked      5 resumed      1 (        1 J)  DELIVERED     0  leg home n    0 med     0 p90     0 (laden n    0 med     0 p90     0)  appetite held         0 J of     19200  trips born-on-comb    0 (11 ants) / born-off    0 (11 ants)
                channel A: PEAK amt  10893 cells   86 (of 91 route)  POLARITY|| +0.01964 && +0.02092 SPAN +0.01405 edge  12.1  end nest->food [0,0,0,0,0]  nest   25  AtNest  4.02%
                Carrying: laden     42447  of which SPOIL     19295 ( 45.5%)
   90   26  hand    0/0         7202      780    11166     6806        0    9/26        0          8 2 5 8 3
                A READ  ant-readable homeward along >= 0.02 on  15.8% of route-cell samples | plane lit on  26.4% | peak amt   8033 cells  67
                RETURN LEDGER reached food    9 of   26 ants | came back    0 | trips laden    0 empty    0
                founded x   12..88   (nest cursor 48 MATERIAL x 26..70 11 of 26 founders born on it; food 138; nearest founder 50 cells out, farthest 126, nominal gap 90)  occupancy/1k [57 7 15 20 12 14 3 3]  carry->nest       9  born    6 died   24 (starved   18)
                own trail: route pk   16 end    0 along +0.0000  B nest->food [89,3092,6331,9508,8317]  blocked      155  kin swaps       0  ticks     22520  tumbles      9344 (homeward        0, 0.00%)  drops       0  chew parked      1 resumed      0 (        0 J)  DELIVERED     0  leg home n    0 med     0 p90     0 (laden n    0 med     0 p90     0)  appetite held         0 J of      2880  trips born-on-comb    0 (11 ants) / born-off    0 (15 ants)
                channel A: PEAK amt   8033 cells   67 (of 91 route)  POLARITY|| +0.04070 && +0.01287 SPAN +0.00139 edge  16.8  end nest->food [0,0,0,0,0]  nest   25  AtNest 13.51%
                Carrying: laden      9542  of which SPOIL      2736 ( 28.7%)
   90   27  hand    8/8         7943      792        0    49381        0   11/22        1         5 1 2 14 0
                A READ  ant-readable homeward along >= 0.02 on  15.7% of route-cell samples | plane lit on  29.3% | peak amt   9267 cells  85
                RETURN LEDGER reached food   11 of   22 ants | came back    1 | trips laden    0 empty    1
                LEGS legs[8701] laden[]
                founded x   12..88   (nest cursor 48 MATERIAL x 26..70 11 of 22 founders born on it; food 138; nearest founder 50 cells out, farthest 126, nominal gap 90)  occupancy/1k [23 10 17 21 13 13 125 70]  carry->nest      56  born    2 died   14 (starved   11)
                own trail: route pk   33 end   31 along -0.0659  B nest->food [89,3092,6332,10224,8299]  blocked      353  kin swaps       0  ticks     49572  tumbles     22202 (homeward        0, 0.00%)  drops       0  chew parked      5 resumed      1 (        1 J)  DELIVERED     0  leg home n    1 med  8701 p90  8701 (laden n    0 med     0 p90     0)  appetite held         0 J of     24960  trips born-on-comb    1 (11 ants) / born-off    0 (11 ants)
                channel A: PEAK amt   9267 cells   85 (of 91 route)  POLARITY|| +0.01947 && +0.01429 SPAN -0.00640 edge  11.2  end nest->food [0,27,46,0,0]  nest   25  AtNest  3.70%
                Carrying: laden     55519  of which SPOIL      6138 ( 11.1%)
   90   28  hand    0/0         1859      684    10932    10908        0    5/21        0          5 0 9 7 0
                A READ  ant-readable homeward along >= 0.02 on   8.4% of route-cell samples | plane lit on  15.3% | peak amt  13076 cells  66
                RETURN LEDGER reached food    5 of   21 ants | came back    0 | trips laden    0 empty    0
                founded x   12..88   (nest cursor 48 MATERIAL x 26..70 11 of 21 founders born on it; food 138; nearest founder 50 cells out, farthest 126, nominal gap 90)  occupancy/1k [18 21 24 23 18 20 9 2]  carry->nest      55  born    1 died   21 (starved   18)
                own trail: route pk   28 end    0 along +0.0000  B nest->food [89,3092,6340,9626,8292]  blocked      151  kin swaps       0  ticks     23076  tumbles      9866 (homeward        0, 0.00%)  drops       0  chew parked      0 resumed      0 (        0 J)  DELIVERED     0  leg home n    0 med     0 p90     0 (laden n    0 med     0 p90     0)  appetite held         0 J of      2880  trips born-on-comb    0 (11 ants) / born-off    0 (10 ants)
                channel A: PEAK amt  13076 cells   66 (of 91 route)  POLARITY|| +0.04953 && +0.03046 SPAN -0.00141 edge   9.9  end nest->food [0,0,0,0,0]  nest   25  AtNest  9.45%
                Carrying: laden     14046  of which SPOIL      3138 ( 22.3%)
   90   29  hand    0/0            0      774     7224     3012        0    4/20        0          3 2 9 6 0
                A READ  ant-readable homeward along >= 0.02 on  10.4% of route-cell samples | plane lit on  19.0% | peak amt  10450 cells  75
                RETURN LEDGER reached food    4 of   20 ants | came back    0 | trips laden    0 empty    0
                founded x   12..88   (nest cursor 48 MATERIAL x 26..70 11 of 20 founders born on it; food 138; nearest founder 50 cells out, farthest 126, nominal gap 90)  occupancy/1k [26 12 16 17 21 13 1 1]  carry->nest      25  born    0 died   20 (starved   17)
                own trail: route pk    0 end    0 along +0.0000  B nest->food [89,3092,6331,9485,8292]  blocked      212  kin swaps       0  ticks     18684  tumbles      7969 (homeward        0, 0.00%)  drops       0  chew parked      0 resumed      0 (        0 J)  DELIVERED     0  leg home n    0 med     0 p90     0 (laden n    0 med     0 p90     0)  appetite held         0 J of         0  trips born-on-comb    0 (11 ants) / born-off    0 (9 ants)
                channel A: PEAK amt  10450 cells   75 (of 91 route)  POLARITY|| +0.07791 && +0.05171 SPAN -0.00984 edge   7.2  end nest->food [0,0,0,0,0]  nest   25  AtNest  7.54%
                Carrying: laden      9264  of which SPOIL      6252 ( 67.5%)
   90   30  hand    2/1        14314      840        0    47515     1824   17/30        2         6 2 2 19 1
                A READ  ant-readable homeward along >= 0.02 on  16.8% of route-cell samples | plane lit on  30.3% | peak amt   9977 cells  81
                RETURN LEDGER reached food   17 of   30 ants | came back    2 | trips laden    1 empty    1
                LEGS legs[4507,5605] laden[4507]
                founded x   12..88   (nest cursor 48 MATERIAL x 26..70 11 of 30 founders born on it; food 138; nearest founder 50 cells out, farthest 126, nominal gap 90)  occupancy/1k [27 17 23 19 21 35 17 33]  carry->nest      94  born   10 died   28 (starved   21)
                own trail: route pk   60 end    0 along +0.0000  B nest->food [89,3138,6360,9749,8369]  blocked      237  kin swaps       0  ticks     32780  tumbles     13724 (homeward        0, 0.00%)  drops      27  chew parked     31 resumed     27 (    16993 J)  DELIVERED    27  leg home n    2 med  5605 p90  5605 (laden n    1 med  4507 p90  4507)  appetite held         0 J of     20160  trips born-on-comb    0 (11 ants) / born-off    2 (19 ants)
                channel A: PEAK amt   9977 cells   81 (of 91 route)  POLARITY|| +0.02828 && +0.02814 SPAN +0.01418 edge  12.9  end nest->food [0,0,0,0,0]  nest   25  AtNest  6.36%
                Carrying: laden     51535  of which SPOIL      4020 (  7.8%)
   90   31  hand    0/0         4728      798    11682    19279        0   11/23        0         5 3 2 13 0
                A READ  ant-readable homeward along >= 0.02 on  14.9% of route-cell samples | plane lit on  30.8% | peak amt   9343 cells  86
                RETURN LEDGER reached food   11 of   23 ants | came back    0 | trips laden    0 empty    0
                founded x   12..88   (nest cursor 48 MATERIAL x 26..70 11 of 23 founders born on it; food 138; nearest founder 50 cells out, farthest 126, nominal gap 90)  occupancy/1k [64 4 17 6 9 7 37 14]  carry->nest      72  born    3 died   23 (starved   18)
                own trail: route pk   31 end    0 along +0.0000  B nest->food [89,3092,6332,9619,8295]  blocked      119  kin swaps       0  ticks     26985  tumbles     11111 (homeward        0, 0.00%)  drops       0  chew parked      5 resumed      4 (        2 J)  DELIVERED     0  leg home n    0 med     0 p90     0 (laden n    0 med     0 p90     0)  appetite held         0 J of      5760  trips born-on-comb    0 (11 ants) / born-off    0 (12 ants)
                channel A: PEAK amt   9343 cells   86 (of 91 route)  POLARITY|| +0.03305 && +0.01267 SPAN +0.00196 edge  13.3  end nest->food [0,0,0,0,0]  nest   25  AtNest 10.96%
                Carrying: laden     21355  of which SPOIL      2076 (  9.7%)
   90   32  hand    0/0         6777      666    13902    22781        0   11/24        2         4 1 7 12 0
                A READ  ant-readable homeward along >= 0.02 on  16.9% of route-cell samples | plane lit on  30.2% | peak amt  11543 cells  83
                RETURN LEDGER reached food   11 of   24 ants | came back    2 | trips laden    0 empty    2
                LEGS legs[9901,7579] laden[]
                founded x   12..88   (nest cursor 48 MATERIAL x 26..70 11 of 24 founders born on it; food 138; nearest founder 50 cells out, farthest 126, nominal gap 90)  occupancy/1k [43 25 8 19 58 25 9 10]  carry->nest     136  born    4 died   24 (starved   19)
                own trail: route pk   39 end    0 along +0.0000  B nest->food [89,3092,6547,9533,8295]  blocked      174  kin swaps       0  ticks     33550  tumbles     14507 (homeward        0, 0.00%)  drops       0  chew parked      4 resumed      0 (        0 J)  DELIVERED     0  leg home n    2 med  9901 p90  9901 (laden n    0 med     0 p90     0)  appetite held         0 J of     10560  trips born-on-comb    0 (11 ants) / born-off    2 (13 ants)
                channel A: PEAK amt  11543 cells   83 (of 91 route)  POLARITY|| +0.04133 && +0.02779 SPAN +0.00628 edge  13.0  end nest->food [0,0,0,0,0]  nest   25  AtNest  3.78%
                Carrying: laden     25229  of which SPOIL      2448 (  9.7%)
   90   33  hand    8/7        11032      768        0    54490        0   16/25        0         4 1 4 16 0
                A READ  ant-readable homeward along >= 0.02 on  13.8% of route-cell samples | plane lit on  27.6% | peak amt   9550 cells  87
                RETURN LEDGER reached food   16 of   25 ants | came back    0 | trips laden    0 empty    0
                founded x   12..88   (nest cursor 48 MATERIAL x 26..70 11 of 25 founders born on it; food 138; nearest founder 50 cells out, farthest 126, nominal gap 90)  occupancy/1k [26 19 5 7 8 6 82 101]  carry->nest      73  born    5 died   16 (starved    9)
                own trail: route pk   40 end   36 along -0.0705  B nest->food [89,3092,6331,9747,8294]  blocked      111  kin swaps       0  ticks     43045  tumbles     19449 (homeward        0, 0.00%)  drops       0  chew parked     10 resumed      5 (        4 J)  DELIVERED     0  leg home n    0 med     0 p90     0 (laden n    0 med     0 p90     0)  appetite held         0 J of     28800  trips born-on-comb    0 (11 ants) / born-off    0 (14 ants)
                channel A: PEAK amt   9550 cells   87 (of 91 route)  POLARITY|| +0.01807 && +0.01671 SPAN -0.00186 edge   9.3  end nest->food [0,0,0,0,0]  nest   25  AtNest  6.06%
                Carrying: laden     57124  of which SPOIL      6120 ( 10.7%)
   90   34  hand    0/0         3534      600    13770    18756        0   13/22        0         1 3 2 12 4
                A READ  ant-readable homeward along >= 0.02 on  17.5% of route-cell samples | plane lit on  30.7% | peak amt  10250 cells  86
                RETURN LEDGER reached food   13 of   22 ants | came back    0 | trips laden    0 empty    0
                founded x   12..88   (nest cursor 48 MATERIAL x 26..70 11 of 22 founders born on it; food 138; nearest founder 50 cells out, farthest 126, nominal gap 90)  occupancy/1k [25 21 11 20 13 13 53 12]  carry->nest      20  born    2 died   22 (starved   20)
                own trail: route pk   21 end    0 along +0.0000  B nest->food [89,3092,6331,9532,8470]  blocked      104  kin swaps       0  ticks     28525  tumbles     12259 (homeward        0, 0.00%)  drops       0  chew parked      5 resumed      1 (        0 J)  DELIVERED     0  leg home n    0 med     0 p90     0 (laden n    0 med     0 p90     0)  appetite held         0 J of      6720  trips born-on-comb    0 (11 ants) / born-off    0 (11 ants)
                channel A: PEAK amt  10250 cells   86 (of 91 route)  POLARITY|| +0.04058 && +0.03012 SPAN +0.00042 edge   9.4  end nest->food [0,0,0,0,0]  nest   25  AtNest 12.99%
                Carrying: laden     20850  of which SPOIL      2094 ( 10.0%)
   90   35  hand    6/6         9623      666        0    59445        0   14/23        0         7 0 2 14 0
                A READ  ant-readable homeward along >= 0.02 on  15.4% of route-cell samples | plane lit on  30.0% | peak amt   6712 cells  86
                RETURN LEDGER reached food   14 of   23 ants | came back    0 | trips laden    0 empty    0
                founded x   12..88   (nest cursor 48 MATERIAL x 26..70 11 of 23 founders born on it; food 138; nearest founder 50 cells out, farthest 126, nominal gap 90)  occupancy/1k [30 13 3 5 22 11 35 125]  carry->nest      30  born    3 died   17 (starved    9)
                own trail: route pk   27 end   17 along -0.0448  B nest->food [89,3092,6331,9497,8293]  blocked      136  kin swaps       0  ticks     41251  tumbles     18515 (homeward        0, 0.00%)  drops       2  chew parked      6 resumed      2 (        1 J)  DELIVERED     0  leg home n    0 med     0 p90     0 (laden n    0 med     0 p90     0)  appetite held         0 J of     30720  trips born-on-comb    0 (11 ants) / born-off    0 (12 ants)
                channel A: PEAK amt   6712 cells   86 (of 91 route)  POLARITY|| +0.01335 && +0.00636 SPAN +0.00442 edge  12.6  end nest->food [0,0,0,0,0]  nest   25  AtNest  2.59%
                Carrying: laden     62058  of which SPOIL      6467 ( 10.4%)
   90   36  hand    0/0        27223      462    21630    50676        0   29/39        2         3 1 1 34 0
                A READ  ant-readable homeward along >= 0.02 on  26.7% of route-cell samples | plane lit on  51.6% | peak amt  15095 cells  86
                RETURN LEDGER reached food   29 of   39 ants | came back    2 | trips laden    0 empty    2
                LEGS legs[10221,13000] laden[]
                founded x   12..88   (nest cursor 48 MATERIAL x 26..70 11 of 39 founders born on it; food 138; nearest founder 50 cells out, farthest 126, nominal gap 90)  occupancy/1k [42 17 13 40 22 32 104 43]  carry->nest     144  born   19 died   37 (starved   22)
                own trail: route pk   39 end    0 along +0.0000  B nest->food [89,3092,6376,9955,8315]  blocked      647  kin swaps       0  ticks     51670  tumbles     21857 (homeward        0, 0.00%)  drops       0  chew parked      8 resumed      3 (        5 J)  DELIVERED     0  leg home n    2 med 13000 p90 13000 (laden n    0 med     0 p90     0)  appetite held         0 J of     19200  trips born-on-comb    0 (11 ants) / born-off    2 (28 ants)
                channel A: PEAK amt  15095 cells   86 (of 91 route)  POLARITY|| +0.02803 && +0.01977 SPAN +0.00190 edge  12.5  end nest->food [0,0,0,0,0]  nest   25  AtNest  5.24%
                Carrying: laden     59316  of which SPOIL      8640 ( 14.6%)

  larder put out, over the whole sweep: 97440-525600 J, against a need near 46,800 J
    for 52 ants over 24,000 frames -- so these colonies are provisioned, not starved.
  intake off anything that is not the larder is ASSERTED to be 0 in every row, not printed.

  `self` vs `mute` is the real question: do the ants' OWN trails do anything?
  `visitors` is DISTINCT ants that reached the food over distinct ants that ever lived --
    recruitment, which `near` ant-ticks cannot see: 50 visitors and 1 resident read alike.
  `trips` is nest -> food -> nest, closed on the RETURN. `reach` buckets every ant by how
  `occupancy` is ant-ticks in 8 equal bands, NEST END FIRST, food end last -- a commuting
    colony is bimodal, a dispersing one slides its mass right, a homebody is a spike at 0.
  `carry->nest` is signed cells moved while holding larder, POSITIVE = homeward. Near zero
    means food is picked up and wandered with, which is a different fault from not finding it.
    far it ever got, as a share of the gap, so a commuting population is visible as a shape.
  `hand` vs `self` only says whether a laid ramp beats what they bootstrap.
  `hmute` is the DECAY BASELINE for `route pk`: our ramp laid, the ants silenced.
  `flatN`/`flatF` are the POLARITY metric's negative controls: a FLAT channel A blob over
    the nest half / the food half, ants' EmitA silenced. A field with no ramp in it at all.
    A correct metric reads 0 on both. POLARITY|| is predicted to read ~+0.12 and ~-0.12,
    which brackets every polarity figure in the report -- see `lay_flat`.
  `homeA` lays a channel A HOMING ramp and no food trail -- if laden ants only fail
    to route because they cannot find their way home, this is where their own B appears.
  `carry` is ant-ticks holding larder in the crop; `carry@nest` is those inside the +-26 nest band --
    that pair is the answer to "is food being carried back", which a cell census cannot give.
  `other J` must read 0 in every row: it is the check that `onlyfood` held.
  A gap where `alive` reaches 0 in every arm is measuring a dead colony, not a deaf one.
