creature_arena: species=ant arm=same seeds=12 frames=24000 mirror=on padarm=off ants=52 founders=8 predators=0 plasticity=1 dev=[] hidden=["Bias:0:-45", "CarryingFood:0:45.5", "PheroAAlong:0:6", "Bias:1:-45", "CarryingFood:1:45.5", "PheroAAlong:1:-6", "Bias:2:30", "CarryingFood:2:-75", "PheroBAlong:2:6", "Bias:3:30", "CarryingFood:3:-75", "PheroBAlong:3:-6"]
active synapses billed per tick (synapse_fraction x eval_brain's W_EPS=0.01 rule): arm A 51, arm B 51  -- already equal

 seed  A alive  B alive   B share  A cells  B cells  B cells%   A gen   B gen
  founding grant lasts 12000 frames of doing nothing; this colony is founded at 0 and so gets 24000 of this 24000-frame run. The horizon outlasts the endowment, so an arm that never feeds must die inside it.
    1        5        0      0.0%       10        0      0.0%       3       0   (lines surviving A 52 B 52)  threat sightings 0/2726 (0.0%)
    2        4        4     50.0%        8        8     50.0%       0       1   (lines surviving A 52 B 52)  threat sightings 0/1710 (0.0%)
    3        0        0      0.0%        0        0      0.0%       0       0   (lines surviving A 52 B 52)  threat sightings 0/0 (n/a)
    4       11        5     31.2%       22       10     31.2%       0       1   (lines surviving A 52 B 52)  threat sightings 0/379 (0.0%)
    5        3        1     25.0%        6        2     25.0%       0       0   (lines surviving A 52 B 52)  threat sightings 0/0 (n/a)
    6        3        0      0.0%        6        0      0.0%       1       0   (lines surviving A 52 B 52)  threat sightings 0/0 (n/a)
    7       12        8     40.0%       24       16     40.0%       2       1   (lines surviving A 52 B 52)  threat sightings 0/3477 (0.0%)
    8        3        0      0.0%        6        0      0.0%       0       0   (lines surviving A 52 B 52)  threat sightings 0/0 (n/a)
    9        7        5     41.7%       14       10     41.7%       1       1   (lines surviving A 52 B 52)  threat sightings 0/888 (0.0%)
   10        4        5     55.6%        8       10     55.6%       1       2   (lines surviving A 52 B 52)  threat sightings 0/341 (0.0%)
   11        8        6     42.9%       16       12     42.9%       1       1   (lines surviving A 52 B 52)  threat sightings 0/849 (0.0%)
   12       11        3     21.4%       22        6     21.4%       2       0   (lines surviving A 52 B 52)  threat sightings 0/505 (0.0%)

arm B share of animals: median 31.2%  (q1 0.0% q3 42.9%)  |  seeds below 50%: 10, above: 1, tied: 1

arm B share of cells: median 31.2%  (q1 0.0% q3 42.9%)  |  seeds below 50%: 10, above: 1, tied: 1

Read the seed count, not the median. The lab census spans 2.42x-3.12x on the world seed alone with no true effect present.

threat sightings across all 12 seeds: 0 of 10875 sight casts saw a hunter -- duty cycle 0.0% ("how often the eye had a hunter to report", the quantity `Reports/creature-vision-sizing-2026-08-30.md` §3 sized the sight radius from).
  WHOLE BOX, NOT ONE ARM: both arms share sight=N's one eye, so this total cannot say which arm did the seeing -- only whether the sense saw anything all run. Read it against the per-seed table above: an arm whose A alive/B alive sits at zero could not have been the one looking.

*** THREAT_SIGHTINGS IS ZERO ACROSS ALL 12 SEEDS (10875 sight casts made, not one of them found a hunter). ***
*** No animal, on arm A or arm B, ever once saw something that could eat it. A threat-response arm (arm=wire wiring ThreatBearing/ThreatNear) raced against a bed reading this is a null about the BED, not about flight -- no eyes were open (pass sight=N) or nothing threatening was ever in view (pass predators=N). Nothing this run says about flight is interpretable. This is the positive control that §4a's race was run without. ***
