creature_arena: species=ant arm=same seeds=12 frames=24000 mirror=off padarm=off ants=52 founders=8 predators=0 plasticity=1 dev=[] hidden=[]
active synapses billed per tick (synapse_fraction x eval_brain's W_EPS=0.01 rule): arm A 51, arm B 51  -- already equal

 seed  A alive  B alive   B share  A cells  B cells  B cells%   A gen   B gen
  founding grant lasts 12000 frames of doing nothing; this colony is founded at 0 and so gets 24000 of this 24000-frame run. The horizon outlasts the endowment, so an arm that never feeds must die inside it.
    1        3        1     25.0%        6        2     25.0%       1       0   (lines surviving A 26 B 26)  threat sightings 0/795 (0.0%)
    2        7        1     12.5%       14        2     12.5%       0       0   (lines surviving A 26 B 26)  threat sightings 0/0 (n/a)
    3        2        0      0.0%        4        0      0.0%       1       0   (lines surviving A 26 B 26)  threat sightings 0/649 (0.0%)
    4        3        3     50.0%        6        6     50.0%       0       0   (lines surviving A 26 B 26)  threat sightings 0/0 (n/a)
    5        0        1    100.0%        0        2    100.0%       0       0   (lines surviving A 26 B 26)  threat sightings 0/0 (n/a)
    6        0        1    100.0%        0        2    100.0%       0       0   (lines surviving A 26 B 26)  threat sightings 0/0 (n/a)
    7        5        5     50.0%       10       10     50.0%       0       1   (lines surviving A 26 B 26)  threat sightings 0/35 (0.0%)
    8        3        0      0.0%        6        0      0.0%       1       0   (lines surviving A 26 B 26)  threat sightings 0/0 (n/a)
    9        1        2     66.7%        2        4     66.7%       0       1   (lines surviving A 26 B 26)  threat sightings 0/0 (n/a)
   10        2        3     60.0%        4        6     60.0%       1       1   (lines surviving A 26 B 26)  threat sightings 0/130 (0.0%)
   11        1        5     83.3%        2       10     83.3%       0       1   (lines surviving A 26 B 26)  threat sightings 0/408 (0.0%)
   12        1        1     50.0%        2        2     50.0%       0       0   (lines surviving A 26 B 26)  threat sightings 0/0 (n/a)

arm B share of animals: median 50.0%  (q1 25.0% q3 83.3%)  |  seeds below 50%: 4, above: 5, tied: 3

arm B share of cells: median 50.0%  (q1 25.0% q3 83.3%)  |  seeds below 50%: 4, above: 5, tied: 3

Read the seed count, not the median. The lab census spans 2.42x-3.12x on the world seed alone with no true effect present.

threat sightings across all 12 seeds: 0 of 2017 sight casts saw a hunter -- duty cycle 0.0% ("how often the eye had a hunter to report", the quantity `Reports/creature-vision-sizing-2026-08-30.md` §3 sized the sight radius from).
  WHOLE BOX, NOT ONE ARM: both arms share sight=N's one eye, so this total cannot say which arm did the seeing -- only whether the sense saw anything all run. Read it against the per-seed table above: an arm whose A alive/B alive sits at zero could not have been the one looking.

*** THREAT_SIGHTINGS IS ZERO ACROSS ALL 12 SEEDS (2017 sight casts made, not one of them found a hunter). ***
*** No animal, on arm A or arm B, ever once saw something that could eat it. A threat-response arm (arm=wire wiring ThreatBearing/ThreatNear) raced against a bed reading this is a null about the BED, not about flight -- no eyes were open (pass sight=N) or nothing threatening was ever in view (pass predators=N). Nothing this run says about flight is interpretable. This is the positive control that §4a's race was run without. ***
