  diet: larder=fruit onlyfood=on
   90    1  hand   10/9        11853     1146        0    71150        0   13/23        0         6 0 2 15 0
   90    1  self    0/0          960     4044     5406     1098        0    2/21        0         10 7 2 2 0
   90    2  hand    4/4         8580      600        0    55299      810   14/22        2         5 1 2 14 0
   90    2  self    0/0            0     3102     5124     1314        0    1/20        0         11 3 5 1 0
   90    3  hand    2/2         8316      564        0    49554        0   13/22        3         7 2 0 13 0
   90    3  self    0/0            0        0     6024        0        0    0/20        0         11 4 4 1 0
   90    4  hand    0/0        17550     1050    21674    39813        0   20/34        1        7 1 1 15 10
   90    4  self    0/0            0     1416     4992      804        0    1/20        0          9 4 4 3 0
   90    5  hand    7/7         9911      534        0    75050        0   11/21        0         3 2 4 11 1
   90    5  self    0/0            0     3288     5166     1314        0    2/20        0         11 4 3 2 0
   90    6  hand    0/0         1596      528    19248    19356     2640    6/20        2         3 3 3 11 0
   90    6  self    0/0            0        0     5646        0        0    0/20        0          9 8 3 0 0
   90    7  hand    7/7        12410      540        0    63757        0   15/24        1         3 4 2 14 1
   90    7  self    0/0            0     3426     4914       18        0    2/20        0         12 3 2 3 0
   90    8  hand    9/8        22932      576        0    82713     1330   23/34        3         4 5 2 21 2
   90    8  self    0/0         3174     3522    20124    15750     4152    4/21        3         10 2 5 4 0
   90    9  hand    0/0        16951      660    23532    43095        0   18/32        4         5 4 4 18 1
   90    9  self    0/0            0     3186     4746     1194        0    2/20        0          9 9 0 1 1
   90   10  hand    3/3        12170      696        0    39140        0   17/28        0         5 4 1 17 1
   90   10  self    0/0            0     2700     4956     1374        0    3/20        0         12 4 1 2 1
   90   11  hand    1/1         7974      756        0    43943     2238   11/23        5         6 1 3 11 2
   90   11  self    1/1         1368     3330        0    10968     4728    3/20        2         11 4 2 3 0
   90   12  hand    3/1        24995      630        0    60902     8933   23/39        3        5 2 5 12 15
   90   12  self    0/0            0        0     5910        0        0    0/20        0         10 8 1 1 0
   90   13  hand   32/17      348468      588        0   429097     4562  286/297       3      6 2 2 106 181
   90   13  self    0/0            0     3672     6492        0        0    1/20        0         10 8 1 1 0
   90   14  hand  141/19      842015      564        0   631693     7426  538/550      13      5 2 1 101 441
   90   14  self    2/2        31886     2652        0    52626        0   28/45        0       10 7 0 11 17
   90   15  hand    4/4        10749     1086        0    67435        0   13/22        4         6 0 1 12 3
   90   15  self    0/0            0        0     4746        0        0    0/20        0         10 6 4 0 0
   90   16  hand    9/9        10474      828        0    65869        0   12/22        0         4 3 0 14 1
   90   16  self    0/0            0     2856     5358       66        0    1/20        0         12 1 4 3 0
   90   17  hand   12/8        14815      480        0    67453        0   15/26        1         6 1 2 16 1
   90   17  self    0/0         1200      930     5106     1230        0    2/21        0         12 4 3 1 1
   90   18  hand  136/19      351521      816        0   600067    11578  243/255      27       3 3 1 61 187
   90   18  self    0/0            0        0     4974        0        0    0/20        0          9 8 3 0 0
   90   19  hand    8/7         9136      828        0    60432        0   12/22        1         3 4 2 13 0
   90   19  self    0/0            0     4344     4848        0        0    1/20        0          8 4 7 1 0
   90   20  hand    9/9        19038      660        0    70543        0   20/30        3         6 2 2 18 2
   90   20  self    0/0            0     2490     5514      606        0    1/20        0         13 4 2 0 1
   90   21  hand   17/2        34047     1962        0    61668       72   34/47        2        3 3 7 20 14
   90   21  self    0/0            0        0     5028        0        0    0/20        0         10 7 2 1 0
   90   22  hand    3/3        24529      666        0    35391        0   25/38        1         8 1 3 19 7
   90   22  self    0/0            0        0     4926        0        0    0/20        0         12 5 2 1 0
   90   23  hand    0/0         9307      546    17910    32877     3065   11/26        2         5 0 7 11 3
   90   23  self    0/0            0        0     4830        0        0    0/20        0         11 5 3 1 0
   90   24  hand    0/0         7957      990    19734    32112        0   11/26        0          5 3 6 6 6
   90   24  self    0/0            0     3336     5172      522        0    1/20        0         10 7 1 2 0
   90   25  hand    6/6        10419      804        0    75584        0   14/22        2         3 2 2 15 0
   90   25  self    0/0            0     4050     5778     1698        0    1/20        0         13 3 2 2 0
   90   26  hand    0/0         2556      780    18006    17120        0    6/22        0          6 4 4 8 0
   90   26  self    0/0            0        0     4464        0        0    0/20        0         10 8 2 0 0
   90   27  hand    3/3         9956      792        0    44994     5706   13/25        4         3 1 7 12 2
   90   27  self    0/0            0        0     5766        0        0    0/20        0         11 6 3 0 0
   90   28  hand    6/6         8623      684        0    67844        0   10/21        0         5 5 1 10 0
   90   28  self  116/2       263328     3210        0   356918     4477  191/212       3      12 4 4 44 148
   90   29  hand    0/0         3721      774    20652    22746     3900    7/22        3         3 4 4 11 0
   90   29  self    1/1         6173     2904        0    12244     3714    7/25        1          6 9 3 6 1
   90   30  hand    3/3        25966      840        0    65888     8076   22/39        2         5 2 6 20 6
   90   30  self    0/0            0     3060     4578     1776        0    2/20        0          9 5 4 2 0
   90   31  hand    2/2         5600      798        0    38664        0    8/21        3          5 0 6 9 1
   90   31  self    0/0            0     2670     5472       36        0    1/20        0         11 7 1 1 0
   90   32  hand    1/1         4140      666        0    28917        0    9/21        2         5 4 1 10 1
   90   32  self    0/0          456     1194    18018     6288      954    1/20        0         10 4 4 2 0
   90   33  hand    8/7        16326      768        0    86304        0   18/26        1         4 1 2 19 0
   90   33  self    0/0            0     2580     4308      540        0    1/20        0         10 7 1 2 0
   90   34  hand    6/6         9174      600        0    56353       30   12/22        5         3 2 4 12 1
   90   34  self    0/0         1200     2922     4716     2058        0    2/21        0          8 6 5 2 0
   90   35  hand    8/8         9914      666        0    62122        0   14/23        2         6 1 2 14 0
   90   35  self    0/0          912     2328    16788     8214     2172    2/20        1          8 3 5 4 0
   90   36  hand    4/4         8841      462        0    60871        0   13/21        2         5 0 0 16 0
   90   36  self    0/0            0        0     6552        0        0    0/20        0         12 5 2 1 0
