  diet: larder=fruit onlyfood=on
   90    1  hand    0/0         6732     1146    20004    33025        0   13/23        0         6 0 3 14 0
   90    1  self    0/0          228     3858    14004     1938        0    1/20        0         10 6 3 1 0
   90    2  hand   28/5       145255      600        0   208810        0  112/125       0        4 3 5 27 86
   90    2  self    1/1         2363     3126        0     9661        0    3/21        0         10 7 1 3 0
   90    3  hand    4/3         4140      564        0    31221     3294    9/21        1         7 2 2 10 0
   90    3  self    0/0            0     3258     6330      480        0    1/20        0         10 3 6 1 0
   90    4  hand    5/2        23283     1050        0    61945        0   26/38        1         5 3 3 25 2
   90    4  self    0/0            0     1416     5178      318        0    1/20        0         11 3 3 3 0
   90    5  hand    0/0         3876      534    20922    29868     1134    9/20        1         6 0 0 14 0
   90    5  self    1/1         1884     2796        0     6402     1662    2/21        1          9 9 1 2 0
   90    6  hand  126/7       276056      528        0   221705      124  199/222       1       8 4 2 72 136
   90    6  self    0/0            0     2244     5622      888        0    2/20        0          9 4 5 2 0
   90    7  hand   97/12      335968      540        0   400065     3969  245/261       7       6 6 3 67 179
   90    7  self    0/0            0     2586     5016     1110        0    2/20        0          8 6 2 3 1
   90    8  hand    1/1         5721      576        0    33870        0   10/22        2         5 2 3 12 0
   90    8  self    0/0            0     3630     5760     2034        0    3/20        0          9 6 1 4 0
   90    9  hand   13/2       150050      660        0   207663     6721  129/146       3       9 4 4 27 102
   90    9  self    0/0            0        0     4548        0        0    0/20        0         11 7 2 0 0
   90   10  hand    0/0         2508      696    16386    21426        0    9/20        0         3 1 5 11 0
   90   10  self    0/0            0     3162     5034        0        0    1/20        0         10 4 2 4 0
   90   11  hand    1/1        10537      756        0    40619        0   15/26        0         5 5 0 15 1
   90   11  self    0/0            0        0     4410        0        0    0/20        0         10 7 3 0 0
   90   12  hand    0/0          228      630     8076     7194        0    5/20        0          4 7 4 4 1
   90   12  self    0/0            0        0     6030        0        0    0/20        0         12 6 1 1 0
   90   13  hand    0/0        11471      588    19278    26138      312   17/29        0         2 1 5 19 2
   90   13  self    0/0            0        0     4782        0        0    0/20        0         11 6 3 0 0
   90   14  hand   65/10      465707      564        0   534710     6760  309/336      10      7 5 8 136 180
   90   14  self    0/0         1428     2556     6006     4320        0    3/21        0          9 6 3 2 1
   90   15  hand    0/0        13759     1086    23082    19628      702   20/32        1         5 2 3 15 7
   90   15  self    0/0            0     4092     4620      210        0    1/20        0          9 6 3 2 0
   90   16  hand    1/1         6642      828        0    31986       84   15/23        1         2 0 3 16 2
   90   16  self    0/0         1695     2100    10002     7566        0    5/21        0          8 7 1 5 0
   90   17  hand    0/0         3905      480    17918    24114        0    6/21        0          7 4 0 8 2
   90   17  self    0/0            0      936     5352     2232        0    2/20        0         11 3 3 2 1
   90   18  hand    0/0        20015      816    15930    39807        0   21/34        0         5 0 2 19 8
   90   18  self    0/0            0        0     4902        0        0    0/20        0         12 6 1 1 0
   90   19  hand    1/1         3876      828        0    30252        0   11/20        0         6 1 2 11 0
   90   19  self    0/0            0     3888     5004      552        0    2/20        0          9 5 4 2 0
   90   20  hand    0/0         5131      660    15066    20442      516   11/23        2         6 1 4 10 2
   90   20  self    0/0            0     2460     5424      714        0    1/20        0         12 5 1 2 0
   90   21  hand    0/0          228     1980     7860     4974        0    6/20        0          3 2 5 8 2
   90   21  self    0/0            0        0     7890        0        0    0/20        0         10 6 3 1 0
   90   22  hand    2/2         3648      666        0    31380     3036   10/20        2         5 1 3 11 0
   90   22  self    0/0            0        0     4770        0        0    0/20        0         10 7 2 1 0
   90   23  hand    0/0         9265      546    19071    32488     2238   13/26        2         5 0 3 14 4
   90   23  self    0/0            0     4026     4878      576        0    3/20        0         10 6 1 3 0
   90   24  hand    0/0          684      990    12912     8616      120    8/20        1         3 4 2 11 0
   90   24  self    0/0            0     3090     5448     2844        0    3/20        0         10 6 1 2 1
   90   25  hand    1/1         4104      804        0    35551        0   10/20        0         6 1 3 10 0
   90   25  self    0/0          228     3510    14736     1740        0    2/20        0         12 5 1 2 0
   90   26  hand    5/4         7884      780        0    48722        0   11/23        0         3 5 3 11 1
   90   26  self    0/0         1428     3126     5862     2688        0    2/21        0          8 6 5 2 0
   90   27  hand    0/0         5205      792    22572    36660     2130   13/21        1         4 4 0 13 0
   90   27  self    0/0            0     3882     6168     1908        0    2/20        0          8 6 3 3 0
   90   28  hand    0/0         2052      684    19914    20010        0    6/20        0         5 1 3 10 1
   90   28  self    0/0          684     2826    21438     5232      990    2/20        1         11 5 2 2 0
   90   29  hand   11/3        23607      774        0    50017        0   25/38        0         5 0 8 23 2
   90   29  self    0/0            0     3198     4968     1734        0    1/20        0         11 6 1 2 0
   90   30  hand    0/0         7342      840     7320    10278        0   12/27        0         6 0 3 15 3
   90   30  self    0/0            0     3498     4776        0        0    1/20        0         10 5 2 3 0
   90   31  hand    4/3        14854      798        0    47404        0   16/29        0         6 3 4 15 1
   90   31  self    0/0            0        0     5586        0        0    0/20        0         11 6 3 0 0
   90   32  hand   48/8       123520      666        0   161803     3906  101/112       3        7 0 4 55 46
   90   32  self    1/1          684     1194        0     6354        0    1/20        0         11 7 0 2 0
   90   33  hand    3/3         7209      768        0    44265        0   12/22        0         3 4 2 12 1
   90   33  self    0/0            0        0     4410        0        0    0/20        0         10 3 5 2 0
   90   34  hand    0/0         4668      600    23820    22559        0    8/22        0          4 1 8 9 0
   90   34  self    0/0            0        0     4686        0        0    0/20        0         10 6 4 0 0
   90   35  hand    0/0         5016      666    22122    39420      450   12/20        1         7 1 0 12 0
   90   35  self    1/1          684     2328        0     7386     1536    2/20        0         10 3 5 2 0
   90   36  hand    0/0         6033      462    17376    32760      288   13/22        1         4 0 1 16 1
   90   36  self    0/0            0        0     5844        0        0    0/20        0         12 5 2 1 0
