  diet: larder=fruit onlyfood=on
   90    1  hand   13/10       26563     1146        0    74356        0   29/38        1         6 0 2 26 4
   90    1  mute    0/0            0        0     5166        0        0    0/20        0         10 5 4 1 0
   90    1  self    0/0            0     5406     5586      138        0    1/20        0         14 3 2 1 0
   90    2  hand    0/0         4836      600    20040    32106        0   10/21        1         5 0 4 12 0
   90    2  mute    0/0            0        0     4452        0        0    0/20        0         12 4 4 0 0
   90    2  self    0/0            0     3384     4848      414        0    1/20        0          9 7 3 1 0
   90    3  hand    5/5        16914      564        0    69356        0   19/29        0         5 3 1 18 2
   90    3  mute    0/0            0     3366     5838      456        0    1/20        0         11 5 3 1 0
   90    3  self    0/0            0     2778     5970      372        0    1/20        0         11 5 3 1 0
   90    4  hand    6/4        12827     1050        0    56080     1386   16/28        1         4 3 2 16 3
   90    4  mute    0/0            0     1416     4710      804        0    1/20        0         12 4 3 1 0
   90    4  self    0/0            0     1416     4548      318        0    1/20        0         11 4 4 1 0
   90    5  hand    5/5         9746      534        0    38978        0   11/25        1         5 6 2 11 1
   90    5  mute    0/0            0        0     5022        0        0    0/20        0         13 3 4 0 0
   90    5  self    0/0            0        0     5010        0        0    0/20        0         11 6 3 0 0
   90    6  hand    4/4         9220      528        0    48056        0   11/24        1          8 4 1 9 2
   90    6  mute    0/0            0        0     5556        0        0    0/20        0         10 4 5 1 0
   90    6  self    0/0            0     2856     5394      372        0    1/20        0          9 8 1 2 0
   90    7  hand    7/6        15728      540        0    57631        0   18/28        0         5 3 1 19 0
   90    7  mute    0/0         5918     2304     8663    12255        0    7/25        0         10 5 3 5 2
   90    7  self    0/0            0     2304     4872     1086        0    1/20        0         12 3 4 1 0
   90    8  hand    0/0         3732      576    15612    22168        0    9/22        0          4 5 4 9 0
   90    8  mute    0/0            0     3702     5322      564        0    1/20        0         11 5 3 1 0
   90    8  self    3/3         3000     2670        0    21361        0    5/21        0         11 4 1 5 0
   90    9  hand    0/0         4728      660     8412    14670        0   11/24        0          6 5 2 8 3
   90    9  mute    0/0            0     3738     4644      348        0    1/20        0         10 3 4 2 1
   90    9  self    0/0            0     3186     4728     1008        0    1/20        0         12 4 3 0 1
   90   10  hand   91/9       496956      696        0   464927     1915  348/361       4       4 4 4 96 253
   90   10  mute    0/0            0     2700     4842     1374        0    3/20        0         14 2 1 2 1
   90   10  self    0/0            0     2700     4542      498        0    1/20        0         10 4 3 3 0
   90   11  hand    0/0         3359      756    13992    22254        0    7/21        0         2 4 5 10 0
   90   11  mute    0/0            0     3864     5106      522        0    1/20        0         12 3 4 1 0
   90   11  self    0/0            0        0     5070        0        0    0/20        0         14 1 4 1 0
   90   12  hand  149/18      746531      630        0   513002     2286  496/513       2      5 0 6 154 348
   90   12  mute    0/0            0     2916     5094     1650        0    1/20        0         11 5 2 2 0
   90   12  self    0/0            0        0     5460        0        0    0/20        0          9 7 3 1 0
   90   13  hand    1/1         9719      588        0    41073        0   14/26        0         6 5 1 13 1
   90   13  mute    0/0            0        0     5136        0        0    0/20        0          9 8 3 0 0
   90   13  self    0/0            0     4008     4722      378        0    1/20        0         10 6 3 1 0
   90   14  hand  219/6       666471      564        0   838696     3992  475/503       8     5 6 11 137 344
   90   14  mute    0/0            0     2118     5520     1164        0    1/20        0         11 4 4 1 0
   90   14  self    0/0         2160     2556     5592     1333        0    3/22        0          8 6 4 4 0
   90   15  hand   13/8        92975     1086        0   143230        0   80/92        3        4 2 2 58 26
   90   15  mute    0/0            0        0     4620        0        0    0/20        0         14 4 1 1 0
   90   15  self    0/0            0        0     4500        0        0    0/20        0         11 8 1 0 0
   90   16  hand    9/4        29057      828        0    87299        0   29/38        0         4 2 3 27 2
   90   16  mute    0/0            0        0     5790        0        0    0/20        0          7 6 5 2 0
   90   16  self    0/0            0        0     5274        0        0    0/20        0         12 1 7 0 0
   90   17  hand    6/5        11382      480        0    46328        0   15/26        0         7 3 1 12 3
   90   17  mute    0/0         1200      930     4626     1230        0    2/21        0         12 6 0 3 0
   90   17  self    0/0            0      930     4890     3150        0    2/20        0         10 4 4 2 0
   90   18  hand  216/19      855176      816        0  1114531     1812  570/592       5      2 3 5 133 449
   90   18  mute    0/0            0        0     4692        0        0    0/20        0          9 6 5 0 0
   90   18  self    0/0            0     3780     4692      270        0    1/20        0         10 5 3 2 0
   90   19  hand    3/3        15908      828        0    57204        0   19/30        1         3 1 6 16 4
   90   19  mute    0/0            0     3792     5226     1404        0    1/20        0         11 2 4 3 0
   90   19  self    0/0            0        0     4812        0        0    0/20        0         12 6 2 0 0
   90   20  hand    9/7        22938      660        0    79830        0   23/33        1         7 2 0 21 3
   90   20  mute    0/0            0     2490     5970      606        0    1/20        0         10 8 1 0 1
   90   20  self    0/0            0     2490     5700      606        0    1/20        0         12 5 1 1 1
   90   21  hand    0/0         4604     1962    12478    12649        0    7/23        0          5 3 6 9 0
   90   21  mute    0/0            0        0     5472        0        0    0/20        0         11 6 1 2 0
   90   21  self    0/0            0        0     4818        0        0    0/20        0         11 7 1 1 0
   90   22  hand    6/6         8304      666        0    53877        0   15/22        0         5 2 0 15 0
   90   22  mute    0/0            0     3618     4710      408        0    3/20        0         12 5 0 3 0
   90   22  self    0/0            0        0     4842        0        0    0/20        0          9 7 3 1 0
   90   23  hand    0/0         8671      546    10230    23975        0   15/27        0         4 2 3 15 3
   90   23  mute    0/0            0     4026     4974      894        0    1/20        0         11 5 2 2 0
   90   23  self    0/0            0        0     4956        0        0    0/20        0         11 4 4 1 0
   90   24  hand    3/2        15706      990        0    40350        0   23/31        0         4 1 3 20 3
   90   24  mute    0/0            0     4776     4950      144        0    1/20        0          9 5 4 2 0
   90   24  self    0/0         1392     3276    12006    10590        0    4/21        0         11 3 2 5 0
   90   25  hand   10/8        12669      804        0    67227        0   17/25        1         4 2 1 18 0
   90   25  mute    0/0         7531     3870    11892    14651        0    9/27        0         11 5 2 7 2
   90   25  self    0/0            0        0     4926        0        0    0/20        0         13 0 7 0 0
   90   26  hand    0/0         1860      780    11916    12780        0    3/21        0          7 3 2 9 0
   90   26  mute    0/0            0        0     4620        0        0    0/20        0         12 4 3 1 0
   90   26  self    0/0            0     3138     4704     1470        0    1/20        0         11 5 1 3 0
   90   27  hand    4/4         9148      792        0    57193        0   15/23        0         5 2 1 15 0
   90   27  mute    0/0            0     4356     5244      456        0    1/20        0         11 5 3 0 1
   90   27  self    0/0            0        0     4884        0        0    0/20        0         10 9 1 0 0
   90   28  hand   92/9       293500      684        0   242635       55  202/216       3       5 2 6 96 107
   90   28  mute    0/0            0        0     5094        0        0    0/20        0         10 4 5 1 0
   90   28  self    0/0            0        0     4926        0        0    0/20        0          9 8 1 2 0
   90   29  hand    0/0         2785      774    18378    17451        0    8/22        0          2 5 7 6 2
   90   29  mute    0/0            0     4074     4626      522        0    1/20        0          9 7 3 1 0
   90   29  self    0/0          228     2478     6006     2424        0    1/20        0         10 6 3 1 0
   90   30  hand    1/1        10908      840        0    36671        0   15/27        0         5 0 6 14 2
   90   30  mute    0/0         1200     3048     4752     1303        0    2/21        0         11 4 4 2 0
   90   30  self    0/0            0     3060     4800      576        0    1/20        0         10 6 2 2 0
   90   31  hand    0/0         3240      798    13638    20580        0    8/21        0         3 4 3 10 1
   90   31  mute    0/0            0        0     6108        0        0    0/20        0         12 6 1 1 0
   90   31  self    0/0            0        0     5706        0        0    0/20        0         13 6 1 0 0
   90   32  hand   14/14      555744      666        0   504097      756  410/423       3      5 2 4 111 301
   90   32  mute    0/0            0     1194     5250     3210        0    2/20        0         10 5 3 2 0
   90   32  self    0/0         1404     1194    14004     7488        0    3/21        0         10 6 1 4 0
   90   33  hand   86/4       265355      768        0   263570        0  226/234       0       4 1 2 83 144
   90   33  mute    0/0            0     2478     4722      576        0    2/20        0         11 5 1 3 0
   90   33  self    0/0            0     2478     4866      588        0    2/20        0          9 6 1 4 0
   90   34  hand    4/3        14591      600        0    52382     2032   14/30        2        4 0 12 12 2
   90   34  mute    0/0        20985     2748     5121    20584        0   21/39        0         9 5 4 1 20
   90   34  self    0/0            0     2748     4422      684        0    2/20        0         11 4 3 2 0
   90   35  hand  132/9       536511      666        0   405537        0  373/384       0      6 2 3 116 257
   90   35  mute    1/1         8430     2328        0    33415        0   10/26        0          8 3 4 9 2
   90   35  self    0/0            0     2328     5616     2922        0    1/20        0         11 4 3 2 0
   90   36  hand    1/1         8611      462        0    40033        0   13/24        1         4 0 7 12 1
   90   36  mute    0/0            0        0     6858        0        0    0/20        0         10 6 3 1 0
   90   36  self    0/0            0        0     6846        0        0    0/20        0          8 8 3 1 0
