  diet: larder=fruit onlyfood=on
   90    1  hand    1/1         5532     1146        0    35525       54   13/21        1         6 1 1 13 0
   90    1  self    0/0            0        0     5058        0        0    0/20        0          8 6 6 0 0
   90    2  hand    5/4        14657      600        0    57518        0   15/28        0         5 3 5 15 0
   90    2  self    0/0            0     3732     4620      828        0    1/20        0         10 6 3 1 0
   90    3  hand    2/2         3024      564        0    18876       42    6/21        1          7 3 2 8 1
   90    3  self    0/0            0        0     6420        0        0    0/20        0         10 8 2 0 0
   90    4  hand    0/0         7271     1050    19458    29071     3312   11/25        2         6 3 1 11 4
   90    4  self    0/0            0     1416     5298      318        0    1/20        0         11 3 4 2 0
   90    5  hand    1/1         2280      534        0    20688     5316    8/20        1         7 1 1 11 0
   90    5  self    0/0            0     3072     4866      402        0    1/20        0         13 3 3 1 0
   90    6  hand    0/0         6445      528    12684    18304        0   10/25        0          6 4 4 9 2
   90    6  self    0/0            0        0     5364        0        0    0/20        0         10 6 4 0 0
   90    7  hand    4/4        11457      540        0    53236     7980   13/26        3         5 4 3 12 2
   90    7  self    0/0            0     2586     4536     1110        0    2/20        0         11 4 1 3 1
   90    8  hand    0/0         5287      576    23826    35484        0   12/21        1         6 2 1 12 0
   90    8  self    0/0            0     3612     5988     1398        0    2/20        0         12 3 1 4 0
   90    9  hand    6/6        71026      660        0   160225    14660   60/73        7        6 4 2 26 35
   90    9  self    0/0            0        0     4926        0        0    0/20        0         11 3 6 0 0
   90   10  hand    7/7        18037      696        0    63072     2010   19/31        2         3 6 3 18 1
   90   10  self    0/0            0        0     5208        0        0    0/20        0         12 3 2 3 0
   90   11  hand    4/4         3192      756        0    25890      594    6/20        1          6 6 1 7 0
   90   11  self    0/0            0     3906     5382     1296        0    1/20        0         11 5 2 2 0
   90   12  hand    0/0         3903      630    15666    31146     5436    9/21        1        10 0 0 10 1
   90   12  self    0/0            0        0     4932        0        0    0/20        0         12 6 1 1 0
   90   13  hand    0/0         9940      588    14538    32939       66   13/26        1         2 4 2 18 0
   90   13  self    0/0            0     3378     5292      852        0    1/20        0         12 6 1 1 0
   90   14  hand   11/11       21935      564        0    67771     3258   19/33        3        6 1 4 12 10
   90   14  self    0/0            0     3510     5172      180        0    1/20        0          9 7 2 2 0
   90   15  hand    1/1        30481     1086        0    61308     2136   32/44        2        4 4 2 18 16
   90   15  self    0/0            0     4074     5022     1098        0    2/20        0         12 5 1 2 0
   90   16  hand    1/1         5958      828        0    27282        0   13/23        0         2 0 4 15 2
   90   16  self    1/1         1884     2100        0     5232      918    3/21        1         10 5 3 3 0
   90   17  hand    1/1         4188      480        0    26264     1920   10/22        1          7 4 1 9 1
   90   17  self    0/0            0      936     5118     1146        0    1/20        0          9 5 4 1 1
   90   18  hand    0/0        10677      816    14684    30437        0   15/27        0         5 1 4 16 1
   90   18  self    0/0            0     3240     5010     1704        0    1/20        0          8 9 2 1 0
   90   19  hand    0/0         3648      828    18744    28518        0    9/20        0         6 1 2 11 0
   90   19  self    0/0            0        0     4614        0        0    0/20        0         11 8 1 0 0
   90   20  hand    0/0         4843      660    20286    22308        0   10/22        3          5 2 5 8 2
   90   20  self    0/0            0        0     5532        0        0    0/20        0         10 8 1 1 0
   90   21  hand    2/2         2808     1980        0    18972     4368    7/21        1         3 2 5 10 1
   90   21  self    0/0            0        0     7902        0        0    0/20        0         10 6 3 1 0
   90   22  hand   55/5       188570      666        0   189126     4236  151/165       3        5 4 5 85 66
   90   22  self    0/0         1562     3456    22374     3918        0    2/21        0         10 6 2 3 0
   90   23  hand    0/0         9836      546    19920    29067     4176   13/27        2         5 2 4 11 5
   90   23  self    0/0            0        0     4890        0        0    0/20        0         11 5 2 2 0
   90   24  hand    1/1         1140      990        0    12252        0    7/20        0          6 3 3 8 0
   90   24  self    0/0            0     3336     4944      510        0    1/20        0         12 4 2 2 0
   90   25  hand    0/0         2736      804    20724    23004     1980    8/20        2         5 1 3 11 0
   90   25  self    0/0            0     3996     5730     1704        0    1/20        0         10 6 3 1 0
   90   26  hand    7/7         5508      780        0    41108        0   11/21        0         3 3 4 11 0
   90   26  self    0/0            0     3366     4164      942        0    2/20        0         11 4 3 2 0
   90   27  hand    7/4        27307      792        0    53513        0   31/41        1        3 5 1 16 16
   90   27  self    0/0          456     4212    19938     3486        0    2/20        0         11 5 2 2 0
   90   28  hand    2/2         8856      684        0    31680      660   11/25        3         5 2 6 12 0
   90   28  self    0/0          684     3678    21438     5232     1662    2/20        2         11 4 2 3 0
   90   29  hand    1/1         1824      774        0    17106     3996    7/20        3          5 0 6 9 0
   90   29  self    0/0          456     3198    22002     4110        0    1/20        0          9 7 3 1 0
   90   30  hand    1/1        10088      840        0    25874     5610   14/28        2         6 1 5 13 3
   90   30  self    0/0            0     3240     4896     1614        0    1/20        0          9 7 1 3 0
   90   31  hand    0/0         2280      798    14796    19032        0    8/20        0         3 3 3 10 1
   90   31  self    0/0            0        0     5520        0        0    0/20        0         12 6 1 1 0
   90   32  hand    5/5         9802      666        0    52543     2388   12/24        2         7 0 5 12 0
   90   32  self    1/1          684     1194        0     6558     2484    3/20        0         12 2 1 5 0
   90   33  hand    3/3         6463      768        0    47246        0   11/21        0         4 2 3 10 2
   90   33  self    0/0            0     3468     4638      510        0    1/20        0         12 4 3 1 0
   90   34  hand    0/0         2052      600    20118    16758        0    8/20        0         2 0 8 10 0
   90   34  self    0/0            0        0     5040        0        0    0/20        0         10 4 6 0 0
   90   35  hand    0/0         1824      666    13962    14634        0    7/20        0         5 1 4 10 0
   90   35  self    0/0            0     2328     5466     2820      102    1/20        0         10 5 4 1 0
   90   36  hand    0/0         5340      462    14322    29755        0   10/22        0         3 2 0 15 2
   90   36  self    0/0            0        0     6294        0        0    0/20        0         10 4 4 2 0
