  diet: larder=fruit onlyfood=on
   90    1  hand    1/1         5929     1146        0    42552     5046   10/21        8         6 0 2 11 2
   90    1  mute    0/0          960     4044     5406     1098        0    2/21        0         10 7 2 2 0
   90    1  self    2/2        15386     3144        0    29086     5694   14/32        2        11 4 2 15 0
   90    2  hand    0/0         4222      600    15726    25752       48    9/21        4         5 0 4 11 1
   90    2  mute    0/0            0     3102     5124     1314        0    1/20        0         11 3 5 1 0
   90    2  self    0/0            0     3114     5004        0        0    1/20        0          9 4 6 1 0
   90    3  hand    2/2         7523      564        0    38178      624   14/23        1         7 0 2 13 1
   90    3  mute    0/0            0        0     6024        0        0    0/20        0         11 4 4 1 0
   90    3  self    0/0            0     2778     6996      372        0    1/20        0          9 7 3 1 0
   90    4  hand   26/6       520285     1050        0   429662     2829  354/372       4       7 7 2 76 280
   90    4  mute    0/0            0     1416     4992      804        0    1/20        0          9 4 4 3 0
   90    4  self    0/0         5142     1416     5040     3342        0    7/25        0         12 4 2 4 3
   90    5  hand    0/0         5856      534    18396    23226        0   11/23        0         6 0 2 15 0
   90    5  mute    0/0            0     3288     5166     1314        0    2/20        0         11 4 3 2 0
   90    5  self    0/0            0        0     5076        0        0    0/20        0         12 1 5 2 0
   90    6  hand    5/3        15382      528        0    70980     3498   13/28        3         3 4 4 15 2
   90    6  mute    0/0            0        0     5646        0        0    0/20        0          9 8 3 0 0
   90    6  self    0/0            0        0     6006        0        0    0/20        0         12 3 4 1 0
   90    7  hand    0/0        10737      540    14850    29823      192   14/27        4         3 4 3 17 0
   90    7  mute    0/0            0     3426     4914       18        0    2/20        0         12 3 2 3 0
   90    7  self    0/0            0     2304     4518     1254        0    1/20        0         10 4 4 2 0
   90    8  hand    0/0         1872      576    13260    13026        0    7/21        0         4 2 4 10 1
   90    8  mute    0/0         3174     3522    20124    15750     4152    4/21        3         10 2 5 4 0
   90    8  self    0/0            0     4326     5118      450        0    1/20        0         10 4 4 2 0
   90    9  hand    0/0         3528      660    10068    13423     5095    8/23        1          9 3 3 5 3
   90    9  mute    0/0            0     3186     4746     1194        0    2/20        0          9 9 0 1 1
   90    9  self    0/0            0     3186     4686     1218        0    3/20        0         11 4 2 2 1
   90   10  hand    0/0         3835      696    13116    22614       60    8/21        2         2 5 2 12 0
   90   10  mute    0/0            0     2700     4956     1374        0    3/20        0         12 4 1 2 1
   90   10  self    0/0            0     2700     4956     1452        0    1/20        0         13 3 1 3 0
   90   11  hand   87/12      726867      756        0   527000     1702  480/492       4      3 5 4 131 349
   90   11  mute    1/1         1368     3330        0    10968     4728    3/20        2         11 4 2 3 0
   90   11  self    0/0            0     3618     4716     1050        0    2/20        0         13 2 3 2 0
   90   12  hand   45/7       199373      630        0   300506     5237  162/178       4      11 3 1 40 123
   90   12  mute    0/0            0        0     5910        0        0    0/20        0         10 8 1 1 0
   90   12  self    0/0            0        0     5286        0        0    0/20        0         12 3 3 2 0
   90   13  hand    0/0         7970      588     8658    13026     1926   13/27        1         4 1 6 15 1
   90   13  mute    0/0            0     3672     6492        0        0    1/20        0         10 8 1 1 0
   90   13  self    0/0            0     4008     4722      414        0    1/20        0         10 6 3 1 0
   90   14  hand    4/3         5600      564        0    37505        0    8/22        0          5 3 4 7 3
   90   14  mute    2/2        31886     2652        0    52626        0   28/45        0       10 7 0 11 17
   90   14  self    0/0         4320     2652     4938     1320        0    5/24        0         11 7 0 6 0
   90   15  hand    0/0        15964     1086    20004    44037        0   18/30        0         6 1 1 13 9
   90   15  mute    0/0            0        0     4746        0        0    0/20        0         10 6 4 0 0
   90   15  self    0/0            0        0     4734        0        0    0/20        0         9 10 1 0 0
   90   16  hand    4/2        18987      828        0    57788     4997   20/35        2         4 2 8 18 3
   90   16  mute    0/0            0     2856     5358       66        0    1/20        0         12 1 4 3 0
   90   16  self    0/0            0        0     5100        0        0    0/20        0         13 3 2 2 0
   90   17  hand   13/5        22881      480        0    71502     5278   23/35        3         7 4 1 21 2
   90   17  mute    0/0         1200      930     5106     1230        0    2/21        0         12 4 3 1 1
   90   17  self    0/0            0      930     5316     2808        0    2/20        0         11 3 2 4 0
   90   18  hand   56/12      460687      816        0   578592      648  344/357       8      5 2 5 155 190
   90   18  mute    0/0            0        0     4974        0        0    0/20        0          9 8 3 0 0
   90   18  self    0/0            0     3558     4680      384        0    2/20        0          9 4 5 2 0
   90   19  hand    0/0         3192      828    14904    26784        0    7/20        2         3 0 6 11 0
   90   19  mute    0/0            0     4344     4848        0        0    1/20        0          8 4 7 1 0
   90   19  self    0/0            0        0     4860        0        0    0/20        0         11 7 2 0 0
   90   20  hand    7/7         9325      660        0    41995        0   14/24        0         7 0 3 12 2
   90   20  mute    0/0            0     2490     5514      606        0    1/20        0         13 4 2 0 1
   90   20  self    0/0            0     2490     5892      606        0    1/20        0         12 4 3 0 1
   90   21  hand    1/1         2088     1962        0    13680     3474    5/21        1          4 3 4 9 1
   90   21  mute    0/0            0        0     5028        0        0    0/20        0         10 7 2 1 0
   90   21  self    0/0            0        0     5004        0        0    0/20        0         11 6 2 1 0
   90   22  hand    0/0         3648      666    18138    32532     1500   11/20        1         6 0 0 14 0
   90   22  mute    0/0            0        0     4926        0        0    0/20        0         12 5 2 1 0
   90   22  self    0/0            0        0     4746        0        0    0/20        0         11 6 2 1 0
   90   23  hand    0/0         7746      546    14577    29025     2028   13/25        1         5 1 1 14 4
   90   23  mute    0/0            0        0     4830        0        0    0/20        0         11 5 3 1 0
   90   23  self    0/0            0        0     4830        0        0    0/20        0         11 5 2 2 0
   90   24  hand    1/1         4205      990        0    20764     2418    9/22        1          5 2 5 9 1
   90   24  mute    0/0            0     3336     5172      522        0    1/20        0         10 7 1 2 0
   90   24  self    0/0            0     3336     5154      516        0    1/20        0         12 5 1 2 0
   90   25  hand    9/9         6612      804        0    53101        0   11/20        1         3 3 1 13 0
   90   25  mute    0/0            0     4050     5778     1698        0    1/20        0         13 3 2 2 0
   90   25  self    0/0            0        0     5046        0        0    0/20        0         13 4 3 0 0
   90   26  hand    0/0         2772      780    14592    19002        0    6/21        0         3 3 4 11 0
   90   26  mute    0/0            0        0     4464        0        0    0/20        0         10 8 2 0 0
   90   26  self    0/0            0     3900     4494      138        0    1/20        0         10 8 1 1 0
   90   27  hand    1/1         8704      792        0    49656        0   13/23        0         5 2 2 14 0
   90   27  mute    0/0            0        0     5766        0        0    0/20        0         11 6 3 0 0
   90   27  self    0/0            0     3540     5298      144        0    1/20        0          9 7 3 1 0
   90   28  hand  101/6       456611      684        0   568695      888  372/388       2      5 5 4 141 233
   90   28  mute  116/2       263328     3210        0   356918     4477  191/212       3      12 4 4 44 148
   90   28  self    0/0          456     2964    14004     4290        0    2/20        1         11 4 2 3 0
   90   29  hand    0/0            0      774     7134     6894        0    7/20        0          3 3 6 7 1
   90   29  mute    1/1         6173     2904        0    12244     3714    7/25        1          6 9 3 6 1
   90   29  self    0/0            0     4008     4872      204        0    1/20        0         10 6 3 1 0
   90   30  hand    6/2        14491      840        0    34094     3126   16/31        0         6 1 7 15 2
   90   30  mute    0/0            0     3060     4578     1776        0    2/20        0          9 5 4 2 0
   90   30  self    0/0            0     3402     4692      690        0    2/20        0         11 3 4 2 0
   90   31  hand    1/1         2508      798        0    19176      852    6/20        1          4 5 5 5 1
   90   31  mute    0/0            0     2670     5472       36        0    1/20        0         11 7 1 1 0
   90   31  self    0/0            0        0     5526        0        0    0/20        0         10 8 2 0 0
   90   32  hand    1/1         6061      666        0    37272        0   10/22        0         5 6 0 11 0
   90   32  mute    0/0          456     1194    18018     6288      954    1/20        0         10 4 4 2 0
   90   32  self    0/0            0     1194     5484     3078        0    2/20        0         10 4 1 5 0
   90   33  hand    6/6         6156      768        0    51775        0   11/20        0         4 3 1 11 1
   90   33  mute    0/0            0     2580     4308      540        0    1/20        0         10 7 1 2 0
   90   33  self    0/0            0     2580     4608      462        0    1/20        0         11 5 3 1 0
   90   34  hand    4/3         6695      600        0    38167     2226   10/23        2         3 3 6 10 1
   90   34  mute    0/0         1200     2922     4716     2058        0    2/21        0          8 6 5 2 0
   90   34  self  131/1       426432     2922        0   395851        0  296/317       0       8 8 3 86 212
   90   35  hand    1/1         5749      666        0    42791      132   12/21        3         6 2 0 13 0
   90   35  mute    0/0          912     2328    16788     8214     2172    2/20        1          8 3 5 4 0
   90   35  self    0/0            0     2328     5364     1998        0    2/20        0          8 7 3 2 0
   90   36  hand    0/0        12890      462    22006    59725        0   18/27        1         6 1 0 18 2
   90   36  mute    0/0            0        0     6552        0        0    0/20        0         12 5 2 1 0
   90   36  self    0/0            0        0     6498        0        0    0/20        0         10 7 2 1 0
