  diet: larder=fruit onlyfood=on
   90    1  hand    0/0            0     4644     5004      222        0    1/20        0         12 4 3 1 0
   90    1  self    0/0          228     3858    12324     1740        0    1/20        0         10 6 3 1 0
   90    2  hand    0/0          912     2070    10986     6972      264    2/20        2          8 5 4 3 0
   90    2  self    2/1         9109     3126        0    28237        0    9/27        0         10 7 1 9 0
   90    3  hand    0/0        12910     1668    20002    31612        0   11/30        0        11 1 6 10 2
   90    3  self    0/0            0     3258     6330      480        0    1/20        0         10 3 6 1 0
   90    4  hand    0/0            0     1416     4782      318        0    2/20        0         12 4 1 3 0
   90    4  self    0/0            0     1416     5178      318        0    1/20        0         11 3 3 3 0
   90    5  hand    0/0            0        0     4896        0        0    0/20        0         11 4 4 1 0
   90    5  self    0/0         1884     2796    22242     6402     1662    2/21        1          9 9 1 2 0
   90    6  hand    0/0            0     1626     5934      534        0    2/20        0          9 8 0 3 0
   90    6  self    0/0         2963     2244    21084     8046     3246    4/22        1          9 4 5 2 2
   90    7  hand    0/0            0     1506     4794      474        0    1/20        0         11 6 2 1 0
   90    7  self    0/0         4431     2586     8512     8068        0    6/24        0          9 6 1 3 5
   90    8  hand    0/0            0     2160     5382     1944        0    2/20        0         10 5 2 2 1
   90    8  self    1/1         2517     3630        0    12282     3720    5/21        2          9 6 1 5 0
   90    9  hand    0/0            0        0     5040        0        0    0/20        0          9 7 2 2 0
   90    9  self    0/0            0        0     4548        0        0    0/20        0         11 7 2 0 0
   90   10  hand    2/1         8590     2544        0    32721        0    9/26        0         11 5 1 6 3
   90   10  self    0/0            0     3162     5034        0        0    1/20        0         10 4 2 4 0
   90   11  hand    0/0            0        0     5010        0        0    0/20        0         13 4 2 1 0
   90   11  self    0/0            0        0     4410        0        0    0/20        0         10 7 3 0 0
   90   12  hand    0/0            0     1458     5520      900        0    1/20        0         11 5 3 1 0
   90   12  self    0/0            0        0     6030        0        0    0/20        0         12 6 1 1 0
   90   13  hand    0/0            0        0     5196        0        0    0/20        0          9 8 3 0 0
   90   13  self    0/0            0        0     4782        0        0    0/20        0         11 6 3 0 0
   90   14  hand  178/10     1216706     2646        0   773655       60  790/827      18     10 7 5 226 579
   90   14  self  194/12     1052925     2556        0   780767    23513  724/761      28     10 9 5 157 580
   90   15  hand    0/0            0     3816     4572      528        0    1/20        0         11 5 3 0 1
   90   15  self    0/0            0     4092     4620      210        0    1/20        0          9 6 3 2 0
   90   16  hand    0/0            0     1764     5208      180        0    1/20        0         12 2 4 2 0
   90   16  self    0/0         5684     2100    15378    19036      335    6/23        2         10 4 2 5 2
   90   17  hand    0/0            0      930     4836     1638        0    2/20        0         12 4 1 2 1
   90   17  self    0/0            0      936     5352     2304        0    3/20        0         11 3 3 1 2
   90   18  hand    0/0            0        0     4542        0        0    0/20        0         11 7 1 1 0
   90   18  self    0/0            0        0     4902        0        0    0/20        0         12 6 1 1 0
   90   19  hand    0/0            0     3576     4950      810        0    2/20        0         11 3 4 2 0
   90   19  self    0/0            0     3888     5004      552        0    2/20        0          9 5 4 2 0
   90   20  hand    0/0            0     2154     7212        0        0    1/20        0         11 6 2 1 0
   90   20  self    0/0            0     2460     5484      558        0    1/20        0         12 5 2 1 0
   90   21  hand    0/0            0     4050     5178      276        0    1/20        0          9 4 3 4 0
   90   21  self    0/0            0        0     7890        0        0    0/20        0         10 6 3 1 0
   90   22  hand    1/1         3516     2778        0    22300        0    4/22        0          9 6 3 4 0
   90   22  self    0/0            0        0     4770        0        0    0/20        0         10 7 2 1 0
   90   23  hand    0/0            0        0     4854        0        0    0/20        0         10 7 3 0 0
   90   23  self    0/0            0     4026     4926      846        0    1/20        0         10 6 1 3 0
   90   24  hand    0/0            0     3030     5286     1902        0    3/20        0         10 4 2 4 0
   90   24  self    0/0            0     3090     4944     1386        0    3/20        0         10 6 1 2 1
   90   25  hand    0/0            0        0     5148        0        0    0/20        0         12 5 2 1 0
   90   25  self    0/0         4999     3510    20004    19829        0    5/23        0         12 5 1 4 1
   90   26  hand    1/1          684     2856        0     6444        0    2/20        1         12 6 0 2 0
   90   26  self    0/0         2453     3126     5862     3492      540    3/22        1          8 6 5 3 0
   90   27  hand    0/0            0        0     5100        0        0    0/20        0          9 8 0 3 0
   90   27  self    0/0            0     3882     5088      924        0    2/20        0          8 6 3 3 0
   90   28  hand    0/0          456     2664    17760     3738        0    2/20        1          9 8 0 2 1
   90   28  self    0/0          684     2826    21438     5232        0    1/20        1         11 5 2 2 0
   90   29  hand    0/0            0     2562     4968      168        0    2/20        0         11 5 2 2 0
   90   29  self    0/0            0     3198     4968     1734        0    1/20        0         11 6 1 2 0
   90   30  hand    0/0            0        0     4578        0        0    0/20        0         10 6 4 0 0
   90   30  self    0/0            0     3498     4776        0        0    1/20        0         10 5 2 3 0
   90   31  hand    0/0            0     2178     5880      570        0    1/20        0          9 5 5 1 0
   90   31  self    0/0            0        0     5586        0        0    0/20        0         11 6 3 0 0
   90   32  hand    2/2         2609     1194        0    16640        0    5/21        1          9 6 1 4 1
   90   32  self    0/0         1392     1194    19332    10080        0    3/21        0         13 4 1 3 0
   90   33  hand    0/0            0     2022     4560     1614        0    1/20        0         10 6 3 0 1
   90   33  self    0/0            0        0     4410        0        0    0/20        0         10 3 5 2 0
   90   34  hand    0/0            0     3420     4806      330        0    1/20        0          9 7 3 0 1
   90   34  self    0/0            0        0     4686        0        0    0/20        0         10 6 4 0 0
   90   35  hand    0/0            0     1884     4722     1266        0    1/20        0          9 8 2 1 0
   90   35  self    0/0            0     2328     4896     1674        0    1/20        0         10 3 5 2 0
   90   36  hand    0/0            0        0     6420        0        0    0/20        0         10 8 2 0 0
   90   36  self    0/0            0        0     5844        0        0    0/20        0         12 5 2 1 0
