  diet: larder=fruit onlyfood=on
   90    1  hand    5/5        16319     1146        0    71510        0   18/28        0         6 0 3 19 0
   90    1  self    0/0         2561     3636    12630    10506        0    3/22        0          9 7 3 3 0
   90    2  hand    1/1         7322      600        0    33172     1200    8/23        5          5 2 6 8 2
   90    2  self    0/0            0     3114     5382        0        0    1/20        0          9 4 5 2 0
   90    3  hand    0/0          456      564     8784     6960     1338    7/20        1         7 0 2 10 1
   90    3  self    0/0            0     2850     5622     1254        0    1/20        0          8 6 5 1 0
   90    4  hand    3/1        21481     1050        0    35462        0   22/38        0        5 2 6 11 14
   90    4  self    0/0         5142     1416     4782     3694        0    7/25        0          9 6 3 3 4
   90    5  hand    5/5        16095      534        0    55966        0   18/29        0         4 3 3 14 5
   90    5  self    0/0            0        0     5100        0        0    0/20        0         13 1 6 0 0
   90    6  hand    3/3        12552      528        0    65964     2280   13/24        6         5 1 5 12 1
   90    6  self    0/0            0     3252     5418        0        0    1/20        0         10 4 2 4 0
   90    7  hand    2/2         5288      540        0    30486       42    9/22        1         6 2 3 11 0
   90    7  self    0/0            0     2304     4818     1620        0    1/20        0         10 4 5 1 0
   90    8  hand    0/0         4294      576    12438    15902      192    8/23        0         4 3 4 11 1
   90    8  self    0/0            0     3648     5958      774        0    2/20        0         10 7 1 2 0
   90    9  hand   55/9       226863      660        0   287097     6724  171/189       1       6 3 5 17 158
   90    9  self    0/0            0     3186     4578     1062        0    2/20        0         12 4 2 1 1
   90   10  hand    0/0         3238      696    15048    18144      906    8/21        3         4 7 0 10 0
   90   10  self    0/0            0     2700     4674     1422        0    1/20        0         13 4 0 3 0
   90   11  hand    4/1        12099      756        0    40337        0   13/28        2         3 6 4 14 1
   90   11  self    0/0            0        0     4518        0        0    0/20        0         11 7 2 0 0
   90   12  hand    6/6        35387      630        0    63158      469   31/44        1         4 1 7 26 6
   90   12  self    0/0            0        0     5502        0        0    0/20        0         11 4 3 2 0
   90   13  hand    2/2        10077      588        0    41412        0   14/25        0         4 5 1 14 1
   90   13  self    0/0            0        0     5082        0        0    0/20        0         10 9 1 0 0
   90   14  hand    4/4        29412      564        0    79949        0   28/39        0        6 2 1 17 13
   90   14  self    0/0         2160     2556     5442     3084      672    4/22        2         11 6 1 3 1
   90   15  hand    5/5         4788     1086        0    36606      984    8/20        3         4 2 4 10 0
   90   15  self    0/0            0     4092     4596      222        0    1/20        0         10 6 2 2 0
   90   16  hand   62/1       147176      828        0   152702        0  120/131       0        5 0 6 37 83
   90   16  self    0/0            0     2232     5568     2112        0    1/20        0          9 4 5 2 0
   90   17  hand    1/1         5026      480        0    35375     1302    9/21        1          7 3 1 8 2
   90   17  self    0/0            0      936     5040     2226        0    3/20        0         10 3 3 3 1
   90   18  hand   60/19      371486      816        0   466299     1845  273/286       2       5 1 5 56 219
   90   18  self    0/0            0     3462     4686     1998        0    2/20        0         11 5 0 4 0
   90   19  hand   16/1        22732      828        0    47271     2942   27/37        4        3 0 6 18 10
   90   19  self    0/0            0        0     5004        0        0    0/20        0         11 5 4 0 0
   90   20  hand    3/3         5983      660        0    31560     1296   11/22        1         5 2 3 10 2
   90   20  self    0/0            0     2490     5154      594        0    1/20        0         11 7 1 0 1
   90   21  hand    0/0          228     1980     7854     6678        0    4/20        0          3 3 7 5 2
   90   21  self    0/0            0        0     4476        0        0    0/20        0         12 6 1 1 0
   90   22  hand   10/10        8664      666        0    67476        0   13/20        1         3 2 2 13 0
   90   22  self    0/0            0        0     4944        0        0    0/20        0         7 11 1 1 0
   90   23  hand    6/6        14680      546        0    60957     3882   19/28        1         5 0 3 16 4
   90   23  self    0/0            0        0     4914        0        0    0/20        0         8 10 0 2 0
   90   24  hand    3/1        36084      990        0    66310        6   35/50        1        5 3 6 19 17
   90   24  self    0/0            0     4194     5094      330        0    1/20        0         10 5 3 2 0
   90   25  hand    7/7         7669      804        0    57935        0   11/21        0         6 1 3 11 0
   90   25  self    0/0            0     4134     4926      318        0    1/20        0         12 3 4 1 0
   90   26  hand    1/1         1860      780        0    16758     1992    4/21        0          3 7 5 6 0
   90   26  self    0/0            0     3780     4440      186        0    1/20        0         10 3 4 3 0
   90   27  hand    4/4         4890      792        0    35642        0    9/21        2         5 3 3 10 0
   90   27  self    0/0            0     5100     5412      288        0    1/20        0          8 9 2 1 0
   90   28  hand    8/2        16930      684        0    51370     1795   19/31        2         5 3 4 17 2
   90   28  self    0/0            0     4626     5130        0        0    1/20        0          9 7 3 1 0
   90   29  hand    0/0          912      774    18600    17010     1644    8/20        1         5 2 1 12 0
   90   29  self    0/0            0        0     4398        0        0    0/20        0          9 8 2 1 0
   90   30  hand    7/7        21681      840        0    67277        0   19/33        0         6 0 6 18 3
   90   30  self    0/0            0     3498     4572        0        0    1/20        0          9 6 2 3 0
   90   31  hand    4/4         5016      798        0    41024        0    9/20        1          6 1 4 8 1
   90   31  self    0/0            0        0     5760        0        0    0/20        0          9 9 2 0 0
   90   32  hand   46/6       182208      666        0   230053     3408  145/160       5        6 4 4 57 89
   90   32  self    0/0         1404     1194    14004     7806        0    3/21        0         13 5 0 3 0
   90   33  hand   11/9        12216      768        0    81849        0   17/23        2         4 0 2 17 0
   90   33  self    0/0            0     2580     5316     1338        0    3/20        1          9 6 2 3 0
   90   34  hand    8/8         7068      600        0    58347        0   10/20        0         3 0 5 12 0
   90   34  self    0/0            0     2748     4440      684        0    2/20        0          8 7 2 3 0
   90   35  hand    6/6         9794      666        0    72078        0   14/23        0         7 1 1 14 0
   90   35  self    0/0            0     2328     5550     2394        0    2/20        0         10 6 1 3 0
   90   36  hand    7/7        12735      462        0    70701     1206   17/24        2         4 0 1 19 0
   90   36  self    0/0            0        0     6840        0        0    0/20        0         11 6 2 1 0
