  diet: larder=fruit onlyfood=on
   90    1  hand    2/2        12331     1146        0    47214     2160   17/27        2         6 0 3 16 2
   90    1  self    0/0         2561     3636    12630    10506        0    3/22        0          9 7 3 3 0
   90    2  hand    5/5         5801      600        0    36680      348    9/21        2          5 2 5 9 0
   90    2  self    0/0            0     3114     5382        0        0    1/20        0          9 4 5 2 0
   90    3  hand    0/0          456      564     9402     7290     1332    8/20        1         7 0 2 10 1
   90    3  self    0/0            0     2850     5622     1254        0    1/20        0          8 6 5 1 0
   90    4  hand   12/6        41450     1050        0    62313        0   36/52        0         5 5 3 7 32
   90    4  self    0/0         5142     1416     4800     3438        0    7/25        0          9 5 4 4 3
   90    5  hand    0/0         5172      534    16992    18960        0   13/23        0         4 1 3 15 0
   90    5  self    0/0            0        0     5100        0        0    0/20        0         13 1 6 0 0
   90    6  hand    4/3        18164      528        0    59234        0   17/33        0         5 1 7 17 3
   90    6  self    0/0            0     3252     5418        0        0    1/20        0         10 4 2 4 0
   90    7  hand    0/0         5370      540    22134    22384        0   10/23        2         6 3 3 10 1
   90    7  self    0/0            0     2304     4818     1620        0    1/20        0         10 4 5 1 0
   90    8  hand    0/0         3984      576    13134    20687      390    6/22        1          4 5 5 7 1
   90    8  self    0/0            0     3648     5928      792        0    2/20        0         10 7 1 2 0
   90    9  hand    0/0         4053      660    23454    16638     4842    9/23        1          8 2 2 8 3
   90    9  self    0/0            0     3186     4578     1062        0    2/20        0         12 4 2 1 1
   90   10  hand    0/0         1824      696    14634    18966        0    9/20        1          4 6 1 8 1
   90   10  self    0/0            0     2700     4674     1464        0    1/20        0         13 4 0 3 0
   90   11  hand  115/16     1163076      756        0   820805     1475  695/709       8      3 5 4 222 475
   90   11  self    0/0            0        0     4518        0        0    0/20        0         11 7 2 0 0
   90   12  hand    3/3        10098      630        0    43700      270   12/25        3         4 4 4 12 1
   90   12  self    0/0            0        0     5502        0        0    0/20        0         11 4 3 2 0
   90   13  hand    5/5        12616      588        0    57415        0   15/26        0         4 5 1 15 1
   90   13  self    0/0            0        0     5082        0        0    0/20        0         10 9 1 0 0
   90   14  hand    1/1         5189      564        0    34674        0    9/21        0          6 1 3 9 2
   90   14  self    0/0         2160     2556     5442     3084      672    4/22        2         11 6 1 3 1
   90   15  hand    1/1         4332     1086        0    33114      528   10/20        3         4 2 2 12 0
   90   15  self    0/0            0     4092     4596      222        0    1/20        0         10 6 2 2 0
   90   16  hand    3/3        16450      828        0    56580        0   19/31        0         5 0 7 16 3
   90   16  self    0/0            0     2232     5568     2112        0    1/20        0          9 4 5 2 0
   90   17  hand    1/1         5069      480        0    31843        0   10/22        1          7 3 1 9 2
   90   17  self    0/0            0      936     4986     2178        0    3/20        0         10 3 4 2 1
   90   18  hand  287/19     1169958      816        0  1023319     2363  769/818      14     5 4 13 172 624
   90   18  self    0/0            0     3462     4686     1998        0    2/20        0         11 5 0 4 0
   90   19  hand    0/0         4558      828    15372    29884      624   10/21        3         3 0 6 12 0
   90   19  self    0/0            0        0     5004        0        0    0/20        0         11 5 4 0 0
   90   20  hand    1/1         9164      660        0    42823     2080   13/24        1         5 2 3 12 2
   90   20  self    0/0            0     2490     5154      594        0    1/20        0         11 7 1 0 1
   90   21  hand    0/0          228     1980     7854     6600        0    4/20        0          3 3 6 6 2
   90   21  self    0/0            0        0     4476        0        0    0/20        0         12 6 1 1 0
   90   22  hand   12/8        13706      666        0    58373     2784   20/26        2         4 1 1 20 0
   90   22  self    0/0            0        0     4944        0        0    0/20        0         7 11 1 1 0
   90   23  hand    0/0         8713      546    22193    31352     8354   12/26        2         4 3 4 12 3
   90   23  self    0/0            0        0     4914        0        0    0/20        0         8 10 0 2 0
   90   24  hand    0/0         2106      990    18822    10194     3360    6/21        2          5 3 5 8 0
   90   24  self    0/0            0     4194     5094      330        0    1/20        0         10 5 3 2 0
   90   25  hand    5/4        16643      804        0    72430     4104   18/29        1         6 1 4 16 2
   90   25  self    0/0            0     4134     4926      318        0    1/20        0         12 3 4 1 0
   90   26  hand    0/0         2088      780    15108    18144     3570    4/21        0          3 5 7 6 0
   90   26  self    0/0            0     3780     4440      186        0    1/20        0         10 3 4 3 0
   90   27  hand   19/7        69777      792        0   116417    12743   62/74        4        5 3 3 16 47
   90   27  self    0/0            0     5100     5412      288        0    1/20        0          8 9 2 1 0
   90   28  hand    3/3         8730      684        0    47024        0   11/23        1         5 3 3 12 0
   90   28  self    0/0            0     4626     5130        0        0    1/20        0          9 7 3 1 0
   90   29  hand    5/2        12653      774        0    37441        0   17/29        2         5 2 1 21 0
   90   29  self    0/0            0        0     4398        0        0    0/20        0          9 8 2 1 0
   90   30  hand    0/0         7500      840     7956    14078      210   13/27        0         6 0 5 13 3
   90   30  self    0/0            0     3498     4572        0        0    1/20        0          9 6 2 3 0
   90   31  hand    1/1         2736      798        0    21462        0    6/20        2          6 1 4 8 1
   90   31  self    0/0            0        0     5760        0        0    0/20        0          9 9 2 0 0
   90   32  hand   14/7        12296      666        0    43660        0   16/27        1         6 3 2 10 6
   90   32  self    0/0         1404     1194    14004     7806        0    3/21        0         13 5 0 3 0
   90   33  hand    9/9         9215      768        0    65384      558   14/21        4         4 0 2 14 1
   90   33  self    0/0            0     2580     5316     1338        0    3/20        1          9 6 2 3 0
   90   34  hand    0/0         2280      600    18600    18522        0    7/20        1         3 0 5 12 0
   90   34  self    0/0            0     2748     4440      684        0    2/20        0          8 7 2 3 0
   90   35  hand    8/8         8801      666        0    56166     1035   14/22        2         7 1 0 14 0
   90   35  self    0/0            0     2328     5550     2394        0    2/20        0         10 6 1 3 0
   90   36  hand    0/0         6715      462    16878    41526      180   12/22        3         3 0 2 16 1
   90   36  self    0/0            0        0     6840        0        0    0/20        0         11 6 2 1 0
