  diet: larder=fruit onlyfood=on
   90    1  hand    6/6        15402     1146        0    72452        0   14/27        0         5 0 7 13 2
   90    1  self    1/1         1140     3144        0     9732     4488    3/20        1         11 4 2 3 0
   90    2  hand    0/0        10574      600    14004    37980        0   13/27        0         5 7 2 11 2
   90    2  self    0/0            0     3114     5004        0        0    1/20        0          9 4 6 1 0
   90    3  hand    0/0         2280      564    11394    21912     1260    7/20        2         5 1 3 11 0
   90    3  self    0/0            0     2778     6996      372        0    1/20        0          9 7 3 1 0
   90    4  hand   20/5       124244     1062        0   198409     6848   93/107       2        2 6 4 14 81
   90    4  self    0/0            0     1416     5040     1044        0    2/20        0         12 4 2 2 0
   90    5  hand    4/3        10104      534        0    65527       24   13/24        3         6 2 3 12 1
   90    5  self    0/0            0        0     5076        0        0    0/20        0         12 1 5 2 0
   90    6  hand    7/5        16220      528        0    76268        0   15/29        0         9 5 0 15 0
   90    6  self    0/0            0        0     6006        0        0    0/20        0         12 3 4 1 0
   90    7  hand    0/0         3897      540    10320    16158        0    9/22        2         4 1 2 14 1
   90    7  self    0/0            0     2304     4818     2244        0    1/20        0         10 4 5 1 0
   90    8  hand    0/0        11128      576    16614    38897     1644   14/26        5         6 0 4 14 2
   90    8  self    0/0            0     4326     5118      492        0    1/20        0         10 4 4 2 0
   90    9  hand    0/0         3240      714    17436    21846       24    7/21        2          8 3 3 6 1
   90    9  self    3/3         6722     3186        0    24810     2838    7/24        3         11 4 2 6 1
   90   10  hand    6/5         7824      696        0    51566        0   10/22        0         8 3 0 11 0
   90   10  self    0/0            0     2700     4956     2016        0    1/20        0         13 3 1 3 0
   90   11  hand    5/4        16662      756        0    57788        0   15/30        0         7 7 1 15 0
   90   11  self    0/0            0     3618     5154     1752        0    1/20        0         13 2 2 3 0
   90   12  hand  129/16      480594      630        0   571699    10314  384/400       6     11 2 2 125 260
   90   12  self    0/0            0        0     5286        0        0    0/20        0         12 3 3 2 0
   90   13  hand    3/3        15629      588        0    58499    10794   18/30        3         5 2 4 19 0
   90   13  self    0/0            0     4008     4722      414        0    1/20        0         10 6 3 1 0
   90   14  hand    0/0         5111      564    19518    32976        0    8/21        0          6 0 5 9 1
   90   14  self   92/2       480701     2652        0   341406      432  354/377       2     11 8 0 119 239
   90   15  hand    4/4         3876     1086        0    34737        0    8/20        0          9 3 0 8 0
   90   15  self    0/0            0        0     4734        0        0    0/20        0         9 10 1 0 0
   90   16  hand  104/5       282881     1182        0   362134    28615  212/230      17       3 2 5 57 163
   90   16  self    0/0            0        0     5100        0        0    0/20        0         13 3 2 2 0
   90   17  hand    6/6         6252      480        0    36795        0   11/22        0          8 2 1 9 2
   90   17  self    0/0            0      930     5028     2946        0    2/20        0         11 3 2 4 0
   90   18  hand    1/1         3192      816        0    26862     3384   10/20        4         3 3 4 10 0
   90   18  self    0/0            0     3558     4680      384        0    2/20        0          9 4 5 2 0
   90   19  hand   10/5        13964      828        0    58441       95   15/27        2         4 1 5 15 2
   90   19  self    0/0            0        0     4860        0        0    0/20        0         11 7 2 0 0
   90   20  hand   10/7        21592      660        0    73954        0   20/32        1         9 2 0 19 2
   90   20  self    0/0            0     2490     5892      606        0    1/20        0         12 4 3 0 1
   90   21  hand    1/1         5900     1884        0    25750        0   10/23        0         2 5 3 10 3
   90   21  self    0/0            0        0     5004        0        0    0/20        0         11 6 2 1 0
   90   22  hand   62/7       134588      666        0   160771        0  104/117       1        4 7 2 28 76
   90   22  self    0/0            0        0     4746        0        0    0/20        0         11 6 2 1 0
   90   23  hand    0/0         7062      546    15180    16971     1970   12/26        1          6 5 1 9 5
   90   23  self    0/0            0        0     4830        0        0    0/20        0         11 5 2 2 0
   90   24  hand   10/4        16351      990        0    57812      246   17/30        1         5 6 1 14 4
   90   24  self    0/0            0     3336     5154      516        0    1/20        0         12 5 1 2 0
   90   25  hand    0/0         9370      804    22290    49761     3858   14/24        2         5 1 2 15 1
   90   25  self    0/0            0        0     5046        0        0    0/20        0         13 4 3 0 0
   90   26  hand    3/1        20689      780        0    61864      294   16/32        3         4 4 5 8 11
   90   26  self    0/0            0     3900     4494      138        0    1/20        0         10 8 1 1 0
   90   27  hand    9/8        14483      774        0    79287      170   15/27        1         7 4 0 16 0
   90   27  self    0/0            0     3540     5298      144        0    1/20        0          9 7 3 1 0
   90   28  hand    0/0         1368      684    16020    16434     6642    6/20        1          4 4 3 9 0
   90   28  self    0/0          912     2964    12006     7242        0    1/20        0         11 4 2 3 0
   90   29  hand    6/5         9365      774        0    65942     3072   14/22        2         4 1 2 15 0
   90   29  self    0/0            0     4008     4872      204        0    1/20        0         10 6 3 1 0
   90   30  hand    6/6        22377      840        0    74727     2532   23/34        4         5 1 3 22 3
   90   30  self    0/0            0     3402     4692     1104        0    2/20        0         11 3 4 2 0
   90   31  hand    4/4        10267      798        0    56709      402   12/24        1         6 3 3 12 0
   90   31  self    0/0            0        0     5526        0        0    0/20        0         10 8 2 0 0
   90   32  hand    1/1         7009      666        0    34557        0    8/25        0          6 4 5 7 3
   90   32  self    2/1         3530     1194        0    17044        0    4/22        0          9 6 3 4 0
   90   33  hand   12/12        9576      768        0    76227        0   14/20        2         3 1 2 14 0
   90   33  self    0/0            0     2580     4608      462        0    1/20        0         11 5 3 1 0
   90   34  hand    0/0         2556      600    12006    14652      546    5/21        2          6 3 7 5 0
   90   34  self    0/0         1200     2922     4974     1050        0    2/21        0          8 7 3 3 0
   90   35  hand    4/4         8058      666        0    57030      978   14/21        5         6 1 0 14 0
   90   35  self    0/0            0     2328     5328     2496        0    2/20        0          8 7 3 2 0
   90   36  hand    0/0         4908      462    21210    29566     4782   11/23        1         7 1 2 10 3
   90   36  self    0/0            0        0     6498        0        0    0/20        0         10 7 2 1 0
