  diet: larder=fruit onlyfood=on
   90    1  hand    0/0            0        0     4944        0        0    0/20        0          9 6 3 2 0
   90    1  self    0/0            0        0     5058        0        0    0/20        0          8 6 6 0 0
   90    2  hand    0/0          912     2070    23388     8340        0    2/20        1         10 6 2 2 0
   90    2  self    0/0            0     3732     4572      744        0    1/20        0         10 6 3 1 0
   90    3  hand    0/0         4731     1668    16287     8386        0    5/24        0          9 6 4 4 1
   90    3  self    0/0            0        0     6420        0        0    0/20        0         10 8 2 0 0
   90    4  hand    0/0            0     1416     4734      318        0    2/20        0         10 4 4 2 0
   90    4  self    0/0            0     1416     5298      318        0    1/20        0         11 3 4 2 0
   90    5  hand    0/0            0     3120     5274      342        0    1/20        0         13 5 1 1 0
   90    5  self    0/0            0     3072     4866      402        0    1/20        0         13 3 3 1 0
   90    6  hand    0/0            0     1626     6144      528        0    2/20        0         11 6 0 3 0
   90    6  self    0/0            0        0     5364        0        0    0/20        0         10 6 4 0 0
   90    7  hand    0/0            0     1506     4764      474        0    1/20        0         13 4 2 1 0
   90    7  self    0/0         3544     2586     4584     1567        0    5/23        0         11 2 3 6 1
   90    8  hand    0/0            0        0     5148        0        0    0/20        0         11 3 3 3 0
   90    8  self    0/0            0     3612     5268     2022        0    3/20        0         12 3 1 4 0
   90    9  hand    0/0            0        0     5022        0        0    0/20        0          9 8 2 1 0
   90    9  self    0/0            0        0     4926        0        0    0/20        0         11 3 6 0 0
   90   10  hand    0/0         3540     2544    19279    13570        0    6/23        0         11 6 0 4 2
   90   10  self    0/0            0        0     5208        0        0    0/20        0         12 3 2 3 0
   90   11  hand    0/0            0        0     4368        0        0    0/20        0          9 6 4 1 0
   90   11  self    0/0            0     3906     5406     1320        0    1/20        0         11 5 2 2 0
   90   12  hand    0/0            0     1458     5610     1122        0    2/20        0         13 2 3 2 0
   90   12  self    0/0            0        0     4932        0        0    0/20        0         12 6 1 1 0
   90   13  hand    0/0            0        0     5214        0        0    0/20        0         12 5 3 0 0
   90   13  self    0/0            0     3378     5292      852        0    1/20        0         12 6 1 1 0
   90   14  hand  249/2       996735     2646        0   865693      446  664/691       6     11 8 0 103 569
   90   14  self    0/0            0     3510     5172      180        0    1/20        0          9 7 2 2 0
   90   15  hand    0/0            0     4008     4512        0        0    1/20        0         11 3 5 1 0
   90   15  self    0/0            0     4074     4608      552        0    2/20        0         12 5 1 2 0
   90   16  hand    0/0            0     1764     5112      180        0    1/20        0         12 2 4 2 0
   90   16  self    0/0         4529     2100     5616     7849        0    6/24        0         10 5 3 0 6
   90   17  hand    0/0         1200      930     4902     1044        0    2/21        0         10 5 3 3 0
   90   17  self    0/0            0      936     5118     1146        0    1/20        0          9 5 4 1 1
   90   18  hand    0/0            0     3480     4932     1092        0    2/20        0         13 3 2 2 0
   90   18  self    0/0            0     3240     5010     1704        0    1/20        0          8 9 2 1 0
   90   19  hand    0/0            0     4512     4932      144        0    1/20        0         11 6 2 1 0
   90   19  self    0/0            0        0     4614        0        0    0/20        0         11 8 1 0 0
   90   20  hand    0/0            0     2154     6360        0        0    2/20        0         11 5 1 3 0
   90   20  self    0/0            0        0     5532        0        0    0/20        0         10 8 1 1 0
   90   21  hand    0/0            0     3234     5334        0        0    1/20        0         12 3 4 1 0
   90   21  self    0/0            0        0     7902        0        0    0/20        0         10 6 3 1 0
   90   22  hand    0/0            0     3636     4620      222        0    1/20        0          8 6 5 1 0
   90   22  self    0/0         1562     3456    16002     5838        0    2/21        0         10 6 2 3 0
   90   23  hand    0/0            0     2562     5592     1398        0    2/20        0         11 4 3 2 0
   90   23  self    0/0            0        0     4890        0        0    0/20        0         11 5 2 2 0
   90   24  hand    0/0            0     3030     5022      804        0    1/20        0         11 4 4 0 1
   90   24  self    0/0            0     3336     4944      510        0    1/20        0         12 4 2 2 0
   90   25  hand    0/0         1663     2886    17735     4404     1990    3/21        1         12 4 2 3 0
   90   25  self    0/0            0     3996     5730     1704        0    1/20        0         10 6 3 1 0
   90   26  hand    0/0            0        0     4752        0        0    0/20        0         10 8 1 1 0
   90   26  self    0/0         4446     3366     9607     8290        0    6/24        0         11 4 3 5 1
   90   27  hand    0/0            0     4458     4776       24        0    1/20        0          8 7 3 2 0
   90   27  self    0/0            0     4212     6006     1728        0    1/20        0         11 5 2 2 0
   90   28  hand    0/0            0     3210     5148      864        0    1/20        0          8 6 3 2 1
   90   28  self    0/0          912     3678    21438     7896     1506    2/20        1         11 4 2 3 0
   90   29  hand    0/0            0     2562     4944      126        0    1/20        0         11 5 3 1 0
   90   29  self    0/0          456     3198    12006     5166        0    1/20        0          9 7 3 1 0
   90   30  hand    0/0            0     3606     4584      588        0    1/20        0         10 5 3 2 0
   90   30  self    0/0            0     3240     4974     1818        0    2/20        0         10 6 1 3 0
   90   31  hand    0/0            0     2178     6306      570        0    1/20        0          9 5 5 1 0
   90   31  self    0/0            0        0     5520        0        0    0/20        0         12 6 1 1 0
   90   32  hand    0/0            0     1194     4800     3612        0    1/20        0         10 2 5 3 0
   90   32  self    0/0            0     1194     4764     1128        0    1/20        0         11 4 3 2 0
   90   33  hand    0/0            0     2022     4518     1614        0    1/20        0         10 8 1 0 1
   90   33  self    0/0            0     3468     4638      510        0    1/20        0         12 4 3 1 0
   90   34  hand    0/0            0     3420     4872      324        0    1/20        0          9 4 6 0 1
   90   34  self    0/0            0        0     5040        0        0    0/20        0         10 4 6 0 0
   90   35  hand    0/0            0     1884     4806     1254        0    2/20        0         13 3 0 4 0
   90   35  self    0/0            0     2328     5508     2442        0    1/20        0         10 5 4 1 0
   90   36  hand    0/0            0        0     6810        0        0    0/20        0         12 6 2 0 0
   90   36  self    0/0            0        0     6294        0        0    0/20        0         10 4 4 2 0
