  diet: larder=fruit onlyfood=on
   90    1  hand    1/1          684     3720        0     5232        0    1/20        1         13 3 3 1 0
   90    1  mute    0/0          960     4044     5406     1098        0    2/21        0         10 7 2 2 0
   90    1  self    0/0         3470     3144    19164    17425     6362    5/22        2         11 4 2 4 1
   90    2  hand    3/2         8819     2070        0    37433      210    9/27        2         11 6 1 4 5
   90    2  mute    0/0            0     3102     5124     1314        0    1/20        0         11 3 5 1 0
   90    2  self    0/0            0     3114     5004        0        0    1/20        0          9 4 6 1 0
   90    3  hand    0/0        13173     1668    10004    20529        0   11/30        0        11 4 4 11 0
   90    3  mute    0/0            0        0     6024        0        0    0/20        0         11 4 4 1 0
   90    3  self    0/0            0     2778     6996      372        0    1/20        0          9 7 3 1 0
   90    4  hand    0/0            0     1416     5106      318        0    2/20        0          8 6 4 2 0
   90    4  mute    0/0            0     1416     4992      804        0    1/20        0          9 4 4 3 0
   90    4  self    0/0            0     1416     5040     1044        0    2/20        0         12 4 2 2 0
   90    5  hand    0/0            0        0     5244        0        0    0/20        0          9 7 3 1 0
   90    5  mute    0/0            0     3288     5166     1314        0    2/20        0         11 4 3 2 0
   90    5  self    0/0            0        0     5076        0        0    0/20        0         12 1 5 2 0
   90    6  hand    0/0            0     1626     5820      534        0    2/20        0         11 5 1 3 0
   90    6  mute    0/0            0        0     5646        0        0    0/20        0          9 8 3 0 0
   90    6  self    0/0            0        0     6006        0        0    0/20        0         12 3 4 1 0
   90    7  hand    0/0            0     1506     4794     1290        0    2/20        0         11 3 4 2 0
   90    7  mute    0/0            0     3426     4914       18        0    2/20        0         12 3 2 3 0
   90    7  self    0/0            0     2304     4614     2196        0    1/20        0         11 3 4 2 0
   90    8  hand    0/0            0     2160     5268      924        0    1/20        0         11 1 6 1 1
   90    8  mute    0/0         3174     3522    20124    15750     4152    4/21        3         10 2 5 4 0
   90    8  self    0/0            0     4326     5070      432        0    1/20        0         10 4 4 2 0
   90    9  hand    0/0            0        0     4578        0        0    0/20        0         7 10 3 0 0
   90    9  mute    0/0            0     3186     4746     1194        0    2/20        0          9 9 0 1 1
   90    9  self    1/1         1884     3186        0     5965        0    4/21        0         11 4 2 3 1
   90   10  hand    0/0            0     3012     5040        0        0    1/20        0          9 7 2 2 0
   90   10  mute    0/0            0     2700     4956     1374        0    3/20        0         12 4 1 2 1
   90   10  self    0/0            0     2700     4950     1344        0    3/20        0         13 3 1 2 1
   90   11  hand    0/0          228     3486     6006     2454        0    1/20        0         10 5 3 2 0
   90   11  mute    1/1         1368     3330        0    10968     4728    3/20        2         11 4 2 3 0
   90   11  self    0/0            0     3618     4956     1206        0    1/20        0         13 2 3 2 0
   90   12  hand    0/0          456     1458    15714     4380      498    1/20        0         12 3 4 1 0
   90   12  mute    0/0            0        0     5910        0        0    0/20        0         10 8 1 1 0
   90   12  self    0/0            0        0     5286        0        0    0/20        0         12 3 3 2 0
   90   13  hand    0/0            0        0     4692        0        0    0/20        0          8 7 4 1 0
   90   13  mute    0/0            0     3672     6492        0        0    1/20        0         10 8 1 1 0
   90   13  self    0/0            0     4008     4722      414        0    1/20        0         10 6 3 1 0
   90   14  hand  229/3       817101     2646        0  1195271     3600  627/653       8     11 9 0 122 511
   90   14  mute    0/0         3031     2652    13434     7018        0    4/22        0         10 7 0 5 0
   90   14  self    2/1        24198     2652        0    51801        0   21/39        0        12 6 0 5 16
   90   15  hand    0/0            0        0     4392        0        0    0/20        0         7 12 1 0 0
   90   15  mute    0/0            0        0     4746        0        0    0/20        0         10 6 4 0 0
   90   15  self    0/0            0        0     4734        0        0    0/20        0         9 10 1 0 0
   90   16  hand    0/0            0     1764     5100      180        0    1/20        0         12 2 5 1 0
   90   16  mute    0/0            0     2856     5358       66        0    1/20        0         12 1 4 3 0
   90   16  self    0/0            0        0     5100        0        0    0/20        0         13 3 2 2 0
   90   17  hand    0/0            0      930     5178     1350        0    1/20        0         11 6 2 1 0
   90   17  mute    0/0         1200      930     5106     1230        0    2/21        0         12 4 3 1 1
   90   17  self    0/0            0      930     5058     3522        0    4/20        0         11 3 2 4 0
   90   18  hand    0/0            0     4050     5184     1014        0    2/20        0         13 2 3 2 0
   90   18  mute    0/0            0        0     4974        0        0    0/20        0          9 8 3 0 0
   90   18  self    0/0            0     3558     4680      348        0    2/20        0          9 4 5 2 0
   90   19  hand    0/0            0     4104     4992      864        0    1/20        0         8 10 1 1 0
   90   19  mute    0/0            0     4344     4848        0        0    1/20        0          8 4 7 1 0
   90   19  self    0/0            0        0     4860        0        0    0/20        0         11 7 2 0 0
   90   20  hand    0/0            0     2154     5502        0        0    1/20        1         11 5 2 2 0
   90   20  mute    0/0            0     2490     5514      606        0    1/20        0         13 4 2 0 1
   90   20  self    0/0            0     2490     5892      606        0    1/20        0         12 4 3 0 1
   90   21  hand    0/0            0        0     7716        0        0    0/20        0         11 5 3 1 0
   90   21  mute    0/0            0        0     5028        0        0    0/20        0         10 7 2 1 0
   90   21  self    0/0            0        0     5004        0        0    0/20        0         11 6 2 1 0
   90   22  hand    0/0            0     1914     4950      252        0    2/20        1         10 3 5 2 0
   90   22  mute    0/0            0        0     4926        0        0    0/20        0         12 5 2 1 0
   90   22  self    0/0            0        0     4746        0        0    0/20        0         11 6 2 1 0
   90   23  hand    0/0            0     2562     4782        0        0    1/20        1         10 6 3 1 0
   90   23  mute    0/0            0        0     4830        0        0    0/20        0         11 5 3 1 0
   90   23  self    0/0            0        0     4830        0        0    0/20        0         11 5 2 2 0
   90   24  hand    0/0            0        0     4890        0        0    0/20        0         10 7 3 0 0
   90   24  mute    0/0            0     3336     5172      522        0    1/20        0         10 7 1 2 0
   90   24  self    0/0            0     3336     5154      516        0    1/20        0         12 5 1 2 0
   90   25  hand   15/3       100570     2910        0   201674        0   82/101       2       10 7 2 25 57
   90   25  mute    0/0            0     4050     5778     1698        0    1/20        0         13 3 2 2 0
   90   25  self    0/0            0        0     5046        0        0    0/20        0         13 4 3 0 0
   90   26  hand    0/0            0     3204     4860      552        0    1/20        0         12 5 2 1 0
   90   26  mute    0/0            0        0     4464        0        0    0/20        0         10 8 2 0 0
   90   26  self    0/0            0     3900     4494      138        0    1/20        0         10 8 1 1 0
   90   27  hand    0/0            0     4428     5346      672        0    1/20        0          9 7 3 0 1
   90   27  mute    0/0            0        0     5766        0        0    0/20        0         11 6 3 0 0
   90   27  self    0/0            0     3540     5298      144        0    1/20        0          9 7 3 1 0
   90   28  hand    0/0          456     2652    16176     3486     1830    1/20        1         10 9 0 1 0
   90   28  mute   46/2       144916     3210        0   190717      189  110/128       3       11 3 4 33 77
   90   28  self    0/0          228     2964    11370     1740        0    1/20        1         11 4 2 3 0
   90   29  hand    0/0            0        0     4596        0        0    0/20        0         12 6 2 0 0
   90   29  mute    1/1         6173     2904        0    12244     3714    7/25        1          6 9 3 6 1
   90   29  self    0/0            0     4008     4872      204        0    1/20        0         10 6 3 1 0
   90   30  hand    0/0            0     3204     5064     2232        0    2/20        0         10 5 3 2 0
   90   30  mute    0/0            0     3060     4578     1776        0    2/20        0          9 5 4 2 0
   90   30  self    1/1         2081     3402        0     8082     4398    3/21        1         11 3 4 3 0
   90   31  hand    0/0            0        0     6198        0        0    0/20        0         11 6 3 0 0
   90   31  mute    0/0            0     2670     5472       36        0    1/20        0         11 7 1 1 0
   90   31  self    0/0            0        0     5526        0        0    0/20        0         10 8 2 0 0
   90   32  hand    0/0            0     1194     4830     1170        0    1/20        0         13 5 1 1 0
   90   32  mute    0/0          456     1194    18018     6288      954    1/20        0         10 4 4 2 0
   90   32  self    0/0            0     1194     4992     2694        0    2/20        0          9 6 2 3 0
   90   33  hand    0/0          228     2022     4626     1950        0    2/20        0         10 5 3 1 1
   90   33  mute    0/0            0     2580     4308      540        0    1/20        0         10 7 1 2 0
   90   33  self    0/0            0     2580     4608      462        0    1/20        0         11 5 3 1 0
   90   34  hand    0/0            0     3420     4902      330        0    1/20        0          9 6 4 0 1
   90   34  mute    0/0         1200     2922     4716     2058        0    2/21        0          8 6 5 2 0
   90   34  self    1/1        20252     2922        0    23286     2964   19/38        1         8 7 3 9 11
   90   35  hand    0/0          228     1884     5916     3786     1440    1/20        1         11 3 5 1 0
   90   35  mute    0/0          912     2328    16788     8214     2172    2/20        1          8 3 5 4 0
   90   35  self    0/0            0     2328     5124     2244        0    2/20        0          8 7 3 2 0
   90   36  hand    0/0            0        0     6144        0        0    0/20        0         12 4 3 1 0
   90   36  mute    0/0            0        0     6552        0        0    0/20        0         12 5 2 1 0
   90   36  self    0/0            0        0     6498        0        0    0/20        0         10 7 2 1 0
