  diet: larder=fruit onlyfood=on
   90    1  hand    4/4        11077      966        0    69093        0   13/24        1         9 2 0 12 1
   90    1  self    0/0         2104     3144    15270    10032     1218    4/21        2         11 4 2 4 0
   90    2  hand    0/0         6328      600    17058    23220      936    7/24        2         10 4 3 6 1
   90    2  self    0/0            0     3114     5004        0        0    1/20        0          9 4 6 1 0
   90    3  hand    0/0        10178      564    14488    39742     7021   13/25        6         6 0 2 15 2
   90    3  self    0/0            0     2778     6996      372        0    1/20        0          9 7 3 1 0
   90    4  hand    0/0         3936      594    17214    23153      288    7/21        3          6 2 4 8 1
   90    4  self    0/0            0     1416     5040     1044        0    2/20        0         12 4 2 2 0
   90    5  hand   15/8       122667      534        0   170830        0  107/118       1        5 1 5 47 60
   90    5  self    0/0            0        0     5076        0        0    0/20        0         12 1 5 2 0
   90    6  hand    0/0         2076      528    18007    17310     3756    6/21        1          8 4 1 7 1
   90    6  self    0/0            0        0     6006        0        0    0/20        0         12 3 4 1 0
   90    7  hand    3/2        13563      546        0    47657     2418   16/29        1         4 8 1 13 3
   90    7  self    0/0            0     2304     4566     1260        0    1/20        0         10 4 5 1 0
   90    8  hand  121/20      639287      576        0   695221     4330  414/439       3     10 5 1 111 312
   90    8  self    0/0            0     4326     5070      432        0    1/20        0         10 4 4 2 0
   90    9  hand    5/4        23223      714        0    91410        0   20/34        0         8 5 1 20 0
   90    9  self    2/2         5064     3186        0    30323     1542    6/23        2         12 3 2 4 2
   90   10  hand    9/4        13326      702        0    61551        0   18/26        3         4 0 2 20 0
   90   10  self    0/0            0     2700     4884      756        0    3/20        0         13 3 1 3 0
   90   11  hand   16/3        43095      756        0    71100     4254   42/54        2        4 3 3 29 15
   90   11  self    0/0            0     3618     5376     1716        0    1/20        0         13 2 3 2 0
   90   12  hand    3/1         7796      630        0    25163        0   11/26        0          9 2 3 8 4
   90   12  self    0/0            0        0     5286        0        0    0/20        0         12 3 3 2 0
   90   13  hand    0/0         4995      612    18456    32496        0    9/21        2         6 4 1 10 0
   90   13  self    0/0            0     4008     4722      414        0    1/20        0         10 6 3 1 0
   90   14  hand    0/0            0      936     7062     4158        0    5/20        0          5 0 7 7 1
   90   14  self    0/0         2347     2652     5010     3103        0    3/22        0         12 6 0 4 0
   90   15  hand    5/4         5268     1110        0    39606        0    9/21        0          7 2 3 8 1
   90   15  self    0/0            0        0     4734        0        0    0/20        0         9 10 1 0 0
   90   16  hand    0/0         3528      834    20508    18300     1872    7/22        0          9 2 4 7 0
   90   16  self    0/0            0        0     5100        0        0    0/20        0         13 3 2 2 0
   90   17  hand    0/0         7263      480    22212    43947     3726    9/22        5         7 2 2 10 1
   90   17  self    0/0            0      930     5028     3528        0    4/20        0         11 3 2 4 0
   90   18  hand    8/8         8664      816        0    71265        0   14/20        2         3 1 2 14 0
   90   18  self    0/0            0     3558     4680      384        0    2/20        0          9 4 5 2 0
   90   19  hand    1/1        17848      834        0    47180     1908   19/33        2         2 4 6 20 1
   90   19  self    0/0            0        0     4860        0        0    0/20        0         11 7 2 0 0
   90   20  hand    1/1        24937      660        0    68048    11869   27/38        8        5 3 2 16 12
   90   20  self    0/0            0     2490     5892      606        0    1/20        0         12 4 3 0 1
   90   21  hand    1/1         2964     1878        0    26040      792    7/20        2         5 1 2 12 0
   90   21  self    0/0            0        0     5004        0        0    0/20        0         11 6 2 1 0
   90   22  hand    0/0         5234      780    16470    38740        0    9/21        0          2 5 4 9 1
   90   22  self    0/0            0        0     4746        0        0    0/20        0         11 6 2 1 0
   90   23  hand    4/4        17786      546        0    67519        0   20/30        6         5 2 2 15 6
   90   23  self    0/0            0        0     4830        0        0    0/20        0         11 5 2 2 0
   90   24  hand    3/3         7250     2016        0    48601      786   11/21        3         4 0 3 14 0
   90   24  self    0/0            0     3336     5154      516        0    1/20        0         12 5 1 2 0
   90   25  hand   12/2        26650      774        0    48356     1434   29/41        1        6 1 5 18 11
   90   25  self    0/0            0        0     5046        0        0    0/20        0         13 4 3 0 0
   90   26  hand    7/7         8059      780        0    58897        0   11/21        0         7 2 1 11 0
   90   26  self    0/0            0     3900     4494      138        0    1/20        0         10 8 1 1 0
   90   27  hand    5/5         5472      774        0    43608        0   10/20        2         6 0 3 11 0
   90   27  self    0/0            0     3540     5298      144        0    1/20        0          9 7 3 1 0
   90   28  hand    3/3         6384      684        0    51654     1944   11/20        2         2 0 4 14 0
   90   28  self    2/1         4856     2964        0    26144        0    5/23        0         11 4 2 6 0
   90   29  hand    0/0         6196      780    22002    42768     2730   10/21        3         5 1 2 13 0
   90   29  self    0/0            0     4008     4872      204        0    1/20        0         10 6 3 1 0
   90   30  hand    3/3         6840      882        0    54522     1872    9/20        2         4 2 1 13 0
   90   30  self    0/0            0     3402     4692     1104        0    2/20        0         11 3 4 2 0
   90   31  hand    0/0          912      804    17520    10212     1524    5/20        1          7 4 1 7 1
   90   31  self    0/0            0        0     5526        0        0    0/20        0         10 8 2 0 0
   90   32  hand    0/0         2736      678    23676    23844        0    8/20        3          6 2 4 7 1
   90   32  self    0/0            0     1194     5178     2904        0    2/20        0          9 6 2 3 0
   90   33  hand    4/3         7380      798        0    49334     1908   12/22        4         4 0 4 14 0
   90   33  self    0/0            0     2580     4608      462        0    1/20        0         11 5 3 1 0
   90   34  hand    3/3         7756      600        0    45637     5010   10/22        3         5 1 3 12 1
   90   34  self    0/0         1200     2922     5543     2023        0    2/21        0          9 6 3 3 0
   90   35  hand    6/5        16440      666        0    80651        0   18/28        0         8 1 1 18 0
   90   35  self    0/0            0     2328     5238     2580        0    2/20        0          8 7 3 2 0
   90   36  hand    5/4        14771      462        0    58283        0   15/29        2         6 2 5 14 2
   90   36  self    0/0            0        0     6498        0        0    0/20        0         10 7 2 1 0
