plant_probe: species=grass trees=16 frames=45000 worldseed=2 width=1024 soil=34 growth=1
after 45000 frames: 147 active sites, 1 awake chunks
soil: 34783 cells, min 0 median 620 max 1000, mean 561; 4403 cells at or below wilting point (13%)
chunks were awake on 34213/45000 frames (76.0%) -- the CA sweep's duty cycle for this scene

population: 34 organisms -- 8 established (>= 20 cells), 26 seeds or seedlings; 32 seeds set in total
  generations  [gen 0: 16, gen 1: 15, gen 2: 3]
  rooted above ground: 0 organisms (0 of them more than 25 rows up)
  morphs among established plants: 4 distinct of 8 plants  [foliage, angle, internode, sympodial, tropism]
    [1, 1, 1, 0, 0, 2]  x4
    [1, 1, 1, 0, 0, 1]  x2
    [0, 1, 1, 0, 0, 0]  x1
    [0, 1, 1, 0, 0, 1]  x1

ensemble of 8 trees, identical species and scene:
  cells     min   23  median   26  max   49  mean    28.5
  leaves    min    0  median    0  max    0  mean     0.0
  height    min    6  median    7  max   13  mean     7.2   (scene ceiling: 200 rows of sky)
  canopy top  row 194   (194 rows of clearance remain)
  thickness min    5  median    7  max    9  mean     6.8   (whole tree, incl. ground-level spread)
  stem thick min   1  median    4  max    9  mean     4.5   (above the base -- the real trunk)
  rows >1 cell wide, as % of each tree's occupied rows: min 25  median 55  max 66  mean 51
  per-tree sizes     [25, 28, 25, 24, 23, 26, 49, 28]
  per-tree heights   [6, 7, 6, 6, 6, 7, 13, 7]
  per-tree thickness [8, 9, 6, 5, 5, 8, 7, 6]
  crown profile (top->bottom, % of each plant's widest band, median): [0, 0, 0, 0, 0]
  foliage centre (0 = collar, 100 = apex, median): 0
  foliage share  (% of cells that are leaf, median): 0

  per-tree genotype and outcome (variance [0.5, 0.5, 0.4, 0.18, 0.7, 0.4, 0.4, 0.5, 0.25, 0.7]):
    id  branch rootbr  plast turgor   pipe roottr  alloc  stoma penetr strain    cells leaves height   stem
     1   1.022  1.088  0.995  0.963  0.868  1.301  0.608  1.410  1.110  0.744       25      0      6      4
     2   1.063  1.366  1.134  0.896  0.628  0.693  1.364  1.443  0.808  1.262       28      0      7      9
     3   0.988  1.201  1.173  0.896  1.190  1.245  0.706  0.591  0.994  0.682       25      0      6      2
     6   1.370  1.308  1.306  0.899  1.263  1.390  1.392  0.804  0.792  0.501       24      0      6      3
     9   0.970  1.414  1.041  1.055  1.223  0.710  0.958  0.772  0.777  0.679       23      0      6      4
    16   0.706  1.034  1.040  1.012  1.337  0.887  1.332  0.502  0.972  1.139       26      0      7      1
  4118   1.058  1.122  0.963  0.971  0.913  1.294  0.605  1.416  1.121  0.712       49      0     13      7
  4119   1.492  1.051  1.099  0.851  1.470  1.167  1.327  1.389  0.839  1.449       28      0      7      6
  alleles: economy 2/6/0  angle 0/8/0  internode 0/8/0  sympody 8/0/0  tropism 8/0/0  density 1/3/4
  architecture events  [1: gen 0 seeds 2 forks 0 plag 0 rigid 6 lat 11 angle 73deg, 2: gen 0 seeds 4 forks 0 plag 0 rigid 7 lat 10 angle 58deg, 3: gen 0 seeds 2 forks 0 plag 0 rigid 7 lat 7 angle 86deg, 6: gen 0 seeds 3 forks 0 plag 0 rigid 6 lat 8 angle 90deg, 9: gen 0 seeds 5 forks 0 plag 0 rigid 7 lat 8 angle 50deg, 16: gen 0 seeds 1 forks 0 plag 0 rigid 5 lat 7 angle 89deg, 4118: gen 1 seeds 2 forks 0 plag 0 rigid 6 lat 15 angle 46deg, 4119: gen 2 seeds 0 forks 0 plag 0 rigid 7 lat 8 angle 58deg]

distinguishability (§Z / C4), 16 founders planted:
  canopy components at field resolution, >=  1 leaf/block:   0   largest holds   0% of canopy blocks
  canopy components at field resolution, >=  2 leaf/block:   0   largest holds   0% of canopy blocks
  canopy components at field resolution, >=  4 leaf/block:   0   largest holds   0% of canopy blocks
  canopy components at field resolution, >=  8 leaf/block:   0   largest holds   0% of canopy blocks
  interior sky gaps: 0 (a fully separate stand of 16 shows 15), widths []
  founder spacing is 60 cells; gaps at least 8 cells wide: 0
  --> canopy fusion 0%, 0 raw sky gaps (0 at least 8 cells) -- so this run reads 1 distinguishable crowns of 16 founders
  (CALIBRATION FAILED against the owner's eye, 2026-08-23: on the three stands he counted,
   these read 2 / 2 / 3 where he read 2 / 4 / 3, and fusion called the 4-founder stand 100% ONE MASS
   when he counted all four. §Z is cards-only. Reports/open-bugs-handoff.md §Z has the table.
   He later said the cue IS sky gaps, read at canopy level -- so census the canopy band next, not the whole column.)

lineage turnover over 45000 frames: 48 born, 14 died (1.07 and 0.31 per 1,000 frames); 34 live in 36 slots
  germinations: 24 -- read against `seeds set in total` above
  organism slots: high-water 36 of 4095 (0.9%), 0 births refused at the ceiling
  standing seed bank: 11 seeds; 0 organisms senescent (dead, remains rotting)
  established plants carrying an inherited genome: 2 of 8 (deepest generation 2) -- at ~0 every claim from this run is about founders

432 organism cells
  Some(MatureBody)       421
  Some(Seed)              11
  palette bands in use (material, band -> cells):
    grassblade band  0      83
    grassblade band  1     124
    grassblade band  2     160
    grassroot  band  0      54
    seed       band  0      11
  bounding box x 56..=964, y 194..=206
  thickest contiguous run, above ground: 11 cells
  thickest contiguous run, below ground: 6 cells (roots spread by design)

root system (8 established plants, soil is 34 rows deep):
  root cells        min    1  median    1  max   24  mean     4.6
  root share of plant  min   3%  median   4%  max  48%  mean  12.0%
  deepest row below surface  min   1  median   1  max   7  mean   1.9
  lateral spread (cells)     min   1  median   1  max   9  mean   2.5
  median root cell sits 0 rows down; quartiles 0 / 3
  root cells with 3+ root neighbours: 29% (a 1-cell-wide run reads ~0 whichever way it points)
  depth histogram, surface->bedrock (% of all root cells): [100, 0, 0, 0, 0]
  seeds standing: 11 above the surface, 0 buried (buried can never germinate)

water balance, per established plant:
  stock          min     4.0 median     4.0 max    92.0 mean    17.5
  stomatal term  min    1.00 median    1.00 max    1.00 mean    1.00   (1.0 = demand fully met)
  uptake/tick    min    0.00 median    0.00 max    0.00 mean    0.00
  demand/tick    min    0.00 median    0.00 max    0.00 mean    0.00

carbon book, per established plant (per organism tick):
  income         NOT MEASURABLE for a species with no `Leaf` stage -- `OrganismState::income`
                 is summed over `CellType::Leaf` only, so it reads 0 however much this
                 species earns (see grass.ron's header, open-bugs-handoff.md §V2).
                 The 0 IS real for decisions: `break_buds` sees it, so no bud can flush.
  maintenance    min   0.003 median   0.004 max   0.007 mean   0.004
  bill / income  n/a -- see the income line above
  unpaid         median   0.000 max   0.000
  cells shed to starvation, cumulative: 27
  bill at unit price  min      0.0 median      0.0 max      0.0   (x MAINTENANCE_PER_NODE = the shoot bill)
  anchor reach ratio  min   0.0000 median   0.0000 max   0.7508   (anchor moment / crown moment; ANCHOR_DEMAND is set from this)
  anchor status  min    0.00 median    0.00 max    1.00   (1.0 = crown fully anchored)
  slenderness    min     0.5 median     1.0 max     5.0   (shoot height / base width)
  root soil contact  min  85.7% median 100.0% max 100.0%   (the rest earns nothing and still respires)
  support (cantilever reach from anchors): p50 1  p90 4  p99 6  max 9; 11 unreached

vein conductance (max face per cell), 1..10:
  min 1.00  p50 1.00  p90 7.96  p99 10.00  max 10.00
  385/432 cells still at the basal floor (89%) -- undifferentiated tissue
  differentiation: 89% undifferentiated / 2% partial / 9% vascular
  strand strength, p99 vs the basal floor: 10.00x of a possible 10x

max resource 4.000 / 4.0
max canopy   0.000 / 4.0
one fresh canopy deposit is 1.500 (GROW_CANOPY_DEPOSIT), decaying by half per organism tick
