plant_probe: species=tree trees=16 frames=45000 worldseed=3 width=1024 soil=34 growth=1
after 45000 frames: 959 active sites, 9 awake chunks
soil: 57262 cells, min 0 median 0 max 1000, mean 244; 32429 cells at or below wilting point (57%)
chunks were awake on 44715/45000 frames (99.4%) -- the CA sweep's duty cycle for this scene

population: 53 organisms -- 16 established (>= 20 cells), 37 seeds or seedlings; 170 seeds set in total
  generations  [gen 0: 16, gen 1: 37]
  rooted above ground: 0 organisms (0 of them more than 25 rows up)
  morphs among established plants: 5 distinct of 16 plants  [foliage, angle, internode, sympodial, tropism]
    [0, 1, 1, 0, 0, 1]  x4
    [0, 1, 1, 0, 0, 2]  x4
    [1, 1, 1, 0, 0, 2]  x4
    [0, 1, 1, 0, 0, 0]  x2
    [1, 1, 1, 0, 0, 0]  x2

ensemble of 16 trees, identical species and scene:
  cells     min   83  median 3296  max 5846  mean  3134.8
  leaves    min    7  median 1251  max 2383  mean  1220.4
  height    min   26  median  144  max  167  mean   133.9   (scene ceiling: 200 rows of sky)
  canopy top  row 67   (67 rows of clearance remain)
  thickness min    6  median   22  max   39  mean    20.8   (whole tree, incl. ground-level spread)
  stem thick min   4  median   14  max   23  mean    14.4   (above the base -- the real trunk)
  rows >1 cell wide, as % of each tree's occupied rows: min 42  median 59  max 75  mean 59
  per-tree sizes     [1975, 826, 4751, 2984, 3782, 3071, 3774, 2020, 3179, 3296, 4970, 1242, 83, 5846, 3674, 4684]
  per-tree heights   [139, 120, 145, 131, 141, 144, 114, 144, 125, 155, 153, 144, 26, 167, 154, 140]
  per-tree thickness [14, 10, 16, 26, 39, 23, 19, 25, 15, 34, 29, 13, 6, 29, 13, 22]
  crown profile (top->bottom, % of each plant's widest band, median): [92, 98, 90, 68, 47]
  foliage centre (0 = collar, 100 = apex, median): 63
  foliage share  (% of cells that are leaf, median): 35

  per-tree genotype and outcome (variance [0.5, 0.5, 0.4, 0.18, 0.7, 0.4, 0.4, 0.5, 0.25, 0.7]):
    id  branch rootbr  plast turgor   pipe roottr  alloc  stoma penetr strain    cells leaves height   stem
     1   1.076  0.654  1.268  1.046  1.128  1.263  0.625  0.536  0.827  1.109     1975    612    139     13
     2   0.887  0.699  0.886  1.093  0.509  1.229  0.711  0.823  0.848  1.202      826    158    120      8
     3   1.443  1.345  1.132  0.974  1.589  1.182  1.141  1.056  1.149  0.872     4751   2202    145     14
     4   0.799  0.782  1.299  1.153  1.578  1.056  0.627  1.395  0.855  1.625     2984   1251    131     11
     5   0.599  1.008  0.881  1.026  0.719  0.905  1.131  1.000  0.842  0.352     3782   1228    141     17
     6   0.761  0.738  0.990  0.964  0.353  1.220  0.730  0.931  0.845  0.701     3071    884    144     23
     7   1.116  0.556  0.871  1.115  1.334  1.235  0.748  1.069  0.756  0.433     3774   1804    114     14
     8   1.132  1.340  0.902  0.946  0.856  1.398  1.315  0.747  1.109  0.612     2020    711    144     20
     9   0.939  0.858  0.997  1.171  1.207  1.313  1.233  1.499  0.994  0.636     3179   1471    125     15
    10   0.843  0.624  0.777  0.881  0.448  1.084  1.349  1.327  1.102  0.621     3296   1142    155     20
    11   1.341  1.324  1.298  0.828  0.762  0.798  0.624  1.289  0.965  0.752     4970   1860    153     20
    12   0.648  0.545  0.611  0.899  0.565  1.064  0.944  0.530  0.976  0.525     1242    422    144      8
    13   1.029  1.000  1.322  1.011  1.089  1.145  1.061  1.333  0.897  1.165       83      7     26      4
    14   1.000  0.981  1.270  0.821  1.393  0.974  0.823  0.801  1.150  1.204     5846   2383    167     14
    15   1.009  0.817  1.152  0.887  1.659  1.393  1.248  0.743  1.000  0.416     3674   1740    154      8
    16   1.134  1.360  1.159  1.010  0.346  1.400  0.798  1.389  1.022  0.683     4684   1652    140     22
  alleles: economy 10/6/0  angle 0/16/0  internode 0/16/0  sympody 16/0/0  tropism 16/0/0  density 4/4/8
  architecture events  [1: gen 0 seeds 13 forks 0 plag 0 rigid 267 lat 91 angle 87deg, 2: gen 0 seeds 7 forks 0 plag 0 rigid 35 lat 3 angle 64deg, 3: gen 0 seeds 9 forks 0 plag 0 rigid 379 lat 160 angle 81deg, 4: gen 0 seeds 10 forks 0 plag 0 rigid 352 lat 109 angle 95deg, 5: gen 0 seeds 10 forks 0 plag 0 rigid 377 lat 65 angle 81deg, 6: gen 0 seeds 13 forks 0 plag 0 rigid 304 lat 79 angle 83deg, 7: gen 0 seeds 4 forks 0 plag 0 rigid 560 lat 123 angle 84deg, 8: gen 0 seeds 16 forks 0 plag 0 rigid 207 lat 67 angle 84deg, 9: gen 0 seeds 15 forks 0 plag 0 rigid 460 lat 134 angle 82deg, 10: gen 0 seeds 9 forks 0 plag 0 rigid 311 lat 71 angle 74deg, 11: gen 0 seeds 18 forks 0 plag 0 rigid 477 lat 169 angle 82deg, 12: gen 0 seeds 2 forks 0 plag 0 rigid 73 lat 14 angle 78deg, 13: gen 0 seeds 10 forks 0 plag 0 rigid 320 lat 107 angle 90deg, 14: gen 0 seeds 11 forks 0 plag 0 rigid 691 lat 250 angle 83deg, 15: gen 0 seeds 7 forks 0 plag 0 rigid 558 lat 118 angle 76deg, 16: gen 0 seeds 16 forks 0 plag 0 rigid 607 lat 173 angle 85deg]

distinguishability (§Z / C4), 16 founders planted:
  canopy components at field resolution, >=  1 leaf/block:   9   largest holds  71% of canopy blocks
  canopy components at field resolution, >=  2 leaf/block:   9   largest holds  69% of canopy blocks
  canopy components at field resolution, >=  4 leaf/block:   9   largest holds  61% of canopy blocks
  canopy components at field resolution, >=  8 leaf/block:   7   largest holds  49% of canopy blocks
  interior sky gaps: 2 (a fully separate stand of 16 shows 15), widths [9, 36]
  founder spacing is 60 cells; gaps at least 8 cells wide: 2
  --> canopy fusion 71%, 2 raw sky gaps (2 at least 8 cells) -- so this run reads 3 distinguishable crowns of 16 founders
  (CALIBRATION FAILED against the owner's eye, 2026-08-23: on the three stands he counted,
   these read 2 / 2 / 3 where he read 2 / 4 / 3, and fusion called the 4-founder stand 100% ONE MASS
   when he counted all four. §Z is cards-only. Reports/open-bugs-handoff.md §Z has the table.
   He later said the cue IS sky gaps, read at canopy level -- so census the canopy band next, not the whole column.)

lineage turnover over 45000 frames: 186 born, 133 died (4.13 and 2.96 per 1,000 frames); 53 live in 70 slots
  germinations: 16 -- read against `seeds set in total` above
  organism slots: high-water 70 of 4095 (1.7%), 0 births refused at the ceiling
  standing seed bank: 37 seeds; 1 organisms senescent (dead, remains rotting)
  established plants carrying an inherited genome: 0 of 16 (deepest generation 0) -- at ~0 every claim from this run is about founders

50194 organism cells
  Some(DormantBud)       871
  Some(GrowingTip)        11
  Some(Leaf)           19527
  Some(MatureBody)     29700
  Some(RootTip)           48
  Some(Seed)              37
  palette bands in use (material, band -> cells):
    leaf       band  2   13372
    leaf       band  3    6155
    rootwood   band  0    6942
    seed       band  0      37
    wood       band  0   12981
    wood       band  1   10707
  bounding box x 37..=1023, y 67..=233
  thickest contiguous run, above ground: 47 cells
  thickest contiguous run, below ground: 39 cells (roots spread by design)

root system (16 established plants, soil is 34 rows deep):
  root cells        min   63  median  406  max 1105  mean   433.9
  root share of plant  min   7%  median  14%  max  75%  mean  18.4%
  deepest row below surface  min  18  median  34  max  34  mean  29.4
  lateral spread (cells)     min  19  median  47  max 110  mean  49.6
  median root cell sits 13 rows down; quartiles 6 / 23
  root cells with 3+ root neighbours: 64% (a 1-cell-wide run reads ~0 whichever way it points)
  depth histogram, surface->bedrock (% of all root cells): [25, 23, 19, 18, 14]
  seeds standing: 37 above the surface, 0 buried (buried can never germinate)

water balance, per established plant:
  stock          min    20.2 median   220.5 max  2403.9 mean   388.7
  stomatal term  min    0.22 median    1.00 max    1.00 mean    0.84   (1.0 = demand fully met)
  uptake/tick    min    0.55 median   15.28 max   39.49 mean   15.71
  demand/tick    min    0.03 median   21.43 max   45.64 mean   19.33

carbon book, per established plant (per organism tick):
  income         min   0.004 median   1.120 max   1.463 mean   0.947   (over a whole day, not at this instant)
  maintenance    min   0.014 median   1.223 max   2.274 mean   1.178
  bill / income  median    1.23 max    5.83   (>1 = running the stock down)
  unpaid         median   0.050 max   0.694
  cells shed to starvation, cumulative: 20720
  bill at unit price  min     97.1 median  37689.1 max  73204.5   (x MAINTENANCE_PER_NODE = the shoot bill)
  anchor reach ratio  min   0.0045 median   0.0236 max   3.3424   (anchor moment / crown moment; ANCHOR_DEMAND is set from this)
  anchor status  min    0.11 median    0.59 max    1.00   (1.0 = crown fully anchored)
  slenderness    min     3.3 median    26.0 max   124.0   (shoot height / base width)
  root soil contact  min  42.9% median  71.9% max  96.8%   (the rest earns nothing and still respires)
  support (cantilever reach from anchors): p50 22  p90 41  p99 60  max 84; 37 unreached

vein conductance (max face per cell), 1..10:
  min 1.00  p50 8.83  p90 9.99  p99 10.00  max 10.00
  13252/50194 cells still at the basal floor (26%) -- undifferentiated tissue
  differentiation: 33% undifferentiated / 19% partial / 48% vascular
  strand strength, p99 vs the basal floor: 10.00x of a possible 10x

leaf light (noon-equivalent): min 0.00  p10 0.00  p50 0.19  p90 3.64  max 4.00
  below 0.5: 11817   below 1.0: 13376   below 1.5: 14381   of 19527 leaves

max resource 4.000 / 4.0
max canopy   1.500 / 4.0
one fresh canopy deposit is 1.500 (GROW_CANOPY_DEPOSIT), decaying by half per organism tick
