plant_probe: species=tree trees=16 frames=45000 worldseed=2 width=1024 soil=34 growth=1
after 45000 frames: 931 active sites, 9 awake chunks
soil: 56365 cells, min 0 median 0 max 1000, mean 265; 30824 cells at or below wilting point (55%)
chunks were awake on 44520/45000 frames (98.9%) -- the CA sweep's duty cycle for this scene

population: 53 organisms -- 16 established (>= 20 cells), 37 seeds or seedlings; 153 seeds set in total
  generations  [gen 0: 16, gen 1: 37]
  rooted above ground: 0 organisms (0 of them more than 25 rows up)
  morphs among established plants: 5 distinct of 16 plants  [foliage, angle, internode, sympodial, tropism]
    [1, 1, 1, 0, 0, 2]  x5
    [1, 1, 1, 0, 0, 1]  x4
    [1, 1, 1, 0, 0, 0]  x3
    [0, 1, 1, 0, 0, 1]  x2
    [0, 1, 1, 0, 0, 2]  x2

ensemble of 16 trees, identical species and scene:
  cells     min 1224  median 3611  max 5234  mean  3568.9
  leaves    min  364  median 1555  max 2995  mean  1524.1
  height    min  114  median  139  max  173  mean   142.2   (scene ceiling: 200 rows of sky)
  canopy top  row 58   (58 rows of clearance remain)
  thickness min    8  median   20  max   40  mean    20.3   (whole tree, incl. ground-level spread)
  stem thick min   8  median   14  max   22  mean    13.4   (above the base -- the real trunk)
  rows >1 cell wide, as % of each tree's occupied rows: min 48  median 60  max 70  mean 59
  per-tree sizes     [5177, 3187, 4811, 5234, 3367, 3611, 4766, 1224, 3547, 1418, 4620, 1897, 4151, 4505, 2967, 2621]
  per-tree heights   [137, 132, 157, 173, 138, 139, 152, 160, 136, 142, 139, 153, 127, 146, 114, 131]
  per-tree thickness [15, 22, 24, 19, 16, 29, 28, 8, 16, 12, 40, 14, 19, 22, 20, 21]
  crown profile (top->bottom, % of each plant's widest band, median): [86, 94, 89, 85, 62]
  foliage centre (0 = collar, 100 = apex, median): 57
  foliage share  (% of cells that are leaf, median): 42

  per-tree genotype and outcome (variance [0.5, 0.5, 0.4, 0.18, 0.7, 0.4, 0.4, 0.5, 0.25, 0.7]):
    id  branch rootbr  plast turgor   pipe roottr  alloc  stoma penetr strain    cells leaves height   stem
     1   1.022  1.088  0.995  0.963  0.868  1.301  0.608  1.410  1.110  0.744     5177   2395    137     15
     2   1.063  1.366  1.134  0.896  0.628  0.693  1.364  1.443  0.808  1.262     3187   1161    132     22
     3   0.988  1.201  1.173  0.896  1.190  1.245  0.706  0.591  0.994  0.682     4811   2043    157     12
     4   0.754  0.717  0.603  0.828  1.681  0.922  1.300  0.864  1.101  0.577     5234   2995    173     11
     5   1.476  1.099  1.153  0.857  1.552  1.132  1.346  1.334  0.838  1.479     3367   1629    138     16
     6   1.370  1.308  1.306  0.899  1.263  1.390  1.392  0.804  0.792  0.501     3611   1295    139     15
     7   0.665  1.270  1.326  0.968  0.329  1.367  0.776  0.998  0.979  1.467     4766   1336    152     16
     8   1.010  0.510  0.855  0.851  0.551  0.778  1.091  0.996  1.125  1.209     1224    384    160      8
     9   0.970  1.414  1.041  1.055  1.223  0.710  0.958  0.772  0.777  0.679     3547   1555    136     16
    10   0.799  1.165  1.021  0.930  0.412  1.023  1.040  0.910  0.791  1.555     1418    364    142     12
    11   0.567  1.079  0.717  1.010  0.543  1.268  1.197  1.025  0.883  1.586     4620   2155    139     11
    12   0.781  0.915  1.244  0.851  0.451  1.392  1.126  1.466  1.154  0.652     1897    571    153     14
    13   1.328  1.342  0.647  1.033  1.387  1.186  1.327  0.533  0.822  0.589     4151   2374    127      9
    14   1.139  0.795  0.763  0.958  1.299  1.065  1.252  0.788  0.767  0.428     4505   1869    146     15
    15   0.797  0.704  1.293  1.022  1.476  0.936  1.088  0.750  0.831  0.489     2967   1258    114     11
    16   0.706  1.034  1.040  1.012  1.337  0.887  1.332  0.502  0.972  1.139     2621   1002    131     11
  alleles: economy 4/12/0  angle 0/16/0  internode 0/16/0  sympody 16/0/0  tropism 16/0/0  density 3/6/7
  architecture events  [1: gen 0 seeds 11 forks 0 plag 0 rigid 452 lat 164 angle 87deg, 2: gen 0 seeds 8 forks 0 plag 0 rigid 384 lat 94 angle 79deg, 3: gen 0 seeds 6 forks 0 plag 0 rigid 592 lat 152 angle 87deg, 4: gen 0 seeds 5 forks 0 plag 0 rigid 486 lat 97 angle 64deg, 5: gen 0 seeds 9 forks 0 plag 0 rigid 609 lat 152 angle 81deg, 6: gen 0 seeds 13 forks 0 plag 0 rigid 596 lat 206 angle 87deg, 7: gen 0 seeds 16 forks 0 plag 0 rigid 517 lat 103 angle 88deg, 8: gen 0 seeds 7 forks 0 plag 0 rigid 115 lat 31 angle 98deg, 9: gen 0 seeds 17 forks 0 plag 0 rigid 535 lat 123 angle 81deg, 10: gen 0 seeds 9 forks 0 plag 0 rigid 117 lat 39 angle 76deg, 11: gen 0 seeds 8 forks 0 plag 0 rigid 404 lat 49 angle 78deg, 12: gen 0 seeds 13 forks 0 plag 0 rigid 179 lat 46 angle 82deg, 13: gen 0 seeds 6 forks 0 plag 0 rigid 374 lat 133 angle 63deg, 14: gen 0 seeds 9 forks 0 plag 0 rigid 715 lat 163 angle 80deg, 15: gen 0 seeds 9 forks 0 plag 0 rigid 476 lat 112 angle 85deg, 16: gen 0 seeds 7 forks 0 plag 0 rigid 410 lat 85 angle 81deg]

distinguishability (§Z / C4), 16 founders planted:
  canopy components at field resolution, >=  1 leaf/block:   4   largest holds  63% of canopy blocks
  canopy components at field resolution, >=  2 leaf/block:   4   largest holds  60% of canopy blocks
  canopy components at field resolution, >=  4 leaf/block:   5   largest holds  56% of canopy blocks
  canopy components at field resolution, >=  8 leaf/block:   5   largest holds  39% of canopy blocks
  interior sky gaps: 2 (a fully separate stand of 16 shows 15), widths [1, 19]
  founder spacing is 60 cells; gaps at least 8 cells wide: 1
  --> canopy fusion 63%, 2 raw sky gaps (1 at least 8 cells) -- so this run reads 3 distinguishable crowns of 16 founders
  (CALIBRATION FAILED against the owner's eye, 2026-08-23: on the three stands he counted,
   these read 2 / 2 / 3 where he read 2 / 4 / 3, and fusion called the 4-founder stand 100% ONE MASS
   when he counted all four. §Z is cards-only. Reports/open-bugs-handoff.md §Z has the table.
   He later said the cue IS sky gaps, read at canopy level -- so census the canopy band next, not the whole column.)

lineage turnover over 45000 frames: 169 born, 116 died (3.76 and 2.58 per 1,000 frames); 53 live in 58 slots
  germinations: 19 -- read against `seeds set in total` above
  organism slots: high-water 58 of 4095 (1.4%), 0 births refused at the ceiling
  standing seed bank: 37 seeds; 0 organisms senescent (dead, remains rotting)
  established plants carrying an inherited genome: 0 of 16 (deepest generation 0) -- at ~0 every claim from this run is about founders

57140 organism cells
  Some(DormantBud)      1209
  Some(GrowingTip)        13
  Some(Leaf)           24386
  Some(MatureBody)     31457
  Some(RootTip)           38
  Some(Seed)              37
  palette bands in use (material, band -> cells):
    leaf       band  2    6011
    leaf       band  3   18375
    rootwood   band  0    6662
    seed       band  0      37
    wood       band  0   16298
    wood       band  1    9757
  bounding box x 0..=1015, y 58..=233
  thickest contiguous run, above ground: 61 cells
  thickest contiguous run, below ground: 40 cells (roots spread by design)

root system (16 established plants, soil is 34 rows deep):
  root cells        min  130  median  409  max 1005  mean   416.4
  root share of plant  min   4%  median  11%  max  21%  mean  11.2%
  deepest row below surface  min  11  median  33  max  34  mean  28.8
  lateral spread (cells)     min  18  median  57  max 111  mean  54.9
  median root cell sits 12 rows down; quartiles 6 / 22
  root cells with 3+ root neighbours: 66% (a 1-cell-wide run reads ~0 whichever way it points)
  depth histogram, surface->bedrock (% of all root cells): [27, 26, 16, 15, 13]
  seeds standing: 37 above the surface, 0 buried (buried can never germinate)

water balance, per established plant:
  stock          min    16.2 median   321.0 max  2087.3 mean   475.2
  stomatal term  min    0.33 median    1.00 max    1.00 mean    0.83   (1.0 = demand fully met)
  uptake/tick    min    3.39 median   11.45 max   39.73 mean   12.17
  demand/tick    min    6.29 median   12.80 max   45.99 mean   14.93

carbon book, per established plant (per organism tick):
  income         min   0.400 median   0.893 max   2.054 mean   1.024   (over a whole day, not at this instant)
  maintenance    min   0.511 median   1.338 max   3.004 mean   1.362
  bill / income  median    1.10 max    3.94   (>1 = running the stock down)
  unpaid         median   0.071 max   0.913
  cells shed to starvation, cumulative: 16553
  bill at unit price  min  16388.7 median  40324.7 max 110998.5   (x MAINTENANCE_PER_NODE = the shoot bill)
  anchor reach ratio  min   0.0022 median   0.0184 max   0.0742   (anchor moment / crown moment; ANCHOR_DEMAND is set from this)
  anchor status  min    0.05 median    0.46 max    1.00   (1.0 = crown fully anchored)
  slenderness    min     4.1 median    19.1 max   118.0   (shoot height / base width)
  root soil contact  min  45.3% median  66.1% max  83.9%   (the rest earns nothing and still respires)
  support (cantilever reach from anchors): p50 24  p90 44  p99 57  max 82; 37 unreached

vein conductance (max face per cell), 1..10:
  min 1.00  p50 8.30  p90 9.99  p99 10.00  max 10.00
  14355/57140 cells still at the basal floor (25%) -- undifferentiated tissue
  differentiation: 32% undifferentiated / 23% partial / 44% vascular
  strand strength, p99 vs the basal floor: 10.00x of a possible 10x

leaf light (noon-equivalent): min 0.00  p10 0.00  p50 0.09  p90 3.41  max 4.00
  below 0.5: 15906   below 1.0: 17599   below 1.5: 18767   of 24386 leaves

max resource 4.000 / 4.0
max canopy   0.344 / 4.0
one fresh canopy deposit is 1.500 (GROW_CANOPY_DEPOSIT), decaying by half per organism tick
